安愚楽
加熱式
労働制
南十字
巨嘴鳥
指図書
条件附
検査証
標準額
高度紙
何時間
価格帯
時間帯
数時間
二期作
男闘呼
日本人
年度末
入居月
都市圏
大部屋
日本酒
一軒屋
東京圏
出場所
流作業
大学校
学校林
千里眼
日本学
英学校
細川紙
胸三寸
一酸化
不均化
学校医
中学校
一次会
三次会
文化圏
人間圏
議政官
学校長
学校令
二重丸
世帯主
日本製
神習教
八腕類
十脚類
十腕類
五芒星
千両箱
差別化
中国人
八百屋
一闡提
三摩耶
三昧耶
千斬切
大部分
一等車
千分比
百分比
不甲斐
都市史
亜多母
一戸建
互助会
交通局
会議場
会議所
信頼感
修道会
全住民
全客室
公聴会
准教授
分科会
勉強会
医師会
協議会
博覧会
反省会
同好会
吹替版
品評会
外惑星
大都会
女子会
婦人会
子供会
字幕版
学級会
学芸会
審査会
審議会
展示会
展覧会
座談会
役員会
後援会
懇親会
懇談会
抽選会
振興会
握手会
教授会
敬老会
新入幕
新年会
新登場
昼食会
晩餐会
残念会
洗髪料
港湾局
演奏会
理事会
生徒会
町内会
発表会
県人会
研究会
老人会
自治会
舞踏会
航空券
芋煮会
茶話会
観月会
討論会
評議会
試飲会
誕生会
説明会
調査会
講演会
講習会
謝恩会
赤身肉
連合会
連絡会
遺族会
音楽会
停止浴
大文字
地区労
俱楽部
倶楽部
楂古聿
卒塔婆
小学校
数週間
二重床
高値圏
譲渡人
膃肭獣
膃肭臍
婆娑羅
二科展
混凝土
屋敷跡
都市化
虎列剌
虎列拉
虎烈拉
一等星
日本犬
中国史
切支丹
日本軍
日本食
仙人掌
天婦羅
天麩羅
木乃伊
卒堵婆
卒都婆
参鶏湯
回鍋肉
天鵞絨
天鷲絨
如雨露
曼茶羅
曼荼羅
曼陀羅
玻璃壜
盧舎那
盧遮那
豆板醤
豆板醬
金平糖
金米糖
亜多綿
伴天連
伽倻琴
優婆塞
優婆夷
兀良哈
加比丹
双節棍
可賀敦
善知鳥
報屁股
大掛児
婆羅門
孟蘭盆
尼師今
居西干
屍食鬼
差不多
巴旦杏
指甲花
捨爾帮
摩訶衍
普陀洛
普陀落
東韃子
比丘尼
毘奈耶
毘婆沙
汗栗駄
汗蒸幕
油炸塊
波羅門
洋毛子
洎芙藍
満韃子
無花果
牛尾菜
甜面醬
甜麵醤
甜麵醬
甜麺醤
甲比丹
盂蘭盆
真鍮甕
矣栗駄
破胎蛋
窒扶斯
納蘇利
茉莉花
莫大小
莫賀咄
莫離支
薄伽梵
薩婆訶
蘇悉地
補陀洛
補陀落
訶梨勒
賓順愛
転桁索
都維那
金雀児
鉄刀木
閙洞房
閻浮提
阿僧祇
阿刺吉
阿剌吉
阿笈摩
阿羅漢
阿茶羅
阿闍梨
阿頼耶
陀羅尼
飛竜頭
飯食箸
馬奶子
鶏仔蛋
麻立干
抜都魯
一軒家
作用因
一等国
副議長
一体化
薄馬鹿
引込線
二等兵
小中学
森林浴
大流行
一時金
三重奏
十二支
新幹線
編入学
製鋼所
日本紙
押問答
一二塁
三角形
案内状
文字式
三輪車
文化史
一院制
郡国制
郡県制
区分化
助兵衛
三叉路
世紀末
乳化剤
作詞家
備長炭
喫茶店
図書館
国持衆
均田制
奇形児
妖精達
委員長
宣撫官
寄合衆
承継人
映画館
松葉蘭
流線形
海産物
消火器
演出家
甲殻類
白亜紀
盗賊団
監督制
祈祷師
納屋衆
経験値
編曲家
縦横家
美濃衆
羞恥心
肉体派
脚本家
著作家
評論家
財政家
賛美歌
起業家
転校生
随筆家
電解質
音楽室
須磨琴
頭脳派
麒麟児
女学校
三十路
中国酒
一輪車
町村長
反射弓
大統領
作業所
府県警
古拉果
審議官
地域圏
都市間
日本型
加留多
歌留多
都府県
攻道具
出入国
枯木立
前後半
操人形
一時期
部屋代
三段跳
不手際
便乱坊
激不味
会社法
相部屋
男部屋
兵学校
入出力
投開票
統廃合
輸出入
離着陸
入出金
戦病死
滅紛失
獅子吼
登下校
進入学
錐画沙
集大成
離発着
離転職
米国人
暴風圏
日本円
上下水
韓国人
数箇月
送受信
雑魚寝
中国学
中建審
環保業
藪蕎麦
一三塁
大仕事
二三塁
日本語
半二重
女文字
英語圏
特別化
今朝方
夜去方
月日頃
梅雨頃
目論見
四死球
十露盤
百合科
三羽烏
五十雀
八百長
四十雀
大時代
三和土
数分間
神学校
三途河
一等地
一目散
一辺倒
一張羅
三太夫
三太郎
三毬杖
三連複
八里半
十姉妹
四王天
出来高
法人化
二輪車
子会社
活動化
安保理
仕事人
部分音
紙一重
右左折
好一対
中国米
一定額
勢力圏
前後期
国立大
休廃業
風邪薬
数個所
日本馬
行政府
胡麻斑
人間学
伯父翁
八十路
都市銀
自衛官
盲学校
不貞寝
店仕舞
悠紀田
警察署
土日曜
徒歩圏
用排水
中国製
数箇所
増減税
一等兵
作業車
不動産
五重塔
公傷病
創造力
日本茶
造形法
文字数
数秒間
生活圏
施行法
生産国
学校債
熱湯浴
政府米
上下院
再建派
聾学校
中国産
人類史
太刀帯
三等地
女性史
数箇国
県議会
転車台
生物圏
金剛力
海水浴
朝鮮人
天井圏
足球場
日本勢
綿津見
開発学
八重桜
町議会
遷音速
一手間
一欠片
七十路
七夕雛
七夕馬
九十路
二合半
五十路
五重衣
八乙女
八咫烏
八坂瓊
八尺瓊
八重垣
八重歯
六十路
千屈菜
四十物
四十路
四季施
百合根
百合樹
百合油
百足足
動植物
与野党
新発意
視聴覚
立法府
日光浴
韓国史
蕎麦店
送配電
無邪気
無鉄砲
不思議
中部圏
中高齢
中小学
有頂天
依固地
依怙地
小田巻
意固地
殺風景
破廉恥
能天気
能転気
脳天気
英数字
日本刀
二等地
逃口上
百舌鳥
警察官
擬宝珠
先取権
行財政
花文字
中山間
青少年
人間業
大学生
付与月
警察法
中高生
公孫樹
畠仕事
高大生
出入車
四輪車
下手物
休廃止
飲食料
道県警
鉱工業
唐辛子
中長期
呑兵衛
短長打
飲兵衛
山毛欅
唐芥子
出場権
一寸見
刷毛機
磨糸機
綿繰機
晩御飯
農水産
教職員
農林業
長短打
不可抗
上下流
集出荷
市場化
馬鈴薯
増改築
土壇場
祖父母
海空軍
中南部
偉丈夫
乳幼児
中全会
国公立
玉蜀黍
荏胡麻
卓袱台
昼御飯
仮名序
新増設
米英軍
大学卒
桜御飯
乙女座
仕事面
名台詞
新蕎麦
甲烏賊
土師器
地頭鳥
現預金
絵葉書
言葉欄
仕入量
地吹雪
地頭鶏
天蕎麦
子局器
山羊座
朝御飯
浄瑠璃
無一文
駄洒落
下野草
不死身
不見転
与太連
与太郎
両梃子
丼御飯
乙女像
京言葉
仕事師
仕入額
仕切書
仕切金
仕掛品
仕置人
伯父貴
何処大
傀儡子
冠木門
凌霄花
叔父貴
名女形
含羞草
和芥子
唐茄子
土師部
土産品
地団太
地団駄
地蜘蛛
地言葉
増養殖
夕御飯
夜御飯
大人舎
大和相
大銀杏
女子仕
女子衆
姫女苑
姫沙羅
孫太郎
宛行状
家御飯
宿駕籠
寄生蛾
寒海苔
寒烏賊
寿司台
寿司通
小豆缶
小豆餡
尺岩魚
屋敷地
屋敷林
屋根面
山羊乳
山葵茶
川太郎
布海苔
布袋腹
布袋葵
平目筋
得手公
手水鉢
手間代
手間損
手間賃
拳相撲
揚羽蝶
於松狐
旅籠銭
旗魚座
木捻子
木菟入
木阿弥
木阿彌
本占地
村八分
杓文字
杢阿弥
栗御飯
桟敷席
梨子地
梯子段
梯子車
梶木座
棒手振
権祢宜
権禰宜
母衣衆
毒蝸牛
気配値
水御飯
水蝋蛾
沖仲仕
河太郎
波布茶
波布草
洋芥子
洋辛子
洒落本
浅蜊缶
浴衣地
海老天
海老茶
海老錠
海苔茶
海豹猟
海鼠釉
湯文字
為事師
為替料
烏賊漁
烏鴉兵
無手勝
牡丹餅
牢屋敷
犬御飯
玄蕎麦
用部屋
田吾作
田舎弁
番小屋
畫卷物
目文字
目高卵
相撲絵
破礼句
神楽殿
福早生
稲熱病
節納屋
米茄子
糸瓜水
紋蜉蝣
納屋頭
紫御飯
紺飛白
経帷子
絵巻物
網襦袢
総仕舞
縁起棚
羽根扇
肉荳蔲
肉蕎麦
背黄青
自小作
芋御飯
芝居気
芥子殻
芥子油
芥子泥
花鶏科
茄子紺
茶蕎麦
茶香服
草鞋銭
菊日和
菱御飯
葡萄茶
蕎麦茶
蕪御飯
薔薇水
蜘蛛綱
蝙蝠竜
蝙蝠草
螽斯草
行盃人
見栄坊
親父道
角行道
試合場
豆御飯
象海豹
象鼻虫
貝独楽
連子鯛
野太鼓
野幇間
金海鼠
釜御飯
銀合歓
錦織部
長襦袢
防壁蝨
陸屋根
陸海月
階子段
雛芥子
雨合羽
雲丹餡
面皰薬
頭羽数
額風呂
風呂代
馴染客
鬼芥子
鮭御飯
鯛御飯
麦御飯
黄芭旦
小法師
投融資
八分儀
六分儀
日本兵
上下巻
得失点
昼夜間
治部少
幼少年
中高速
病害虫
三重苦
売買春
公私立
冷暖房
皇太子
中高層
中労委
農工高
風水害
境界権
旧住所
葬頭河
転廃業
駐停車
全人代
文理科
絶飲食
中小生
官公労
小中生
朝夕刊
高教組
不可分
全労協
内外政
排除雪
注排水
生損保
発受電
陸海軍
公社債
暴風雪
本支社
消流雪
致死傷
雨雪量
中教審
内外装
出退勤
大高生
従兄妹
毒劇物
行革審
重軽傷
陶磁器
中新研
乱痴気
予消防
人非人
入出荷
入出院
入退室
入退院
全新研
原水爆
原水禁
受委託
受発信
句読点
地簡裁
官公需
悲喜劇
政財界
歓送迎
皇太后
石南花
石楠花
移出入
茶華道
行催事
観世音
豪雨雪
資器材
資機材
贈収賄
農園芸
農畜産
近現代
鉄銅製
長信銀
長短期
青壮年
上下階
上工水
下克上
下剋上
不可侵
不可触
不可説
中小輪
中環審
乗下船
乳卵類
予復習
予警報
亜麻仁
低中質
何首烏
併解結
便尿器
偃月刀
健推協
催馬楽
入出国
入出庫
入出所
全交運
全倫研
全半壊
全施労
全施協
全療協
公企体
公労委
公調委
内外圧
内外航
内外野
内外需
凍霜害
出改札
出欠席
出融資
初中級
前中扉
加減速
労判速
勘解由
医保審
厚皮香
原工試
原被告
受発注
句歌集
唐変木
唐宋音
商工業
商登規
商調協
国漢文
圧痛点
地公労
地制調
地労委
地婦連
埋火葬
執行務
堆厩肥
墺匈国
士君子
壬兵衛
変退色
外内言
外向傾
大小寒
大小麦
太平楽
妊産婦
官公庁
官公立
官公署
官私線
客貨車
寿護録
専兼業
就転職
就退職
山査子
山楂子
山茶花
山野草
工工四
工鉱業
左義長
布袋草
幕政府
平電炉
府省令
府県会
府県史
府県商
府県域
府県民
府県立
度量衡
強短稈
彌馬升
恒河沙
悪太郎
憂喜受
所基通
所措通
按察使
挺対協
採介藻
採種穂
採穂種
採貝藻
揚排水
握足手
放鳥獣
政省令
数娯録
斃牛馬
文武官
断末魔
新改築
施餓鬼
日英語
暴騒音
最大判
最長短
木念仁
未亡人
未曽有
未曾有
朴念仁
果倶有
楷行書
歩車道
民刑事
民労協
民行審
水気耕
水遊泳
汚悪水
治工具
流出入
浄活水
海陸軍
海陸風
源五郎
溶鍛接
炭婦協
烏帽子
無患子
燃材料
特政委
特防秘
独伊語
王侯妃
王太子
生卒年
生没年
産構審
男女子
番太郎
病虫害
皇太孫
直研連
着上陸
着脱衣
知藩事
硼珪酸
禁嫌煙
私公営
私公有
移輸出
稚仔魚
竹麦魚
篆隷書
紫雲英
終始業
経構研
経社理
給排水
給排紙
給貸与
継父母
総警務
義太夫
聴視覚
肥飼料
胸腰椎
自府県
自賠責
若中年
苦楽受
英米法
菊御飯
葉茎菜
蓖麻子
行幸啓
行行子
袁彦道
被団協
西南海
触力覚
諸侯伯
諸堂社
謄抄本
超問員
転入学
軽中量
輸移入
輸配送
農工業
農漁業
農牧業
農牧産
農総試
退停学
送受話
送変電
送排風
送配水
過不及
過不足
道府民
遠日点
遠近法
遺家族
都安例
野狐禅
金輪際
金銀鍍
鋳鍛造
鍍金銀
開廃業
阪奈和
除排雪
陸空軍
雁来紅
集分荷
集排塵
集運材
雰囲気
雰囲氣
雰圍氣
電事連
電調審
預貯金
預貸証
頭胴長
頸肩腕
風水災
飼肥料
養父母
香具師
駿遠三
駿遠参
高中年
高冷地
鬼子母
魚腸骨
魚虫類
鳥獣害
黄褐変
飯匙倩
飯匙情
時代色
頭文字
町村議
自衛権
公取委
数学史
方法論
半身浴
右衛門
府議会
花屋敷
思案所
仮名遣
百合鴎
野良猫
英国人
中国戦
一升瓶
自衛力
国家間
半年払
声明書
生産業
食後酒
時間差
生産力
合格圏
下手糞
出鱈目
口下手
昔気質
目茶暑
素寒貧
襤褸糞
頓珍漢
音楽史
新住所
大人側
違警罪
時間割
行政上
十六夜
文化祭
保守化
親会社
右中間
馬酔木
巨呂智
得点圏
観光圏
利用駅
国家法
紫陽花
計画書
代表権
文書化
作業場
無人化
出来事
国際人
会社令
空部屋
相撲人
膿痂疹
寝間着
波羅蜜
猫屋敷
蒲公英
親文字
回帰圏
昇格圏
通勤圏
何時頃
生存圏
大学祭
降格圏
電離圏
同部屋
針仕事
部屋割
摩倶羅
大和尚
以呂波
伊呂波
礼拝史
一定量
雪花菜
覆盆子
日之出
横文字
独立語
複線化
核化学
大先生
蕎麦屋
人間界
大伯母
中執委
能弄戯
華屋敷
居心地
此方側
熨斗鮑
黄金虫
埃壁蝨
紙芝居
観音水
中間圏
代表戦
従兄弟
火熨斗
大学院
生牡蛎
生牡蠣
出来秋
商店法
八角形
朝鮮史
仕事柄
外国人
蕎麦滓
鍛冶屋
居酒屋
斜長石
葉蝋石
南北朝
披露目
物真似
黄金色
話言葉
砂利道
梅屋敷
家族史
川砂利
泥仕合
玉子燒
蕎麦粉
見真似
床見世
薔薇色
似而非
水茄子
国際化
風積土
仕事着
大叔母
府県連
巫山戯
土産物
旅芝居
会社員
咽喉元
蕎麦畑
力仕事
初手斧
山苧環
手仕事
穴風呂
風呂場
区画化
小切手
笊蕎麦
侫武多
桜吹雪
烏賊墨
酒問屋
内風呂
彼方側
泥試合
猿真似
甘野老
真名鶴
若魚子
小為替
片手間
片栗粉
秋冬物
鯣烏賊
出来心
手土産
浴衣姿
玩具屋
背美鯨
脊美鯨
蕎麦処
蕎麦畠
駕籠屋
海岸線
夜見世
夢心地
河原石
派手色
焼海苔
片田舎
生甲斐
相撲取
真似事
米問屋
花言葉
落葉松
薔薇石
角力取
風呂水
向日葵
囃子方
土産話
岩清水
我楽多
月夜見
木天蓼
梶木鮪
水水母
瓦落多
田舎道
白長須
羊栖菜
羽壁蝨
蛍烏賊
野垂死
鹿尾菜
黒蜥蜴
乳母車
仕入先
仲見世
卸問屋
叔父心
堅香子
夏秋草
小太刀
川原石
巨福呂
幼馴染
庭仕事
掛蕎麦
於母影
木目込
水飛沫
波止場
無駄口
片手業
犢鼻褌
瑞穂側
白髪頭
着心地
花吹雪
茄子畑
薯蕷汁
袋小路
顎伯父
顔見世
風呂釜
鬼海星
鬼百合
鰊蕎麦
黄肌鮪
上屋敷
上達部
下仕事
下僕薬
下屋敷
下目蓋
下睫毛
下長押
不斗出
不知火
与太話
並揚羽
丸屋根
丸茄子
丸風呂
乗心地
乙女塚
乙女子
乙女心
乳母子
乳母犬
乾海苔
乾海鼠
交譲葉
人心地
人真似
仁座鯛
今言葉
仏掌薯
仔山羊
仕事命
仕事机
仕事歌
仕事猫
仕入値
仕出屋
仕掛物
仕方咄
仕方話
仕様事
仕甲斐
仕立屋
仕立物
仕置場
仕舞屋
仕舞飯
仕込杖
仮名書
仮名読
仲皇子
伊佐木
伊呂勢
伊富魚
伊尼冀
伊尼翼
伊支馬
伊達姿
伊達巻
伊達男
伯父心
伸烏賊
似関船
余所事
余所子
余所目
余所見
侍屋敷
侍気質
侘住居
侘数寄
倉屋敷
傀儡女
兄比売
兕馬觚
兜占地
入母屋
公魚煮
共白髪
兵児帯
兵児帶
兵兒帶
兵子帯
兵子帶
其方側
内熨斗
内舎人
円屋根
冠直衣
出來映
出囃子
出打着
出来値
出来合
出来星
出来物
出来立
出汁巻
出汁粉
刀鍛冶
分葱田
切手牛
切見世
初太刀
初時雨
初見世
刮刷毛
刷毛序
刷毛斑
助太刀
勝手口
勝手場
勢子石
勢子舟
勿忘草
北早稲
南屋敷
占地茸
又従兄
叉手網
叔父子
口年増
口真似
口言葉
只風呂
可惜物
可愛子
可笑味
右脹脛
右螺子
合歓木
合言葉
吾亦紅
吾妹子
吾木香
和布蕪
唐土船
問屋場
問屋株
問屋組
問屋跡
喉風邪
囃子物
囃子舞
囃子詞
団栗眼
囲炉裏
国栖紙
国津神
国言葉
土仕事
土竜塚
土蜘蛛
土負貝
坩堝鋏
垂乳根
垣間見
埴輪顔
塩問屋
塩水雲
塩汁鍋
塩部屋
塩風呂
塵壁蝨
塵屋敷
境躑躅
墨曲尺
墨烏賊
売言葉
夏芝居
夏茱萸
夏蕎麦
夏越桶
夏越祭
夏風邪
夏黄櫨
夕間暮
外仕事
外様組
外熨斗
外風呂
夢笠子
大人色
大人雄
大伯父
大原女
大叔父
大和歌
大喜利
大御宝
大御食
大御饌
大時化
大欠伸
大火傷
大炊頭
大舎人
大菱喰
大蚰蜒
大郎女
大郎子
大鋸屑
天蚕糸
天邪鬼
太刀傷
太刀先
太刀取
太刀姿
太刀拵
太刀持
太刀筋
太刀風
太刀魚
女伊達
女同胞
女御子
女相撲
女祢宜
女禰宜
女言葉
女郎花
女部屋
女風呂
奴佳鞮
奴言葉
如何物
妹弟猫
姑獲鳥
姥母石
姥百合
姫百合
姫空木
姫蜘蛛
姫黄金
姿寿司
子山羊
子川獺
子海豚
子百足
孫息子
宇気槽
安知女
宝壁蝨
宝屋敷
宮神輿
宮芝居
家刀自
家壁蝨
家鴨卵
家鴨口
家鴨女
家鴨柄
家鴨顔
宿直奏
寄生木
寄生蠅
寄相撲
富士壺
富士形
富士絹
富士額
寝心地
寝部屋
寺息子
寿司桶
寿司種
寿司酢
寿司飯
寿司鮑
射干玉
小天蛾
小婆草
小山羊
小斑鳩
小母唇
小母手
小母肌
小母顔
小羽根
小舎人
小菜葱
小豆梨
小豆氷
小豆粉
小豆粒
小豆粥
小豆色
小賀玉
小間物
少女子
尖屋根
尻胼胝
局主人
屋形舟
屋形船
屋敷僕
屋敷木
屋敷森
屋敷神
屋敷裏
屋根屋
屋根岩
屋根庇
屋根廂
屋根瓦
屋根舟
屋根船
屋根裏
屋根雪
山仕事
山吹色
山吹襲
山折敷
山杜鵑
山梔子
山独活
山百合
山砂利
山紅葉
山羊皮
山羊髭
山羊髯
山羊鬚
山翡翠
山胡桃
山葵味
山葵梅
山葵苗
山葵酢
山親爺
山躑躅
山駕籠
山鳥兜
岩海苔
岩田帯
岩躑躅
岩雪崩
岩雲雀
岩風呂
島百合
島言葉
川時鳥
川水雲
川海老
川穴子
川蜻蛉
川螻蛄
川雲雀
巣部屋
左団扇
左螺子
巫女姫
巫女姿
巫女婆
巫女舞
巫女長
巻寿司
布玩具
布魚籠
帯曲輪
常磐木
常磐津
幌蚊帳
干海苔
平屋根
平矢柄
平蜘蛛
年増女
年甲斐
広小路
広屋根
広目屋
底雪崩
弟比売
弥次馬
弦練作
張見世
弾丸楯
彌次馬
彌猛心
徒士組
徒歩人
微温湯
微温火
徳利蜂
徳利襟
徳利鯨
忌言葉
志都歌
忠実人
忠実男
恵比須
恵美須
悪戯心
悪香虫
惚気話
愛少女
我亦紅
戻梅雨
扇問屋
手古舞
手弱女
手水場
手真似
手薬煉
手間暇
手間隙
手革包
打太刀
把釣孔
抱屋敷
招祷人
拶双魚
指相撲
指言葉
挿頭花
挿頭草
捨台詞
据風呂
掃部宿
接骨木
揚繰網
揚雲雀
握寿司
摘入汁
摘入鍋
支払側
支払元
支払先
支払届
支払月
数言葉
斑海豚
於梅居
旅籠宿
旅籠屋
日不見
日向側
日向水
日和見
日和風
早仕舞
早苗饗
早言葉
早駕籠
明御神
明日葉
昔蜻蛉
昔馴染
春夏物
春時雨
時蕎麦
時雨煮
曙枝垂
曲尺割
書熨斗
有卦船
朝風呂
木太刀
木洩陽
木目肌
木綿木
木綿髪
木薔薇
木通籠
木通蔓
木通袋
末息子
朱鷺色
朽山吹
村時雨
村芝居
杜若襲
条海老
東鳥居
松占地
松烏賊
板屋根
板山葵
板海苔
板発条
板羽根
枕発条
枕言葉
果物畑
果物皿
果物籠
枝垂柳
枝垂桜
枝折戸
枯露柿
柄渠觚
柄足袋
柞紅葉
柳多留
柿占地
栗御萩
案山子
桐一葉
桑屋敷
桜占地
桜海老
桜躑躅
桶風呂
梅雨寒
梅雨晴
梅雨空
梅雨雲
梓巫女
梔子色
梨河豚
梯子場
梯子道
梯子酒
槍烏賊
横徳利
横羽目
横風呂
橅占地
檜皮屋
檜皮色
檜皮葺
櫛井守
櫛水母
欅屋敷
欠片塵
歌真似
歌言葉
此方岸
殺陣師
殿屋敷
母刀自
母山羊
比売知
水仕事
水刷毛
水垢離
水山葵
水無月
水白粉
水芥子
水蚯蚓
水蜘蛛
水雲酢
水風呂
氷小豆
氷雲丹
沖笠子
沖醤蝦
沢胡桃
河原鳩
河岸蔵
河岸道
河童禿
河童菜
河童頭
河豚汁
河豚鍋
河鹿蛙
油問屋
油蕎麦
沼海老
沼田鰻
泄謨觚
波小灰
波戸場
波飛沫
泣黒子
泥風呂
泥鰌汁
泥鰌鍋
泥鰌髭
注連縄
注連飾
洒落気
洒落男
洒落着
流行児
流行眼
流鏑馬
流離人
浅茅生
浅蜊汁
浅蜊豆
浅黄色
浜木綿
浜百合
浜言葉
浮子綱
浮子釣
浮屋根
海人舟
海人草
海仁草
海布巻
海月粥
海松布
海松貝
海海苔
海百合
海羊歯
海老味
海老根
海老腰
海老芋
海老足
海老釜
海老霰
海老鯛
海苔味
海苔巻
海苔玉
海苔眉
海苔網
海苔舟
海酸漿
海鞘貝
海鶏冠
海鼠壁
海鼠腸
海鼠餅
深山蜆
深山颪
深山鴉
渋団扇
渚風呂
渡台詞
湯垢離
湯帷子
湯風呂
溝真田
溝蕎麦
漆刷毛
潤目鰯
火傷跡
火蜥蜴
灰汁巻
灰汁汁
灰神楽
炭問屋
烏揚羽
烏斂苺
烏柄杓
烏羽玉
烏賊角
烏賊飯
烏賊餌
無駄毛
無駄玉
無駄球
無駄矢
無駄花
無駄話
無駄足
無駄飯
無駄骨
焼太刀
煮烏賊
煮頃鮒
熊之実
熨斗押
熨斗梅
熨斗目
熨斗袋
熬海鼠
燕子花
爪壁蝨
片男波
牛羚羊
牡蠣殻
牡蠣油
牡蠣皹
牡蠣貝
牡蠣鍋
牡蠣飯
物抵牾
犬四手
犬芥子
犬陰嚢
犬黄楊
狐蕎麦
狗尾草
独楽釜
独楽鼠
狸囃子
狸蕎麦
狸親父
狸親爺
猪独活
猫部屋
猫驀地
猿芝居
猿麻桛
玉櫛笥
玉海老
玉砂利
玉蕎麦
王仁口
玩具箱
現御神
瓦屋根
甘海老
甘海苔
生子壁
生山葵
生欠伸
生海苔
生烏賊
生締鬘
生臭味
生若布
生蕎麦
生雲丹
田平子
田舎侍
田舎女
田舎娘
田舎家
田舎蛙
田舎話
田舎鼠
田芥子
甲斐歌
男伊達
男御子
男言葉
男郎花
男風呂
町小路
町屋敷
町言葉
町風呂
畑占地
畑山葵
畳部屋
疣細螺
発条下
発条指
発条秤
発条鼠
白侘助
白南風
白占地
白小豆
白山吹
白山羊
白帯下
白底翳
白斜子
白檜曾
白海鼠
白灯蛾
白独活
白生地
白真砂
白粉花
白細砂
白膠木
白芥子
白茄子
白薔薇
白足袋
白面皰
白飛白
白髪染
白髪葱
白魚子
白鶏冠
皿屋敷
皿駕籠
盛蕎麦
目仁奈
目年増
目梶木
目蓋側
直垂姿
直衣姿
相撲場
眉刷毛
真似鶫
真壁蝨
真子鰈
真梶木
真河豚
真海豚
真牡蠣
真魚咋
真魚鰹
真鹿児
着背長
睫毛禿
矢狭間
矢羽根
矢飛白
石子路
石屋戸
石斑魚
石水母
石清水
石風呂
石飛礫
石首魚
石鳥居
砂利浜
砂風呂
破礼咄
破礼話
破落戸
磯蚯蚓
磯躑躅
磯遍羅
神楽姫
神無月
神輿洗
祭囃子
秋日和
秋茱萸
稚児桜
稚児隼
稚児頭
稚児髷
種茄子
稲妻形
稲子豆
稲花餅
稲荷鮨
穢多道
穢多頭
穴石蓴
空屋敷
空梅雨
突羽根
立女形
章魚足
童言葉
竹小豆
竹屋敷
竹帚木
竹梯子
竹蜻蛉
笑翡翠
笹蒲鉾
筆茗荷
筋井守
筒井筒
箱寿司
箱河豚
籠松明
籠釣瓶
粉山葵
粉白粉
粉辛子
粒芥子
粒雲丹
粽寿司
糊空木
糞親父
糸問屋
糸瓜襟
糸蚯蚓
糸蜻蛉
紅侘助
紅枝垂
紅白粉
紅空木
紅絹裏
紅繁縷
紅葉月
紅葉狩
紅葉笠
紅葉葵
紅蜘蛛
紅鉄漿
紙吹雪
紙捻切
紙白粉
紙相撲
素破頭
紡錘鰤
紫海胆
紫海苔
紫烏賊
紫躑躅
細太刀
細石岩
細石石
組太刀
組屋敷
絹羽根
網代木
緋目高
総酸塊
緑小灰
緑河豚
緑遍羅
編木舞
縄梯子
繍線菊
織部正
繭毛羽
羊歯油
羊歯灰
美人局
美豆良
美須紙
羚羊脚
羽二重
羽交締
羽団扇
羽根枕
羽根蟻
羽根車
羽根飾
羽織物
翻車魚
耳壁蝨
耳年増
耳心地
耳胼胝
聾桟敷
肌木目
股脛巾
背乾鯨
背負子
背負籠
胡座鍋
胡座鼻
胡桃塚
胡桃色
胡桃餠
胡瓜魚
胡頽子
脇部屋
脊乾鯨
腕相撲
腕蜥蜴
腰曲輪
腰長押
腹矢倉
膨脛丈
膿面皰
自棄糞
自棄酒
臭橙酢
舌平目
舞良戸
色仕掛
色足袋
芝海老
芥子畑
芥子色
芥子菜
花寿司
花山葵
花盗人
花相撲
花紅葉
花茗荷
花菖蒲
花蜘蛛
若女将
若布酢
若白髪
苦汁水
苦蛇狐
苫屋根
苺御萩
茂我利
茄子色
茄子頭
茅渟針
茎若布
茗荷子
茗荷竹
茗荷色
茗荷鵯
茱萸原
草合歓
草屋敷
草屋根
草木瓜
草相撲
草紅葉
草蜉蝣
草鞋虫
荒仕事
荒木田
荒磯海
荷為替
菅百合
菖蒲草
菱飛蝗
萌葱色
萌黄縅
萌黄色
葉丹宝
葉山葵
葡萄染
葡萄色
葱蕎麦
蒸寿司
蒸風呂
蓑笠子
蔓小豆
蔓薔薇
蔦紅葉
蔵屋敷
蕎麦切
蕎麦枕
蕎麦殻
蕎麦汁
蕎麦湯
蕎麦皿
蕎麦米
蕎麦釜
蕎麦飯
蕎麦餅
薄木菟
薄足袋
薔薇柄
薔薇窓
薬問屋
薬風呂
薯蕷芋
薯蕷餌
藁屋根
藜海老
藤四郎
藪茗荷
虎河豚
虎海老
虎落笛
虎魚組
虚蝉笛
虚蟬笛
虫時雨
虫部屋
虹屋敷
蚊帳布
蚊帳待
蚊蜻蛉
蚰蜒眉
蛇屋敷
蛇蜻蛉
蛇親父
蛍問屋
蛞蝓女
蛞蝓魚
蛸山葵
蛸烏賊
蛸親父
蛸部屋
蜘蛛手
蜘蛛指
蜘蛛猿
蜘蛛糸
蜘蛛網
蜘蛛蟹
蜥蜴男
蜥蜴革
蜻蛉玉
蝉時雨
蝙蝠傘
蝙蝠印
蝙蝠塚
蝙蝠女
蝙蝠男
蝦眼張
蝦蟇口
蝦蟇蛙
螺子切
螺子穴
螺子蓋
螺子釘
螺子頭
螻蛄首
蟬時雨
蟹蒲鉾
血帷子
血飛沫
衝羽根
袋土竜
袋海胆
袋竹刀
裏小路
裏部屋
襤褸切
襤褸屋
襤褸布
襤褸株
襤褸滓
襤褸炭
襤褸着
襤褸綿
襤褸菊
襤褸靴
西曲輪
西鳥居
見世棚
見世物
見甲斐
覗機関
親同胞
親川獺
親海鼠
親父顔
親蜘蛛
角蛞蝓
角部屋
角風呂
言葉尻
言葉屋
言葉数
諸味酢
谷空木
豆柄杓
豆砂利
貝割菜
貸部屋
赤出汁
赤四手
赤太刀
赤小灰
赤小豆
赤屋根
赤楝蛇
赤母衣
赤水母
赤海老
赤海胆
赤海鼠
赤百合
赤百舌
赤目魚
赤眼張
赤砂利
赤翡翠
赤茄子
赤薔薇
赤藻屑
赤蚯蚓
赤蜻蛉
赤酢漿
赤酸塊
赤面皰
赤鳥居
赤鶏冠
走梅雨
走野老
越屋根
足袋跣
跣足袋
蹴付鶏
身言葉
車海老
輪奈結
輪注連
辛子色
辛子酢
迷子牛
迷子石
追手郭
追羽根
追而書
逆茂木
逆蜻蛉
透木釜
透百合
部屋住
部屋係
部屋子
部屋干
部屋数
部屋猫
部屋着
郭言葉
都都逸
鄙蝙蝠
酒徳利
酒風呂
酢橘酢
酢橘釜
酢牡蠣
采女塚
里言葉
野太刀
野山羊
野次馬
野良犬
野良着
野良鶏
野踏鞴
金挺子
針土竜
針山葵
針胼胝
鉤真田
鋏太刀
鍛冶場
鍵言葉
鎖帷子
鎧直垂
長慶子
長雲丹
長須鯨
間仕切
闇風呂
阿知女
阿輩臺
陰日向
隣屋敷
隣部屋
雄山羊
雄川獺
雄螺子
雄蟋蟀
集真藍
雉子猫
雌山羊
雌螺子
雨飛沫
雪雪崩
雲丹丼
雲丹飯
零余子
雷烏賊
雷蜥蜴
雷親父
霰烏賊
青二才
青味泥
青味紫
青屋根
青懸巣
青東風
青柚子
青海苔
青海鼠
青紅葉
青薔薇
青蚊帳
青蜥蜴
青鞭草
青香虫
青鶏冠
青鹿毛
面白味
面白蛙
面白話
面皰肌
面皰跡
面皰面
面皰顔
面相撲
革草鞋
革足袋
靴刷毛
靴足袋
鞘味泥
韋足袋
頬面皰
頼母子
顎面皰
顔壁蝨
顔馴染
風呂屋
風呂桶
風呂番
風呂黴
風邪声
飛蝗型
飛螻蛄
飾太刀
馬刀葉
馬刀貝
馬子唄
馬柄杓
馬草鞋
駕籠脇
高島田
高麗鼠
髪剃菜
髫髪髪
髭蝙蝠
髭親爺
鬼胡桃
鬼虎魚
鬼蜘蛛
鬼野老
魚河岸
鮎寿司
鮒寿司
鮭寿司
鯖寿司
鯨寿司
鯱鉾立
鯵寿司
鰊寿司
鰣寿司
鰰寿司
鰹魚木
鱒寿司
鱗烏賊
鱧寿司
鳥問屋
鳥居脇
鳥蕎麦
鴨跖草
鵜鹿鹿
鶯神楽
鷲木菟
鷹屋敷
鹿子菜
鹿毛皮
麦薯蕷
麻問屋
黄下翅
黄占地
黄味肌
黄味色
黄揚羽
黄枝花
黄楊櫛
黄楊野
黄櫨染
黄櫨漆
黄母衣
黄泉路
黄浜菅
黄芥子
黄花菜
黄蘗色
黄蜀葵
黄蜻蛉
黄面皰
黍魚子
黐躑躅
黒侘助
黒子男
黒小豆
黒山羊
黒巫女
黒慈姑
黒揚羽
黒梶木
黒母衣
黒海鼠
黒百合
黒眼張
黒薔薇
黒蜘蛛
黒酸塊
黒面皰
黒鹿毛
鼠河豚
鼻風邪
舟問屋
野薔薇
大葉子
大角豆
車前草
行政学
現金化
船問屋
実用化
公共圏
哥舞妓
歌舞妓
浮塵子
中学生
無政府
菜種子
開発課
区間車
狗母魚
一般人
人類学
作業服
大人顔
代表選
歌舞伎
安全圏
女性学
地域化
駅蕎麦
中高年
記録所
高級車
都会人
過酸化
部品化
催促状
分離派
子宮脱
中学卒
中国紙
英語史
警察権
五倍子
開発力
関東圏
狐狗狸
村議会
世界史
鳥渡見
数奇屋
作業機
寿司屋
流行歌
三行半
五角形
依存症
千歳蘭
喫煙所
回転草
地下鉄
報知機
展覧館
布袋蘭
府県税
扇芭蕉
教育大
特殊鋼
立往生
紀念館
自動車
自治労
自転車
補給所
観音竹
観音草
稽古所
世利売
直腸脱
益荒男
寿司店
大喧嘩
行動化
真章魚
言語学
文化街
洋画家
韓国学
不如帰
杜鵑草
霍公鳥
生産品
政治史
米国風
男性学
競売法
道中差
江浦草
自然人
市議会
水産学
東都遊
火口湖
事業化
行政官
議運委
秋刀魚
流通学
目見得
計画力
行政法
文明圏
不出場
代表作
地方風
私法人
海鼠子
裸百貫
農学校
遺言状
大気圏
工作所
施行令
統治国
作業代
入内雀
出目金
助惣鱈
小判鮫
山椒魚
平家蟹
弟切草
微塵子
未央柳
棗椰子
源氏蛍
真珠貝
磯巾着
莢隠元
葉鶏頭
薮柑子
藪柑子
釣鐘草
青大将
馬鹿貝
高野槙
高麗芝
黄心樹
未通女
公開状
副学長
都議会
警察犬
全日本
大阪圏
連判状
従姉妹
文学史
目的語
商品化
国際学
小百姓
高等官
白文字
警察医
安堵状
流行色
不生産
大祖父
都市型
時間数
目的論
公労協
公労法
公選法
刑特法
国大協
大山木
大震法
大風子
安近短
小綬鶏
弁慶草
暴対法
月桂樹
檳榔樹
正反合
泰山木
特措法
独禁法
珊瑚樹
真善美
真行草
破防法
租庸調
自然薯
菠薐草
菩提樹
落花生
過現未
道交法
道府県
風営法
生活史
洋学校
分類学
人間力
数寄屋
化学車
葛藤科
早少女
前次長
相談所
史学史
方鉛鉱
教育史
表沙汰
西海岸
代取印
音楽学
無人駅
漢字圏
真田虫
警察長
黒文字
姫御子
代表制
画一化
米国製
女子大
仮議長
現代風
世界化
出版史
公有化
受任国
左中間
部門長
風呂敷
大祖母
大所帯
議定書
草石蚕
分離帯
韓国製
国際派
白木耳
一重瞼
二重瞼
組織化
案内人
細分化
目的税
診療所
盛菓子
大学令
紹介所
一身上
登記所
東洋史
中国化
保養所
学問所
講習所
停留所
又弟子
教習所
洗面所
脱衣所
配送所
大御神
本塁打
地域間
地方病
刊行物
作業船
放射化
首都圏
浪人生
三味線
小学生
相手方
米国産
一体型
国際法
化学式
納付書
風邪気
固定化
流行語
教科目
持続化
識別化
成人病
活性化
私有化
野生化
十石犬
孤立化
流動化
仮想化
結晶化
分節化
徹底化
現住所
硬直化
紛争化
肥大化
具現化
老朽化
顕在化
並列化
分冊化
協業化
右傾化
完備化
実写化
左傾化
抗酸化
抽象化
永続化
直交化
日本間
韓国産
政治上
下知状
作業料
千代紙
近衛府
泡風呂
仮住所
作品展
小学卒
信用状
法人税
副首相
中国語
真砂土
統治権
蜘蛛膜
大統譜
現代化
混合薬
爆破薬
矯正薬
会計史
一安心
文理学
理化学
統治領
生産物
試合玉
相手側
経済圏
百姓家
自分史
海水湖
時間表
使用権
再臨界
商品学
不格好
外国官
外国風
核家族
植民史
商店街
人文字
自然学
外国法
外国米
門下生
未付与
営業所
寺小屋
施工法
月光浴
定置網
太刀洗
二口虫
温泉権
岩盤浴
溶岩浴
経営史
発生学
関西圏
地方銀
人民元
成人式
執行官
再生産
教授学
手足浴
遠眼鏡
生産財
利用代
連合国
救済権
京都風
作業員
中学年
信任状
成人力
安定化
英語学
江戸学
時代物
社会史
化学科
八穂蓼
放射状
行政権
補佐官
作業費
千石船
注文書
国民化
自然児
起訴状
音声学
家屋敷
感謝状
単一化
仮政府
拓殖史
進学校
外国製
嗅煙草
大和芋
宵待草
小手毬
小間使
尾長鶏
柳葉魚
殿様蛙
母子草
満天星
片口鰯
真桑瓜
立振舞
竹似草
酔心地
長尾鶏
雪割草
高御座
鱈場蟹
事件化
動力因
大百姓
工業化
挨拶状
最終章
紹介状
救護班
未来史
表彰状
中心街
免許状
告訴状
推薦状
解任状
勾引状
勾留状
執達状
委任状
寄進状
招待状
紛失状
脅迫状
血判状
裁許状
補任状
送付状
逮捕状
運送状
離縁状
認可状
既製服
独立派
地方隊
法人割
自国製
韓国車
政治学
回転儀
新人類
副大臣
委員会
勉強家
米国戦
瑞宝章
高齢化
流通業
供述書
勘定書
鑑定書
供託書
卒業式
水産業
三角州
七変化
殖民史
交換手
交通史
現実化
中心線
温泉街
仮出場
大学路
文法化
短期間
外国産
自然法
共同店
韓国戦
外科学
卒業生
私立大
畑仕事
開発部
地方選
文化財
夫婦間
言語権
印刷史
建築史
売春史
開拓史
貿易史
大日本
子供屋
社会人
敵同士
数種類
留学生
自国産
事業課
音楽祭
保守派
読書史
賃貸借
一等親
一里塚
三交代
中医薬
乳濁液
二重奏
代用品
代表格
休日数
低炭素
依頼料
光学式
光造法
分類法
割増料
加減算
勤務地
卒業月
印字器
四重唱
定期払
実用品
就業先
後仕舞
得意客
所属先
所帯主
所有主
技術屋
技術工
救援金
最重要
月下香
業務歴
牽引役
療養所
監査人
県交通
確認法
経営層
経緯儀
給与表
給料表
職務歴
自負心
調理人
賃貸料
転鏡儀
通勤路
配属先
鐵工所
随時払
障害法
雇用先
高積雲
高齢法
国際年
私文書
角細工
音楽家
教授法
消耗戦
利用額
都区部
体制化
代議制
旅客車
中継車
文学館
大型車
強化米
東海岸
集中力
活版本
成型品
課税権
医師法
大腿筋
小太鼓
高等科
長期間
化学品
四半期
無声化
人間像
権兵衛
一般車
公用化
今月末
非国民
医学史
試験官
生活学
中心力
意見書
卒業年
比目魚
天文学
活動家
副社長
同区間
総合力
市役所
内陸湖
女性語
鑑定官
副都心
特別法
作品集
朝鮮産
青写真
造船所
利用料
教育学
大谷石
大宮人
結婚式
事業家
自然食
評価書
合成酒
出品酒
住居学
府兵制
吉野紙
回線網
文章法
理想型
独立国
中学部
社会化
音楽界
森林官
労調法
再開発
反射鏡
梁山泊
飲食店
非常食
三尊像
回転灯
生物学
自国領
人間道
前夜祭
森林法
早稲田
実体鏡
千歳飴
執行権
小型化
強力粉
意気地
境界駅
有界化
小部屋
音楽隊
住所地
加重型
東洋学
女性誌
大胸筋
数学科
国際科
仏弟子
輸入国
新成人
拡大鏡
夏時刻
実体化
料理酒
大入道
金光教
期限付
水酸化
燐酸化
作業量
太陽圏
地方紙
執行力
成績表
国連軍
機関車
菖蒲科
生理学
英国製
権利証
一本気
小普請
中継局
文法学
地方税
発砲酒
調理酒
集中型
生産費
密造酒
家族葬
鉄道史
野球界
増醸酒
混成酒
発泡酒
蒸溜酒
蒸留酒
醸造酒
明文化
報道官
透明化
流線型
南極圏
外剤薬
特別視
利用費
大衆化
使用人
自然葬
入力法
地震学
死亡学
現代史
一本化
音楽科
営業課
顔文字
営業権
成熟卵
地方色
地上駅
二重線
公開法
言語力
茶屋酒
会計学
司令官
雑木林
超党派
韓国紙
冊子本
道路法
快気祝
言語症
日本栗
火山湖
短歌化
障害学
国際語
反発力
体系化
国際線
教育書
現代語
大人心
消耗品
計算書
比例式
煎豆腐
代議士
英国産
入院代
就業上
行動派
出版法
税区分
営業力
調節卵
受領書
早乙女
婦人病
個人史
無計画
営業車
正面図
薬学史
連立法
転貸借
拾得物
担保物
表記法
硫化物
瀬戸際
自然石
愛国心
菖蒲酒
捕虫網
言葉質
酸化鉄
東洋風
統計学
通信国
宿泊所
用品店
次元界
派出所
代替物
類型学
出世魚
大神宮
哲学史
自然界
産業学
副読本
政治家
歯学史
高度化
一段落
大家族
市民法
総合医
最終戦
書籍化
共産圏
経営学
発電所
区間新
無所得
金剛界
産業省
軍用車
障害児
不調法
旅行業
飲食業
無党派
大自然
政党化
出場給
大芝居
年金課
分離機
文章家
案内員
白紙化
戦略上
欧米化
非課税
医療圏
反対語
対流圏
社会学
修理業
通信網
常得意
金市場
儒教圏
古文書
発射薬
自然権
体制派
数珠玉
爆裂薬
南日本
関係式
延長戦
新商品
人文学
怪文書
外国語
超自然
外気圏
広域圏
加減法
労働法
新方式
省庁制
納付金
重力圏
実験所
受益圏
通貨圏
成層圏
岩石圏
所有権
配位圏
雪氷圏
森林帯
馬鹿力
中心位
保安官
内面化
未来学
今週末
天井値
副主席
高級紙
事業団
評価力
指文字
状況下
非対象
検察所
文字列
会計法
不自然
政経学
小獅子
組織学
金融業
観光学
原生代
漢数字
潜水病
映画史
製造所
自営業
音楽誌
天理教
代数学
大分類
大回転
寄付金
活字本
輸入権
金融車
不細工
人間味
情報化
外出血
観察眼
政治界
住所録
南西風
駐在所
地域力
事業所
利用票
国際色
延日数
料理学
運動学
陸上戦
下町風
居住国
選挙法
対策班
制御車
黒字化
選球眼
鑑識眼
生字引
構造湖
目的地
逆光線
金融界
不納付
希望学
学習学
分光学
陰陽家
再入力
新世界
職業病
失敗学
輸入業
政治局
正常化
宣教学
微分学
議論学
国民車
調査官
公示学
天文家
文字種
種類物
販売所
上海風
建築学
発声学
結晶学
美食学
遺伝学
防衛学
解釈学
診断学
広告学
看護学
解析学
大陸法
推計学
社会派
解剖学
分岐学
堆積学
積分学
考証学
貿易学
造園学
測地学
輸入車
磁気圏
不安定
無症状
開発費
保育所
医学所
夏時間
布教所
鑑別所
小細工
清算所
地域制
養生所
勘定所
大使館
来場所
検問所
検疫所
給油所
講義所
供託所
外国紙
奉行所
守護所
拘置所
施術所
直販所
蒸溜所
評定所
調剤所
配電所
醸造所
小学部
大津波
最高額
月例会
申込書
雇用主
高性能
死産児
法制史
三頭筋
英語科
切断面
時間制
科学史
検査官
地方裁
機関室
小道具
成熟児
文明化
認識力
未来派
豊穣圏
多角化
調査書
多様化
集合物
単純化
文字絵
昭和史
絵文字
管理官
仕事先
社会法
祈祷書
体系学
旅行家
特別展
林産学
大陸棚
法学科
設計書
会議室
新宗教
無気味
運転士
生産量
使用税
大森林
森林戦
無用心
不溶化
米国化
事務官
代表値
所得税
教育権
広島風
違法化
今時分
韓国軍
不課税
検察官
事実上
明確化
独裁官
医学館
野生児
最新作
分泌物
野球力
北日本
銀河団
中性化
文学界
格闘戦
生活力
学園祭
借家法
混血児
反逆児
在園児
早産児
肥満児
監督官
一般紙
大謀網
音楽部
経済史
国民葬
戦略核
適正化
深刻化
上腕骨
乗車駅
人工湖
保護国
外交団
審査官
病院船
最終作
温暖化
司令権
計算式
実用車
運用法
高等裁
写真史
監察官
有害化
韓国化
延長線
独立権
簡素化
活発化
自由化
厳格化
特殊化
団体葬
非営業
冗長化
編成権
出版権
手工業
議員団
使用代
啄木鳥
組織法
高速化
数表現
計算力
共和国
出場校
旅商人
分離器
改革派
放送法
中立派
進歩派
実体法
解放派
革新派
残留派
先週末
離脱派
懐疑派
開化派
不夜城
監視官
表示法
計量学
不文法
水不足
自国民
説明書
郵便史
婦人科
通信業
表街道
反対色
新聞学
筆跡学
都市美
期間工
水上戦
複雑化
雇用法
地上戦
対抗力
議会制
出版業
大人数
指導官
更生法
絶対化
過疎化
語源学
検視官
開催国
調整法
分析官
図書室
熱化学
保証書
現金額
先鋭化
捜査官
有期間
駐在国
指揮官
自然長
処理業
面接官
監査官
管制官
小切子
幼心地
曾祖父
紅薔薇
針千本
阿多福
青底翳
駄法螺
一生涯
一華草
丁子草
七宝鳥
七面鳥
三七草
三体詩
三弦草
不用品
不競法
中央口
久慈目
乗下車
乗降車
九官鳥
九輪草
亀甲草
二重唱
五味子
五葉草
五角錐
仏前草
仏法僧
仙人草
仙洞草
伊予柑
休退職
伶人草
体育園
使君子
信天翁
信濃梅
信濃芋
信義則
俣水松
修道女
俸給表
健保法
傘海苔
傾城草
先代萩
先日付
克己心
入会地
入退去
入退場
入退居
入退社
入退職
入退館
全単射
八目鰻
八重葎
公安委
内内定
冬至梅
出欠勤
出産費
制御盤
前前回
前前月
剪刀草
動物相
匂矢車
匙沢瀉
医科学
十字架
千本槍
千石豆
千金草
半夏草
半日花
南京虫
南京豆
南天萩
南氷洋
南洋杉
厚保法
反魂草
叡山菫
合田草
吉事草
吉野杉
吊船草
同穴蝦
名護蘭
君子蘭
告白本
和大黄
和林檎
和漢洋
和田草
品川萩
唐人豆
唐小豆
唐牛蒡
唐菖蒲
喇叭虫
喇叭鳥
四国麦
四季鳥
四角豆
四角錐
四重奏
団子虫
国対委
土山黐
土用藤
土鳥黐
坐禅草
報連相
壬生菜
売気配
夏灯台
多羅樹
多羅葉
大中小
大内裏
大司農
大司馬
大和蜆
大心菜
大桜草
大正蝦
大犬蓼
大王松
大茴香
大葦切
大藺草
大蜥蜴
大蝙蝠
天仙草
天狗茸
天狗蝶
天疱瘡
天竺葵
天竺豆
太陽鳥
夾竹草
女奈太
女難陀
姫射干
姫昔蓬
姫春蝉
姫翌檜
娑羅樹
嫁女黍
子煩悩
孔雀草
孔雀蝶
学教法
学用品
安衛法
宝鐸草
実父母
家労法
宿日直
富士薊
寒山竹
小千鳥
小松菜
小白鳥
小臭木
小菜蛾
小錦草
尺取虫
尾白鷲
居飛車
山帽子
山東菜
山椒草
山椒藻
山牛蒡
山鳥茸
山鳥薇
岐阜蝶
岩苦菜
岩蓮華
岩高蘭
岩鷓鴣
川八目
川苔草
巣沙蚕
巾着草
帝揚羽
幽霊茸
序破急
庚申草
座禅草
延命草
延年草
延胡索
延齢草
弘法芝
弘法麦
忘憂草
意地悪
慰霊堂
懸濁液
戦傷病
戴冠鳥
手仕舞
扶桑花
投資口
抹香鯨
指定月
接続草
推薦人
提出先
提出法
操作盤
政活費
教基法
敦盛草
整理棚
文通費
料理団
断食月
日日草
日精草
日輪草
日陰蝶
早合点
昇降格
昇降給
明治草
明電舎
昔蜥蜴
春竜胆
時計草
普賢象
暦日数
月夜茸
月長石
朝露草
朝鮮松
朝鮮芝
朝鮮薊
朝鮮蛤
朧月夜
木工芸
木犀草
本湿地
東天紅
松藻虫
枝垂梅
枯山水
枯葉蛾
柘榴草
栃内草
栗葉蘭
根切虫
梅毛虫
梅花藻
梅花蛇
梅花貝
梅蕙草
梅鉢草
棕梠草
棕櫚草
森青蛙
検疫官
業平竹
極楽鳥
樺太鱒
機種変
歌仙草
歓喜草
正職員
死別離
死番虫
毒人参
毒卯木
毒空木
毒紅茸
毛槍虫
気送管
水引藻
水芭蕉
水銀鳥
江戸菜
決明子
沈丁花
沢小車
河海豚
沼水木
法華草
法蓮草
法親王
洗湯草
浜人参
浜寒菊
浜撫子
浜昼顔
浜紫苑
浜苦菜
浜萵苣
浜豌豆
浦島草
海唐松
海団扇
海泥鰌
海緋鯉
消費税
源平桃
源徴票
源氏草
源泉郷
瀬田蜆
火焔草
火焔菜
灯台草
灯籠草
灰色熊
烏骨鶏
無尽草
無憂樹
無沙汰
煙管草
照葉木
熱帯鳥
燕千鳥
燕尾草
爪蓮華
片檜葉
犬小屋
狸菖蒲
猫四手
猿猴杉
猿猴草
獅子唐
玉筋魚
玉羊歯
玫瑰花
珊瑚蛇
理美容
琉球芋
琉球藺
琴水母
琵琶鱒
瑠璃草
瓔珞草
甜面醤
生食水
産育休
田字草
田村草
田雲雀
画眉鳥
畸人草
病医院
痢病草
白丁花
白南天
白嫁菜
白孔雀
白根葵
白珊瑚
白胡麻
白蓮花
白髭草
盗人萩
盗賊鴎
監理局
目奈陀
相思草
相思鳥
真昆布
真沙魚
真烏賊
真穴子
眼奈太
眼鏡蛇
知更相
石榴草
石菖藻
砂八目
砂糖鳥
砕土機
碁石豆
福寿草
福徳草
福神草
秋分草
秋海棠
秘蔵子
稚児車
空芯菜
空雀鯛
穿山甲
立浪草
竜舌草
竜舌菜
竜舌蘭
笹百合
笹竜胆
筆防風
筆頭菜
筬羊歯
箒蜀黍
節分草
粉砂糖
精皆勤
糸掛貝
糸球体
紅玉鳥
紅葉鳥
紋白蝶
紋黄蝶
納期限
紙八手
紛失球
紫華鬘
紫貽貝
紫露草
累乗根
統括官
統連合
絹傘茸
緋寒桜
緋縅蝶
緋連雀
総司令
総文祭
総本舗
總本店
繻子蘭
羊麻草
美人草
美人蕉
美男子
群青色
羽衣藻
翌翌年
翌翌月
翌翌週
耆婆草
耳烏賊
職専免
肝吸虫
肥育場
育介法
背高鷸
胡椒草
胡蝶草
胡蝶蘭
胡麻鯖
能開法
自分事
自己満
芙蓉鳥
花一匁
花勝見
花大根
花林糖
花椰菜
花甘藍
花蓴菜
苔竜胆
苗代苺
苦棟子
苦灰岩
苦灰石
茶毒蛾
草杉蔓
草河豚
草蘇鉄
草連玉
荒御魂
莢豌豆
菜種菜
菩薩草
華鬘草
菱蝗虫
蒟蒻芋
蓮華草
蔓人参
蔓正木
蔓竜胆
蔓苔桃
蔓茘枝
蔓藤袴
蕁麻疹
蕃茘枝
蕎麦菜
薇信夫
薩摩杉
薬師草
藤空木
藪人参
藪煙草
藪萱草
藪蘇鉄
蘭鋳草
蛇目草
蛇結茨
蛇頭草
蛍柴胡
蝙蝠蛾
蝦夷松
蝦夷鹿
螽蟖草
蟹蝙蝠
蠅取茸
蠅毒草
行者葫
衣食住
製衡所
西洋梨
角胡麻
解夏草
診療月
豆象虫
豊年蝦
豊後梅
豌豆草
象牙色
豹紋蝶
財形法
買気配
買言葉
賀正草
賃確法
賞罰金
赤鉄鉱
赤魚鯛
超能力
超高温
跳沙魚
蹴球部
車百合
車蝗虫
車軸草
車軸藻
車輪梅
軽種馬
返魂草
通条花
連理草
連銭草
運動場
道灌草
達磨草
遠近子
避難所
酸辣湯
采配草
采配蘭
野原薊
野大根
野春菊
野沢菜
野牡丹
野紺菊
野良豆
野葡萄
金剛草
金時豆
金木犀
金梅笹
金盞草
金箔粉
金糸梅
金紅花
金蘭鳥
金襴鳥
金銀草
金雀枝
金雀花
金魚草
金魚藻
金鳳花
金鶏草
針烏賊
針生姜
針金虫
釣船草
釣鐘虫
鈴柴胡
鉄工所
鉄砲虫
鉄線草
鉄道草
鉄鉋草
銀木犀
銀杯草
銀盃草
銀針草
鋳鉄管
錦空木
錦華鳥
錫杖草
鍬形虫
鐚一文
長丁場
長元坊
長茄子
防火壁
阿呆面
陳列棚
陸海空
隠元草
隼人瓜
雁金草
雇保法
雇対法
雛蝙蝠
雪割豆
雲切草
電信草
電気鯰
電気鰻
青梗菜
青豌豆
須浜草
額空木
風船虫
風蝶草
風見鶏
風輪草
風鈴草
風露草
飛燕草
香雨鳥
馬追虫
馬鹿芋
高年法
高総文
高調子
高麗雉
高麗鶯
鬱金草
鬼罌粟
鯖河豚
鰹節虫
鳥毛藻
鳳凰草
鹿苑草
鹿鳴草
麒麟草
麝香猫
麝香草
麦撫子
黄茅渟
黒梅擬
鼈甲草
分掌官
参与官
安全学
核爆発
検屍官
親任官
引用法
出資法
硝子紙
新入生
連合軍
破産法
補佐人
認定書
方面隊
決死隊
定義書
寛大化
海援隊
目的物
外科室
鎖国令
長方形
地上権
詳細化
金融街
接続法
正当化
都市鳥
尖鋭化
平方数
無作法
建設法
微細化
無害化
寒冷化
延命法
支援法
普遍化
正統化
通俗化
均質化
後臼歯
相続法
矮小化
銀行法
防止法
陳腐化
発声法
禁止法
部次長
登記法
禁酒法
訴訟法
強行法
思考法
接触法
狩猟法
仮定法
信託法
処罰法
単行法
反復法
対照法
清算米
測量法
給与法
警護法
供託法
問答法
帰納法
帰謬法
弱体化
投影法
改作法
救護法
消去法
準拠法
演繹法
積算法
脱色法
評定法
誇張法
遮断法
備蓄米
先月末
冬眠米
精白米
黄変米
救助米
優等生
直接税
工事誌
愛読書
認証官
内科学
受給権
構成国
涅槃会
企画書
機関砲
事業部
地震帯
電話網
韓国語
栄養物
野球部
両方向
小芝居
合意書
地方馬
入院費
報告書
中間派
多言語
指示書
数値化
終了書
公用車
工場法
確認書
四川風
敵対国
優勝国
決算書
生理痛
仮免状
格闘家
生物界
行動力
古代湖
修了書
抗議書
消費国
同盟国
証明書
採用書
正則化
申告書
航海法
診断書
戦勝国
機関長
申請書
発注書
解説書
請求書
通告書
化粧室
納品書
聴取書
要望書
記述書
通知書
上申書
依頼書
入門書
嘆願書
承諾書
推薦書
答弁書
納入書
誓約書
請願書
陳情書
内申書
契約書
巾着網
復命書
必読書
指南書
探求書
星雲団
検案書
特定国
精算書
陳述書
領収書
評議員
刑事法
栄養分
訪問国
女性型
有名人
加盟国
学年末
産出国
近隣県
対抗戦
敗戦国
数表示
文学科
継承国
締約国
合衆国
後進国
従属国
朝貢国
滞在国
白蓮教
移入国
移出国
緩衝国
輸出国
宗教史
実行教
自然金
労働権
実測図
温泉場
滑降風
卓越風
四角形
映画化
結果論
保安庁
工学部
新世紀
機関誌
始末書
放送網
理想化
中心窩
交戦国
十字軍
女性器
家族制
参政官
爆発力
団体戦
情報学
文章語
公立大
交通網
一個人
下車駅
代替品
副町長
回転機
内胚葉
加減物
旧本館
条件法
機関紙
警察職
四国犬
会計課
新生児
大発生
共和制
源氏車
現次長
非金属
未開発
生活科
自然死
代議員
六観音
形式上
連絡網
総生産
居住権
敷布団
入会権
短時間
軍事史
拝火教
国文学
無遠慮
健康酒
鰭脚類
大阪風
料理店
専用権
三河犬
医学生
同意書
文章論
現実界
長上下
哺乳類
反芻類
花蕾類
盲法師
労働力
英語力
外科医
憲法上
新生面
産業祭
販売店
精神上
軍用犬
英文学
生活型
包囲網
過激派
人権派
史学科
昼食代
使用額
新発見
見物人
近地点
使用域
助教授
所得額
定着物
自然体
粉末酒
選挙権
条件付
平等権
加盟店
家族歴
直営店
比較級
目的犯
連鎖店
駄目元
免税店
模擬店
特約店
現行法
理髪店
直売店
直販店
繁盛店
量販店
高飛車
待避線
食前酒
地学科
変化形
参考書
地形学
新入学
教育家
原始林
歴史学
酸化物
人造湖
本格化
男性型
国民軍
断層湖
関東軍
合法化
氷河湖
淡水湖
複合型
代理店
内務班
有声化
細工品
汽水湖
減税派
計量法
通信科
入知恵
季節品
食堂車
女性観
報道局
女子高
旧体制
国民科
大島紬
分離壁
半夏生
実質法
男性器
錐状体
本部長
郷里制
女子力
県知事
血達磨
名詞法
政治力
音楽士
指定年
風致林
小型車
実力派
調査権
石灰化
除染土
貿易風
口喧嘩
経営権
中古車
大発見
前年分
大地震
農学部
女子供
若旦那
国税局
兵法家
中道化
長時間
開発元
執行部
核実験
副所長
保守色
不燃化
生活線
滑稽本
事務家
機関部
不用心
工作車
諸外国
分泌腺
経緯書
処分品
文章力
決定権
無生物
通信局
確率戦
輸入品
一昼夜
避難民
遺伝病
安定感
実施権
抵当権
硬化病
人民服
使用料
複線型
学芸大
自動化
冷房病
分裂病
予防法
伝染病
考課表
舞踏病
萎縮病
発電力
静止核
凝結核
核燃料
出版局
再来年
東北学
高祖父
化粧品
高校生
加工業
席次表
管理課
神通力
記号学
保安隊
年賀状
国民服
副大将
労働省
陸蒸気
副園長
土佐犬
管理権
処女林
復活祭
旧大陸
処女峰
大衆車
再来月
無軌道
保護領
地下駅
対応力
沙汰人
家族数
最適化
検査院
汚染米
照準儀
韓国船
合同式
中京圏
高等部
起請文
進塁打
学生服
仲人口
施設科
表現力
法学部
選挙戦
形成権
実験式
平和学
産業界
振興課
革新党
国防色
決定力
自然数
保安林
重水素
副総理
抽出法
新体制
記念祭
記念館
感謝祭
合成力
監督権
親言語
副走査
三角波
管理業
大道具
居住年
国内城
軍用金
一元化
副総裁
経済上
代行業
高校卒
審査権
学習館
副担任
強談判
軽音楽
非公開
安全網
新生活
爆弾酒
管理力
六角形
古文学
中心地
演奏権
昼夜帯
公用人
放送権
伝承館
昼休憩
収穫祭
収集家
常設館
生誕祭
登竜門
祈念館
納涼祭
降誕祭
無効化
治療食
銀行家
生命線
交流戦
近代史
国文法
創業家
民主化
電子化
副校長
形成力
感覚力
交通権
外食業
着陸帯
派遣業
乾燥帯
伝導帯
日数分
減速帯
対話型
止血帯
破砕帯
緩衝帯
通行権
底意地
暖房車
試作品
営業部
好材料
肘鉄砲
体験型
独裁力
停車帯
機構学
事故米
製造業
核保有
核反応
回転炉
新教育
関連痛
音博士
核武装
会計科
記名式
通商権
企画課
工業所
多世帯
担当課
核分裂
観光業
核抑止
核融合
英文法
育成課
司法官
国内法
著作権
販売権
整備課
流動食
議決権
多方向
主導権
投票権
指導課
発言権
地質学
納付額
憲法学
上映権
推進課
組織力
得点力
嚥下食
権利質
離乳食
予約権
伸展葬
鉄道駅
暴風雨
放送業
登山家
貨物駅
世話物
学習権
支援課
林奉行
応用力
経理課
年前半
採用課
新大陸
演奏力
排出権
就職課
翻訳権
購買課
逆転力
交渉権
展示権
施設団
設置権
宿泊業
指名権
武装権
相続権
指揮権
団結権
提案権
上演権
支配権
八角墳
司法法
申請権
解散権
訂正権
請求権
勤労権
命名権
拒否権
放映権
永住権
生存権
裁量権
複製権
解除権
追及権
釈明権
介入権
任命権
勧告権
否認権
徴収権
担保権
答弁権
管轄権
統制権
興行権
航行権
請願権
譲渡権
貸与権
賃貸権
追求権
追跡権
閲覧権
養育権
上訴権
争議権
代位権
休息権
先議権
公訴権
占有権
反問権
叙任権
口述権
専属権
専有権
庇護権
徴発権
懲戒権
抗弁権
拒絶権
採掘権
採石権
求償権
決裁権
理解力
発案権
監護権
眺望権
統帥権
罷免権
翻案権
自決権
解雇権
試掘権
責問権
賃借権
通航権
鋳造権
頒布権
領有権
駐兵権
黙秘権
指定医
鼻音化
入浴車
天文台
映画学
兄弟分
絵本館
作業着
超過分
配送法
工業国
表決権
実行力
茅台酒
社会権
乳製品
株式化
認識色
会社印
出発駅
情報網
代理権
新分野
大集合
落葉樹
交戦権
守護領
周辺帯
放散痛
異人館
適応力
長寿型
下宿人
復元力
意味論
小説化
共通語
判別式
構想力
販売業
漢学派
再議権
男所帯
不得意
感化院
事務局
交代式
歌合戦
残時間
紹興酒
到来物
研究生
訓練生
寄進物
洗濯物
精進物
対象年
連結車
実社会
整備業
使用費
販売力
交替式
告別式
投手戦
来月末
発展家
連鎖式
企画力
入団式
入園式
退団式
出陣式
卒園式
即位式
始業式
実物大
抵抗権
断髪式
竣工式
終業式
組成式
緩和力
起工式
進水式
道議会
離任式
発言力
感染力
自然銅
外国馬
時代劇
建設業
育成力
判例法
支度金
影響力
現代文
支援業
軍事化
酸化数
建築業
北極圏
接客業
注意力
作用素
指導力
教育令
広告業
漁獲業
空元気
競争力
売春業
大公開
大型犬
宅配業
市販車
移動権
仲介業
信託業
推進力
攻撃力
清掃業
測量業
興行業
賃貸業
質問力
運搬業
共感力
採石業
空運業
試験車
輸送業
逓送業
造園業
運送業
配送業
醸造業
判断力
輸出業
分析力
回送業
復原力
解決力
借家権
強制力
恋愛力
支持力
交渉力
発生源
破壊力
守備力
忍耐力
副士長
取材力
研修生
一直線
団結力
証明力
防衛力
保持力
公法人
最終盤
説得力
供給力
戦闘力
新記録
記憶力
認知力
創出力
実践力
思考力
把握力
潜在力
聴取力
転向力
学園長
府知事
折衝力
決断力
発想力
空想力
統率力
親和力
遂行力
傾聴力
凝集力
包容力
受容力
吸引力
圧縮力
就業力
抑止力
拘束力
持久力
挫折力
挽回力
推理力
摩擦力
歌唱力
治癒力
洞察力
浸透力
演技力
粘着力
繁殖力
訴求力
読解力
貫徹力
購買力
輸送力
集客力
支援車
中年期
工作室
相場書
給水車
非常勤
代理業
戦闘車
異教徒
認証式
通勤車
冷蔵車
改造車
私用車
誘導車
万華鏡
展望車
観覧車
逃走車
連接車
運搬車
配本車
付随車
対向車
指南車
撒水車
救援車
教習車
散水車
炊事車
牽引車
献血車
積載車
護送車
輸送車
配給車
量販車
除染車
集乳車
実習生
銀行業
養殖業
回送車
扶桑教
除雪車
通訳生
生命誌
植木屋
物理学
修了生
受験生
市街化
期待権
海藻灰
行列式
副食物
手術室
神学生
練習生
苦学生
婚約生
課税額
修練生
在園生
在校生
就学生
教習生
特待生
聴講生
職業高
落第生
貢進生
転入生
文学部
国鉄型
通学帽
一貫校
地球史
報知器
野球拳
高祖母
下降形
変更年
所在地
進行癌
地方版
限定戦
全国一
飼料米
営業税
省力化
立法権
抵抗力
案内役
府県制
運動戦
新機能
直視形
耐火材
直流形
感動作
特別車
生命力
象徴界
革製品
分水界
適用年
副理事
表示灯
金属製
朝鮮語
町奉行
到着駅
社会科
処女作
堆肥化
降車駅
交換駅
協力隊
委託駅
帰着駅
待避駅
相手先
検査科
理工学
複素数
近畿圏
六神通
青銅器
探査子
給付型
停車駅
化粧法
印象派
消火弾
昨年末
記念樹
作曲法
学区制
総督府
贔屓目
成年式
本会議
新元素
国会法
復帰戦
照明弾
表現型
民族化
確率論
機関士
短大卒
人文科
上陸戦
活動費
低所得
女生徒
通信制
流灯会
地震国
防衛戦
開幕戦
宣伝戦
銃撃戦
乱打戦
争奪戦
内侍所
利己心
国民制
投石戦
持久戦
撤退戦
虚栄心
遭遇戦
非居住
具体化
文学書
脊椎骨
跡始末
安全帯
乗用車
消耗感
地史学
保護室
実験室
奉公人
居場所
成長線
飲食物
高架線
攻撃隊
相続分
菓子類
非核化
収集品
交通省
最終財
着陸灯
警邏隊
公用語
多次元
技術家
進入灯
反対派
殺菌灯
警告灯
前期末
放電灯
未入力
武道館
理想派
青瓢箪
青瓢簞
補充隊
警備隊
国立校
挺身隊
遠征隊
不可視
野球帽
独立財
工事代
子供達
調査団
製作図
翌月末
三文判
次月末
経済学
選手権
大手筋
事務室
昼行灯
制御材
酸化銅
患者数
様式化
初期化
国内産
観光科
開始年
調査庁
文庫本
真四角
荒法師
七福神
空気砲
貨物車
企画展
航海灯
管理局
火食鳥
念持仏
行商人
綺麗所
現代病
私有林
孤立林
延人員
新弟子
差集合
終了年
土木科
音楽堂
混合林
勝負師
休養林
分子式
産業医
混交林
演習林
炎天下
台湾風
退職年
合理化
魚市場
往生際
政府筋
朝活動
回帰年
勤続年
風雲児
帰国年
転属年
配属年
縁起状
馬鹿面
公募展
旅客船
即売展
常設展
研究科
落選展
演奏家
編集権
実年齢
電話局
樹木学
総日数
内沙汰
最高峰
権利付
考課状
基本法
持久走
資料館
展開図
特許状
回帰月
年始状
文明病
放送室
斬奸状
朱印状
繊維状
螺旋状
解由状
誓文状
軍忠状
黒印状
実体視
水素化
仙南圏
海砂利
研究家
郵便学
保護犬
総裁選
制裁金
獣医師
計算法
小気味
新宿展
運動家
量産型
研究室
飲食代
大陸国
排気機
非対応
末期癌
地球人
診療科
開発職
万能薬
旧機能
養老院
好人物
建設科
忍冬科
漢文法
認識論
唐獅子
治療室
私立高
一筆書
総所得
金融士
開業医
専修科
冷凍車
参政権
年金額
建築科
公会堂
島四国
記者室
保存科
放送局
診断科
直観科
効率化
専攻科
氏素姓
測量科
修養科
栽培科
補綴科
補習科
輸送科
造園科
麻酔科
先制弾
分散型
大極拳
誘導弾
海洋学
相対論
演習弾
炸裂弾
爆裂弾
発煙弾
肖像権
迫撃弾
飛翔弾
不足額
変更線
一般道
投資家
飛道具
代替財
中等症
薬物学
補助犬
仮執行
彫刻家
未分化
構造化
水兵服
編集力
自部門
計算月
一般形
翻訳家
不人気
予約型
好機会
愛好家
指導室
三角巾
努力家
建築家
診察室
美食家
下降型
双方向
彫刻室
近代化
創作家
実習室
節約家
交際家
冒険家
動物化
狩猟家
調理室
女装家
批評家
液状化
空想家
走査型
鑑定家
乱読家
作画家
作詩家
倹約家
商業学
多読家
夢想家
実演家
寄稿家
扇動家
探検家
歌唱家
漫談家
濫読家
煽動家
篆刻家
舞踏家
著述家
装丁家
造園家
醸造家
展示室
電話線
閑文字
官文書
段段畑
変光星
商売敵
土性骨
大御所
統合型
訪問型
双眼鏡
冷蔵室
監査室
談話室
乾燥室
休養室
操縦室
燃焼室
航海科
試着室
休憩室
分娩室
喫煙室
応接室
接見室
改良型
更衣室
洗面室
給湯室
自習室
財産上
透析室
透視室
下稽古
副教材
実践型
在籍型
操舵室
給与型
装着型
貸与型
連動型
並列型
低次元
列挙型
密閉型
抽象型
移籍型
高年齢
寄附金
構成素
偽文書
好男子
発動機
事務所
観光庁
高楊枝
複合語
加工品
歴史家
読書家
念仏堂
入場税
潜水服
美術史
印刷局
浪人街
下士官
学年誌
更新世
烏竜茶
軽量化
天元戦
死場所
長期化
小坊主
小論文
高野聖
炭素鋼
不美人
出納局
郷土史
交換局
貯金局
過去史
避病院
稲荷祭
再評価
計算尺
集合論
定年制
売春街
核兵器
貴婦人
再発見
分類表
固形物
宗教学
記者団
思想史
貨幣史
監視団
暴風域
太政官
島嶼化
送信機
信条史
戦国史
外国籍
教義史
満鮮史
薬局方
属国史
心性史
恥辱史
成形型
消化腺
監察使
編年史
地元学
東西制
大手術
監察医
副将軍
本土化
生殖腺
居住民
色硝子
無意味
君子人
尾骶骨
星月夜
移動型
膝蓋骨
足根骨
海洋国
筆頭人
月世界
貼付薬
安全灯
新所帯
再入学
同期生
大和棟
孤児院
加工紙
礼拝堂
五大湖
選挙人
不成立
主流派
放射線
外語大
少年法
奈良学
青紫蘇
化学賞
視察団
怪我人
火山学
当推量
火葬場
認定医
周辺視
悪知恵
終電車
窃盗団
弁護団
戦闘団
研究医
合唱団
悉曇学
探偵団
応援団
鑑定団
塩化鉄
暦博士
自警団
身体上
最小化
医学科
助成金
部局長
雪景色
修理工
新住宅
船員法
野生犬
重化学
補給線
選手団
行政職
悪魔化
新感覚
血液学
軍事学
無条件
硫化鉄
好条件
非表示
複複線
家族観
事務長
特性化
警備犬
使役犬
司令部
愛玩犬
潜水機
救助犬
巨人化
計算機
武士団
終末論
徒競走
給付金
部課長
建築線
経済法
鉄道業
代用食
研修医
大勝利
担当医
絶縁線
回帰線
前総理
十字路
合成紙
自然詠
私物化
懸垂線
漸近線
給電線
送電線
配電線
聖観音
文庫化
測地線
非適応
中等部
不連続
指導医
町火消
不健康
利用券
審判官
遺留分
現首相
個人葬
立体派
半母音
自然観
目一杯
新技術
製作費
勤務医
問題化
当直医
皮製品
鑑定医
嘱託医
麻酔医
心理学
青天井
相撲界
熱機関
事業場
学年制
再輸入
情報戦
無関係
地球化
直接法
児童館
野球場
一括払
下級位
公会議
前職歴
割増額
四天王
対象月
届出印
帰任月
年税額
松平状
法定休
異邦人
着任月
薩摩芋
薬事法
転属月
退職月
通信機
過納額
遡及月
配属月
開始月
世論戦
情報局
非同盟
幼児語
寄宿舎
親子丼
万灯会
初場所
審判法
非破壊
復帰作
最新刊
殺害犯
法医学
無愛嬌
非存在
非武装
音源化
無愛敬
終盤戦
非結晶
世界新
出演作
属性化
非常駐
和楽器
非該当
精神病
非加熱
非専攻
非控除
非扶養
非推奨
大空襲
管弦楽
回転体
国防族
民主派
中古品
保安員
児童学
海草類
出世作
仕事場
軍楽隊
機能語
主演作
大八車
投手力
新元史
時計学
核店舗
南西部
多数派
現代書
電磁鋼
非売品
時間簿
打物業
最小数
非合理
名字化
長崎学
保育園
中立国
横回転
潜水士
水産物
中心溝
補助金
長電話
使用量
民族学
再認識
放水砲
化粧水
河川法
微生物
書記官
民営化
結核病
農業家
高土間
人種化
生化学
大成功
小冊子
無期限
管理人
記念品
乗車代
新体操
法律上
耳下腺
右心室
代行人
截断機
茶菓子
架工歯
運転手
狙撃砲
突撃砲
自走砲
迫撃砲
速射砲
鋳造砲
大発会
新発売
煙草店
通信路
変動帯
水戸学
製作所
成功金
小意気
工事料
不快感
保護色
冷凍室
補給品
無愛想
新思考
不利益
不適当
新直轄
新造語
殿上人
個性化
慣用語
新契約
真人間
聖家族
記念誌
不満足
欧州車
付属品
商工課
大逆転
自働化
知識人
桜前線
漫画化
露出症
正規化
副収入
支給品
通信士
副葬品
大勧進
初体験
在庫品
地下室
芸能人
住宅街
個個人
市販誌
竜王戦
複製品
出版物
同居人
器量人
装飾品
助監督
収蔵品
嗜好品
模倣品
模造品
歴史戦
舶来品
試供品
貯蔵品
贈答品
遺失品
遺留品
南蛮人
古書店
普遍史
三遊間
古道学
三階層
世界観
公有制
保証金
時刻表
留置権
熱中症
都心部
天皇制
実生活
脱法酒
航空法
大正解
協力金
独裁制
理論家
多方面
大衆誌
広告誌
講習堂
九州弁
大商人
戦車砲
漆細工
掲載誌
直販誌
鉄道林
配当金
工場長
水中戦
西洋史
前立腺
本総会
適応症
高下駄
試験紙
白地図
高学年
海兵隊
周辺国
新興国
非加入
咽頭化
私自身
不参加
多角形
地下街
活用力
発行人
調整金
金属樹
家屋税
当選金
真昼間
間伐紙
停年制
植林紙
保証人
口蓋化
職区分
追加料
大衆紙
医科大
情報科
超越紙
受信人
感染症
発光紙
線形化
写真店
剥離紙
感光紙
模造紙
積層紙
転写紙
非常線
反射色
過食症
局所化
代八車
流域圏
男子力
美濃紙
赤面症
不合格
出資金
司法権
早生児
世話場
今世紀
大改革
政治屋
洋食化
最終便
老眼鏡
補給金
予約金
理想家
再教育
国営化
辞書学
分担金
検定制
非婚化
酸化銀
強硬派
拠出金
納付先
通行人
世話人
再計算
劇作家
大冒険
大爆笑
関係図
塩化金
大予言
大脱走
大虐殺
宝石学
微小癌
木質化
現象学
大往生
大躍進
市庁舎
寝不足
活動量
窃盗症
精霊会
料理人
認知症
出入口
交付金
合併症
神経学
脱水症
配分金
保障金
分裂症
恐怖症
美女学
貝杓子
連合体
個人戦
偶発症
塞栓症
大王戦
強迫症
拒食症
拘禁症
支援金
欠乏症
減圧症
磨耗症
緘黙症
肥満症
脱毛症
負担金
賃金額
国鉄色
知行権
小売店
政治観
準備金
退職金
量子化
返済金
分配金
禁酒令
経産婦
解約金
補塡金
補填金
長談義
加算金
持参金
生活臭
償還金
反則金
召集令
奨励金
徴兵令
徴収金
控除金
断髪令
登極令
箝口令
軟化症
上納金
供託金
前借金
埋蔵金
契約金
弔慰金
慰労金
拝借金
移籍金
老人学
賠償金
賦課金
返戻金
返納金
追徴金
違約金
還付金
不作為
着火材
側用人
円軌道
群集墳
裁判官
常議員
観賞魚
旅行客
夢物語
偽装魚
国語学
商売人
管理下
保守料
民族間
選択制
仏国製
副知事
家畜化
片方向
兵士長
大気差
総理人
系列化
調理場
変更月
記事化
進出色
大航海
実験台
多人数
天王戦
糖原病
国有化
爆発物
手作業
機械化
無頓着
非常識
交渉人
加工卵
環境学
愁嘆場
炊事場
処刑人
相続人
合金鋼
実在論
回転軸
物質界
集金人
養殖魚
予約制
保佐人
支配人
書道家
仲裁人
共産化
弁護人
清算人
副主任
後見人
看護人
依頼人
神話化
規格品
賃貸人
配達人
鑑定人
伝統酒
個人差
公述人
削除人
募集人
奔走人
媒酌人
宇宙服
検量人
検針人
浮浪人
脳病院
賃借人
運送人
集配人
中華風
国民歌
成年誌
左前打
平面鏡
倫理学
内服薬
共同体
経験歴
関税法
居留民
発起人
等身大
原寸大
技科大
私有制
葡萄酒
交代制
文字盤
造船業
海中戦
登録制
税金額
蔵人所
再起戦
直前割
大便酒
無料化
非参議
濾過紙
免許制
地上波
許可制
交替制
外交上
農工大
代言人
内視鏡
再処理
民族派
世襲制
再販制
徴兵制
招待制
昇給制
渡海制
独任制
連座制
配給制
顕微鏡
三角骨
台湾語
回転端
望遠鏡
潜望鏡
非等価
代理人
凸面鏡
凹面鏡
動物学
単眼鏡
天眼鏡
朝鮮鐘
照魔鏡
球面鏡
人参酒
内言語
専用機
待遇差
最高級
過半数
高周波
標準化
警戒色
薬用酒
集合族
不信任
収縮色
純米酒
事務員
入力欄
警告色
予防線
大親友
威嚇色
婚姻色
膨張色
教会堂
法典化
特別料
預金高
仮条約
薬味酒
全国紙
内科医
国定制
依頼心
医療化
多重化
刺激物
営業員
海軍力
総本部
製紙業
証券化
転出民
酸化剤
原住民
吹奏楽
漂流民
直接型
移入民
移出民
舞台化
転入民
遊牧民
副参事
団地化
変更法
旧契約
直方形
副専務
雪合戦
副鼻腔
無事故
現大臣
不起訴
事業費
小手先
話題化
理科大
占領軍
平均台
穀物酒
視覚化
受領証
有料化
果実酒
僧坊酒
嘔吐症
無関心
適法化
二塁打
仮処分
営業費
境界層
非公式
革命化
試合球
主人公
吟醸酒
忍冬酒
桃花酒
馬乳酒
高粱酒
台湾製
旧憲法
軍用船
定式化
家禽化
川崎病
生命表
粘土質
理事官
晩婚化
適性化
空洞化
枸杞酒
自叙伝
規格化
道路族
生醤油
議会費
母国語
不注意
暴徒化
不退転
候補生
漁業法
塩素化
多党化
工事費
標本化
多極化
少子化
掛茶屋
文学忌
断片化
奴隷化
政策学
映像化
樹海化
義務化
不戦勝
不拡大
問答集
寝台車
序列化
時間給
耶蘇教
重症化
五穀米
副食費
対角化
砂漠化
白骨化
純文学
不特定
厳罰化
常態化
斜陽化
晩産化
無償化
煙突化
短命化
神格化
世俗化
匿名化
固形化
平準化
形骸化
暗号化
有償化
沙漠化
無煙化
焦土化
符号化
耐性化
耐震化
電脳化
不承認
不活化
免震化
共進化
具象化
分極化
可溶化
可視化
唇歯化
唇音化
学習歴
官営化
寡占化
小子化
属国化
属州化
属領化
弱毒化
形象化
愚民化
擬人化
文鎮化
有理化
正典化
減容化
無鉛化
産科学
皇民化
角質化
郊外化
高金利
内閣制
対戦国
対抗馬
不支給
不消化
合議制
内製化
不徹底
不調和
不賛成
不適合
不整合
不養生
不介入
不信心
不干渉
不承知
不就労
不履行
不揮発
不摂生
不整地
不料簡
不謹慎
人力車
女体化
開閉器
合成語
更新歴
死亡帳
会計士
敵対視
予想紙
小麦粉
強行軍
仏国産
常備軍
火薬学
駐留軍
用語集
薬学科
進駐軍
遠征軍
生態型
空中戦
出生地
昇給歴
逮捕歴
入場料
工具鋼
潜水器
現実感
治療薬
計算器
創造物
影響下
方向舵
方言学
発電機
牧場長
重母音
家政学
金属冠
不始末
多項目
新素材
海外勢
映画界
都知事
不銹鋼
分社化
周波数
地図学
中間色
学生街
非同期
執行文
大百科
郵便車
決定論
大明神
不恰好
支配下
美人画
助産院
新聞紙
衆院選
風俗店
市販薬
通学先
悪魔学
拮抗薬
参考人
過熱器
麻雀店
舞台上
保全法
空中権
試験台
非暴力
指示薬
目的格
悪洒落
機能水
大学寮
点火薬
経済家
哲学科
回復薬
到達月
設定法
課程制
小役人
追加費
武道家
駅馬車
先発薬
再統一
生物型
前線面
学協会
歯学科
法律学
大衆薬
海兵団
表彰台
二等親
二等辺
作動薬
判事補
常備薬
消毒薬
睡眠薬
茶道具
止瀉薬
点眼薬
発泡薬
自立語
蘇生薬
解熱薬
造血薬
鎮静薬
頓服薬
駆虫薬
麻酔薬
不気味
管理部
蜜柑色
不相応
交換台
洗面台
献花台
進水台
三原色
三等親
三角柱
三角錐
写真家
医薬品
女芝居
銀行員
人生観
化粧下
業務上
人間並
天王星
小正月
会議費
労働歌
工作物
老年学
対処法
非正規
町道場
飲食費
学院生
薩摩犬
転化糖
口拍子
不同意
機動戦
競馬法
軸馬力
形而上
空間群
赤富士
制定法
航空病
都合学
戸籍上
本場所
接着斑
競争法
公文書
飲料品
推進法
国内線
地方債
計算額
昇給月
書道界
解決法
取得法
先先月
博物館
大震災
心身症
感覚論
贅沢品
技術力
地元産
台湾産
武家領
算定法
記入法
中高校
増幅法
援護法
発想法
算出法
記載法
配達法
形而下
措置法
朗読法
歌唱法
死生学
非素数
領事館
千秋楽
財産法
都人士
文章体
中世代
保守費
少年院
修理費
楽天家
氷点下
異次元
英単語
玉案下
機動隊
一神教
狭山茶
百貨店
農政学
不風流
再生紙
博物学
未来図
派生語
基本権
新憲法
逃避行
条件式
政党制
本人分
再居住
法哲学
調査士
経験論
無限大
野兎病
決算月
受精卵
植物学
記号素
赤褐色
経営士
非線形
新世代
飛行機
低年齢
作曲家
右大将
医大生
三者間
刺激臭
陰陽道
医学部
反射材
総力戦
獅子王
仮計算
契約月
評価表
農作業
人事官
風土病
香港製
大腸炎
樹木葬
電話機
情報誌
米国債
羅紗紙
地理学
対策法
膠着語
人種学
犯罪学
薬理学
翌年分
年金勢
普通酒
省人化
列車砲
市民派
新人戦
分数式
塩水湖
文芸学
木蘭色
空手形
口語法
首脳部
不用意
現法相
注意報
論理学
空気質
自家製
諸事情
民俗学
不公平
最低額
処分場
副課長
知行所
人一倍
初感染
書店員
自動式
協和音
考古学
加入月
指示語
消防署
編集人
伸長位
接続語
付属語
尊敬語
人員表
滑走路
通信社
造船科
世界暦
長尾類
超高層
孤立語
排水路
再選挙
曹達水
刑法学
全盛期
官房学
情報力
退位礼
革新懇
大業物
民間学
現外相
本土派
修飾語
借用語
混合比
転成語
介助犬
光化学
対象額
屈折語
抱合語
接尾語
出版社
国土法
対数表
不一致
木工作
電気業
按分比
中央線
法人格
採用月
支給月
現社長
表面化
乗馬服
照明士
例外法
文明国
法制局
賃金表
不足分
総稽古
企画部
形態学
受信機
土産屋
問題児
管理士
精神科
霊能力
開港論
子供数
社宅費
評価点
地震波
懐中物
自然銀
英会話
医学書
進化論
仮処理
医大卒
喉頭鏡
保険法
導入部
職業観
近点月
小売業
知行国
西洋化
商法学
硝子質
学習材
駐車代
写真業
存在論
実証論
暗緑色
経理部
開国論
南進論
採用部
書道展
独断論
所得顔
飛行士
応援部
電流源
主管部
観念論
購買部
悪魔派
懐疑論
抽象論
本審査
不作法
間伐材
包装材
海水魚
衛生学
遊園地
宝石類
普通車
小径車
英作文
冷却材
梱包材
減速材
発熱材
集成材
充填材
吸音材
固着材
大仏殿
研磨材
経済界
緩衝材
法改正
色眼鏡
宗教家
位牌所
行進曲
化合物
古代学
販売機
音響学
主計官
課税地
毒性学
緑黄色
綺羅星
記号論
山小屋
決議案
竹夫人
景観法
融通債
天南星
本調子
加速器
練習曲
遡及額
教科書
生一本
合唱曲
遠隔視
幻想曲
指示機
受難曲
変奏曲
興信所
党派心
民法学
町長選
癌保険
誤入力
彫刻機
感染源
前処理
高分子
専門店
悪材料
印刷機
受給額
通信料
焼死体
発射機
製図機
大人化
同意語
発信機
電話帳
彼岸会
撮影機
測定機
画用紙
練習機
奥医師
戦闘機
行政罰
名人戦
精米機
脱水機
誘導機
乾燥機
冷却機
印字機
収穫機
増幅機
始動機
小説家
待機機
浄水機
眼科学
脱穀機
造型機
交換機
企業間
偵察機
充電機
凝縮機
制動機
加湿機
励磁機
受像機
噴射機
圧延機
圧搾機
圧着機
圧縮機
射出機
打刻機
掃除機
採炭機
探査機
探測機
探知機
揚水機
搾油機
撹拌機
攪拌機
改札機
断裁機
昇降機
映写機
植字機
洗浄機
洗濯機
浚渫機
滑空機
点播機
照準機
爆撃機
発振機
研磨機
破砕機
穿孔機
粉砕機
精算機
給湯機
給炭機
耕耘機
耕運機
製氷機
複写機
試錐機
起毛機
車載機
輸送機
遮断機
鑽孔機
除湿機
集材機
雷撃機
保健所
板硝子
細工所
突拍子
郵便業
火山帯
授産所
無風流
科学省
粘土層
交通路
保安器
法科学
選挙会
言語野
供給源
出水管
公民館
測候所
前口上
金剛砂
非識字
一般職
北斗星
非営利
参加代
大法廷
満足感
畜産学
電気灯
非現業
原動力
銀世界
兄弟子
双曲線
年齢層
天保銭
木製品
資源館
分国法
営林署
再検査
代執行
最終値
将軍家
式次第
教養学
英文科
完全米
支那学
君子国
太陽風
訓練士
税務署
竜騎兵
出血熱
銃刀法
支店長
教育長
神話学
魚類学
体育館
治療士
要入力
記念物
空中線
断截面
門弟子
電源車
高調波
井戸車
最前線
浅草紙
著作物
宿泊税
建造物
放水路
無利子
地名学
無意義
参院選
古道具
廃棄物
生世話
六老僧
事故死
口上人
自然光
日程表
還元糖
比電荷
販売士
技術書
聖書学
生態学
通行税
誘導路
伝送路
体育学
焼豆腐
塩化物
散策路
送水路
電話代
休職月
古書展
小便器
提出物
井戸端
原子核
回転子
排出物
整備士
計測器
印刷物
高麗史
展示物
放生会
特定物
終着駅
足拍子
大将戦
炭化物
瓦斯灯
交流会
建築物
準備物
科学科
美術館
親馬鹿
入学式
奴豆腐
弾道学
混合物
理工科
迎賓館
創作物
広告物
排泄物
栄養学
航空業
配達物
吐瀉物
営造物
埋蔵物
堆積物
小発作
漂流物
漂着物
送付物
遺失物
郵送物
保育士
場所代
連絡帳
天皇杯
建築士
濾過機
郷土館
国防費
膿漏眼
診断士
個性派
判定士
審美眼
弁護士
農業国
近視眼
郵便局
介護士
公使館
添加物
看護士
設備士
操縦士
測量士
警備士
鑑定士
剣闘士
町役人
裁判権
速記士
最高裁
製紙所
文献学
鳥類学
再出発
通関士
生薬学
邪気眼
商業界
国技館
戦術核
私経済
原体験
細胞学
黒褐色
公約数
女房詞
昆虫館
系統学
代用魚
大多数
底値圏
気象学
水族館
新刊書
民芸館
竹細工
反対称
三角座
学習帳
筆記帳
航海路
芸術学
小楊枝
心臓学
交差位
細胞核
腫瘍学
図像学
核弾頭
淋巴腺
仰臥位
伏臥位
口上手
屈曲位
知識学
相続税
音韻学
保健学
織物業
管楽器
細菌学
気候学
混雑税
症候学
代書人
写真展
交通死
加算税
園芸学
水文学
優生学
想像力
系譜学
肝臓学
配付税
入湯税
収得税
延滞税
生活費
累進税
証印税
目録学
福祉学
簿記学
薬剤学
貨幣学
中手骨
人相学
帝王学
育種学
出納帳
出荷物
勘定帳
昆虫学
楊柳科
顔面学
奉加帳
幾何学
検地帳
水鉄砲
真宗学
鉱物学
加齢学
南蛮学
地政学
最高齢
病理学
鉱床学
免疫学
再発行
土壌学
家具店
岩石学
教義学
毒物学
湖沼学
病因学
紋章学
紫蘇科
繊維学
腎臓学
養蚕学
修辞学
勇者学
博言学
国際債
地文学
地誌学
変分学
姓氏学
審美学
層序学
弁証学
政務官
旗章学
書誌学
本草学
水理学
犬儒学
皇朝学
真菌学
算命学
美辞学
考現学
脈管学
薬力学
藻類学
蘚苔学
血清学
被服学
観相学
訓詁学
金相学
陸水学
雪氷学
食塩水
骨相学
鳥卵学
歌謡祭
精神論
航海士
代表印
宿泊代
小屋掛
始生代
方形骨
単行本
秋田犬
人事課
核黄疸
再検討
書記局
大聖堂
多胎児
無調法
論説文
低学年
通行代
食道癌
電子戦
再表示
電気科
小料理
奇麗所
専用船
東西屋
通信筒
生命体
社員権
分隊長
椅子学
漢文学
全自動
軽水炉
通産相
再配当
治療代
財政学
人類愛
再実行
人物画
理想論
課題曲
宗教界
便宜上
無所属
銀白色
出産代
朝刊紙
鏡文字
不正確
公式戦
社会面
始発駅
役不足
航空戦
仮製本
都大路
生兵法
作成代
教育費
評価版
身贔屓
雲龍水
人智学
再調整
好青年
想像界
減額金
腺病質
未成年
途上国
全反射
失血死
保険課
再作成
残業代
異物誌
窒息死
魚介類
潜水鐘
電波法
大腸癌
町役場
鉄道員
耳学問
通訳代
小作権
余裕派
平行線
航空隊
外交官
上得意
不良品
双生児
通信員
修羅界
超流動
小型犬
臨時駅
住居費
再提出
小具足
通院代
再修正
清掃代
給油代
分娩代
守護代
掃除代
洗濯代
療養代
罌粟科
運送代
郵送代
再交付
再更新
再配分
沖縄学
再出力
再登録
再集計
純利益
超伝導
超電導
仕事量
休止符
公用文
再結晶
再面接
恋愛歌
再分配
再申告
大本営
再審理
再清算
再申請
消費財
陰陽暦
再検診
再試行
再通知
宇宙葬
再始動
再突入
台湾戦
再契約
再就職
再精算
再起案
再逮捕
雨装束
再輸出
工作船
帯刀権
無感覚
無作為
非日常
宣揚歌
応援歌
熟練工
関係先
夢想歌
奉納歌
封印歌
挿入歌
編集部
讚美歌
逆回転
進軍歌
金剛心
未来像
通信費
従業員
消防官
東国風
混合財
軍団長
施設長
終了月
代休権
補完財
珊瑚海
革命児
古典派
給付額
電気街
専門家
予定稿
立憲国
初対面
冷凍機
刑務官
実業家
染色質
判例集
南京玉
漢字力
再出向
原動機
工作図
伏流水
事務器
財産家
認定証
講座派
少数派
反射炉
出国税
粘着質
高層雲
天才児
異端児
雨障子
女学園
特別給
稽古場
感覚器
闇市場
全社員
参加数
仮想水
家賃額
私生児
精製水
親日派
選択式
少年団
結晶水
青年団
初生児
遅進児
道州制
幼児期
歴史書
冷却水
台湾茶
同級生
無得点
加圧水
沸騰水
減塩水
点眼水
秘書官
蒸留水
運営費
還元水
電解水
薬学部
補償額
調査船
広報官
低周波
健康権
安心感
特別費
咽頭癌
無制限
原産国
雑所得
税支給
共同溝
運動会
高山病
異国風
一口話
税扶養
古典風
等測図
主税局
海洋科
首長法
全否定
甲状腺
対象社
活字体
反日派
複合体
連邦軍
初会合
前首相
多島海
無理解
消毒臭
疲労臭
組織案
腐敗臭
立入権
銀馬車
全摘出
生地獄
資料室
総利益
官僚派
精神力
親米派
金剛石
交歓会
空港税
予定額
前衛派
新天地
研修会
計量士
調教師
双曲面
均一型
暗殺拳
無配当
銀杏形
後円墳
算定式
呼吸式
算出式
給与式
護憲派
軍事権
推論式
昇給式
水菓子
自走式
複写式
設計図
追悼式
開院式
電子科
修了証
弁当店
後処理
立体視
解党派
芸術派
証明証
免許証
夜会服
市街戦
瑠璃色
継続証
社会詠
許可証
餓鬼界
声明文
借用証
遅延証
内陸国
基準法
精錬証
脱線痕
領収証
医師職
通信簿
偏西風
心理戦
粉砕痕
道具屋
顕彰馬
初日影
受信器
豪州戦
下級生
歯学部
最高値
選考会
電気線
事実婚
涅槃仏
構造家
愛好会
新小説
機動力
競技馬
外国債
左官科
建設族
無意識
獣医学
競走馬
視聴質
誘導馬
騎士団
半透鏡
出走馬
向上心
抽選馬
練習会
運動野
金属片
帯同馬
競技会
歓迎会
航空科
交易会
祝賀会
親睦会
現役員
送別会
防衛族
世俗派
改憲派
野獣派
唯識派
嫌中派
技巧派
敬語法
武闘派
親中派
親韓派
討幕派
閥族派
仮約束
中間財
暴走族
転勤族
副市長
無投票
長打力
私小説
温泉郷
状態図
統一感
商用車
定員法
実定法
単振動
無試験
孤立波
旅行記
運動器
限定符
好影響
神秘学
駐車料
両成敗
伽藍堂
焼却炉
原作力
本様式
農地法
進行波
普遍学
西洋館
同期機
海外給
前句付
告示波
連結器
会議録
定着液
審判団
搬送波
有機米
歩行器
神経痛
屋台店
結核症
肖像画
調整器
外祖父
加熱炉
増殖炉
無反応
農政課
医療法
焙焼炉
玉手箱
司書官
合計額
合掌造
地引網
力不足
単層林
執着心
平均額
無免許
鶏卵紙
加農砲
無自覚
無記憶
鉱業法
無記入
無担保
無矛盾
複数形
商学部
技術士
無媒介
無演算
無鑑査
無防備
見聞録
口腔癌
施設費
物価高
実体験
実労働
筆記具
総合職
参事官
大先輩
情報源
折紙付
西洋学
飛行船
中前打
夏場所
定額制
当世風
無添加
尾頭付
終身官
船舶法
曾祖母
宿泊数
想定額
法務官
財務官
彫刻具
勾当官
弁務官
白拍子
紋章官
越南製
分光器
判任官
勅任官
医務官
地衡風
坤宮官
執政官
大民族
奏任官
恒星風
民部官
神祇官
筋肉痛
警務官
護民官
軍務官
指示器
検出器
特別職
表玄関
転抵当
引用符
小理屈
推進器
四方拝
循環器
愛弟子
調理器
書記素
不面目
半月割
未来形
反応器
来年末
真珠婚
知恵熱
製図器
奨学生
日曜紙
極地法
保育器
好景気
発信器
防護具
保証額
未発表
避妊具
妥協案
打診器
消化器
分配器
多年生
村役人
混合器
瀬戸物
縦社会
蝦夷地
識別帽
子宮癌
絶対視
蓄電器
転換器
大相撲
加算器
接触器
空念仏
精米器
乾燥器
共鳴器
冷却器
加熱器
呼吸器
増幅器
排泄器
浄水器
無為法
生殖器
発光器
乗算器
充電器
共振器
加湿器
受容器
吸入器
咀嚼器
噴霧器
圧縮器
変成器
孵卵器
感知器
投石器
排気坑
探知器
整流器
断続器
検温器
洗滌器
洗面器
減衰器
照準器
発振器
租税法
穀物法
積分器
節電器
給湯器
聴診器
蒸留器
蒸発器
製氷器
足温器
車載器
送話器
造血器
遮断器
除湿器
除草器
七宝焼
同窓生
国連旗
就活生
人造米
自治領
決勝打
福祉法
貨幣法
事業債
商標法
変革期
漁業権
特許法
近衛兵
印紙法
戦闘帽
戸籍法
北西部
労基法
地鎮法
水泳帽
硬質米
関連法
最尤法
監獄法
種苗法
縮図法
雑穀米
互除法
修辞法
公立高
刑訴法
勘合符
句読法
命数法
和議法
地公法
均田法
大和琴
天測法
対位法
尺貫法
属人法
属地法
市易法
弁証法
感嘆符
慣習法
抑揚法
指話法
提喩法
換喩法
擬人法
救貧法
正攻法
正書法
水耕法
海商法
漸層法
火山弾
熱帯林
猛毒米
直喩法
粒子線
終止符
背理法
視話法
記数法
警職法
財特法
限時法
隠喩法
子供心
斑点米
新左翼
配当額
長粒米
高山帯
加徴米
成文法
死装束
無洗米
胚芽米
蓬莱米
軟質米
高機能
旧正月
自由国
無抵抗
白装束
高専卒
定義域
樹木医
先住民
力一杯
買問屋
摂関家
流星雨
神道家
参加料
規定額
戸数割
民活法
一大事
癌細胞
変節漢
降水帯
公共財
新店舗
次官補
食肉類
両極端
調整額
期待族
羊羹色
財政法
車内灯
功労金
低価格
地形図
構造式
卵巣癌
渇水期
中古船
回復期
洋品店
組織図
販売額
優勝杯
実業界
決算期
石竹色
超過額
認識票
難行道
申請数
過去形
代行料
大夫元
抵抗器
超越数
振動数
産卵期
貸与数
出資額
労保料
変動月
多面体
扶養数
支給期
昇給数
月単位
朝食付
肝臓癌
赤信号
青信号
黄信号
混雑期
准大臣
参考式
転換期
国博士
極悪人
狩猟期
皮膚癌
虫垂癌
半減期
反抗期
収穫期
外資法
授乳期
無声音
交尾期
倦怠期
固定額
変更料
潜伏期
激動期
移行期
胆嚢癌
幸運児
現象界
直腸癌
精巣癌
胆管癌
腎臓癌
膵臓癌
関係調
拠出額
橋本病
絨毛癌
胆道癌
腎盂癌
膀胱癌
血色素
親孝行
交通船
少年誌
自衛艦
青年誌
新卒生
柔道家
政治犯
新生代
自民族
万葉集
外陰癌
代名詞
交付額
取得額
虚弱児
食生活
魚貝類
保障額
空約束
斡旋料
負担額
連合野
気化器
朝稽古
小麦色
支給額
消化額
証明額
返済額
遊歩道
棒線駅
申告額
駐車場
借金額
申請額
請求額
加算額
売却額
償還額
充当額
徴収額
控除額
損失額
給与額
償却額
合算額
契約額
弁済額
昇給額
減俸額
減給額
精算額
贈与額
送金額
還付額
領収額
病弱児
電子線
食肉店
法律家
経産相
格納域
棄却域
監視船
助変数
部活動
一元論
全国型
短編集
偏光子
新嘗会
資産家
階級制
不機嫌
乳児院
鉄鋼業
尼法師
弛緩剤
衛生課
送信先
全店舗
特別賞
濾過器
村役場
霊柩車
風俗街
姉妹店
被加数
被減数
大食漢
後頭部
巨大児
無縁仏
生活給
仮命令
再編集
仮投票
命令形
温度風
送風機
陽明学
府立高
教会史
沖積層
花供養
嘘八百
神経戦
着火点
開放弦
支援船
荷重痕
越南産
同時犯
組合法
進化形
選択行
助教諭
統一体
所属長
給水船
若年寄
連用形
保管船
練習船
国外産
次世代
活用語
着陸船
写真誌
沈没船
巡視船
清掃船
測量船
遊覧船
運搬船
閉塞船
交換船
否定形
掘削船
敷設船
浚渫船
独航船
進貢船
難破船
霊長類
散策道
三塁打
発行料
共感覚
助数詞
進行形
仮免許
仮調印
身代金
仮登記
多神教
浄土教
仮退院
保険業
入浴料
原油高
天主教
完了形
実語教
路面店
仮出獄
仮勘定
仮約定
仮釈放
櫓拍子
胃腸学
仮定形
仮放免
保証料
地下水
女剣劇
工作員
新様式
経済紙
衆議院
補充形
財産権
達成感
拡大図
散歩道
終止形
受信料
主力車
作用点
動物界
工芸家
悪条件
花柳病
旧保険
手不足
現実味
相関図
観光客
単板類
球根類
経済力
再製茶
剰余類
多毛類
宿泊料
柑橘類
根菜類
海藻類
齧歯類
両棲類
両生類
全蹼類
円口類
前鰓類
半翅類
単孔類
単糖類
原猿類
参議院
双翅類
吸虫類
地衣類
多糖類
対話篇
希土類
有袋類
松柏類
果菜類
渉禽類
無足類
燕雀類
猛禽類
甲虫類
直翅類
竜盤類
竜脚類
緑藻類
線虫類
翼竜類
脈翅類
腕足類
腹足類
花虫類
葉菜類
蔓脚類
補助輪
走禽類
電力所
鞘翅類
頭足類
食虫類
鱗翅類
鳴禽類
測量図
配線図
俯瞰図
投影図
碁盤割
透視図
鳥瞰図
乗車便
反別割
花粉症
武士道
玄米茶
未計算
正統派
清純派
温和派
穏健派
無頼派
白米病
文具店
説教師
通行料
世話料
企業家
高障害
旧長期
臨時祭
仏具店
広葉樹
水溶紙
爬虫類
潜勢力
基幹網
植物帯
排気量
調理師
重要視
宣教師
注釈行
青銅砲
教育相
鉄条網
不完全
授業料
王室歌
防潜網
撒布剤
東大卒
衛生車
語用論
布教師
宿泊客
売上高
慢性病
看護師
伝道師
屋体店
海上戦
火加減
興行師
彫金師
放屁師
教戒師
教誨師
整復師
理髪師
納棺師
装蹄師
調香師
講釈師
贋作師
魔導師
調査員
仮分数
大蔵経
仏壇店
川上犬
文芸家
雑貨店
鮮魚店
箱提灯
通話料
企業庁
作成料
前勘定
受診料
石材店
輿論戦
国民兵
蜜柑科
月行事
米穀店
非常口
亀頭冠
夏神楽
照葉樹
七曜星
九曜星
材料費
航海図
化粧筆
資本家
精肉店
鉄砲水
調整分
飲料水
割烹店
工務店
旗艦店
環境権
骨董店
執行役
対応表
物販店
試験料
飛行場
不動点
古生物
均等法
消防車
経産牛
漫画祭
生花店
出演料
自治権
茶道家
熱処理
前大臣
接続料
機材車
汚染水
留守録
結晶面
蜂蜜酒
太陽年
普通法
栄養食
無一物
通訳料
更新料
書記長
横断面
計量器
人事権
銀行勢
仏文科
縦断面
湿地車
受験料
紹介料
有機体
保存料
免許料
漫画家
解約料
講演料
塩化銅
着陸料
課金勢
調味料
接種料
月面車
査証料
仲介料
入港料
入館料
受講料
学問料
承諾料
殺菌料
洗顔料
清掃料
入漁料
周旋料
契約料
委託料
延滞料
慰藉料
慰謝料
拝観料
整髪料
発券料
硝子戸
移籍料
移転料
賃借料
運送料
郵送料
不必要
組織長
声楽家
菩提所
西洋風
条件文
生物剤
納骨堂
固定客
離岸流
大好物
新人会
土産店
家畜車
全責任
版画家
未処理
公害病
硫化銅
現在地
不親切
関東馬
免税分
地上職
夫婦仲
広報車
逆比例
長期戦
工学科
検査員
高蒔絵
出向料
環境林
参拝客
電器店
未熟児
篤志家
防犯課
五輪相
招待客
原子病
商業誌
安全器
専門科
姉妹車
口径食
実年数
透明帯
張本人
保健課
全真教
女子校
実業科
皆既食
金環食
不名誉
季節風
手一杯
安全帽
貴金属
総務課
黄熱病
破傷風
黄雀風
福祉課
一夜漬
予定表
薔薇科
管理表
労政課
市民権
財務課
労務課
注射器
副村長
参加費
届出書
料理長
相当額
軽工業
基本数
外交家
新字体
暗黒界
取引法
神経科
決議文
無気力
年齢給
地理院
前半期
塩加減
軍資金
不自由
給食員
中間層
原資産
一家言
再保険
主計局
獅子座
管理費
俗世間
現女王
制動輪
文学賞
駆動輪
初等部
単語帳
気象病
相談員
博多帯
操舵輪
視聴料
未指定
独演劇
高水準
国語科
絶対量
基本額
幹事長
心臓病
新教徒
予報円
事業主
糖尿病
歴史画
農民車
配水場
手当額
内接円
外接円
無責任
補償点
酪農家
先天病
下腹部
給食費
乗船場
欧州勢
排気管
暖房費
皮膚病
膠原病
季節病
草野球
日射病
金満病
炭疽病
狂牛病
腎臓病
血友病
遮音壁
隔離壁
雪上車
佝僂病
偏執病
医原病
台湾誌
壊血病
夢遊病
座席車
恐水病
歯周病
潜函病
熱射病
狂犬病
監督員
私傷病
竜宮界
習慣病
補助費
褐斑病
象皮病
躁鬱病
黒死病
巨人戦
写真集
適時打
吸収剤
学生歌
試験場
出納長
合計表
警備長
友人葬
整備場
地質図
無神経
黄金数
割賦金
家禽車
尾道学
山水画
運転席
法律戦
計算手
旧名字
水加減
不経済
審査員
持家派
予想図
展示場
水運車
内弟子
夏布団
新聞屋
陶器車
受験場
達磨船
原画家
決勝戦
石炭車
練習場
開放感
中華街
小説誌
新社屋
競技場
装甲車
計算量
豊年祭
競走場
褐色土
射撃場
水泳場
浄水場
興行場
茶褐色
車掌車
駐在員
停留場
大車輪
安置場
拘置場
採石場
操車場
放牧場
斜面林
演習場
金準備
鍛練場
鍛錬場
集荷場
駐輪場
利子額
本年分
汚物車
盗難車
緩急車
地元紙
堰止湖
気動車
炭水車
防弾車
土運車
投光車
救急車
有蓋車
活魚車
無蓋車
特命車
特装車
砲戦車
社用車
竜骨車
自行車
融資額
街宣車
起震車
軍務車
通風車
金馬車
大振舞
変更点
放送員
留置物
金解禁
着色料
不透明
人権屋
咽頭痛
対抗心
空相場
合同葬
再塗装
全紙面
好事家
宇宙線
植物界
営業職
新聞種
色立体
蔵法師
併殺打
感情論
機内食
犠牲打
基本図
喉頭癌
大物車
感覚点
縁日祭
初一念
養殖場
客商売
方程式
研究員
冷凍船
民主制
連邦制
疑問視
長風呂
未収集
薄化粧
電気炉
不均一
入学金
家庭科
皮膚腺
県立高
薩摩拳
運動員
接待費
旧刑法
粘液腺
同点弾
唾液腺
前胸腺
扁桃腺
摂護腺
松果腺
発炎筒
発煙筒
皮脂腺
小旅行
燃料代
資料集
下世話
出発点
宿泊費
煙草屋
関連費
協力費
不誠実
実業団
一昨年
不寛容
不穏当
写真機
存在感
不均質
不愉快
不適任
特派員
監視員
構成員
納得感
地下道
解放感
交通費
反省文
研究費
緊張感
平均点
明細書
絶望感
連帯感
倦怠感
優越感
挫折感
疲労感
臨場感
宇宙論
自治法
円運動
販売員
静止画
投影画
風刺画
愛犬家
研修員
通用門
倶舎論
大企業
老大家
戦術家
歌謡曲
非対称
不得手
友好国
軍事力
辻説法
新古車
治療費
特別債
芸術祭
内国産
学生証
中二階
実支給
洞穴学
理事国
緑地帯
英字紙
山法師
整備員
横兵庫
白色金
口上書
女官長
実返却
専門語
指導員
服役囚
露出狂
商品券
美術家
親組織
前法相
回転角
後続便
選帝侯
旧商法
稽古本
調理員
質問表
革命家
春節祭
火達磨
芸術家
確認表
作成費
大前提
着火剤
販売費
入居地
小夜曲
捜査員
集計表
売春窟
研修費
地鎮祭
植生帯
集金員
大嘗祭
村民税
鎮魂祭
先帝祭
夏至祭
形成体
慰霊祭
戦闘員
支給表
祈年祭
聖誕祭
試算表
謝肉祭
赤道祭
軍旗祭
一婦制
参照表
口約束
添乗員
自画像
分相応
判定表
拡張員
換算表
警備員
配達員
乗務員
勤務表
大不況
搭乗員
検針員
照合表
算定表
維持員
艤装員
賛助員
通知表
償還表
対照表
総括表
二流紙
園芸家
大資本
戯曲家
創立費
固定費
定期金
弓道家
無派閥
人工林
出張費
思想家
愛妻家
文筆家
気候帯
落語家
没交渉
経世家
育種家
金融債
無風帯
実務家
社交家
篤農家
診療費
野心家
低木帯
修羅場
前外相
夢判断
専門医
証拠力
陶芸家
乗車賃
器楽家
平方和
恐妻家
愛煙家
武術家
策略家
陰謀家
事相家
作庭家
健脚家
剣術家
厭世家
名望家
国文科
売文家
好角家
嫌煙家
弁証家
弓術家
愛書家
技巧家
書法家
武闘家
漁色家
演唱家
演芸家
男色家
発毛家
知日家
能書家
艶福家
蒐書家
通訳費
取得費
記念章
交渉費
尿道炎
短波帯
丁字帯
不感帯
中波帯
亜鉛版
地溝帯
支援費
次画面
潮間帯
貞操帯
順位戦
駆血帯
黄道帯
万国博
王冠戦
包装費
取材費
前社長
変化球
防衛費
歳出権
継続費
舞踊家
広告費
申請費
通勤費
交際費
戒厳令
接種費
設備費
通院費
操縦桿
海食洞
清掃費
渡航費
理事長
給与費
補修費
転居費
養育費
修繕費
分娩費
報償費
委託費
滞在費
療養費
移転費
維持費
購入費
送迎費
運送費
郵送費
配膳費
天上界
犯罪人
大火災
弘法茶
酪農業
旧民法
下相談
調整点
縁故地
地元民
科学部
側面積
花柳界
証拠金
最下位
生前葬
科技庁
管絃楽
住居地
社内報
大本願
洋式化
粗利益
国保税
民族誌
航海表
国産化
制作所
加工糸
夏蒲団
新開地
水防法
大気波
情報屋
速報値
出向費
福祉葬
水平面
耕作権
呉服店
研究所
訓練所
鈍化剤
駄菓子
下水道
出勤簿
地電流
新平民
無趣味
英国債
事務費
学芸員
新嘗祭
神嘗祭
注意点
副会長
半永久
地味葬
畜産業
陸成層
陸軍力
天気図
慣用音
無力感
換気扇
期待感
垂直面
空売買
銀河戦
紀元節
出席簿
確認点
弟弟子
避難地
中距離
予知夢
司教領
定率法
私企業
経過点
初節句
大和塀
時計台
熱帯魚
自殺点
学生帽
気苦労
臍帯血
裁判制
不景気
改正点
決勝弾
海運業
金属器
将棋界
不正直
不要品
交差点
生長点
車内誌
換算点
転換点
連絡所
延面積
発火点
集積点
夕食代
妥協点
機械機
留意点
給金付
免税点
凝固点
分岐点
引火点
査定点
立脚点
自責点
落第点
起算点
中止犯
大事典
重工業
赤外線
三段飛
借地権
会話体
茶坊主
優先権
大洪水
有平糖
異物感
修道院
方眼紙
関東勢
下宿屋
個人型
投票所
月額表
針供養
移動費
観測所
入社年
多角錐
寺社領
肛門痛
勝手丼
難事件
両院制
単独制
府民税
女道楽
出張所
運用益
縦振動
最盛期
月経痛
未完成
協同体
軽躁病
節博士
航空機
骨髄炎
底引網
底曳網
国衙領
官衙領
教皇領
諸司領
貨物船
多項式
定例会
後始末
印刷所
外用薬
幻肢痛
後陣痛
朝残業
公用物
俳優業
参事院
小児癌
本通夜
逆求人
閉村式
定時制
体外式
常緑樹
給水所
接骨院
登記簿
百面相
練習所
中隊長
勤務簿
合宿所
女優力
冬布団
出納簿
収容所
大審院
工芸科
徴収簿
施政権
枢密院
翰林院
除籍簿
一角獣
学院長
投機家
交換所
代数式
仰臥像
決定版
蒸留所
運輸業
駐輪所
消防局
五重奏
大舞台
恒星年
外交権
不燃材
生成熱
筆記体
加入員
料金表
医療業
都民税
開村式
単項式
問題視
逆輸入
体技心
単勝式
単発式
始球式
市立高
戴冠式
証券業
上棟式
複勝式
観兵式
観艦式
金婚式
銀婚式
除幕式
乾物屋
位牌堂
暗黒街
美容院
頬骨筋
未達成
染色体
流動体
好都合
王座戦
鼻濁音
六欲天
変形体
絶縁体
選択肢
多角柱
誘導体
保険医
後妻業
発光体
確実視
下垂体
受容体
家庭医
接合体
新銀河
日中戦
重合体
労働量
親不孝
超新星
不祝儀
製鉄所
説明文
未対応
追分節
雛菓子
助産士
干潟地
裸一貫
言論界
魔法界
調査票
中級位
公権力
本年調
航海暦
自由葬
放射熱
理学科
社員数
陸運業
海運局
支払分
水運業
現町長
軍刑法
倉庫業
空取引
旅館代
不定期
鉄工業
名演技
横恋慕
正規軍
水源林
物質波
編集長
区長選
復讐心
警守長
信号灯
動物園
土建業
声優業
製菓業
付属肢
基準局
桔梗科
大天使
当座銀
歴史観
遊技業
青果業
養蚕業
主夫業
娯楽業
宅建業
旧公債
製糸業
製靴業
実店舗
下検分
前景気
形成層
相談罪
専門紙
生花業
旧石器
母集団
産科医
常連客
美術界
超合金
内大臣
大災害
感想戦
騎兵隊
不器量
両国間
自然美
価値論
侵入盗
打撃戦
未決定
非合法
前臼歯
高品質
倉敷料
声楽科
警備監
大和魂
未実施
深海魚
畜生界
異国人
被害地
領土権
実相界
大音量
早飛脚
公民権
地獄界
反応熱
微化石
有効視
株式制
物産展
移動体
職業校
会話文
年金債
上気道
法曹界
無表情
井戸水
手羽元
深夜業
芸能界
回帰熱
検査値
過保護
乾菓子
円熟味
社交界
燃焼熱
脳外科
超音波
凝縮熱
希釈熱
溶解熱
蒸発熱
融解熱
輻射熱
作用量
演劇界
異体字
胎蔵界
電気銅
財産税
軌道敷
氏名権
軽合金
防風林
一覧表
日台戦
蛍光灯
観察使
両替屋
回教徒
大司教
老人力
華道家
外野手
前局長
侍従長
旅興行
梵論字
簡体字
繁体字
出版屋
分子量
手数料
神経症
新態勢
不可能
逆転層
変更先
大革命
引用文
検事局
被告人
新国劇
島嶼国
馬小屋
公表版
宣教使
山岳戦
聖歌隊
高姿勢
全天候
大規模
局地戦
道具箱
高圧線
国有林
暴力街
自主権
衛生科
高山国
大総統
心技体
有気音
相場師
吉野葛
立体図
頭脳戦
排水坑
系統樹
動物誌
最強戦
絃楽器
人工語
国内勢
大図鑑
開拓使
菓子屋
巡察使
巡見使
鉱業権
加工乳
名義人
大全集
超関数
陸運局
挨拶文
紅白戦
費用額
入力枠
否定文
大静脈
過形成
営林局
大富豪
序盤戦
王将戦
複座機
冬蒲団
大至急
帝王戦
切口上
大僧正
大盤石
新生姜
砂漠戦
限定版
前哨戦
大寒波
大辞典
野鳥園
騎馬戦
写生文
名将戦
大動脈
大宰相
大恐慌
大納会
対潜戦
発令文
大僧都
大元帥
大内記
大勲位
大吟醸
大惑星
大惨事
大経師
大臀筋
大臼歯
広告文
早慶戦
機雷戦
無造作
碁聖戦
要塞戦
覇王戦
話半分
造幣局
遊撃戦
電撃戦
国手戦
坑道戦
宣伝文
支城戦
攻城戦
新馬戦
日蘭戦
日豪戦
早明戦
棋王戦
棋聖戦
特許局
白兵戦
貴族制
雪中戦
警告文
平叙文
感嘆文
法務局
海水温
肯定文
脅迫文
財務局
追悼文
労基局
平方根
専売局
指定校
理財局
蓄熱槽
貯水槽
貯蔵槽
郵政局
電解槽
原材料
無尽灯
化粧田
派遣先
浄化槽
耐火樹
紫外線
天然林
雑記帳
図書券
声音学
微粒子
針葉樹
不足金
国富論
街路樹
覇王樹
相思樹
闊葉樹
公証人
重量制
安楽死
既得権
時間休
気化熱
無収入
提灯屋
最大手
源泉権
双球菌
床暖房
接待婦
芥子粒
見舞状
水銀灯
貿易銀
市立大
議院法
閃光灯
集魚灯
家長権
常夜灯
弧光灯
探海灯
探照灯
照空灯
誘蛾灯
車幅灯
未経験
染色糸
空手家
走馬灯
管財人
総会屋
評価損
農作物
騎馬隊
受益権
合計値
特攻隊
遊撃隊
便衣隊
商標権
愚連隊
救急隊
救難隊
暴力団
渡世人
特許権
親衛隊
鼓笛隊
奇兵隊
平均値
形態素
漢方医
傷害罪
入力例
腰弁当
刑罰権
宗主権
日照権
歳入権
共益権
幕僚長
意匠権
以遠権
先任権
初夜権
制海権
制空権
原盤権
地役権
急病人
愚行権
戸主権
支分権
甲乙人
発頭人
知財権
租鉱権
純物質
罷業権
自益権
行旅人
通風権
鉱泉権
領空権
供御人
未知数
白無垢
特別席
敵対罪
横領罪
車両長
物流費
驃騎兵
入浴剤
後生楽
新官僚
旅客機
畜産科
未発行
外出先
居住地
水商売
電位差
児童書
原生林
超特急
有光層
義勇軍
不適切
光行差
羽布団
正義派
熱放射
知事選
納税先
超音速
牛小屋
超自我
多宝塔
年会費
暴行罪
機械科
超短波
再来週
問題作
活用形
窃盗罪
超巨星
超弩級
強要罪
改良版
普及版
反乱罪
放火罪
競合罪
複層林
内野手
再共済
常勝軍
恐喝罪
獅子頭
監禁罪
財政権
逃亡罪
遷移層
遺棄罪
電離層
併合罪
侮辱罪
偽証罪
共謀罪
反逆罪
収得罪
収賄罪
堕胎罪
姦通罪
威迫罪
強姦罪
扇動罪
抗命罪
押印版
校訂版
決闘罪
浮浪罪
煽動罪
直輸入
背任罪
脅迫罪
親告罪
誣告罪
謄写版
贈賄罪
騒擾罪
報道陣
宿泊先
責道具
尊大語
掛金額
新知識
重犯罪
再健診
再軍備
路側帯
再導通
再稟議
理想像
再年調
変動額
芙蓉峰
謙譲語
即身仏
大納言
未定義
磨崖仏
司令塔
換金所
昇降舵
未実行
罪悪視
反体制
接頭語
支払人
新傾向
革細工
保険税
対称式
長命樹
非人情
趣味誌
新機軸
新石器
住宅地
新建材
新皮質
最寄駅
水栽培
沖縄戦
道産子
新華族
河畔林
借入額
降雨林
防火林
保険金
市民税
暖帯林
未設定
防潮林
防雪林
未選択
現所長
秘書室
微積分
心筋症
中企業
未確保
菓子料
広報室
微苦笑
新舞踊
最貧国
割下水
台湾化
少年期
福建風
自治制
青年期
未確定
寝物語
大律師
宇宙機
未発給
秋季展
規定値
連絡先
体育科
少人数
接客婦
稽古屋
日用品
未回答
未回収
機械室
分流器
売春婦
看護婦
就業婦
慰安婦
放射光
最先端
未受診
植民地
淫売婦
作成先
紙細工
販売先
食養生
魔法科
仕切状
歌劇場
小法廷
熱伝導
私生子
電気代
情報通
全速力
功労馬
諸注意
弾道弾
少国民
情報量
推進剤
淡紅色
不合理
復帰先
東商戦
構造色
直行先
出張先
床運動
大幅高
導入剤
未検出
活性剤
資本論
状態量
固定給
武器科
総統選
促進剤
未提出
資源塵
質問先
防止剤
未確認
無資格
電王戦
助産婦
抑制剤
未解決
消化剤
確認先
古武士
担当相
未更新
硬化剤
紙鉄砲
事務職
取得先
未登録
入手先
宴会場
接触剤
脱水剤
乾燥剤
冷却剤
増量剤
未承認
殺菌剤
消毒剤
白血病
睡眠剤
自白剤
覚醒剤
請取状
阻害剤
保湿剤
充填剤
収斂剤
含嗽剤
吸入剤
吸着剤
捕捉剤
接合剤
接着剤
未受験
止瀉剤
止血剤
沈殿剤
洗浄剤
洗滌剤
消炎剤
消臭剤
減摩剤
漂白剤
点眼剤
発汗剤
発泡剤
発色剤
窒息剤
粘着剤
糜爛剤
結着剤
縮合剤
脱毛剤
脱臭剤
脱色剤
腐食剤
膨張剤
融雪剤
解毒剤
解熱剤
訪問先
誘引剤
誘発剤
造影剤
造血剤
還元剤
鎮静剤
防水剤
除毛剤
除湿剤
除草剤
駆虫剤
商行為
未反映
未返済
蔵書狂
保障給
支給先
未申告
植物園
美術科
転職先
修正値
参照先
未清算
未申請
申告先
石灰水
諸大夫
予備選
協定値
未到着
未算定
未記入
未開拓
申請先
請求先
勤務先
未収納
未受講
未徴収
納品先
依頼先
初任科
手合割
未就労
未就学
未就業
未就職
未帰還
未決済
未決裁
未精算
未納金
渡航先
熱気弾
発送先
納入先
老夫婦
赴任先
転出先
転居先
配付先
委託先
寄港先
就職先
格子造
格納先
滞在先
花電車
複写先
許諾先
転籍先
返送先
送付先
送金先
過冷却
郵送先
配送先
集計値
区議選
反比例
過積載
過飽和
全音階
導火線
阿波犬
努力値
勤続給
取引業
娘子軍
確認票
腫瘍科
休職給
測定値
多重星
所番地
抗張力
近似値
改定値
累計値
肛門科
補聴器
仏頂面
合算値
消防団
離職票
異分子
航空路
個人宅
排水量
無菌室
経済財
防衛相
園芸科
農水族
問診票
対象物
復興相
徴収票
慣用句
自公民
検針票
浮動票
大火事
耳鼻科
芸能科
皮膚科
無農薬
形態論
理数科
病理科
光通信
腎臓科
出向先
唇形科
性病科
手当金
救急科
機甲科
演劇科
独文科
警務科
年収額
手榴弾
猜疑心
採掘坑
満塁弾
多連装
無失点
私生活
催涙弾
工芸品
怪気炎
擬製弾
閃光弾
同心円
徹甲弾
曳光弾
焼夷弾
白燐弾
階段室
椰子科
生殖巣
夕飯代
年後半
水茶屋
度外視
教育職
派遣元
現在高
行事所
電車代
住宅費
表面積
遠心力
原稿料
小火器
標準法
私立校
航空士
全体図
大株主
巨人症
経済表
金属音
漢文力
美容科
勤務間
会場費
二極化
半濁音
地平線
執行罰
専門員
製造元
手入力
前役員
理療科
複数犯
十如是
保健室
無節操
現総理
人事部
出荷値
博物誌
上下動
無利息
十手人
冥王星
流星痕
海王星
織女星
不発弾
朝食代
弦楽器
移動先
人格化
副頭取
無響室
理容室
重役室
写字室
同年輩
好成績
栄養素
貴賓室
霊安室
無重力
猛攻撃
分泌液
電磁力
位置覚
好好爺
明所視
無定形
白眼視
等閑視
薄明視
蛇蝎視
無報酬
現存在
公家領
支払額
植物誌
原腎管
作為犯
振替元
無理数
資料代
無慈悲
直行便
無任所
無定見
無秩序
無脊椎
無辺際
需品科
猛練習
外来語
好敵手
長屋門
労災法
脳死体
勧進元
猛特訓
美容室
食事代
公立小
従来品
生命刑
眼科医
機動船
青海原
不明確
実費額
付着茎
最低限
月桂冠
直通便
研究心
女学生
時短法
賢夫人
機械語
甲骨文
教皇冠
高学歴
刑務所
売手形
尋常科
林産物
上告審
職安法
宅配便
文芸誌
経由便
官房長
渡航便
共済法
基本形
搭乗便
水準器
量子論
入管法
手拍子
活社会
四川飯
残存種
立体感
匍匐茎
北米勢
特例法
基準線
緊急権
蔵書票
保管庫
恩給法
最賃法
歓楽街
正教員
法秩序
管針法
商売気
立体画
冷蔵庫
戦後派
民俗誌
期待値
格納庫
発酵乳
貧民街
貯蔵庫
賃労働
沖積世
勤務割
始新世
完新世
洪積世
鮮新世
呼吸音
嘔吐剤
底気味
特飲街
装飾音
往復割
摩擦音
破裂音
中新世
総兵官
繊維素
葉緑素
乾酪素
信号所
理科室
食人種
略本暦
君主国
寛永銭
未加入
選挙屋
紙粘土
院外団
暗黒色
美少女
交通量
大団円
標準語
漫画誌
着色剤
作成元
出身国
名詞句
日記帳
無神論
自由科
販売元
通行量
取引額
同性愛
権利金
起爆薬
道立高
同族団
敵対心
不健全
場所柄
普通税
性悪説
不鮮明
運動量
不明瞭
交雑牛
去勢牛
競争心
精一杯
被曝牛
不明朗
医化学
機械論
対策案
生活難
没趣味
資本力
海軍卿
恒等式
敦煌学
現代劇
相当数
線対称
警戒心
広東語
明後年
公有地
土用波
多結晶
活性炭
在来線
王室費
生放送
貢献心
信仰心
恐怖心
経済面
自制心
追求心
食料品
嫉妬心
実行犯
干拓地
挑戦心
探究心
闘争心
分団長
参考値
年平均
恋物語
海坊主
債権国
参照元
物品税
絶対権
原告団
請求元
首長国
手続法
水晶婚
転出元
委託元
家庭薬
暖気団
警防団
転籍元
陪審団
歳徳神
殺人鬼
道具方
陸士長
海綿鉄
碁会所
総選挙
自助論
共有地
最年長
養親子
社務所
静脈血
原子論
諸会費
資本金
雑種犬
五輪旗
舞踊団
支部長
末梢血
出発地
涅槃図
運命論
動脈血
小天地
消費量
衛星国
警報機
炭酸鉄
硫酸鉄
環状線
留置場
出納手
射撃手
操縦手
果樹園
現国王
硝酸鉄
窒化鉄
酢酸鉄
制動手
取水量
指定職
狙撃手
道民税
基本料
縄文犬
操舵手
牽牛星
許容量
消防長
牧羊犬
多義語
秋場所
金一封
実利論
歯科医
突破口
診療録
出向元
孤独死
心理士
練習量
階層制
供給量
漁獲量
刷毛目
双発機
産出量
二院制
冒険記
同義語
発熱量
備蓄量
共産国
含有量
埋蔵量
摂取量
書札礼
栄誉礼
漏出量
輸送量
人気順
探検記
漂流記
肺気腫
介助員
対角線
軟文学
重電機
観光地
類義語
印欧語
反意語
反義語
対義語
擬声語
擬態語
擬音語
敬譲語
混種語
類音語
不道徳
包絡線
磁力線
吃水線
喫水線
子午線
抛物線
放物線
星雲線
瀑布線
等圧線
等深線
臨港線
芸備線
蛇皮線
陰極線
陽極線
予想値
比推力
水疱瘡
等高線
前室長
資源国
回想録
伝習録
速記録
臨床医
手形法
名店街
屯田兵
食事会
人面犬
保健医
宗教画
影法師
親日国
事務方
暴行犯
生体論
窃盗犯
継続犯
当番医
都立高
放火犯
潜在犯
片意地
確信犯
不審死
回転計
自爆犯
誕生石
誘拐犯
予告犯
問題集
従属犯
放尿犯
教唆犯
模倣犯
絶好調
仮名文
普通科
秘書長
実験校
主治医
外為法
昆布巻
病理医
公務所
呪術医
多元論
発火石
金瘡医
人気株
宿泊地
構文論
福祉所
中規模
音韻論
特産品
素人目
関西馬
上限額
洋数字
空気圧
話題作
勅旨所
変電所
理容所
種痘所
託児所
公事所
公議所
冷暗所
国権論
宗務所
自主国
講武所
鉄道賃
宿命論
航海記
行在所
酸性雨
求心力
知恵袋
出荷量
生返事
原子砲
統語論
生気論
整数論
助産師
半人足
唯名論
唯心論
唯物論
唯識論
実念論
弁証論
征韓論
慎機論
成実論
攘夷論
有神論
概念論
汎神論
海防論
演劇論
独我論
衣料品
非戦論
即興曲
順位制
悉皆屋
風俗画
仮養子
美容所
食糧品
師団長
過去作
不都合
家電品
広報誌
発祥地
表題作
移動量
副部長
意欲作
水平角
新羅楽
生活苦
空手着
定期代
戦犯国
居留地
次回作
現時点
正反対
注射剤
短篇集
先進国
突然死
標題作
野心作
刑事犯
地震動
物質量
多毛作
会心作
対数尺
前奏曲
学位令
交響曲
試運転
協奏曲
法治国
狂詩曲
円舞曲
夜想曲
奏鳴曲
狂想曲
聖譚曲
諧謔曲
間奏曲
冒険王
試験地
仕事給
幻灯機
当事国
電子波
留守番
淋巴質
準名人
慶大生
目玉焼
特殊戦
役職印
産油国
運用術
代行屋
饂飩粉
債務国
宗主国
柱状図
桜桃忌
律令国
必需品
最恵国
枢軸国
私有地
絹層雲
絹積雲
野草園
付庸国
令制国
冊封国
友邦国
君侯国
土侯国
支分国
附庸国
誕生地
歌祭文
気分屋
受験地
宴会費
保険額
葡萄糖
配水管
集散地
技師長
被災地
入金額
到着地
経由地
保養地
分譲地
回避地
激戦地
直轄地
赴任地
停泊地
傾斜地
光沢紙
在勤地
帰着地
生誕地
租借地
転籍地
避暑地
駐屯地
俳句界
古本屋
売文句
正方形
高画質
司祭品
相当算
首長令
総本店
太陽炉
検事長
模型誌
入社月
内訳書
前職分
古代紫
基準月
捕鯨砲
暦日割
要塞砲
過去問
酸性紙
長命草
客室料
教養人
施条砲
曲射砲
滑腔砲
野戦砲
高射砲
単安定
鳥小屋
榴弾砲
熱汚染
美術品
文民制
下級紙
明太子
犯罪歴
石灰層
阪神間
中納言
漢方薬
現理事
芸術品
試験管
冷水器
写真屋
変動費
催涙雨
支社長
理学部
月刊誌
警視長
軍需品
寒気団
後発品
侍医長
君主制
重戦車
同分母
境内社
永久債
発射管
赤砂糖
輪舞曲
雪達磨
騎士道
旅団長
種種相
原子力
兵曹長
参謀長
巡査長
消化管
秘密会
給水管
連隊長
主教品
俘囚長
儀典長
垂線長
大隊長
小隊長
掌典長
擬餌針
水線長
海幕長
海曹長
漁労長
空士長
空曹長
陸曹長
鼻下長
実収入
謝礼金
個人票
完形品
専売品
民芸品
点灯管
秋彼岸
販促品
骨董品
伸銅品
宝飾品
寝装品
射精管
導波管
戦利品
整流管
既製品
易損品
火工品
紙工品
送気管
香粧品
面目玉
心拍数
板塔婆
直線形
間接税
外分泌
日数計
認定校
悪影響
評価益
防災士
児童期
教区長
表領域
予算額
年功制
微塵粉
江戸紫
甲斐犬
地価税
完全数
控訴審
公共心
収益力
実話誌
明細表
資産割
総回数
封建制
大広間
甜菜糖
糖原質
糖脂質
週刊誌
金玉糖
麦芽糖
悪循環
海士長
冷凍庫
専門士
股関節
原尾類
有尾類
真猿類
菊石類
不正規
空軍力
食細胞
最多数
椰子糖
軽快車
影印本
県民税
雅楽器
季刊誌
角化症
過労死
大学芋
風信子
首長制
同音語
収益税
国産米
戦時下
手毬花
手鞠花
地下茎
潜出血
徳政令
右心房
父系制
現人神
鞍馬車
水準点
意志力
楽天観
潜水艇
雛人形
収益金
呼出状
半幅帯
側面図
芸術力
世捨人
公定力
小宇宙
自由権
上質紙
気象台
避雷針
長大息
留置所
日刊紙
地理書
身分権
木炭紙
燃料費
印画紙
標題紙
食連星
真実味
硫酸紙
耐水紙
熱電子
硝子瓶
遺産税
中質紙
仙花紙
公民制
外字紙
感熱紙
樹皮紙
泉貨紙
画仙紙
画箋紙
総得点
羊皮紙
薬包紙
蚕卵紙
雁皮紙
頼信紙
馬糞紙
業態力
山型鋼
基礎力
大目付
料理屋
運送賃
銘柄米
初舞台
水平線
区長会
水墨画
新古品
現行犯
胴体力
解像力
閉曲線
用益権
下半身
免疫力
準社員
語彙力
風圧力
公信力
前女王
受援力
愛嬌力
抗病力
担税力
既判力
武闘力
潮汐力
瞬発力
起電力
余剰金
貧困線
作中作
全日制
色指数
講座制
強風域
志望校
民間薬
苦労人
制球力
男子校
垂直線
弾正台
断頭台
絞首台
轆轤台
逆進税
網膜症
特認校
血液型
補習校
母斑症
純損失
腰痛症
関節症
不衛生
不規則
固定子
平和賞
従業婦
高血糖
後遺症
異食症
血栓症
調度品
印紙税
古朝鮮
従量税
懸賞金
貸金庫
失語症
技術職
荷物車
匙加減
原爆症
異臭症
証取法
奨学金
虚言症
配賦税
不妊症
不眠症
人頭税
多動症
多毛症
尿毒症
従価税
抑鬱症
準優勝
炭疽症
狭心症
自由業
自閉症
鉱区税
鉱産税
不感症
不育症
乳腺症
低酸症
健忘症
冷感症
包虫症
半盲症
単眼症
吃音症
咬耗症
喘鳴症
回虫症
多尿症
多指症
多汗症
多血症
夜尿症
夜盲症
夜驚症
失立症
尿崩症
常同症
強皮症
心気症
抜毛症
授産金
掻痒症
敗血症
既往症
早老症
水疱症
水腎症
水頭症
氷食症
無脳症
痴呆症
白板症
白皮症
真菌症
短頭症
紅板症
紅皮症
肥胖症
胆石症
腰椎症
膵石症
膿毒症
自虐症
舌痛症
色情症
菌血症
蓄膿症
虫刺症
裂足症
識別子
貧乏人
酸毒症
銀皮症
長頭症
離人症
難読症
鞭虫症
頸椎症
飛蚊症
魚臭症
鼠咬症
小馬鹿
並木道
書簡集
共済金
薄葬令
仁多米
剰余金
廃刀令
示談金
内帑金
報労金
天然色
寝台料
恩賜金
移換金
義捐金
義援金
課徴金
過怠金
遺伝子
学資金
任期制
認知子
内出血
拡張子
振動子
沿岸魚
総動員
交換子
励起子
回転翼
接合子
教会法
整流子
殺人罪
準結晶
演算子
等化子
堆積岩
変成岩
小休止
捕獲岩
沈積岩
淡水魚
混成岩
蒸発岩
年俸制
惣領制
寒帯魚
準占有
準強姦
準抗告
獺祭魚
望遠魚
検定審
脳出血
高収入
低品質
塩乾魚
寒水魚
摩竭魚
汽水魚
甲冑魚
軟化子
遠海魚
酸菜魚
鹹水魚
全体像
多聞天
多面角
初冠雪
積立型
六方焼
広告屋
蛋白質
解体屋
宣伝屋
原画集
具足屋
化粧箱
掃除屋
散髪屋
細胞死
諸経費
運送屋
官僚制
瓦斯糸
長寿命
評定衆
扁平足
偏平足
内裏式
有声音
心臓死
日配品
盲導犬
大和心
中性紙
合気道
後日談
蜜柑水
支部会
王族制
直接視
形容句
支払金
水時計
下手人
人面魚
挿入句
最低値
異状死
経営職
夕月夜
細尿管
便利屋
朝食料
機内誌
教養部
肉芽腫
高血圧
全寮制
外交員
尊厳死
光子力
前身頃
高麗葬
多党制
当番制
戦傷死
総同盟
総攻撃
正教会
満州語
黄金柑
奴隷制
責任感
重量感
総決算
郷土色
従量制
片眼鏡
終身制
主観色
払出金
最高善
直談判
家産制
物理量
荘園制
位階制
専売制
律令制
総指揮
会衆制
低姿勢
体節制
俸禄制
公娼制
参審制
双分制
国郡制
大証金
宇宙臭
寡頭制
州県制
条坊制
条里制
母権制
母系制
氏族制
父権制
片務制
猟官制
王民制
私民制
職階制
複都制
読会制
輪番制
農奴制
里甲制
陪審制
骨品制
総練習
静力学
総辞職
漢文典
色素体
背景色
腸閉塞
腸捻転
腸穿孔
遠隔地
頭蓋骨
不安視
不時着
北斉書
標識色
西魏書
蔵奉行
排気口
汎用機
経歴書
乳白色
兵科色
昼光色
暗紫色
根来衆
海軟風
灰白色
社内便
迷彩色
鉛灰色
銀灰色
借入金
公教育
問屋街
小児科
金相場
琉球語
交響楽
休耕田
実事師
関西勢
盲腸炎
信号機
明清楽
漂海民
火田民
距離感
実異動
総本家
色鉛筆
邯鄲師
宗教観
住宅難
和漢薬
肝機能
色収差
出稽古
学術書
爽快感
乱反射
検査役
繁華街
記念塔
朝寝坊
武道場
変形菌
神楽歌
軽金属
水晶体
整備兵
植木職
課田法
低価法
光沢機
化膿菌
学士会
抗酸菌
発酵菌
腐敗菌
中間子
時給制
神経質
親族会
最重視
小動物
応接間
負傷兵
親類書
平衡木
管理職
不本意
立方体
外野席
最右翼
武勇伝
湯起請
不導体
同年代
立志伝
長脇差
小作料
帰休兵
帰還兵
菩薩道
駐屯兵
地主制
復興債
柱時計
発明権
閉集合
骨董集
公募債
名言集
文例集
規程集
詞花集
詞華集
不義理
凱旋債
空鉄砲
体育会
南半球
截断言
水素水
筋肉質
環境財
広告塔
個人技
管制塔
冷却塔
対頂角
最大数
磁気力
通常期
供養塔
腸結核
蒸留塔
送電塔
伝統薬
総務部
女丈夫
白玉粉
蚤取粉
来週末
異動歴
涅槃像
法務部
財務部
不成績
原産地
収入額
菩薩像
相談役
貝殻骨
回盲部
室内灯
書陵部
混合気
軍令部
靱皮部
頭胸部
原子炉
小市民
逆相続
容易軸
残日数
議事所
既往歴
賞罰歴
赤紫蘇
不体裁
不評判
普通紙
最敬礼
状態犯
忘年会
逆宣伝
逆探知
逆浸透
逆転写
闇金融
不品行
不均衡
不条理
不行儀
不見識
不首尾
中央値
勝負事
不世出
不可逆
不如意
不徳義
不所存
不等号
不等式
不行跡
石灰洞
天皇陵
初期型
短距離
箱馬車
心筋炎
浅葱色
眉唾物
不戦敗
火焔式
合議審
南米勢
賞与式
進行係
有理式
父兄会
監督職
示性式
聖餐式
量子数
乗車券
九谷焼
打席数
大方殿
番外地
短期戦
部落民
一転機
記入欄
主戦場
大目玉
電気量
修身書
動物質
機関銃
泌尿器
薔薇族
貴公子
鉛直線
内国債
心意気
扇風機
過敏症
円相場
江戸唄
集塵機
書院造
電信機
共済会
水道業
組織液
薄力粉
後発薬
電動機
台所犬
同窓会
学友会
放浪記
上水道
演芸会
結合角
観桜会
中力粉
予備機
春場所
水圧機
辻馬車
長椅子
青波布
化工機
監察役
全判機
内燃機
券売機
剪断機
副局長
単葉機
合糸機
抄紙機
拡声機
最高潮
畜力機
砕木機
粗砕機
精紡機
縮絨機
美術書
聴音機
艦載機
蓄音機
複葉機
調速機
起重機
転轍機
通風機
鋳植機
除塵機
食洗機
小協商
自販機
水防団
参加賞
理由書
土佐節
明朝体
鼻眼鏡
天皇旗
抗菌薬
有毒魚
過多症
顛末書
業務員
潔癖症
顧客先
予想屋
大和煮
催眠薬
公証書
区議会
特効薬
利尿薬
制酸薬
家伝薬
徐放薬
抗鬱薬
点鼻薬
皇漢薬
硝酸薬
代用乳
外務員
辞令書
内野席
意向書
公務員
工具書
両天秤
大外刈
流星塵
県議選
在家役
無能力
血統書
損害額
溶鉱炉
熔鉱炉
重水炉
結合価
虫眼鏡
六道銭
厩務員
技芸員
救難員
日額表
用務員
諜報員
陪審員
光伝導
太極拳
研究職
価値財
光重合
倍率器
光量子
和菓子
届出制
履歴書
福音書
梗概書
稟議書
餓鬼道
可変長
政体書
深夜族
雀卵斑
世話役
尼将軍
看守長
受容野
臨時客
複文節
審判員
片一方
知行役
稀土類
口内炎
小倉餡
豆鉄砲
安定剤
念仏講
金本位
性格面
定員数
先着順
基準額
多趣味
異動案
事故調
技術校
青梅綿
市長選
乗組員
実数型
販売職
電気版
企画職
琺瑯質
綿帽子
八股文
年較差
利権屋
文教族
蝋細工
限度額
変動給
丸眼鏡
可溶片
翼状片
花被片
極彩色
置土産
男友達
航空便
幼稚園
餅菓子
喜歌劇
糸蒟蒻
国産車
銀時計
分教場
順序数
保険証
独鈷水
家系図
定比例
彫刻刀
修正液
貴重品
旅費額
前町長
国保料
経理職
刃物鋼
編集子
寝道具
無精卵
現像液
介護職
年俸額
起請田
掛布団
消化液
保護司
車内泊
小江戸
後見役
月収額
殺人犯
監査役
仲介役
吟味役
宇宙船
南洋材
指南役
模擬刀
模造刀
消毒液
鑑査役
保湿液
培養液
感光液
感動詞
洗浄液
浸出液
滲出液
緩衝液
電解液
鉄砲玉
河童巻
申入書
質量数
水俣病
酸素酸
金剛杵
結合則
仲間達
糸繰車
高速道
不具合
賃仕事
先高観
下限額
休暇数
心肥大
月給額
下属音
厚生費
有休数
有給数
老年期
素因数
従属節
降臨節
号俸数
定足数
年休数
有理数
被乗数
被除数
配位数
名詞節
裏書人
利息額
花伝書
長距離
打撲傷
油粘土
負債額
食道炎
弘済会
快適感
理論値
月平均
装飾経
疑問符
自邏隊
赤胴車
公共債
健康体
優勝旗
今様色
空幕長
経国集
小企業
組合員
花粉管
厚労相
閣僚懇
基礎額
報酬額
結核菌
一粒種
幹細胞
債務額
入道雲
即戦力
給料額
俸給額
原資額
大内刈
有機材
現在安
賞与額
未済額
残債額
空気弁
複利額
亜熱帯
年調額
王位戦
意味深
振込元
戦闘旗
眼内炎
裁判長
出征旗
重金属
亜高木
肺出血
逆手形
断熱材
和歌集
小前提
西半球
金屏風
松葉色
正月屋
支保工
漆工芸
衛生士
買戻権
仮出所
内分泌
学習塾
自意識
楽天地
白河石
直輸出
流星群
禁漁期
内容物
弁当代
孤独感
臆病風
大阪弁
直方体
銀行券
電力量
青道心
基本給
定期便
阪神戦
北洋材
特殊紙
申込権
辞書形
電線路
弾性波
東北弁
手道具
単位円
守護神
消防士
警報器
東半球
植生図
苔清水
金約款
平面図
稚児姿
大番組
届出先
縦様式
地勢図
産婦人
呼吸商
左心室
左心房
横架材
巨人族
総重量
自堕落
貿易商
悲壮感
悲愴感
主題図
平土間
羅針図
暫定値
最北端
白頭花
後頭骨
仙斎茶
星座図
自治州
短日月
糸切歯
綾織物
酒石酸
土壌図
意匠図
模式図
筋電図
心電図
来迎図
概念図
瓢鮎図
税法上
立面図
劇中歌
葉茶屋
貸本屋
際物屋
小糠雨
若隠居
資本財
持株数
代理商
権現造
口語文
乱高下
古戦場
裏事情
説経節
頭痛薬
風土記
未収金
聖母子
北半球
卑金属
卸売業
掛蒲団
菓子皿
下級裁
排気弁
複屈折
寝殿造
疑問文
秩父帯
辻強盗
渡線車
靴下屋
陸半球
室内犬
仙台路
就職難
咽頭炎
法華堂
電圧源
定数歌
電車賃
可能額
疑問形
上半身
倫理観
小野路
荒物屋
劇団員
口入屋
寺子屋
旅篭屋
波状路
花札屋
花板屋
透明感
鋳掛屋
奥座敷
象徴詩
中型犬
裁判員
金平価
豪速球
金雲母
悪趣味
町村会
電磁波
微惑星
横様式
前所長
思春期
香炉木
危機感
白血球
飛行艇
定率税
片割月
無言歌
資料費
水利権
経供養
入社式
蒟蒻玉
愛国歌
電子管
反駁木
安全弁
栄養士
背筋力
寝小便
星状体
翌日物
茶屋辻
不在票
脇街道
硝酸銅
無化調
家具屋
所要額
円関数
太夫元
大政所
百物語
翼手類
自力門
労組費
農水相
直江状
実効値
道化師
前照灯
指定席
修道士
諸雑費
丁字路
現知事
生半尺
錐体路
過電圧
不十分
有効長
未納額
過硫酸
先安観
要検討
形式犯
未定稿
企業型
低画質
聖戦士
丸坊主
利息算
微小管
技能士
保健士
貸付額
上機嫌
税理士
黄帝酒
誤控除
価値観
最後尾
福祉士
罪悪感
気功士
身柱元
労務士
社労士
前画面
弁理士
得業士
技工士
救命士
救急士
活弁士
海技士
発破士
計理士
闘牛士
電卓士
魔道士
温罨法
絹織物
聴覚士
黄緑色
雑誌屋
大和絵
電磁石
療法士
代書屋
得意顔
高高指
貸金業
大人並
大矢数
好奇心
反物質
身分制
機帆船
内耳炎
切手屋
過去帳
大福帳
骨盤位
正比例
白文帳
商用文
棋王位
最後部
脳内圧
錫婚式
太陽熱
所司代
石灰華
純資産
税額表
競馬場
円借款
税込額
背格好
円偏光
航空賃
銀舎利
外呼吸
寝待月
弓張月
格文法
立待月
裏街道
当座帳
朱印帳
副室長
正税帳
編集職
異動元
立替額
裁判所
要注意
鶏頭花
敷地権
水路学
肝不全
製品化
要提出
住民税
保険料
要確認
人別帳
相当税
要印刷
工程表
三鮮飯
八宝飯
多端子
要支援
上調子
中耳炎
奥御殿
村長選
現参事
山枇杷
校倉造
蛸壺化
要申告
泥沼化
爆弾槽
現専務
要申請
要介護
周期表
紙提出
文房具
性善説
準決勝
下級財
狩猟鳥
実戦型
愛玩鳥
医療代
酸素水
掛取引
救命具
装身具
小規模
無機質
紙申告
私書函
芥子漬
人相書
仕様書
基準表
市街地
旅程表
旭日章
胃腸薬
国旗歌
大見得
宣命書
借入先
時定数
運賃表
卵巣炎
酸性水
太史公
密輸入
未入金
機能美
雲竜水
電磁場
不信感
口角炎
小惑星
小臼歯
女房役
網膜炎
過入金
仮需給
低体重
洋服代
関節炎
感無量
平野水
皮膚炎
虫垂炎
間接水
低血糖
掃海艇
潜航艇
路線価
使命感
立候補
天然水
本人印
胆嚢炎
腸狭窄
余剰分
動脈炎
口唇炎
直腸炎
胆管炎
脊髄炎
腎臓炎
腱鞘炎
膵臓炎
乳腺炎
培養土
外耳炎
屈腱炎
強膜炎
心膜炎
扁桃炎
歯周炎
歯髄炎
毛包炎
毛嚢炎
爪囲炎
結膜炎
肋膜炎
胸膜炎
脊椎炎
脳膜炎
腎盂炎
腹膜炎
膀胱炎
角膜炎
蹄葉炎
骨膜炎
髄膜炎
鼓膜炎
仮債券
中生代
禾本科
仮遷宮
口語体
仮年調
危険源
粗収入
閻魔帳
革命歌
反射角
有利子
印紙代
総資産
線香代
肛門期
有意義
師範代
自治体
健診代
更年期
供花代
内膜症
町民税
反戦歌
外輪船
弔合戦
清浄機
番号表
立方骨
女学院
女手形
戴帽式
死生観
違和感
氷河期
滋養分
枝番号
軍事費
過年分
主題歌
口唇期
周産期
季節感
木版画
格闘技
花鳥画
過渡期
道祖神
適齢期
静電気
壮年期
変声期
揺籃期
産褥期
男根期
破瓜期
禁猟期
経閉期
農繁期
農閑期
重圧感
院政期
黎明期
景況感
読後感
徒労感
既視感
残尿感
温冷感
無形財
細胞質
脱力感
静物画
制御棒
鉛筆画
障壁画
標題歌
全粒粉
水彩画
南宗画
宋元画
最年少
活人画
用器画
資格証
連環画
鎮魂歌
障屏画
叙情歌
抒情歌
旋頭歌
法楽歌
祝勝歌
祝婚歌
長恨歌
亀甲船
動物体
浜街道
老年層
威信財
有形財
耐久財
自由帳
車検証
弁当屋
優秀賞
宇宙塵
指南番
郵便物
高地戦
哺乳瓶
普通文
蝋人形
原形質
鈴蘭灯
限定詞
深層水
上級生
土産代
洋風画
石灰液
衛星波
中華飯
巻繊汁
神経鞘
禅定門
軽火器
邪宗門
膠原質
七曜暦
所有格
胆汁質
新人賞
武家役
粘液質
低血圧
甲斐路
多血質
悪液質
灰白質
煙霧質
象牙質
躁鬱質
軟骨質
非晶質
支払地
鉄板焼
前国王
取扱店
沿岸水
交番表
農機具
功労賞
咽喉科
中韓戦
真珠層
空景気
勤怠表
反切表
正誤表
潮汐表
罫線表
角封筒
速算表
金種表
炭酸水
波動水
郵便箱
昇汞水
未払額
竜吐水
地先権
小作人
山津波
秋入学
総領事
文人画
接尾辞
居待月
基準面
時系列
運輸族
修法師
悪天候
処方箋
雲竜型
信号器
国幣社
官幣社
股火鉢
居留守
筋肉量
顎関節
指示詞
狂歌師
加齢臭
魔術師
接続詞
熟柿臭
胡麻油
金欠臭
団地族
仁王門
年代層
世間体
高村派
届出帳
床面積
成果型
標準型
短音階
藺草科
療養泉
自噴泉
養命泉
形容詞
浄水錠
感嘆詞
接触角
経験則
貧困層
失速角
安息角
屈折角
最優秀
浸透圧
尿失禁
胡桃科
白昼夢
硬着陸
小荷物
外登証
水溶液
二塁手
手細工
決勝点
環状族
石灰石
富裕層
衝撃波
継電器
伝馬船
半両銭
名乗字
淋巴管
舞台面
奈良漬
性教育
古生代
女友達
農耕馬
寄生虫
抗火石
株主権
汗血馬
無機酸
連環馬
重種馬
順序型
先進波
高速代
社長印
山岳波
兎小屋
巻煙草
室内楽
平面波
斜陽族
追体験
切絵図
前頭骨
燕尾服
既支給
王公族
社用族
自由財
郵政族
食人族
肥沃土
原型師
既契約
鉄火場
重力波
花火図
個体群
和集合
心霊術
矩形波
電気石
低農薬
序数詞
正弦波
日影図
取引士
気候型
渦状波
球面波
取引先
差押額
洋食屋
子宮口
有機酸
季節型
実務型
抗老化
整数型
湖沼型
経歴文
近郊型
楕円型
直列型
石膏型
舞楽面
断層面
近親婚
招婿婚
親切気
貧乏神
成層面
醍醐味
伎楽面
偏光面
円環面
楕円面
不安感
消防船
現課長
付加刑
鍼灸師
幻想郷
真正面
処断刑
宣告刑
禁固刑
漢文体
外資族
大型株
天花粉
熱血漢
紀行文
壁新聞
外食券
土下座
急上昇
書簡文
視力表
知人宅
若殿原
前理事
妃殿下
引越額
貨客船
唐綿科
孫弟子
小海老
触覚器
内地材
受話器
泥絵具
悪因縁
仙人帽
仮見積
純水器
世間師
借地料
炊飯器
生保料
美顔器
軟水器
銃火器
集光器
分度器
変圧器
復水器
投光器
拡声器
持針器
救命器
検電器
消音器
測深器
測角器
燻製器
登高器
蓄音器
角質器
警音器
避雷器
集音器
電熱器
骨角器
紅白帽
聴覚器
自己新
黒砂糖
初元結
氷菓子
曲線美
白色光
買注文
逆効果
賭博師
低燃費
低脂肪
神経管
名簿屋
塩素酸
敵陣営
赤新聞
免罪符
写真賞
短剣符
保存則
誤動作
機構債
胆汁酸
灯台船
相似則
両替票
脂肪酸
骨髄腫
吉草酸
臭素酸
稽古着
取調官
降水量
普段着
収納箱
収受箱
木珊瑚
配電箱
全面安
行楽地
船内泊
軟骨漢
脇往還
右翼手
不充分
公立校
得意先
出力順
割引高
武蔵家
緻密斑
単文節
一毛作
悪左府
駱駝色
入小作
生演奏
硬化油
紫宸殿
絶縁油
始発便
大仏餅
感想文
切削油
揮発油
通気口
企業体
玉虫色
大黒柱
美人計
長音階
国籍法
長音符
地蔵尊
定食屋
動力車
肉襦袢
補助席
土気色
山鳩色
所有株
木賊色
深緑色
煤竹色
鳩羽色
泥棒猫
標準形
清浄器
脇本陣
西洋画
水銀柱
好色本
沿海域
熱気球
猩紅熱
間欠熱
沿岸域
葬儀屋
原爆忌
民事法
視神経
乗船券
眼球筋
結界師
空気銃
肋間筋
関西弁
仏頂尊
僧帽筋
広背筋
腓腸筋
腓腹筋
足蹠筋
取水口
大局観
止水域
波源域
浅海域
震源域
塩水選
準平原
片手桶
警部補
急行券
腎障害
無常観
社公民
手拭地
重粒子
小品文
基督教
州浜台
重火器
資金源
噴火口
換気口
木戸銭
誤操作
薄葉紙
健康美
受領印
冬将軍
平均幅
硝子綿
急降下
整理券
飴細工
辞令文
雑貨屋
畜生道
行程表
消石灰
粉微塵
快男児
正念場
満年齢
準惑星
準長石
遊女屋
周遊券
渡船場
兌換券
入漁券
卵塔場
地震計
往復券
搭乗券
楊弓場
濃紺色
土建屋
地獄道
空白域
役割給
正月物
琥珀色
杏子色
洋菓子
連体形
骨董屋
定斎屋
幽霊船
法界屋
石炭船
経師屋
銘酒屋
防具屋
司書補
奴隷船
表具師
意向形
消息文
上級位
常昼勤
待合所
払戻月
払込月
歴日数
申出書
能楽師
転職組
蒸気船
友人宅
双胴船
叙事文
正誤文
海賊船
砂栽培
廃油船
捕鯨船
朱印船
特攻船
監獄船
財宝船
食卓料
内航船
奉書船
恒星船
救難船
民用船
油送船
特務船
特種船
砕氷船
私掠船
設標船
遊漁船
鉄甲船
修験道
入木道
外耳道
明法道
易行道
没義道
煎茶道
紀伝道
早場米
汚染土
好色家
府立校
石灰岩
未然形
絶対知
船中泊
倒卵形
健啖家
単数形
多辺形
已然形
扇形庫
楕円形
樺太犬
穹窿形
紡錘形
縮約形
螺旋形
先入観
浪曲師
厭世観
擬人観
通道観
不時泊
恋女房
海将補
空将補
陸将補
個体値
機中泊
灰吹法
相弟子
反粒子
活字版
菩提心
地面師
小屋組
歩合制
実手形
読者層
水先法
語学力
単調族
落下傘
風水師
総目次
急停車
琉球犬
黄表紙
直滑降
総目録
裏長屋
保健師
鈍感力
内交渉
埋没毛
快活力
知識層
擬革紙
総胆管
銀行印
副産物
総索引
能楽堂
不審火
表面波
農産物
薬剤師
青松虫
青矢柄
定常波
間氷期
中生層
茄子科
気功師
狂言師
講談師
霊媒師
熱応力
呪術師
威儀師
宮大工
漫才師
獅子舞
理容師
農用地
連歌師
伎楽師
俳諧師
公事師
向心力
呪禁師
奇術師
甲冑師
野暮天
金工師
反復説
詐話師
大師堂
模倣説
正選手
詐欺師
演歌師
脳貧血
骨伝導
最西端
流出説
透水層
予約席
帯水層
洪積層
満天下
角質層
脳塞栓
脳挫傷
脳梗塞
脳溢血
脳硬塞
自己流
上級車
角時計
振付家
口蓋音
美容師
胃腸炎
劇団型
尼入道
口蓋垂
巨大波
葬祭業
風俗犯
水平器
初期値
太陽暦
禁煙席
観覧席
最東端
会席膳
損保料
初診料
特急料
社保料
寮生活
警視流
霊長目
顧問料
市議選
座標軸
特許料
大人役
世間気
寒稽古
身分帳
車両費
健保料
健診料
沿岸流
準会員
香味料
香辛料
介保料
供花料
再診料
救急料
祭粢料
土石流
髪結床
土佐絵
水蒸気
天主堂
持仏堂
嗅神経
撥音便
溶岩流
火砕流
一党制
献立表
畜産場
劣等感
近距離
信号場
単結晶
人格権
小座敷
相合傘
貸付金
差出人
重労働
南京錠
好色漢
有難味
釈迦尊
地球儀
左翼手
高速船
国交相
機内泊
無頼漢
職業柄
未収分
掛時計
一塁手
可能形
単独犯
国産品
白玉楼
小納戸
小荷駄
見本帳
死刑囚
広範囲
前腕骨
風成土
出張願
手形払
心磁図
闇献金
秋春制
墳丘墓
亜低木
土坑墓
支石墓
民権論
朱子学
火事場
宝物殿
亜寒帯
亜硫酸
平行棒
食卓塩
亜潅木
亜喬木
亜砒酸
亜硝酸
危険域
大津絵
蛍光体
陸軟風
渦虫類
筆石類
退職願
鷲鷹類
変曲点
夏至点
弾着点
支給願
春分点
火消役
秋分点
酸性塩
投機師
辞職願
遠地点
処女膜
夏狂言
疫病神
如来蔵
離脱願
強盗罪
前受金
前渡金
細胞壁
組織球
造形美
国奉行
大御代
絵図面
如意輪
寒冷地
立替金
親戚宅
駒下駄
鬱状態
乱気流
目標値
胡麻塩
私書箱
萎縮腎
常居所
闇取引
古生層
上限値
天元術
公安職
硝子絵
細菌叢
手計算
絹製品
立会人
同位体
同族体
環境相
淋巴液
犬枇杷
空出張
凍土壁
漆喰壁
起爆剤
遮水壁
物性値
教会長
日当額
好色物
平面体
染物店
病原体
構造物
潤滑剤
耐力壁
常備菜
大正琴
海綿体
荷受人
指人形
内玄関
高瀬舟
根抵当
独壇場
配糖体
内骨格
教則本
弓道場
戯作本
静脈瘤
酸素量
不審船
伏魔殿
磁性体
葉緑体
配偶体
鏡像体
促音便
倍数体
前葉体
動脈瘤
同素体
固溶体
小胞体
松果体
楕円体
毛様体
直腸瘤
社交場
精液瘤
紀伝体
紡錘体
線条体
編年体
胞子体
良導体
葉状体
被写体
誘電体
非晶体
養鶏場
信書便
尿管瘤
球技場
共重合
熱帯夜
競艇場
競輪場
遊技場
養豚場
労役場
勧工場
庭球場
検車場
演舞場
演芸場
漕艇場
独擅場
球戯場
貯木場
闘牛場
集童場
験潮場
天然痘
菊人形
衣紋竿
車井戸
自動詞
雑損失
不浄観
行基図
水資源
密度流
追試験
闇相場
乾電池
忠誠心
箔打紙
真剣師
日米戦
赤血塩
仕掛人
専門職
白鹿毛
主調音
唇歯音
声門音
海潮音
逆関数
曽祖父
最小限
水源地
原子量
淋巴節
片道分
世話係
不可測
夕刊紙
見積額
雑預金
擲弾筒
蛋白石
請負業
安全牌
白日夢
文語文
家政婦
自主練
後生気
赤提灯
本籍地
出身地
過払金
未払金
甲州金
周波計
県立校
石高制
性決定
身分証
精細胞
美意識
下半期
雑収入
試金石
呉服屋
大根卸
火山岩
肺組織
親切心
橋頭堡
閑散期
繁忙期
模範囚
正円孔
魚鱗癬
徒刑囚
大黒天
噴気孔
打楽器
潜水夫
貧民窟
業務量
用心棒
子葉鞘
山葵漬
歯車車
逆断層
助動詞
水琴窟
私娼窟
唐天竺
平年値
水羊羹
現市長
未決囚
歯髄腔
能力表
臨界量
負触媒
基礎練
致死量
形式美
義務免
冷罨法
排出弁
降雨量
日射量
最小値
予科練
目安箱
素粒子
降雪量
中仕切
大名芸
賞罰量
人面瘡
国有地
人事職
料金所
財産犯
腎透析
銀河群
露出計
風成岩
吸入弁
減圧弁
燃料弁
膨張弁
運動着
地動儀
貫高制
回転篩
夜汽車
銀本位
手羽先
侍従職
羅刹天
電力債
電流計
不人情
真空管
消防監
胚盤胞
冷風扇
分銅鎖
角銀鉱
月例給
手配師
放射計
流血鬼
吸血鬼
体操着
名物男
民有地
赤血球
任期付
蔵書印
芥子酢
麻婆丼
角砂糖
最寄品
横隔膜
火焔玉
車中泊
里神楽
太陽光
癇癪玉
終列車
葱坊主
訪問着
金無垢
人工物
有毒菌
請負人
偏執狂
愛書狂
色情狂
電磁気
旗奉行
通勤着
家計簿
肺循環
卸相場
安息香
成功談
常住着
動物記
民生費
買人気
名題下
火薬庫
分光計
抗生剤
真分数
迷惑料
海賊版
肺浸潤
大腸菌
大浴場
天瓜粉
駐車枠
先進地
分析計
革命暦
天体暦
軍艦旗
可処分
大荷物
石榴口
人工骨
複名数
控除計
傾斜計
屈折計
昇降計
比色計
蒸発計
塩辛声
踊念仏
手加減
貸出金
日時計
本拠地
株仲間
薄茶器
壁下地
丁寧形
堪忍袋
木蓮花
根拠地
地共済
准摂政
兵籍簿
学齢簿
点鬼簿
社有地
遊水地
皇室費
休閑地
可耕地
回数券
地向斜
官有地
扇状地
泥炭地
用務地
禁猟地
空閑地
策源地
遊閑地
震源地
食糧費
半線形
太陰暦
授時暦
税抜額
不要物
旅芸人
見目形
旗行列
南京袋
野武士
単独審
語形論
危険物
臨時給
種子骨
対称面
上半期
長火鉢
最南端
不純物
強盗犯
銀屏風
名誉職
議事堂
古古米
諸手当
天球儀
将軍職
測深儀
測距儀
象限儀
験潮儀
取消権
安普請
寝台券
食用菌
市立校
軽犯罪
水圧管
賭博罪
道徳心
光電管
医療費
弁当箱
毛細管
伝声管
四旬節
学会誌
撮像管
改良種
腸粘膜
輸卵管
輸尿管
栄養費
格子戸
生石灰
肺結核
小劇場
最大限
性交渉
丸合羽
家具調
消息通
取引場
文語体
千鳥足
天眼通
性転換
潜水艦
蛋白尿
閻魔王
差分値
宝石商
性淘汰
人件費
副流煙
失敗談
磁気量
風来坊
正覚坊
近日点
抗癌剤
関節肢
人形劇
前知事
国務相
警視監
植木鉢
焼明礬
前頭取
約束事
芭蕉布
斜断層
機密費
血糖値
擬餌鉤
時計座
資材費
寒念仏
交渉術
衛生兵
近代詩
熱容量
視細胞
皇族費
珍無類
光熱費
四脚門
密入国
茶飯事
記憶術
野性味
蒙古斑
教会員
正義感
症候群
発想術
計数形
予備費
吻合術
矯正術
速記術
開腹術
宮廷費
密貿易
健診費
共益費
労務費
密輸出
役務費
未決監
福利費
内廷費
後半期
慶弔費
既定費
科研費
販管費
砂時計
助産所
白雲石
糞度胸
右肩痛
三椏紙
奥右筆
飲屋街
偏微分
星雲群
水道代
記念碑
格子縞
対話劇
岡場所
岩煙草
受付印
振込月
必要費
左肩痛
最大値
犬畜生
曽祖母
毛繻子
深呼吸
公害罪
寛政暦
儀鳳暦
貞享暦
半電池
河童忌
水中翼
露天商
官宣旨
美少年
膝拍子
航海術
甘味料
企業職
定期刑
硬口蓋
個条書
半導体
成長株
箇条書
執達吏
節度使
遣唐使
伝書使
冊封使
遣隋使
水掛論
古民家
嬰記号
出初式
前参事
芋蔓式
年功給
麻織物
前専務
教訓抄
明細票
縁起物
陽電気
役者絵
絶対値
負電気
口蓋骨
肝硬変
肝膿瘍
花時計
赤頭巾
恒温槽
学生寮
菓子盆
菖蒲湯
水道水
見込額
積立額
怪談物
芝居絵
多年草
地磁気
末代物
常套句
担当印
王代物
義勇兵
半濁点
堺奉行
宿根草
明晰夢
偏差値
半整数
複数個
半音階
自由形
内転筋
括約筋
個人印
古事記
指揮棒
光沢剤
宮内卿
振替先
畜産物
粗大塵
内乱罪
芳香剤
無名指
接合棒
年代記
受取人
心雑音
確認印
盆提灯
競売買
絶不調
両脚規
国産材
承認印
年中組
順養子
前払金
持株会
訂正印
基準値
出納印
直線美
組合費
受精嚢
軽騎兵
神経節
光電子
手形帳
無機物
未遂罪
賄賂罪
騒乱罪
外患罪
大逆罪
高気圧
膳奉行
詐欺罪
現村長
雄勝石
極限値
限度値
店屋物
臨時工
自由詩
古美術
塩昆布
理想郷
成果給
病原菌
無期刑
三塁手
未開地
栄養剤
嗅細胞
筋組織
乳酸菌
成果物
娑婆気
保健婦
硝子窓
止汗剤
異性愛
規定例
難問題
収入役
有機物
炭疽菌
納豆菌
耐性菌
嚢子菌
放線菌
根粒菌
溶連菌
硝酸菌
緑膿菌
赤痢菌
酢酸菌
酵母菌
麦角菌
採用枠
入替戦
推薦枠
稼業婦
醜業婦
傷病兵
対物剤
検事正
引受人
引受権
引当金
振込額
儀仗兵
取引所
小牡鹿
感染例
特異点
被参照
輜重兵
刑法犯
小作農
褐鉄鉱
主軸端
白胡椒
目分量
初任給
脱脂綿
被昇天
精力剤
強心剤
蛸配当
定期券
鹿沼土
胚移植
清涼剤
毛織物
警視正
仕付糸
式部卿
申込証
経口剤
防臭剤
殺虫剤
水銀剤
消防職
窮措大
鎮痛剤
防火剤
保冷剤
催涙剤
催眠剤
幻覚剤
強壮剤
忠霊塔
整腸剤
日割式
無縫塔
白雲母
肉用牛
軟膏剤
金字塔
健胃剤
催淫剤
入眠剤
利尿剤
制吐剤
制汗剤
制癌剤
制酸剤
割当先
助燃剤
可塑剤
増感剤
増血剤
媒染剤
展着剤
強精剤
抗鬱剤
殺鼠剤
消泡剤
点鼻剤
焼夷剤
砒素剤
育毛剤
蒼鉛剤
賦形剤
酒精剤
酵素剤
鎮咳剤
鎮痙剤
防湿剤
防腐剤
防虫剤
防食剤
降圧剤
難燃剤
顆粒剤
養毛剤
下足札
邪魔物
除細動
能率給
実績給
急斜面
取得月
基礎給
役職給
内務相
有益費
実績値
無形物
業績給
汎関数
記入例
職務給
職能給
胃拡張
記載例
出糸腺
属人給
職階給
胃洗浄
胃痙攣
院宮給
鳩時計
中堅手
外務相
多能工
表六玉
耐火物
既定値
極大値
極小値
水和物
種族値
総務相
有形物
単色光
青果物
可燃物
塩干物
天産物
夾雑物
有体物
無体物
無水物
臭化物
行番号
阿堵物
陸産物
法務相
財務相
軽電機
可視光
外務卿
諸侯相
陽電子
亜鉛華
軽気球
軽演劇
岩塩坑
白雲岩
仲買人
角距離
昇圧剤
上土権
借受人
備考欄
先買権
払出人
斧足類
清国奴
膜翅類
工部卿
枢機卿
民部卿
真理値
護国卿
取戻権
受取額
治部卿
阿波弁
大博打
軟着陸
土饅頭
膿疱疹
風成層
差引額
屋台骨
救急箱
旅篭銭
歯槽骨
賽銭箱
頭頂骨
前膊骨
大腿骨
手根骨
有鈎骨
烏口骨
肩甲骨
肩胛骨
舟状骨
蝶形骨
陰茎骨
帯番組
蛸入道
額賀派
商取引
雲谷派
冗談口
生活環
躑躅科
国外犯
学会員
長崎絵
下駄箱
譲受人
棒暗記
輪形陣
掘立柱
秋唐松
生意気
抗毒素
重量級
調整池
黒装束
楽屋裏
得意技
等距離
分水嶺
疑問詞
財産刑
山高帽
連続犯
栗饅頭
三冠王
抗血清
日単位
磁鉄鉱
小作地
帳面面
前課長
医療職
黒胡椒
社外秘
引換証
多数決
手料理
導関数
衣裳方
草双紙
電信柱
腕時計
原油安
給水池
閉曲面
取調室
蓄電池
遠距離
浄水池
充電池
沈殿池
貯水池
手紙文
薩摩揚
当座漬
血管腫
東宮職
細胞液
土佐煮
肌襦袢
成功裏
仮株券
待合室
白鳥座
技能職
同類項
折菓子
尻子玉
単本位
油絵具
家畜商
生得説
赤花科
羽蒲団
総務職
脳神経
判取帳
廃用牛
興農牛
家庭着
船大工
手修正
抵当貸
法務職
三冠馬
呂旋法
律旋法
辞書順
上場株
海事職
税務職
朝鮮飴
不敬罪
応相談
注目株
固定株
土倉役
緑柱玉
翠緑玉
不凍液
噴井戸
金砂子
除光液
出世頭
天然石
左脹脛
慣手段
公審判
向学心
射倖心
射幸心
栗名月
老婆心
自尊心
道立校
頸動脈
顔写真
功名心
廉恥心
愛郷心
敵愾心
求知心
肺性心
里芋科
昼顔科
油菜科
熊葛科
磯松科
薯蕷科
裏星科
裏白科
不断草
法律審
現会長
押領使
保有株
瀝青炭
無煙炭
特異値
外無双
日割額
即時犯
過失犯
月割額
混合株
公企業
失権株
社保完
興信録
身体刑
車前科
重機械
換価株
法定刑
浮動株
貯蔵株
暗暗裏
見積書
心得顔
歴史劇
上成績
身奇麗
略礼服
遊撃手
数個月
菜種科
須恵器
上首尾
私家集
敬称略
昆虫記
遡及効
名付親
盛衰記
切手展
創世記
放送劇
絆創膏
技能工
白粉下
尊属殺
故意犯
暗剣殺
親近感
備忘録
杣小屋
言行録
高嶺颪
黙示録
払込額
鉄筋工
内裏雛
季節工
曹長石
総互先
食糧難
宴会芸
思想犯
割引人
晩飯代
軽量級
屠蘇散
計歩器
潮干狩
常習犯
知能犯
迷信犯
比翼塚
貨幣石
重過失
菊花石
酒屋役
小内刈
原風景
孔雀石
方解石
明礬石
氷晶石
海泡石
燐灰石
珪線石
砂金石
緑柱石
緑泥石
藍晶石
角閃石
透輝石
金緑石
鍾乳石
魚眼石
黒曜石
固有値
兵六玉
水道料
花御堂
就活塾
浮世絵
簡単値
近親調
下属調
間取図
黄色腫
見取図
都立校
融資枠
干渉計
和太鼓
養嗣子
日韓戦
点対称
飛鳥京
平均律
草競馬
自治旗
背恰好
准士官
反射律
禅問答
根無草
風物詩
殊勲賞
出身校
商慣習
商習慣
薬種商
計数器
太極旗
泡立器
内親王
秋茄子
双極子
豪華版
大道芸
写真術
屋体骨
払戻額
戸障子
日較差
銀為替
外珠皮
外種皮
庄屋拳
内毒素
小町糸
糸檜葉
祝儀袋
下顎骨
積立金
門前払
名誉刑
全職員
連鎖劇
銘銘皿
受難劇
名門校
蒸菓子
一騎討
即興詩
骨関節
内惑星
内掌典
内祝言
燃料計
町議選
骨粗鬆
骨肉腫
出無精
赤電車
出不精
水攻法
活喩法
測天法
無限遠
満艦飾
活断層
自由刑
商売仇
膣痙攣
鉄火丼
反革命
電気盆
花形株
運賃建
交響詩
後頭葉
寝正月
抒情詩
接頭辞
散文詩
武勲詩
麒麟座
単細胞
菓子折
定型詩
財政難
頭陀袋
臆病神
民間債
切取線
腹一杯
正電気
額面株
見舞金
直定数
職員室
自乗根
奇麗事
対州馬
引替払
綺麗事
玄関先
百合族
異動先
単磁極
牡丹雪
酸性岩
西川材
親水基
用務先
矛盾律
紳士録
讒謗律
秘密裏
婚外子
後部席
牛蒡子
検査済
水路誌
動力炉
北京飯
吹井戸
表座敷
引越代
柔軟剤
古物商
住民票
物自体
三仏忌
不用物
再読込
意味合
料額表
浜柘榴
底辺校
主担当
外貨建
村議選
関心事
州浜形
葛鬱金
蒲鉾形
新製品
開集合
対応策
看板校
紙工芸
金魚鉢
強豪校
社説子
拠点校
予備校
布袋尊
資産株
円為替
危険犯
新鮮味
主契約
板目紙
疎水溝
眼窩溝
脳梁溝
鼻唇溝
多色刷
基盤岩
不能犯
玄関子
盲滅法
尿結石
重力子
苗代水
電機子
煙草盆
人鳥類
倍脚類
偶蹄類
双殻類
口脚類
同翅類
唇脚類
外翅類
外肛類
多足類
奇蹄類
小物成
小直衣
尾索類
平胸類
弁鰓類
後鰓類
扁虫類
掘足類
攀禽類
有吻類
有肺類
有蹄類
有鱗類
橈脚類
毛翅類
無尾類
無顎類
異尾類
異節類
異翅類
短尾類
禾穀類
等翅類
等脚類
簇虫類
総尾類
花崗岩
荳菽類
菽草類
藻菌類
蠕虫類
被嚢類
角苔類
貧毛類
走鳥類
輪藻類
鉢虫類
鋏角類
革翅類
頭索類
鶉鶏類
消息子
陰電気
粗暴犯
配偶子
分生子
単極子
嫡出子
急先鋒
愉快犯
没食子
浮沈子
着道楽
配位子
成層岩
兵部卿
凝灰岩
孀婦岩
安山岩
泥板岩
流紋岩
深成岩
火成岩
片麻岩
玄武岩
粗面岩
粘板岩
蛇紋岩
角閃岩
閃緑岩
内侍司
下級審
順不同
唐破風
産土神
体細胞
玉軸受
国事犯
先場所
芥子頭
花火師
戦闘艦
手裏剣
婿養子
正社員
公倍数
嚮導艦
敷設艦
石珊瑚
駆逐艦
生毛体
金地金
学部卒
方位角
近畿勢
受精膜
貸付料
胴間声
権利株
半風子
石炭紀
取締局
魔法瓶
小型株
罰金刑
事実審
劇映画
広目天
怒髪天
人参座
凶悪犯
披露宴
赤味噌
女王蜂
稚児輪
学会歌
広東飯
株細胞
人情本
最大級
為替銀
繰入金
私的財
中性子
社員寮
火山礫
中性岩
光復節
国慶節
地久節
天長節
手工芸
無精髭
省資源
細胞腫
槍奉行
火炎瓶
永宣旨
祭壇座
自由席
医道審
博多弁
干菓子
星取表
金庫株
繰越金
定規座
平行調
買建玉
櫓櫂船
猟犬座
鳳凰座
天秤座
孔雀座
接平面
画架座
竜骨座
風鳥座
馭者座
君沢形
奇形腫
小熊座
構造土
定収入
逆行安
阿字観
上顎骨
中皮腫
嗅入薬
脂肪腫
馬蹄腫
区民税
歯牙腫
汗管腫
生菓子
稗粒腫
粉瘤腫
過誤腫
霰粒腫
麦粒腫
縁故債
前市長
外貨債
禁治産
射手座
議事録
休日給
焼肉丼
仮受金
仮払金
借受金
割戻金
売掛金
手付金
手切金
歳入債
買掛金
閻魔天
財投債
劣後債
点心債
中足骨
現頭取
優先債
真犯人
水酸基
仕入書
半透明
同位角
低気圧
住環境
測量標
能力給
連体詞
乗継便
水絵具
平面角
週平均
陰電子
最優先
大熊座
武者絵
飛魚座
回転扉
基数詞
中公審
臨界角
振込先
円周角
有所見
眼鏡絵
間投詞
前置詞
露菌病
蒸気圧
普通校
球面角
神経堤
離型剤
点取虫
停車場
店頭株
糸割符
割烹着
防寒着
大入袋
寺請制
建値制
村請制
書院番
白味噌
改善策
防空壕
登山口
解消策
黄金律
二等車
旭日旗
視覚野
紙風船
鉄格子
真珠腫
乾燥肌
手文庫
等間隔
職人芸
豆台風
残念賞
片山里
払戻金
日銀券
鴨南蛮
信号旗
仕訳帳
蛸坊主
美濃判
閣僚級
敷蒲団
焼石膏
国宝級
基礎級
有期刑
犬張子
犬追物
犬酸漿
終身刑
後鉢巻
少納言
絞首刑
多様体
中量級
鬢付油
純粋詩
前頭葉
当座払
公判廷
付替先
弁神論
統辞論
紙媒体
社会悪
脳腫瘍
引菓子
時雨蛤
水様液
味噌汁
人工雪
脳血栓
早見表
電気釜
勅旨田
外蒙古
脳病変
封戸田
救急田
筆無精
脳脊髄
諸司田
賑給田
供御田
脳水腫
脳浮腫
薄荷脳
青竜刀
手弁当
名人芸
牢役人
定冠詞
側波帯
渦電流
陣羽織
暗反応
町村制
綿織物
手取額
戦犯旗
現部長
致命傷
小柴垣
擦過傷
地動説
手塩皿
引落先
横断幕
映写幕
雑巾掛
日章旗
捕物帖
低位株
浅知恵
藁布団
劣後株
庵治石
赤間石
海賊旗
船首旗
星条旗
連隊旗
電子銃
属国旗
引越料
真骨頂
木地師
仕向先
暗褐色
造物主
特急券
藁人形
断面力
横浜絵
水面計
申立書
社債券
再手形
相伴衆
軟口蓋
文体論
豆腐丼
潤滑油
内火艇
光電池
水雷艇
救命艇
駆潜艇
空気枕
秩序罰
所作事
具体例
立太子
母性愛
吹出物
天津飯
絵日記
表層土
無礼講
計数管
年寄株
貸布団
回転窓
自検断
出合頭
先天説
助手席
玄関番
天守番
才槌頭
名脇役
大名債
不寝番
氷砂糖
陰謀説
前成説
培養基
天動説
星雲説
遊離基
隙間風
音義説
装束司
後成説
性犯罪
数個国
前村長
裏番組
配当落
未払込
来賓席
八宝菜
特等席
電力計
手信号
浮人形
片道代
出会頭
貴賓席
白浪物
大東犬
自己愛
耳小骨
藁蒲団
直接費
浪花節
嬶天下
土俵際
引出物
善知識
園遊会
郷土愛
歩合給
生臭物
手柄顔
論理和
両性愛
人待顔
瓜実顔
議院石
隣人愛
上手物
共時態
予防策
受動態
能動態
週単位
工作買
上級財
間一髪
廉価版
手荷物
父性愛
籐椅子
絵双紙
絵草紙
肉体美
逆日歩
牧羊神
気管支
午後休
回教暦
地蔵顔
最上階
脳味噌
人情味
生計型
産官学
主要動
特殊債
胡桃餅
最上級
精進揚
牡蛎油
異人豆
地蔵頭
定小屋
断面積
松根油
脚線美
再割引
出小作
定動詞
遊走腎
偏頭痛
無限小
鉄火巻
代理母
無影灯
赤珊瑚
乗換便
終助詞
手風琴
職員数
辺境伯
始祖鳥
浜防風
引越費
教務所
鍋料理
心理劇
分解能
植物油
反射能
葉煙草
裏鬼門
金切声
電気鏝
肺静脈
児童劇
肺動脈
葛饅頭
肺吸虫
肺栓塞
肺水腫
肺活量
肺膿瘍
根源岩
勧進能
寂光土
燐灰土
珪藻土
砂質土
硅藻土
腐葉土
軽鬆土
目付役
先先代
葬祭料
消息筋
裏木戸
庭木戸
疝気筋
鍋奉行
捕物帳
引換券
酸性泉
放射能
仕入帳
看板娘
前会長
消火栓
新体詩
動名詞
電算紙
性細胞
幕間劇
浅葱裏
小遣帳
現局長
再振替
水位計
原子価
散形科
殻斗科
茜草科
莎草科
多国籍
格助詞
僧帽弁
制水弁
旦那芸
琉球藍
寒冷紗
栄養価
仕手株
塩素泉
常連組
炭酸泉
短水路
黒豆煮
熱水泉
間欠泉
間歇泉
廃太子
若竹煮
徐放錠
糖衣錠
舌下錠
海鮮丼
就活鬱
振付師
防波堤
防潮堤
利休色
知識欲
小幅高
随意筋
古馴染
疥癬虫
国産物
立見席
反魂香
自身番
草履虫
菓子黍
人国記
不燃塵
銀砂子
機械油
請負師
水銀燈
深紅色
常夜燈
引去額
走馬燈
取締役
不死鳥
値嵩株
割増金
割引料
午前休
多国間
指定休
断面図
商売柄
辛味噌
都議選
桃源郷
不倒翁
腹話術
片貿易
上信越
放浪癖
鉄無地
天隕石
補酵素
鉛重石
動力学
回転蔟
真田紐
借家人
冪乗則
凸関数
酸化鉛
救世主
近代劇
青草臭
遠山里
給水栓
喧嘩腰
棊子麺
切手代
金額表
学会費
悪感情
丁子油
地溝油
片脳油
綿実油
優先順
油障子
薄荷油
椰子油
鉄亜鈴
高速艇
火打石
猫目石
神籠石
修道尼
催眠術
占星術
波打際
護身術
錬金術
取消料
自彊術
規矩術
読唇術
読心術
銃剣術
開胸術
開頭術
隆鼻術
油椰子
単衣物
紫水晶
圧力計
窓際族
甘露梅
安徳水
細胞診
灰吹銀
豆板銀
主成分
電算機
圧力釜
原腸胚
皆既蝕
草刈機
胃潰瘍
口蹄疫
終身禄
金為替
麻雀卓
自在鉤
豆電球
乾性油
豆名月
地蔵盆
神祇伯
忠魂碑
角度計
戦陣訓
平水韻
湯沸器
蚊遣器
正条植
池蝶貝
石切場
船着場
心拍計
社会鍋
鳥打帽
猥褻物
不動尊
背広組
筋繊維
当座売
私家版
馬力船
好酸球
巨核球
顆粒球
隠君子
天秤棒
洲浜台
正断層
連珠毛
反陽子
黄銅鉱
慈姑頭
車椅子
金槌頭
上長印
赤色土
出生届
十善戒
銃犯罪
不可知
問題劇
冠動脈
卒退月
暗赤色
年月数
共依存
置時計
木目調
絵仏師
無尽講
脳蓋骨
優先席
功過格
端境期
笑上戸
勝負所
道徳律
肉用種
題目講
菩薩戒
報恩講
鉄面皮
現室長
鉄雲母
単純泉
人工芝
五線紙
吸墨紙
家見舞
業界誌
腰巾着
文科相
雨傘蛇
帆前船
首実検
信用貸
失書症
水血症
無酸症
玄人筋
肺塵症
藁半紙
売手筋
神秘劇
伽羅枕
花嫁料
学部長
業界紙
正会員
鳥羽絵
夢見師
横穴墓
乾性肌
指物師
寝業師
色事師
軽業師
中華麺
体重計
在来種
北山杉
船首楼
摩天楼
蜃気楼
側頭葉
屏風絵
階統制
純正律
令夫人
対称律
小袖料
無言劇
初穂料
品貸料
因果律
柳樽料
玉串料
貸株料
借上料
根出葉
胞子葉
鱗片葉
出放題
太鼓判
金釘流
肉団子
長粒種
優占種
回路計
光琳風
中粒種
蔓植物
介添役
生計費
積雪計
芝刈機
型込機
血圧計
地獄耳
借換債
最安値
不整脈
比重計
物見櫓
甘露煮
南蛮煮
基底膜
治部煮
看板絵
配線盤
族内婚
族外婚
配電盤
真空計
前部長
分電盤
地獄絵
天守閣
座敷牢
醤油粕
露点計
選抜組
姉家督
絵双六
阿波踊
光琳派
昇格組
造反組
剛速球
散弾銃
貸衣装
皇統譜
稚児舞
風速計
盛漁期
投扇興
雨量計
狐格子
因縁話
法師唄
樹林葬
刺細胞
結婚届
桧舞台
波長計
諸色掛
介護休
周期律
赤切符
赴任休
休眠芽
即興劇
薄荷精
読取機
騒音計
高度計
内緒話
歩数計
引立役
熱量計
脳波計
体温計
糖度計
触覚計
光度計
内証話
電位計
電圧計
湿度計
名刺判
日射計
油圧計
苦肉計
晴雨計
磁力計
筋電計
粘度計
震度計
乾湿計
偏光計
反間計
寒暖計
差圧計
引伸機
強震計
感震計
握力計
検流計
検糖計
流速計
流量計
測微計
測色計
球面計
磁束計
空城計
脈圧計
負圧計
軸力計
連環計
雲高計
電量計
風向計
竜星戦
手内職
子犬座
虎目石
新派劇
幼友達
規格判
緩下剤
双子座
書換料
買手筋
明天子
柳川鍋
裏背戸
舞台裏
小判戴
俗別当
赤家蚊
赤浮草
赤矢柄
無気肺
留守電
不文律
成文律
速度計
逆仕訳
神農尊
花札狂
不心得
積立休
唐饅頭
下馬評
小幅安
温度計
普通株
腸間膜
細胞膜
上級相
生体膜
腰羽目
部長職
手織機
柔組織
詰将棋
髭題目
巡洋艦
弩級艦
海防艦
特務艦
生椎茸
甲鉄艦
片道券
須弥壇
外套膜
脊髄膜
卒退年
近点年
不祥事
模様替
勘亭流
縞蚯蚓
筋蒲鉾
有休残
有給残
年休残
貸別荘
長広舌
連文節
水玉柄
大福餅
不定称
広帯域
被害届
当座買
油蝙蝠
鳶人足
迷子札
量水標
五線譜
主力組
時節柄
蟹工船
水晶盤
油角鮫
裸電球
善後策
自作農
貸店舗
円頓戒
戦国策
無式婚
坊主枕
追加届
菜種油
消防組
取水堰
木賃宿
小判頂
烏天狗
麦落雁
用水路
沈砂池
枢要徳
類概念
水温計
署番号
固有種
天津丼
旗指物
柔構造
食用蛙
若者組
心字池
供進使
楯状地
優先株
西部劇
順序組
本多髷
唐津物
置手紙
枯葉剤
買為替
軒菖蒲
子午環
不動心
可燃塵
制服組
尿膜管
焼却灰
腰屏風
閼伽桶
水量計
油砥石
枕屏風
五辺形
人差指
測歩器
測程器
除燼器
力量計
圧力秤
上上吉
割引債
変関数
付審判
給茶機
腰障子
阿房芋
酢味噌
半製品
陳列窓
芋羊羹
魔方陣
芋名月
小狐座
上級審
閑日月
変旋光
黍団子
珊瑚礁
濾出液
味噌豆
三胴船
赤福餅
並大抵
古筆切
赤玉土
座布団
必要悪
職員録
泣上戸
二刀流
能舞台
高利貸
障子紙
貸衣裳
腹時計
夏期休
当座貸
水瓶座
祝言能
不身持
練製品
不行届
不精髭
申次衆
引付衆
一刀流
人工爪
桶側胴
半透膜
外郎売
永代売
傷病休
夏季休
牡羊座
季節休
座蒲団
見廻組
振込票
中止届
山猫座
宝島債
次期防
柔細胞
筑前煮
鼈甲飴
京鹿子
牡牛座
大犬座
水蛇座
海蛇座
牛飼座
蜥蜴座
一刀彫
蟹足腫
繰延債
小馬座
内弁慶
湯桶読
未振込
死亡届
磁気嵐
貸農園
肋軟骨
石狩鍋
優良株
月旦評
局長級
貸倉庫
末那識
貸証文
藁工品
陸軍始
割糸機
扛重機
旋造機
甲州枡
中華丼
総目付
祿盗人
美魔女
禄盗人
海豚座
糸状菌
猛吹雪
手洗鉢
薩長土
仕組債
磯粟餅
水圧溜
背番号
酢醤油
将棋盤
破魔矢
鳴物入
見立絵
殿様芸
変更届
琉球紬
有難涙
糠味噌
絵手本
門外漢
段梯子
喪失届
島田髷
当座借
似顔絵
気圧計
大首絵
紅摺絵
木戸番
羅針盤
海賊盤
請証文
火縄銃
庭下駄
守護請
蟻地獄
圧力鍋
希望届
黄烏瓜
取得届
退職届
離職届
消滅届
通勤届
算定届
転勤届
休職届
婚姻届
扶養届
改印届
転入届
当座入
離婚届
部長印
無双窓
信玄袋
攻略本
石灰藻
聞上手
評定始
公家悪
盛果期
加入届
大理石
帯状溝
惣年寄
絵手紙
理気説
甘味噌
腹直筋
用水池
籐製品
天水桶
屁理屈
子守唄
見当識
公開株
輪環面
売仲買
青首鶩
糸引鰺
寒冷渦
動力計
講書始
膝栗毛
権利落
唐人髷
留守居
栃栗毛
電動鋸
救命筏
牢名主
酢酸鉛
煉羊羹
田植踊
藤八拳
棒高跳
様子見
孤発例
菊唐草
味噌麹
区役所
貸座敷
飼葉桶
絵日傘
異動届
現況届
基礎届
休暇届
宗門改
賞与届
朦朧体
絵空事
轆轤首
連綿体
外反足
庚申待
糸状虫
赤芽黐
公文所
前係長
自社株
雨外套
見放題
日陰棚
鉄平石
測斜計
線量計
内反足
負担分
仕放題
現係長
油頁岩
口唇裂
利付債