南十字
何時間
数時間
日本人
大学校
学校林
日本学
細川紙
中学校
学校長
中国人
分科会
女子会
新年会
昼食会
町内会
茶話会
音楽会
大文字
小学校
数週間
日本犬
日本食
小中学
一時金
日本紙
三角形
音楽室
女学校
町村長
出入国
前後半
入出力
入出金
米国人
日本円
上下水
中国学
日本語
女文字
今朝方
百合科
八百長
数分間
八里半
十姉妹
四王天
出来高
子会社
中国米
国立大
日本馬
人間学
土日曜
日本茶
文字数
一手間
七夕馬
二合半
百足足
中小学
日本刀
花文字
中山間
青少年
大学生
中高生
高大生
出入車
国公立
地頭鳥
下野草
名女形
村八分
目文字
自小作
親父道
角行道
雨合羽
頭羽数
昼夜間
売買春
文理科
中小生
小中生
高教組
大高生
石南花
上工水
入出国
内外野
外内言
大小麦
山茶花
山野草
工工四
歩車道
王太子
男女子
竹麦魚
行行子
西南海
遠日点
高中年
頭文字
国家間
声明書
口下手
十六夜
親会社
右中間
計画書
親文字
大先生
黄金虫
出来秋
八角形
外国人
南北朝
黄金色
小切手
出来心
月夜見
水水母
夏秋草
小太刀
川原石
人心地
出来合
出来星
出来立
切手牛
大人色
大原女
太刀先
太刀風
太刀魚
子百足
家刀自
小母手
小母顔
少女子
山百合
川時鳥
川水雲
手弱女
手水場
春時雨
木太刀
村時雨
母刀自
海人草
海百合
犬四手
白南風
白生地
白魚子
石水母
石首魚
立女形
細太刀
細石岩
細石石
組太刀
耳心地
虫時雨
親父顔
谷空木
赤四手
赤太刀
赤水母
赤百合
赤目魚
野太刀
青二才
青東風
馬刀貝
黒子男
黒百合
車前草
中学生
大人顔
中高年
中国紙
三行半
五角形
言語学
米国風
秋刀魚
計画力
地方風
出目金
弟切草
白文字
時間数
大山木
大風子
人間力
早少女
音楽学
黒文字
女子大
左中間
白木耳
小学生
教科目
十石犬
日本間
中国語
文理学
外国風
人文字
外国米
門下生
二口虫
中学年
千石船
音声学
母子草
中心線
外科学
大日本
社会人
休日数
角細工
音楽家
生活学
中心力
天文学
大谷石
人間道
数学科
大入道
金光教
地方紙
生理学
一本気
音楽科
顔文字
地方色
言語力
会計学
大人心
計算書
社会学
金市場
古文書
南日本
人文学
外国語
天理教
活字本
南西風
下町風
生字引
分光学
天文家
上海風
夏時間
小細工
外国紙
文字絵
絵文字
大森林
今時分
北日本
生活力
計算力
出場校
新聞学
大人数
図書室
小切子
三七草
入会地
前前回
前前月
千金草
半夏草
半日花
南京虫
合田草
四国麦
大中小
小千鳥
小白鳥
川八目
日日草
早合点
時計草
月長石
生食水
田字草
田村草
白南天
秋分草
紙八手
車百合
遠近子
金魚草
雲切草
風船虫
新入生
外科室
長方形
内科学
地方馬
多言語
公用車
四川風
通知書
入門書
文学科
四角形
公立大
四国犬
生活科
国文学
長上下
近地点
直売店
地学科
地形学
新入学
女子高
半夏生
女子力
中古車
前年分
長時間
生活線
工作車
一昼夜
東北学
高校生
親言語
新生活
六角形
古文学
中心地
公用人
日数分
会計科
年前半
天文台
兄弟分
新分野
外国馬
空元気
一直線
思考力
学園長
工作室
社会科
理工学
人文科
文学書
公用語
国立校
火食鳥
新弟子
土木科
魚市場
回帰年
帰国年
回帰月
計算月
作画家
多読家
電話線
読書家
地元学
星月夜
外語大
火山学
野生犬
回帰線
半母音
心理学
四天王
大八車
時計学
中立国
長電話
高土間
右心室
水戸学
新思考
地下室
古書店
古道学
工場長
白地図
高学年
多角形
活用力
男子力
通行人
出入口
小売店
国語学
多人数
書道家
後見人
外交上
内言語
大親友
直方形
小手先
理科大
母国語
人力車
出生地
方言学
地図学
中間色
大百科
新聞紙
通学先
自立語
三原色
天王星
小正月
町道場
公文書
国内線
先先月
中高校
千秋楽
楽天家
本人分
地理学
空手形
考古学
木工作
文明国
近点月
知行国
海水魚
天南星
教科書
生一本
高分子
画用紙
言語野
前口上
兄弟子
空中線
門弟子
地名学
口上人
科学科
理工科
大多数
竹細工
口上手
水文学
岩石学
地文学
本草学
水理学
秋田犬
電気科
公用文
工作船
東国風
南京玉
工作図
女学園
一口話
活字体
新天地
電子科
声明文
電気線
出走馬
原作力
日曜紙
多年生
公立高
地形図
中古船
石竹色
交通船
食生活
小麦色
電子線
食肉店
姉妹店
活用語
地下水
作用点
王室歌
売上高
川上犬
七曜星
九曜星
生花店
茶道家
書記長
声楽家
新人会
工学科
姉妹車
女子校
外交家
新字体
一家言
国語科
雪上車
学生歌
黄金数
山水画
計算手
内弟子
原画家
本年分
地元紙
活魚車
社用車
自行車
通風車
金馬車
色立体
入学金
地下道
明細書
通用門
新古車
白色金
口上書
弓道家
人工林
社交家
野心家
国文科
売文家
男色家
知日家
前社長
下水道
天気図
空売買
弟弟子
時計台
生長点
引火点
赤外線
会話体
入社年
女道楽
本通夜
市立高
理学科
声楽科
会話文
上気道
手羽元
外野手
引用文
高山国
立体図
人工語
切口上
野鳥園
大内記
話半分
声音学
時間休
市立大
空手家
後生楽
外出先
原生林
活用形
内野手
少人数
紙細工
直行先
入手先
花電車
理数科
手当金
同心円
年後半
遠心力
手入力
十手人
海王星
外来語
公立小
青海原
女学生
売手形
活社会
立体画
理科室
道立高
広東語
明後年
首長国
小天地
子午線
星雲線
前室長
親日国
半人足
野心作
多毛作
会心作
野草園
正方形
入社月
明太子
同分母
原子力
水線長
直線形
日数計
大広間
同音語
地理書
外字紙
前女王
作中作
男子校
小休止
汽水魚
遠海魚
多聞天
合気道
水時計
下手人
夕月夜
光子力
正教会
昼光色
中間子
立方体
父兄会
番外地
大目玉
学友会
上水道
明朝体
分教場
前町長
年休数
入道雲
楽天地
直方体
青道心
大番組
左心室
白頭花
心電図
口語文
風土記
室内犬
金雲母
町村会
自力門
大矢数
口語体
女手形
花鳥画
活人画
前国王
小作人
秋入学
文人画
手細工
室内楽
切絵図
花火図
電気石
親切気
白色光
赤新聞
行楽地
公立校
一毛作
入小作
通気口
玉虫色
土気色
入木道
外耳道
早場米
語学力
角時計
春分点
秋分点
遠地点
手計算
立会人
教会長
弓道場
社交場
声門音
文語文
後生気
火山岩
親切心
大黒天
夜汽車
手羽先
買人気
分光計
日時計
半線形
見目形
古古米
市立校
丸合羽
文語体
千鳥足
近日点
計数形
白雲石
半電池
花時計
水道水
多年草
年中組
光電子
引当金
白雲母
肉用牛
白雲岩
小作地
手紙文
赤花科
船大工
道立校
昼顔科
車前科
黒曜石
内親王
小町糸
名門校
赤電車
正電気
分生子
生毛体
金地金
半風子
広目天
学会歌
前市長
手切金
紙風船
人工雪
赤間石
光電池
立太子
絵日記
出合頭
前村長
電力計
出会頭
大東犬
工作買
絵草紙
午後休
出小作
金切声
前会長
電算紙
人国記
午前休
多国間
遠山里
石切場
馬力船
赤色土
年月数
五線紙
鳥羽絵
歩数計
晴雨計
雲高計
明天子
近点年
心字池
赤玉土
見立絵
絵手本
大首絵
木戸番
聞上手
大理石
絵手紙
用水池