南十字
指図書
高度紙
何時間
数時間
二期作
日本人
大部屋
日本酒
出場所
流作業
大学校
学校林
日本学
細川紙
学校医
中学校
一次会
三次会
学校長
二重丸
小文字
神習教
千両箱
中国人
八百屋
大部分
一等車
交通局
全客室
分科会
勉強会
大都会
女子会
学級会
役員会
新年会
新登場
昼食会
理事会
町内会
発表会
県人会
研究会
茶話会
赤身肉
音楽会
大文字
小学校
数週間
都市化
一等星
日本犬
日本食
洋毛子
鉄刀木
一等国
一体化
小中学
大流行
一時金
日本紙
三角形
文字式
区分化
図書館
委員長
流線形
起業家
転校生
音楽室
女学校
三十路
中国酒
町村長
作業所
都市間
出入国
前後半
一時期
部屋代
相部屋
男部屋
入出力
入出金
登下校
進入学
米国人
日本円
上下水
中国学
大仕事
日本語
半二重
女文字
今朝方
夜去方
四死球
百合科
八百長
大時代
三和土
数分間
神学校
一等地
八里半
十姉妹
四王天
出来高
文字色
子会社
活動化
仕事人
部分音
紙一重
中国米
前後期
国立大
日本馬
人間学
八十路
都市銀
土日曜
作業車
日本茶
文字数
数秒間
上下院
三等地
転車台
足球場
開発学
一手間
七十路
七夕馬
九十路
二合半
五十路
八重歯
六十路
四十物
四十路
百合根
百合油
百足足
動植物
新発意
送配電
中小学
日本刀
二等地
花文字
中山間
青少年
人間業
大学生
中高生
高大生
出入車
下手物
中長期
短長打
農林業
長短打
上下流
集出荷
市場化
中南部
中全会
国公立
仕事面
地頭鳥
絵葉書
下野草
京言葉
仕切書
仕切金
名女形
地言葉
大和相
女子仕
屋根面
手間代
村八分
湯文字
用部屋
番小屋
目文字
福早生
自小作
親父道
角行道
雨合羽
頭羽数
昼夜間
中高速
三重苦
売買春
農工高
全人代
文理科
中小生
小中生
高教組
発受電
消流雪
大高生
中新研
入出荷
入出院
全新研
石南花
長短期
上下階
上工水
乗下船
入出国
入出庫
入出所
全交運
公調委
内外野
受発注
商工業
国漢文
外内言
大小寒
大小麦
太平楽
山茶花
山野草
工工四
歩車道
水遊泳
流出入
王太子
男女子
竹麦魚
終始業
苦楽受
行行子
西南海
転入学
農工業
送受話
送配水
遠日点
集分荷
高中年
時代色
頭文字
公取委
国家間
声明書
食後酒
口下手
目茶暑
新住所
十六夜
文化祭
親会社
右中間
計画書
文書化
作業場
出来事
空部屋
都市部
親文字
大学祭
同部屋
横文字
大先生
人間界
黄金虫
大学院
出来秋
八角形
外国人
南北朝
黄金色
話言葉
仕事着
会社員
力仕事
手仕事
区画化
小切手
酒問屋
秋冬物
出来心
海岸線
夜見世
米問屋
花言葉
角力取
月夜見
水水母
仕入先
夏秋草
小太刀
川原石
庭仕事
波止場
着心地
顔見世
下仕事
丸屋根
乗心地
人心地
今言葉
仕事命
仕事歌
仕出屋
仕方話
仕様事
仕立屋
仕立物
入母屋
円屋根
出打着
出来合
出来星
出来物
出来立
切手牛
切見世
助太刀
勝手口
勝手場
口言葉
合言葉
問屋場
問屋組
国言葉
土仕事
土負貝
売言葉
外仕事
外様組
大人色
大原女
大和歌
大時化
太刀先
太刀取
太刀持
太刀風
太刀魚
女言葉
女部屋
子山羊
子百足
安知女
家刀自
寺息子
小山羊
小母手
小母顔
小羽根
小豆氷
小豆色
小間物
少女子
局主人
屋形船
屋根屋
屋根岩
屋根船
屋根雪
山仕事
山百合
山羊皮
島百合
島言葉
川時鳥
川水雲
平屋根
広小路
広屋根
広目屋
手弱女
手水場
打太刀
指言葉
数言葉
日向水
日和見
日和風
早言葉
明日葉
春夏物
春時雨
木太刀
村時雨
板屋根
板羽根
横羽目
歌言葉
母刀自
母山羊
水仕事
氷小豆
油問屋
波戸場
海人草
海百合
海羊歯
炭問屋
犬四手
田平子
男言葉
町小路
町言葉
白南風
白小豆
白山羊
白生地
白魚子
矢羽根
石子路
石屋戸
石水母
石首魚
秋日和
立女形
章魚足
童言葉
竹小豆
糸問屋
細太刀
細石岩
細石石
組太刀
羊歯油
美人局
羽二重
羽根車
耳心地
草屋根
薬問屋
虫時雨
虫部屋
見世物
親父顔
角部屋
言葉屋
言葉数
谷空木
赤四手
赤太刀
赤小豆
赤屋根
赤水母
赤百合
赤目魚
身言葉
追羽根
部屋住
部屋係
部屋子
部屋数
部屋着
里言葉
野太刀
野山羊
野次馬
間仕切
青二才
青屋根
青東風
面白味
面白話
馬刀葉
馬刀貝
高島田
鳥問屋
黄味色
黒子男
黒小豆
黒山羊
黒百合
大葉子
大角豆
車前草
船問屋
実用化
中学生
区間車
作業服
大人顔
中高年
高級車
都会人
部品化
中国紙
五倍子
開発力
流行歌
三行半
五角形
回転草
地下鉄
教育大
自動車
自転車
行動化
真章魚
言語学
洋画家
米国風
東都遊
火口湖
事業化
秋刀魚
流通学
計画力
代表作
地方風
農学校
新会社
工作所
作業代
出目金
弟切草
全日本
商品化
白文字
流行色
時間数
大山木
大風子
安近短
正反合
真行草
落花生
洋学校
人間力
化学車
早少女
前次長
相談所
西海岸
音楽学
真田虫
黒文字
画一化
女子大
世界化
公有化
左中間
部門長
白木耳
細分化
一身上
登記所
中国化
学問所
教習所
配送所
地方病
作業船
三味線
小学生
相手方
化学式
流行語
教科目
野生化
十石犬
流動化
外注化
実写化
直交化
日本間
千代紙
中国語
五十音
一安心
文理学
理化学
海水湖
時間表
商品学
外国風
人文字
外国米
門下生
代表曲
寺小屋
二口虫
発生学
地方銀
京都風
作業員
中学年
安定化
時代物
化学科
千石船
注文書
音声学
進学校
小間使
母子草
工業化
委員会
勉強家
流通業
三角州
中心線
大学路
短期間
外科学
畑仕事
開発部
大日本
社会人
音楽祭
一等親
三交代
中医薬
代用品
休日数
光学式
実用品
所有主
県交通
自負心
調理人
角細工
音楽家
都区部
旅客車
文学館
強化米
東海岸
集中力
高等科
長期間
化学品
四半期
公用化
生活学
中心力
意見書
天文学
活動家
同区間
市役所
作品集
青写真
教育学
大谷石
大宮人
事業家
出品酒
中学部
社会化
音楽界
飲食店
生物学
人間道
前夜祭
意気地
有界化
小部屋
住所地
東洋学
数学科
実体化
大入道
金光教
地方紙
生理学
一本気
調理酒
野球界
明文化
使用人
一本化
音楽科
顔文字
地方色
地上駅
二重線
言語力
茶屋酒
会計学
火山湖
短歌化
反発力
教育書
大人心
計算書
入院代
正面図
東洋風
用品店
次元界
出世魚
大神宮
高度化
大家族
発電所
区間新
旅行業
飲食業
文章家
白紙化
反対語
社会学
金市場
古文書
南日本
新商品
人文学
外国語
新方式
内面化
高級紙
指文字
文字列
原生代
漢数字
天理教
代数学
大回転
活字本
人間味
外出血
南西風
事業所
運動学
下町風
黒字化
生字引
学習学
分光学
新世界
天文家
上海風
発声学
美食学
医学所
夏時間
小細工
大使館
来場所
外国紙
配電所
小学部
小道具
文明化
多角化
多様化
集合物
文字絵
絵文字
仕事先
旅行家
大森林
米国化
広島風
今時分
事実上
医学館
野球力
北日本
文学界
生活力
学園祭
音楽部
乗車駅
人工湖
病院船
計算式
実用車
活発化
自由化
手工業
使用代
高速化
計算力
出場校
旅商人
反対色
新聞学
都市美
期間工
大人数
図書室
有期間
小切子
丁子草
七面鳥
三七草
三体詩
中央口
乗下車
五味子
五葉草
体育園
使君子
入会地
公安委
内内定
前前回
前前月
動物相
医科学
千石豆
千金草
半夏草
半日花
南京虫
南京豆
南氷洋
合田草
和大黄
和漢洋
和田草
四国麦
四角豆
国対委
売気配
大中小
太文字
太陽鳥
学用品
実父母
宿日直
寒山竹
小千鳥
小白鳥
川八目
意地悪
指定月
日日草
早合点
時計草
月長石
根切虫
業平竹
死番虫
水銀鳥
決明子
犬小屋
玉羊歯
生食水
田字草
田村草
病医院
白丁花
白南天
相思草
相思鳥
福神草
秋分草
糸球体
紙八手
美人草
自分事
花勝見
花大根
買気配
買言葉
車百合
運動場
遠近子
野大根
金時豆
金銀草
金魚草
鉄工所
鉄線草
鉄道草
長丁場
雲切草
風船虫
馬追虫
高調子
安全学
新入生
外科室
長方形
正当化
都市鳥
平方数
部次長
市当局
弱体化
内科学
事業部
野球部
両方向
合意書
地方馬
多言語
公用車
四川風
決算書
生物界
行動力
古代湖
発注書
通知書
上申書
入門書
内申書
指南書
有名人
文学科
後進国
実行教
四角形
工学部
理想化
文章語
公立大
下車駅
四国犬
大発生
生活科
形式上
短時間
国文学
医学生
同意書
長上下
外科医
新生面
昼食代
新発見
見物人
近地点
定着物
直売店
食前酒
地学科
地形学
新入学
教育家
原始林
代理店
有声化
細工品
汽水湖
女子高
半夏生
本部長
女子力
県知事
指定年
中古車
大発見
前年分
農学部
中道化
長時間
開発元
生活線
字体表
工作車
文章力
一昼夜
安定感
自動化
発電力
東北学
高校生
神通力
記号学
地下駅
家族数
合同式
高等部
学生服
平和学
決定力
親言語
三角波
大道具
一元化
代行業
学習館
軽音楽
新生活
六角形
古文学
中心地
公用人
銀行家
生命線
電子化
外食業
日数分
新教育
会計科
記名式
工業所
流動食
多方向
鉄道駅
放送業
登山家
世話物
年前半
指定医
鼻音化
天文台
兄弟分
絵本館
作業着
工業国
実行力
出発駅
新分野
大集合
下宿人
感化院
交代式
研究生
実社会
入園式
始業式
実物大
終業式
起工式
進水式
発言力
外国馬
注意力
空元気
売春業
大公開
空運業
運送業
配送業
回送業
一直線
思考力
転向力
学園長
発想力
空想力
親和力
集客力
中年期
工作室
相場書
代理業
配本車
対向車
指南車
教習車
実習生
銀行業
回送車
植木屋
物理学
行列式
神学生
練習生
苦学生
教習生
落第生
転入生
文学部
全国一
直流形
感動作
生命力
分水界
社会科
帰着駅
相手先
理工学
六神通
人文科
天文部
具体化
文学書
乗用車
飲食物
公用語
多次元
国立校
工事代
様式化
開始年
文庫本
真四角
七福神
安定期
火食鳥
行商人
新弟子
土木科
分子式
合理化
魚市場
朝活動
回帰年
帰国年
旅客船
研究科
電話局
回帰月
文明病
放送室
研究家
小気味
運動家
研究室
飲食代
地球人
一筆書
開業医
島四国
記者室
放送局
海洋学
薬物学
自部門
計算月
美食家
近代化
実習室
動物化
調理室
空想家
作画家
作詩家
商業学
多読家
電話線
談話室
自習室
読書家
死場所
長期化
薬局方
地元学
本土化
君子人
星月夜
海洋国
筆頭人
月世界
同期生
五大湖
外語大
火山学
終電車
研究医
身体上
医学科
部局長
野生犬
重化学
使役犬
鉄道業
代用食
回帰線
十字路
送電線
配電線
文庫化
中等部
町火消
半母音
問題化
当直医
心理学
事業場
地球化
野球場
四天王
開始月
世界新
回転体
中古品
出世作
仕事場
大八車
投手力
時計学
南西部
打物業
名字化
中立国
横回転
長電話
農業家
高土間
生化学
乗車代
右心室
代行人
運転手
大発会
新発売
水戸学
小意気
新思考
真人間
地下室
古書店
三遊間
古道学
都心部
実生活
多方面
大商人
鉄道林
配当金
工場長
白地図
高学年
右手首
名勝負
多角形
活用力
発行人
調整金
真昼間
植林紙
医科大
発光紙
線形化
写真店
感光紙
転写紙
局所化
代八車
男子力
世話場
洋食化
理想家
通行人
世話人
大予言
出入口
配分金
美女学
国鉄色
登山部
小売店
分配金
旅行客
国語学
商売人
調理場
記事化
進出色
多人数
国有化
手作業
集金人
書道家
後見人
神話化
運送人
集配人
左前打
内服薬
発起人
等身大
地上波
外交上
農工大
代言人
代理人
動物学
内言語
薬用酒
集合族
大親友
薬味酒
全国紙
内科医
多重化
直方形
小手先
話題化
理科大
主人公
定式化
生命表
道路族
母国語
少子化
問答集
対角化
短命化
暗号化
小子化
有理化
人力車
女体化
予想紙
火薬学
用語集
薬学科
出生地
方言学
重母音
都知事
分社化
地図学
中間色
大百科
大明神
美人画
新聞紙
通学先
点火薬
小役人
駅馬車
先発薬
前線面
歯学科
二等親
作動薬
茶道具
自立語
進水台
三原色
三等親
三角柱
写真家
医薬品
銀行員
天王星
小正月
工作物
町道場
学院生
都合学
本場所
公文書
国内線
書道界
先先月
中高校
死生学
千秋楽
文章体
中世代
少年院
丸数字
楽天家
氷点下
一神教
本人分
決算月
植物学
新世代
作曲家
医大生
三者間
医学部
農作業
風土病
地理学
放送部
薬理学
分数式
空手形
知行所
人一倍
書店員
自動式
考古学
人員表
運動部
大業物
光化学
対数表
木工作
電気業
中央線
表面化
乗馬服
文明国
医学書
近点月
小売業
知行国
西洋化
写真業
暗緑色
水泳部
海水魚
遊園地
行進曲
化合物
古代学
緑黄色
山小屋
天南星
本調子
練習曲
教科書
生一本
高分子
大人化
同意語
電話帳
画用紙
細工所
交通路
言語野
前口上
原動力
銀世界
兄弟子
式次第
君子国
太陽風
教育長
神話学
体育館
空中線
門弟子
高調波
放水路
地名学
古道具
生世話
口上人
体育学
送水路
電話代
回転子
放生会
終着駅
炭化物
交流会
科学科
入学式
理工科
小発作
開会式
場所代
農業国
公使館
町役人
生薬学
商業界
代用魚
大多数
水族館
竹細工
学習帳
筆記帳
口上手
代書人
交通死
水文学
人相学
出荷物
顔面学
病理学
家具店
岩石学
地文学
本草学
水理学
算命学
薬力学
金相学
雪氷学
始生代
秋田犬
書記局
通行代
電気科
東西屋
生命体
漢文学
全自動
人物画
銀白色
社会面
始発駅
都大路
町役場
鉄道員
耳学問
平行線
小具足
通院代
運送代
公用文
工作船
東国風
全画面
実業家
南京玉
漢字力
工作図
女学園
全社員
同級生
薬学部
集合体
安心感
運動会
高山病
一口話
海洋科
活字体
前首相
多島海
銀馬車
新天地
算定式
算出式
自走式
開院式
電子科
夜会服
声明文
道具屋
下級生
歯学部
電気線
出走馬
向上心
練習会
運動野
長打力
商用車
旅行記
原作力
本様式
進行波
西洋館
屋台店
左手首
玉手箱
工業地
商学部
筆記具
西洋学
中前打
夏場所
当世風
日曜紙
多年生
村役人
決勝打
北西部
公立高
自由国
買問屋
流星雨
神道家
一大事
期待族
地形図
中古船
洋品店
実業界
決算期
石竹色
多面体
明細書
橋本病
交通船
新生代
万葉集
食生活
小麦色
遊歩道
電子線
食肉店
部活動
村役場
姉妹店
大食漢
後頭部
温度風
陽明学
着火点
進化形
練習船
次世代
活用語
進行形
身代金
多神教
原油高
天主教
実語教
路面店
地下水
工作員
新様式
終止形
主力車
作用点
動物界
電力所
配線図
白米病
文具店
書道部
教育相
王室歌
売上高
屋体店
川上犬
月行事
夏神楽
七曜星
九曜星
調整分
古生物
生花店
茶道家
太陽年
書記長
月面車
声楽家
西洋風
新人会
工学科
原子病
姉妹車
実年数
全真教
女子校
実業科
予定表
軽工業
外交家
新字体
暗黒界
地理院
前半期
一家言
主計局
相談員
国語科
事業主
配水場
先天病
乗船場
草野球
血友病
雪上車
医原病
黒死病
写真集
学生歌
合計表
黄金数
山水画
計算手
予想図
水運車
内弟子
新聞屋
原画家
石炭車
練習場
開放感
写真部
新社屋
水泳場
集荷場
本年分
地元紙
気動車
炭水車
土運車
投光車
活魚車
社用車
自行車
通風車
金馬車
放送員
空相場
全紙面
植物界
色立体
体育祭
大物車
客商売
研究員
入学金
家庭科
県立高
運動員
小旅行
下世話
出発点
地下道
円運動
通用門
新古車
中二階
理事国
白色金
口上書
回転角
調理員
小夜曲
集計表
集金員
赤道祭
算定表
通知表
二流紙
出走表
定期金
弓道家
人工林
思想家
文筆家
落語家
社交家
野心家
前外相
平方和
事相家
作庭家
国文科
売文家
男色家
発毛家
知日家
次画面
前社長
理事長
天上界
下相談
調整点
科学部
洋式化
新開地
大気波
水平面
研究所
下水道
地電流
注意点
天気図
期待感
空売買
弟弟子
時計台
海運業
生長点
発火点
夕食代
引火点
落第点
起算点
重工業
赤外線
会話体
下宿屋
入社年
女道楽
外用薬
公用物
本通夜
体外式
百面相
練習所
合宿所
学院長
代数式
筆記体
開村式
始球式
市立高
流動体
多角柱
発光体
家庭医
重合体
本年調
理学科
社員数
海運局
水運業
空取引
旅館代
鉄工業
動物園
大天使
生花業
両国間
声楽科
深海魚
実相界
会話文
上気道
手羽元
深夜業
定番曲
社交界
軽合金
外野手
前局長
引用文
馬小屋
道具箱
国有林
高山国
有気音
立体図
人工語
大全集
相談先
切口上
大寒波
野鳥園
写生文
大内記
話半分
海水温
平方根
指定校
声音学
安楽死
時間休
市立大
空手家
農作物
漢方医
急病人
発頭人
行旅人
車両長
後生楽
外出先
水商売
原生林
牛小屋
問題作
活用形
内野手
少年期
青年期
体育科
少人数
日用品
紙細工
電気代
全速力
直行先
入手先
白血病
植物園
発送先
転出先
花電車
返送先
送金先
配送先
全音階
取引業
多重星
所番地
農水族
大火事
耳鼻科
理数科
病理科
出向先
手当金
同心円
年後半
水茶屋
行事所
電車代
遠心力
全体図
漢文力
地平線
手入力
前役員
人事部
上下動
十手人
海王星
朝食代
重役室
写字室
外来語
長屋門
食事代
公立小
青海原
研究心
女学生
売手形
活社会
立体感
正教員
商売気
立体画
始新世
中新世
理科室
君主国
暗黒色
美少女
出身国
日記帳
自由科
道立高
医化学
相当数
広東語
明後年
公有地
土用波
生放送
首長国
転出元
家庭薬
道具方
出発地
小天地
秋場所
歯科医
出向元
対角線
反意語
子午線
放物線
星雲線
等深線
等高線
前室長
食事会
人面犬
親日国
当番医
都立高
回転計
問題集
病理医
発火石
洋数字
話題作
公事所
自主国
生返事
半人足
中切歯
家電品
表題作
水平角
生活苦
空手着
定期代
次回作
正反対
先進国
野心作
多毛作
会心作
夜想曲
当事国
電子波
代行屋
野草園
歌祭文
気分屋
入植地
帰着地
古本屋
正方形
相当算
入社月
長命草
鳥小屋
下級紙
明太子
漢方薬
写真屋
理学部
後発品
同分母
原子力
茶道部
主教品
水線長
鼻下長
火工品
紙工品
面目玉
直線形
日数計
教区長
明細表
大広間
同音語
公定力
長大息
地理書
木炭紙
真実味
外字紙
羊皮紙
水平線
区長会
新古品
下半身
前女王
起電力
作中作
色指数
男子校
小売商
調度品
荷物車
自由業
内出血
整流子
等化子
小休止
寒水魚
汽水魚
遠海魚
多聞天
多面角
原画集
具足屋
運送屋
有声音
日配品
大和心
合気道
後日談
水時計
下手人
人面魚
夕月夜
外交員
光子力
正教会
昼光色
公教育
金相場
和漢薬
神楽歌
中間子
親族会
小動物
立方体
同年代
柱時計
名言集
体育会
南半球
弓道部
相談役
勝負事
箱馬車
進行係
有理式
父兄会
番外地
大目玉
心意気
円相場
水道業
後発薬
台所犬
学友会
上水道
春場所
理由書
明朝体
予想屋
点鼻薬
意向書
工具書
光重合
福音書
深夜族
世話役
知行役
定員数
乗組員
文教族
銀時計
分教場
前町長
後見役
指南役
申入書
高速道
有休数
定足数
年休数
有理数
今様色
組合員
入道雲
意味深
和歌集
西半球
正月屋
楽天地
直方体
青道心
電線路
手道具
東半球
植生図
平面図
大番組
左心室
主題図
平土間
白頭花
短日月
糸切歯
心電図
立面図
葉茶屋
代理商
口語文
風土記
北半球
室内犬
商業地
定数歌
上半身
小野路
口入屋
寺子屋
花板屋
右足首
金雲母
町村会
横様式
前所長
思春期
白血球
入社式
仕入元
家具屋
百物語
自力門
農水相
丁字路
身柱元
前画面
黄緑色
大和絵
代書屋
地上絵
高高指
大矢数
美男子
切手屋
大福帳
白文帳
商用文
立待月
水路学
上調子
人相書
仕様書
時定数
洋服代
平野水
使命感
中生代
口語体
番号表
女学院
女手形
多幸感
主題歌
花鳥画
男根期
読後感
活人画
動物体
自由帳
指南番
上級生
洋風画
前国王
交番表
反切表
速算表
波動水
小作人
秋入学
文人画
世間体
短音階
市有地
安息角
小荷物
手細工
決勝点
名乗字
古生代
先進波
高速代
問題点
室内楽
平面波
切絵図
王公族
社用族
食人族
鉄火場
重力波
花火図
和集合
電気石
球面波
取引先
洋食屋
子宮口
親切気
真正面
漢文体
前理事
曲線美
白色光
買注文
赤新聞
配電箱
全面安
半馬身
行楽地
公立校
一毛作
入小作
感想文
通気口
玉虫色
大黒柱
美人計
長音階
定食屋
動力車
土気色
深緑色
西洋画
水銀柱
取水口
小品文
遊女屋
正月物
石炭船
意向形
消息文
待合所
申出書
油送船
入木道
外耳道
早場米
相弟子
小屋組
実手形
語学力
黄表紙
表面波
間氷期
宮大工
農用地
向心力
上級車
角時計
大人役
世間気
身分帳
土石流
高速船
国交相
見本帳
火事場
山火事
春分点
火消役
秋分点
遠地点
前受金
絵図面
手計算
立会人
同族体
教会長
平面体
病原体
荷受人
指人形
弓道場
葉緑体
倍数体
前葉体
毛様体
社交場
庭球場
集童場
主調音
声門音
世話係
文語文
自主練
後生気
出身地
県立校
下半期
火山岩
親切心
大黒天
歯車車
形式美
予科練
目安箱
中仕切
国有地
運動着
夜汽車
手羽先
左足首
電流計
名物男
赤血球
里神楽
太陽光
終列車
人工物
動物記
買人気
名題下
火薬庫
分光計
真分数
先進地
大荷物
日時計
社有地
遊水地
半線形
見目形
上半期
古古米
市立校
丸合羽
家具調
消息通
取引場
文語体
千鳥足
近日点
前知事
前頭取
近代詩
教会員
計数形
後半期
白雲石
水道代
半電池
美少年
陽電気
役者絵
負電気
花時計
水道水
多年草
王代物
宿根草
半整数
半音階
自由形
古事記
年代記
受取人
年中組
直線美
光電子
手形帳
店屋物
自由詩
引受人
引当金
取引所
小作農
白雲母
肉用牛
表六玉
水和物
有形物
有体物
行番号
陽電子
軽気球
白雲岩
工具箱
商取引
学会員
生意気
調整池
小作地
帳面面
多数決
原油安
取調室
手紙文
待合室
油絵具
赤花科
家庭着
船大工
緑柱玉
出世頭
向学心
道立校
顔写真
昼顔科
車前科
親近感
酒屋役
緑柱石
金緑石
黒曜石
近親調
間取図
見取図
都立校
風物詩
出身校
内親王
小町糸
名門校
赤電車
後頭葉
切取線
正電気
直定数
自乗根
対州馬
百合族
古物商
物自体
意味合
開集合
板目紙
重力子
消息子
分生子
着道楽
安山岩
先場所
正社員
公倍数
生毛体
金地金
半風子
広目天
学会歌
星取表
平行調
前市長
手切金
仕入書
動作主
水絵具
平面角
有所見
球面角
点取虫
書院番
登山口
二等車
紙風船
手文庫
豆台風
犬追物
多様体
前頭葉
社会悪
人工雪
早見表
引落先
赤間石
仕向先
水面計
申立書
光電池
所作事
立太子
絵日記
出合頭
天守番
前村長
配当落
電力計
出会頭
大東犬
引出物
園遊会
人待顔
上手物
工作買
手荷物
絵草紙
肉体美
午後休
定小屋
出小作
代理母
植物油
金切声
先先代
庭木戸
仕入帳
前会長
新体詩
電算紙
短水路
自身番
人国記
午前休
多国間
指定休
動力学
遠山里
切手代
丁子油
火打石
豆板銀
豆電球
豆名月
角度計
石切場
船着場
馬力船
反陽子
赤色土
暗赤色
年月数
木目調
勝負所
鉄面皮
鉄雲母
五線紙
文科相
学部長
業界紙
正会員
鳥羽絵
体重計
根出葉
出放題
回路計
真空計
前部長
風速計
波長計
高度計
歩数計
引立役
体温計
光度計
苦肉計
晴雨計
反間計
流速計
球面計
雲高計
風向計
明天子
速度計
温度計
上級相
近点年
主力組
自作農
用水路
水温計
心字池
古筆切
赤玉土
二刀流
夏期休
一刀流
局長級
鳴物入
見立絵
絵手本
門外漢
大首絵
木戸番
聞上手
公家悪
大理石
絵手紙
用水池
動力計
様子見
区役所
絵空事
外反足
公文所
前係長
見放題
鉄平石
内反足
仕放題