加熱式
南十字
指図書
高度紙
何時間
時間帯
数時間
二期作
日本人
年度末
大部屋
日本酒
出場所
流作業
大学校
学校林
日本学
英学校
細川紙
学校医
中学校
一次会
三次会
学校長
学校令
二重丸
世帯主
小文字
神習教
千両箱
差別化
中国人
八百屋
大部分
一等車
一戸建
交通局
会議場
会議所
全住民
全客室
分科会
勉強会
協議会
反省会
同好会
大都会
女子会
学級会
学芸会
役員会
新年会
新登場
昼食会
残念会
理事会
生徒会
町内会
発表会
県人会
研究会
老人会
自治会
茶話会
観月会
試飲会
説明会
赤身肉
連合会
音楽会
大文字
地区労
小学校
数週間
都市化
一等星
日本犬
日本軍
日本食
差不多
洋毛子
無花果
鉄刀木
一等国
副議長
一体化
二等兵
小中学
森林浴
大流行
一時金
日本紙
三角形
文字式
三輪車
区分化
図書館
委員長
流線形
海産物
消火器
起業家
転校生
音楽室
女学校
三十路
中国酒
一輪車
町村長
作業所
都市間
都府県
出入国
前後半
一時期
部屋代
会社法
相部屋
男部屋
兵学校
入出力
投開票
入出金
戦病死
登下校
進入学
集大成
米国人
日本円
上下水
送受信
中国学
大仕事
日本語
半二重
女文字
特別化
今朝方
夜去方
四死球
百合科
八百長
大時代
三和土
数分間
神学校
一等地
一目散
三太夫
八里半
十姉妹
四王天
出来高
法人化
文字色
二輪車
子会社
活動化
仕事人
部分音
紙一重
右左折
好一対
中国米
前後期
国立大
日本馬
人間学
八十路
都市銀
土日曜
一等兵
作業車
不動産
日本茶
文字数
数秒間
生産国
熱湯浴
上下院
中国産
太刀帯
三等地
県議会
転車台
海水浴
足球場
開発学
町議会
一手間
七十路
七夕馬
九十路
二合半
五十路
五重衣
八重歯
六十路
四十物
四十路
百合根
百合油
百足足
動植物
新発意
立法府
日光浴
送配電
不思議
中小学
意固地
英数字
日本刀
二等地
花文字
中山間
青少年
人間業
大学生
中高生
高大生
出入車
四輪車
下手物
飲食料
中長期
短長打
刷毛機
農水産
農林業
長短打
上下流
集出荷
市場化
海空軍
中南部
中全会
国公立
米英軍
大学卒
仕事面
地頭鳥
絵葉書
仕入量
子局器
無一文
下野草
不死身
不見転
京言葉
仕切書
仕切金
仕置人
名女形
土産品
地言葉
大和相
女子仕
屋根面
手間代
村八分
梨子地
沖仲仕
浴衣地
海老天
海老茶
湯文字
無手勝
用部屋
番小屋
目文字
福早生
自小作
茶香服
親父道
角行道
試合場
陸屋根
陸海月
雨合羽
頭羽数
日本兵
昼夜間
治部少
中高速
病害虫
三重苦
売買春
中労委
農工高
風水害
全人代
文理科
中小生
官公労
小中生
高教組
全労協
発受電
陸海軍
消流雪
雨雪量
大高生
中新研
入出荷
入出院
全新研
受発信
石南花
観世音
農園芸
長信銀
長短期
上下階
上工水
中小輪
乗下船
入出国
入出庫
入出所
全交運
公労委
公調委
内外野
出改札
出欠席
初中級
原工試
受発注
商工業
商調協
国漢文
地公労
地労委
外内言
大小寒
大小麦
太平楽
官公立
客貨車
山茶花
山野草
工工四
府省令
府県会
府県商
府県民
府県立
日英語
最長短
歩車道
民労協
水遊泳
治工具
流出入
海陸軍
海陸風
王太子
生卒年
男女子
病虫害
直研連
着上陸
竹麦魚
終始業
自府県
苦楽受
英米法
行行子
西南海
転入学
軽中量
農工業
農漁業
農牧業
農牧産
送受話
送変電
送配水
道府民
遠日点
遠近法
都安例
阪奈和
陸空軍
集分荷
集運材
電事連
養父母
高中年
高冷地
魚虫類
時代色
頭文字
町村議
公取委
半身浴
府議会
思案所
英国人
中国戦
国家間
声明書
生産業
食後酒
時間差
生産力
副代表
口下手
目茶暑
新住所
大人側
十六夜
文化祭
親会社
右中間
利用駅
国家法
計画書
文書化
作業場
無人化
出来事
会社令
空部屋
都市部
親文字
大学祭
同部屋
一定量
雪花菜
横文字
大先生
人間界
黄金虫
観音水
代表戦
大学院
出来秋
商店法
八角形
外国人
南北朝
黄金色
話言葉
風積土
仕事着
府県連
土産物
会社員
力仕事
手仕事
区画化
小切手
酒問屋
秋冬物
出来心
手土産
海岸線
夜見世
米問屋
花言葉
落葉松
角力取
土産話
岩清水
月夜見
水水母
仕入先
仲見世
夏秋草
小太刀
川原石
庭仕事
波止場
着心地
顔見世
上達部
下仕事
不知火
丸屋根
乗心地
人心地
今言葉
仕事命
仕事歌
仕出屋
仕方話
仕様事
仕立屋
仕立物
仕置場
入母屋
兵児帯
兵子帯
円屋根
出打着
出来合
出来星
出来物
出来立
切手牛
切見世
初太刀
初時雨
初見世
助太刀
勝手口
勝手場
口言葉
合言葉
問屋場
問屋組
国言葉
土仕事
土負貝
塩問屋
塩水雲
塩部屋
売言葉
外仕事
外様組
大人色
大原女
大和歌
大時化
太刀先
太刀取
太刀持
太刀風
太刀魚
女言葉
女部屋
子山羊
子百足
孫息子
安知女
家刀自
寺息子
小山羊
小母手
小母顔
小羽根
小豆梨
小豆氷
小豆色
小賀玉
小間物
少女子
局主人
屋形船
屋根屋
屋根岩
屋根船
屋根雪
山仕事
山百合
山羊皮
岩田帯
島百合
島言葉
川時鳥
川水雲
川海老
巣部屋
帯曲輪
平屋根
広小路
広屋根
広目屋
徒歩人
悪香虫
愛少女
手弱女
手水場
打太刀
指言葉
数言葉
日不見
日向側
日向水
日和見
日和風
早言葉
明日葉
春夏物
春時雨
木太刀
末息子
村時雨
板屋根
板羽根
果物畑
果物皿
案山子
梅雨寒
梅雨晴
梅雨空
梅雨雲
横徳利
横羽目
歌言葉
母刀自
母山羊
水仕事
水刷毛
水無月
氷小豆
油問屋
波戸場
泣黒子
注連縄
流行児
浅黄色
海人草
海松貝
海百合
海羊歯
海老味
海老根
海老足
炭問屋
焼太刀
犬四手
玉海老
田平子
男言葉
町小路
町言葉
白南風
白小豆
白山羊
白帯下
白生地
白飛白
白魚子
真鹿児
矢羽根
矢飛白
石子路
石屋戸
石水母
石清水
石首魚
神無月
秋日和
空梅雨
立女形
章魚足
童言葉
竹小豆
糸問屋
細太刀
細石岩
細石石
組太刀
羊歯油
美人局
美豆良
羽二重
羽根車
耳心地
草屋根
薬問屋
虫時雨
虫部屋
西曲輪
見世物
親父顔
角部屋
言葉屋
言葉数
谷空木
赤四手
赤太刀
赤小豆
赤屋根
赤母衣
赤水母
赤海老
赤百合
赤目魚
走梅雨
走野老
身言葉
車海老
輪奈結
輪注連
追羽根
部屋住
部屋係
部屋子
部屋数
部屋着
酒徳利
里言葉
野太刀
野山羊
野次馬
野良犬
野良着
間仕切
青二才
青屋根
青東風
青香虫
青鹿毛
面白味
面白話
馬刀葉
馬刀貝
高島田
鳥問屋
鹿子菜
鹿毛皮
黄味色
黄母衣
黄花菜
黒子男
黒小豆
黒山羊
黒母衣
黒百合
黒鹿毛
大葉子
大角豆
車前草
船問屋
実用化
中学生
菜種子
開発課
区間車
人類学
作業服
大人顔
代表選
中高年
記録所
高級車
都会人
部品化
中学卒
中国紙
五倍子
開発力
村議会
作業機
流行歌
三行半
五角形
回転草
地下鉄
教育大
自動車
自治労
自転車
観音竹
観音草
世利売
行動化
真章魚
言語学
文化街
洋画家
生産品
米国風
競売法
道中差
自然人
市議会
差別語
水産学
東都遊
火口湖
事業化
議運委
秋刀魚
流通学
計画力
不出場
代表作
地方風
農学校
新会社
工作所
作業代
出目金
弟切草
馬鹿貝
未通女
副学長
都議会
全日本
目的語
商品化
高等官
白文字
流行色
不生産
時間数
公労協
公労法
公選法
国大協
大山木
大風子
安近短
正反合
真行草
落花生
道交法
道府県
洋学校
分類学
人間力
化学車
早少女
前次長
相談所
西海岸
代取印
音楽学
無人駅
副音声
真田虫
黒文字
画一化
女子大
世界化
公有化
左中間
部門長
大所帯
議定書
白木耳
案内人
細分化
大学令
一身上
登記所
中国化
学問所
教習所
配送所
地方病
作業船
三味線
小学生
相手方
米国産
化学式
固定化
流行語
教科目
持続化
成人病
野生化
十石犬
流動化
分節化
外注化
協業化
実写化
直交化
日本間
作業料
千代紙
小学卒
副首相
中国語
五十音
一安心
文理学
理化学
生産物
試合玉
相手側
海水湖
時間表
商品学
外国官
外国風
商店街
人文字
自然学
外国法
外国米
門下生
代表曲
寺小屋
月光浴
二口虫
発生学
地方銀
人民元
成人式
手足浴
利用代
連合国
京都風
作業員
中学年
成人力
安定化
英語学
時代物
化学科
千石船
注文書
国民化
自然児
音声学
単一化
進学校
小間使
母子草
満天星
工業化
最終章
中心街
地方隊
新人類
副大臣
委員会
勉強家
米国戦
流通業
卒業式
水産業
三角州
七変化
中心線
大学路
文法化
短期間
外国産
自然法
共同店
外科学
卒業生
畑仕事
開発部
地方選
大日本
社会人
数種類
自国産
事業課
音楽祭
一等親
三交代
中医薬
代用品
休日数
光学式
分類法
卒業月
印字器
四重唱
実用品
所帯主
所有主
最重要
月下香
県交通
給料表
自負心
調理人
高積雲
角細工
音楽家
都区部
旅客車
文学館
強化米
東海岸
集中力
高等科
長期間
化学品
四半期
無声化
公用化
今月末
試験官
生活学
中心力
意見書
卒業年
天文学
活動家
副社長
同区間
市役所
内陸湖
副都心
特別法
作品集
青写真
利用料
教育学
大谷石
大宮人
事業家
自然食
利用客
合成酒
出品酒
文章法
中学部
社会化
音楽界
森林官
労調法
飲食店
回転灯
生物学
人間道
前夜祭
森林法
実体鏡
意気地
有界化
小部屋
音楽隊
住所地
東洋学
数学科
新成人
実体化
料理酒
大入道
金光教
作業量
地方紙
国連軍
機関車
生理学
一本気
文法学
調理酒
野球界
明文化
不勉強
使用人
入力法
一本化
音楽科
顔文字
地方色
地上駅
二重線
公開法
言語力
茶屋酒
会計学
司令官
道路法
火山湖
短歌化
反発力
教育書
大人心
計算書
英国産
入院代
無計画
正面図
連立法
表記法
自然石
愛国心
東洋風
通信国
用品店
次元界
出世魚
大神宮
自然界
産業学
副読本
高度化
大家族
市民法
最終戦
発電所
区間新
産業省
軍用車
不調法
旅行業
飲食業
大自然
出場給
年金課
文章家
案内員
白紙化
反対語
社会学
金市場
古文書
南日本
関係式
新商品
人文学
外国語
労働法
新方式
実験所
森林帯
馬鹿力
中心位
内面化
未来学
今週末
副主席
高級紙
指文字
文字列
会計法
不自然
観光学
原生代
漢数字
天理教
代数学
大分類
大回転
活字本
不細工
人間味
外出血
住所録
南西風
事業所
利用票
料理学
運動学
陸上戦
下町風
選挙法
黒字化
生字引
目的地
希望学
学習学
分光学
新世界
失敗学
国民車
天文家
文字種
種類物
上海風
発声学
美食学
大陸法
分岐学
積分学
不安定
医学所
夏時間
小細工
清算所
養生所
大使館
来場所
給油所
外国紙
配電所
小学部
月例会
死産児
英語科
機関室
小道具
文明化
多角化
多様化
集合物
文字絵
絵文字
管理官
仕事先
社会法
旅行家
林産学
法学科
会議室
無気味
生産量
大森林
森林戦
無用心
米国化
広島風
今時分
事実上
医学館
野生児
最新作
野球力
北日本
文学界
生活力
学園祭
借家法
早産児
音楽部
乗車駅
人工湖
病院船
最終作
計算式
実用車
運用法
有害化
活発化
自由化
手工業
使用代
高速化
計算力
共和国
出場校
旅商人
放送法
実体法
先週末
不夜城
計量学
不文法
水不足
自国民
説明書
通信業
表街道
反対色
新聞学
都市美
期間工
水上戦
地上戦
大人数
調整法
図書室
熱化学
有期間
自然長
小切子
丁子草
七面鳥
三七草
三体詩
不用品
不競法
中央口
乗下車
九官鳥
九輪草
二重唱
五味子
五葉草
体育園
使君子
先日付
入会地
公安委
内内定
前前回
前前月
動物相
医科学
千石豆
千金草
半夏草
半日花
南京虫
南京豆
南氷洋
合田草
合見積
和大黄
和漢洋
和田草
四国麦
四季鳥
四角豆
国対委
売気配
夏灯台
大中小
大司農
大司馬
大心菜
大王松
太文字
太陽鳥
女奈太
学教法
学用品
実父母
家労法
宿日直
寒山竹
小千鳥
小松菜
小白鳥
山東菜
岩苦菜
川八目
意地悪
指定月
日日草
日輪草
早合点
明治草
時計草
月長石
木工芸
栃内草
根切虫
梅毛虫
梅花貝
業平竹
極楽鳥
機種変
死番虫
気送管
水銀鳥
決明子
法親王
灯台草
照葉木
熱帯鳥
犬小屋
玉羊歯
生食水
産育休
田字草
田村草
病医院
白丁花
白南天
相思草
相思鳥
福徳草
福神草
秋分草
筆頭菜
節分草
糸球体
紙八手
美人草
群青色
自分事
花勝見
花大根
草連玉
菜種菜
衣食住
西洋梨
買気配
買言葉
賀正草
車百合
車輪梅
軽種馬
連理草
運動場
遠近子
野大根
野良豆
金時豆
金糸梅
金銀草
金魚草
鉄工所
鉄線草
鉄道草
長丁場
陸海空
雲切草
電信草
風船虫
風輪草
香雨鳥
馬追虫
高年法
高調子
鹿鳴草
安全学
引用法
新入生
連合軍
方面隊
決死隊
目的物
外科室
長方形
正当化
都市鳥
平方数
無作法
無害化
寒冷化
相続法
銀行法
発声法
部次長
登記法
強行法
思考法
単行法
対照法
清算米
問答法
市当局
弱体化
改作法
消去法
積算法
先月末
黄変米
愛読書
内科学
事業部
旅客機
栄養物
野球部
両方向
合意書
地方馬
多言語
公用車
工場法
四川風
決算書
生物界
行動力
古代湖
戦勝国
機関長
発注書
選定書
要望書
通知書
上申書
入門書
内申書
必読書
指南書
特定国
栄養分
有名人
学年末
産出国
敗戦国
文学科
後進国
実行教
自然金
四角形
工学部
始末書
理想化
交戦国
十字軍
文章語
公立大
下車駅
副町長
回転機
機関紙
四国犬
会計課
新生児
大発生
未開発
生活科
自然死
代議員
六観音
形式上
短時間
国文学
健康酒
大阪風
料理店
医学生
同意書
長上下
労働力
英語力
外科医
新生面
産業祭
軍用犬
英文学
昼食代
新発見
見物人
近地点
定着物
自然体
特約店
直売店
高飛車
食前酒
地学科
変化形
参考書
地形学
新入学
教育家
原始林
国民軍
関東軍
合法化
代理店
有声化
細工品
汽水湖
計量法
通信科
不出馬
季節品
女子高
国民科
半夏生
本部長
女子力
県知事
指定年
中古車
大発見
前年分
農学部
兵法家
中道化
長時間
開発元
副所長
生活線
字体表
機関部
不用心
工作車
文章力
無生物
通信局
一昼夜
安定感
人民服
使用料
学芸大
自動化
考課表
発電力
東北学
高校生
加工業
席次表
管理課
神通力
記号学
国民服
労働省
副園長
土佐犬
地下駅
家族数
合同式
高等部
学生服
仲人口
法学部
選挙戦
実験式
平和学
産業界
決定力
自然数
記念祭
記念館
陸上部
合成力
親言語
三角波
管理業
大道具
国内城
軍用金
一元化
代行業
高校卒
学習館
軽音楽
新生活
管理力
六角形
古文学
中心地
昼夜帯
公用人
銀行家
生命線
交流戦
国文法
民主化
電子化
副校長
形成力
感覚力
外食業
着陸帯
日数分
止血帯
底意地
試作品
好材料
新教育
会計科
記名式
工業所
多世帯
観光業
英文法
育成課
司法官
国内法
流動食
多方向
鉄道駅
放送業
登山家
貨物駅
世話物
年前半
新大陸
司法法
指定医
鼻音化
入浴車
天文台
兄弟分
絵本館
作業着
配送法
工業国
実行力
会社印
出発駅
新分野
大集合
周辺帯
下宿人
小説化
共通語
男所帯
感化院
交代式
歌合戦
残時間
研究生
訓練生
連結車
実社会
投手戦
来月末
入園式
卒園式
始業式
実物大
終業式
組成式
起工式
進水式
道議会
発言力
外国馬
育成力
軍事化
注意力
教育令
空元気
競争力
売春業
大公開
共感力
空運業
試験車
運送業
配送業
回送業
取材力
一直線
公法人
新記録
思考力
転向力
学園長
府知事
発想力
空想力
親和力
歌唱力
集客力
中年期
工作室
相場書
給水車
代理業
配本車
対向車
指南車
教習車
散水車
配給車
実習生
銀行業
回送車
植木屋
物理学
受験生
市街化
行列式
副食物
神学生
練習生
苦学生
教習生
特待生
落第生
転入生
文学部
全国一
省力化
案内役
大量死
運動戦
直流形
感動作
特別車
生命力
分水界
副理事
社会科
協力隊
帰着駅
相手先
理工学
六神通
昨年末
作曲法
成年式
本会議
国会法
民族化
短大卒
人文科
上陸戦
天文部
女生徒
流灯会
投石戦
具体化
文学書
安全帯
乗用車
実験室
成長線
飲食物
相続分
交通省
着陸灯
公用語
多次元
進入灯
前期末
放電灯
未入力
国立校
工事代
次月末
昼行灯
様式化
初期化
国内産
観光科
開始年
文庫本
真四角
七福神
貨物車
安定期
管理局
火食鳥
行商人
新弟子
差集合
土木科
休養林
分子式
産業医
合理化
魚市場
朝活動
回帰年
風雲児
帰国年
馬鹿面
旅客船
研究科
電話局
回帰月
文明病
放送室
研究家
計算法
小気味
運動家
研究室
飲食代
大陸国
地球人
養老院
好人物
漢文法
一筆書
開業医
島四国
記者室
放送局
直観科
海洋学
飛道具
薬物学
未分化
水兵服
自部門
計算月
不人気
好機会
愛好家
努力家
美食家
近代化
実習室
節約家
動物化
調理室
空想家
作画家
作詩家
商業学
多読家
歌唱家
電話線
官文書
変光星
談話室
休養室
試着室
給湯室
自習室
副教材
低次元
好男子
発動機
加工品
読書家
印刷局
軽量化
天元戦
死場所
長期化
不美人
売春街
分類表
固形物
送信機
薬局方
地元学
本土化
無意味
君子人
星月夜
海洋国
筆頭人
月世界
安全灯
新所帯
同期生
加工紙
五大湖
選挙人
不成立
外語大
少年法
奈良学
火山学
終電車
研究医
塩化鉄
身体上
最小化
医学科
助成金
部局長
雪景色
船員法
野生犬
重化学
新感覚
軍事学
家族観
使役犬
司令部
計算機
徒競走
給付金
部課長
鉄道業
代用食
大勝利
回帰線
十字路
合成紙
給電線
送電線
配電線
文庫化
中等部
不連続
町火消
不健康
半母音
自然観
問題化
当直医
心理学
青天井
熱機関
事業場
無関係
地球化
児童館
野球場
下級位
全体量
公会議
四天王
法定休
薬事法
通信機
開始月
万灯会
初場所
法医学
世界新
和楽器
回転体
中古品
児童学
海草類
出世作
仕事場
軍楽隊
大八車
投手力
時計学
南西部
打物業
最小数
名字化
長崎学
中立国
横回転
水産物
長電話
使用量
民族学
書記官
農業家
高土間
人種化
生化学
大成功
管理人
記念品
乗車代
右心室
代行人
運転手
大発会
新発売
通信路
変動帯
水戸学
成功金
小意気
工事料
無愛想
新思考
真人間
不満足
商工課
自働化
初体験
地下室
器量人
古書店
三遊間
古道学
世界観
都心部
実生活
協力金
多方面
大商人
鉄道林
配当金
工場長
水中戦
試験紙
白地図
高学年
海兵隊
右手首
周辺国
名勝負
不参加
多角形
地下街
活用力
発行人
調整金
当選金
真昼間
植林紙
追加料
医科大
受信人
発光紙
線形化
写真店
感光紙
転写紙
局所化
代八車
男子力
早生児
世話場
洋食化
最終便
予約金
理想家
辞書学
通行人
世話人
関係図
塩化金
大予言
活動量
料理人
出入口
交付金
配分金
美女学
連合体
大王戦
国鉄色
登山部
小売店
量子化
分配金
加算金
持参金
登極令
前借金
老人学
着火材
側用人
旅行客
国語学
商売人
管理下
民族間
副知事
大気差
調理場
記事化
進出色
実験台
多人数
天王戦
不登校
国有化
手作業
機械化
相続人
初安打
集金人
書道家
共産化
清算人
後見人
神話化
配達人
運送人
集配人
国民歌
左前打
平面鏡
内服薬
共同体
発起人
等身大
海中戦
大便酒
無料化
地上波
外交上
農工大
代言人
望遠鏡
代理人
動物学
球面鏡
人参酒
内言語
最高級
高周波
薬用酒
集合族
大親友
法典化
特別料
薬味酒
全国紙
内科医
多重化
海軍力
転出民
原住民
転入民
遊牧民
副参事
直方形
雪合戦
小手先
話題化
理科大
有料化
果実酒
無関心
試合球
主人公
軍用船
定式化
川崎病
生命表
理事官
道路族
母国語
不注意
漁業法
標本化
多極化
少子化
不戦勝
初勝利
問答集
時間給
対角化
不特定
短命化
固形化
暗号化
不活化
共進化
分極化
小子化
有理化
正典化
産科学
高金利
対戦国
不消化
不調和
不整合
不養生
不信心
不起立
不整地
人力車
女体化
合成語
予想紙
強行軍
火薬学
用語集
薬学科
空中戦
出生地
入場料
計算器
方言学
発電機
牧場長
重母音
不始末
都知事
分社化
周波数
地図学
中間色
学生街
大百科
大明神
美人画
助産院
新聞紙
通学先
参考人
試験台
点火薬
小役人
駅馬車
先発薬
前線面
学協会
歯学科
三連休
二等親
二等辺
作動薬
茶道具
自立語
不気味
管理部
進水台
三原色
三等親
三角柱
写真家
医薬品
銀行員
人生観
天王星
小正月
労働歌
工作物
老年学
町道場
学院生
不同意
機動戦
競馬法
空間群
都合学
本場所
競争法
公文書
飲料品
国内線
周辺部
書道界
先先月
博物館
地元産
算定法
記入法
中高校
発想法
算出法
配達法
歌唱法
死生学
千秋楽
文章体
中世代
少年院
丸数字
楽天家
氷点下
英単語
玉案下
機動隊
一神教
百貨店
不風流
博物学
未来図
本人分
決算月
植物学
新世代
飛行機
作曲家
医大生
三者間
医学部
農作業
人事官
風土病
電話機
地理学
放送部
人種学
薬理学
省人化
初当選
新人戦
分数式
塩水湖
文芸学
空手形
口語法
不用意
不公平
副課長
知行所
人一倍
書店員
自動式
協和音
考古学
加入月
人員表
体験会
通信社
運動部
大業物
民間学
借用語
転成語
光化学
国土法
対数表
木工作
電気業
中央線
表面化
乗馬服
例外法
文明国
不足分
受信機
土産屋
問題児
自然銀
英会話
医学書
医大卒
近点月
小売業
知行国
西洋化
商法学
学習材
写真業
暗緑色
合唱部
水泳部
主管部
不作法
海水魚
遊園地
小径車
英作文
発熱材
集成材
固着材
法改正
行進曲
化合物
古代学
主計官
緑黄色
山小屋
決議案
竹夫人
景観法
天南星
本調子
加速器
練習曲
教科書
生一本
合唱曲
民法学
町長選
高分子
悪材料
印刷機
通信料
焼死体
大人化
同意語
発信機
電話帳
画用紙
練習機
名人戦
印字機
始動機
小説家
待機機
改札機
植字機
給湯機
給炭機
起毛機
集材機
細工所
火山帯
無風流
科学省
交通路
法科学
選挙会
言語野
出水管
公民館
前口上
参加代
満足感
電気灯
原動力
銀世界
兄弟子
分国法
式次第
教養学
英文科
完全米
君子国
太陽風
出血熱
教育長
神話学
魚類学
体育館
要入力
記念物
空中線
門弟子
高調波
井戸車
最前線
浅草紙
放水路
無利子
地名学
参院選
古道具
生世話
口上人
自然光
伝送路
体育学
塩化物
送水路
電話代
小便器
回転子
印刷物
放生会
特定物
終着駅
炭化物
交流会
科学科
親馬鹿
入学式
理工科
栄養学
配達物
小発作
送付物
開会式
場所代
農業国
公使館
町役人
鳥類学
生薬学
商業界
原体験
公約数
代用魚
大多数
水族館
民芸館
竹細工
学習帳
筆記帳
交差位
口上手
管楽器
気候学
代書人
交通死
園芸学
水文学
目録学
人相学
育種学
出荷物
顔面学
病理学
家具店
岩石学
勇者学
博言学
地文学
変分学
旗章学
本草学
水理学
算命学
美辞学
薬力学
血清学
観相学
金相学
陸水学
雪氷学
食塩水
代表印
始生代
単行本
秋田犬
人事課
書記局
無調法
低学年
通行代
電子戦
電気科
小料理
東西屋
生命体
分隊長
漢文学
全自動
通産相
人類愛
人物画
課題曲
銀白色
出産代
鏡文字
公式戦
社会面
始発駅
役不足
都大路
生兵法
作成代
好青年
未成年
失血死
残業代
電波法
町役場
鉄道員
耳学問
平行線
外交官
不良品
通信員
小具足
通院代
給油代
運送代
沖縄学
仕事量
公用文
工作船
無感覚
関係先
進軍歌
東国風
全画面
電気街
初対面
実業家
南京玉
漢字力
原動機
工作図
天才児
女学園
特別給
感覚器
全社員
参加数
初生児
同級生
薬学部
集合体
低周波
安心感
原産国
運動会
高山病
一口話
古典風
海洋科
首長法
活字体
初会合
前首相
多島海
銀馬車
新天地
無配当
算定式
算出式
自走式
開院式
電子科
夜会服
市街戦
声明文
内陸国
心理戦
道具屋
受信器
下級生
歯学部
選考会
電気線
愛好会
新小説
機動力
左官科
競走馬
出走馬
向上心
練習会
運動野
帯同馬
祝賀会
試写会
送別会
副市長
無投票
長打力
商用車
定員法
実定法
無試験
旅行記
運動器
低反発
両成敗
原作力
本様式
農地法
進行波
西洋館
同期機
海外給
連結器
会議録
有機米
歩行器
屋台店
調整器
左手首
玉手箱
司書官
工業地
力不足
無自覚
無記入
商学部
見聞録
実体験
実労働
筆記具
参事官
折紙付
西洋学
飛行船
中前打
夏場所
当世風
終身官
分光器
大民族
民部官
愛弟子
調理器
不面目
未来形
来年末
日曜紙
極地法
好景気
発信器
未発表
消化器
分配器
多年生
村役人
加算器
共鳴器
加熱器
発光器
乗算器
変成器
感知器
投石器
整流器
積分器
節電器
給湯器
足温器
送話器
国連旗
決勝打
商標法
印紙法
北西部
関連法
公立高
命数法
和議法
地公法
対位法
指話法
正書法
海商法
熱帯林
記数法
高山帯
成文法
自由国
先住民
買問屋
流星雨
神道家
参加料
民活法
一大事
変節漢
食肉類
期待族
車内灯
功労金
地形図
中古船
洋品店
実業界
決算期
石竹色
代行料
大夫元
変動月
多面体
明細書
月単位
朝食付
赤信号
青信号
黄信号
参考式
極悪人
無声音
幸運児
関係調
橋本病
交通船
新卒生
新生代
自民族
万葉集
地中熱
食生活
魚貝類
空約束
連合野
気化器
小麦色
遊歩道
病弱児
電子線
食肉店
助変数
部活動
送信先
村役場
姉妹店
大食漢
後頭部
生活給
命令形
温度風
送風機
陽明学
府立高
着火点
組合法
進化形
給水船
連用形
練習船
国外産
次世代
活用語
着陸船
発行料
共感覚
進行形
身代金
多神教
入浴料
原油高
天主教
実語教
路面店
地下水
工作員
新様式
達成感
散歩道
終止形
受信料
主力車
作用点
動物界
工芸家
手不足
相関図
観光客
単板類
球根類
多毛類
根菜類
両生類
円口類
参議院
地衣類
希土類
果菜類
無足類
線虫類
花虫類
葉菜類
電力所
頭足類
食虫類
配線図
乗車便
未計算
白米病
文具店
通行料
世話料
全国初
書道部
植物帯
教育相
不完全
王室歌
東大卒
売上高
屋体店
海上戦
川上犬
文芸家
通話料
作成料
石材店
国民兵
月行事
夏神楽
未知語
七曜星
九曜星
調整分
飲料水
試験料
飛行場
不動点
古生物
生花店
茶道家
前大臣
機材車
太陽年
栄養食
無一物
書記長
計量器
受験料
有機体
着陸料
調味料
月面車
入港料
入館料
学問料
入漁料
運送料
不必要
声楽家
西洋風
固定客
大好物
新人会
土産店
公害病
不親切
関東馬
長期戦
工学科
出向料
電器店
五輪相
共通点
原子病
安全器
姉妹車
口径食
実年数
全真教
女子校
実業科
季節風
黄熱病
予定表
管理表
副村長
料理長
軽工業
外交家
新字体
暗黒界
取引法
決議文
無気力
地理院
前半期
不自由
給食員
一家言
主計局
初等部
単語帳
相談員
博多帯
未指定
国語科
新教徒
事業主
農民車
配水場
先天病
乗船場
季節病
草野球
金満病
血友病
雪上車
医原病
歯周病
黒死病
写真集
学生歌
試験場
合計表
黄金数
山水画
運転席
計算手
予想図
水運車
内弟子
新聞屋
受験場
原画家
決勝戦
石炭車
練習場
開放感
写真部
新社屋
計算量
競走場
水泳場
大車輪
安置場
放牧場
集荷場
本年分
地元紙
気動車
炭水車
土運車
投光車
活魚車
特命車
社用車
自行車
通風車
金馬車
放送員
着色料
空相場
全紙面
好事家
植物界
新聞種
色立体
機内食
体育祭
大物車
感覚点
初一念
客商売
研究員
入学金
家庭科
県立高
運動員
小旅行
下世話
出発点
一昨年
写真機
地下道
反省文
連帯感
失望感
自治法
円運動
静止画
愛犬家
通用門
老大家
友好国
軍事力
新古車
内国産
中二階
理事国
緑地帯
英字紙
横兵庫
白色金
口上書
女官長
前法相
回転角
後続便
調理員
春節祭
小夜曲
集計表
植生帯
集金員
形成体
試算表
赤道祭
軍旗祭
参照表
口約束
配達員
照合表
算定表
通知表
対照表
二流紙
出走表
園芸家
定期金
弓道家
人工林
思想家
文筆家
気候帯
落語家
育種家
無風帯
社交家
野心家
低木帯
前外相
器楽家
平方和
事相家
作庭家
名望家
国文科
売文家
好角家
愛書家
書法家
漁色家
男色家
発毛家
知日家
記念章
短波帯
丁字帯
不感帯
中波帯
次画面
順位戦
黄道帯
万国博
前社長
変化球
理事長
天上界
下相談
調整点
地元民
科学部
側面積
最下位
大本願
洋式化
国産化
加工糸
新開地
大気波
水平面
研究所
訓練所
下水道
地電流
新平民
学芸員
注意点
副会長
陸軍力
天気図
無力感
期待感
空売買
弟弟子
時計台
熱帯魚
気苦労
不景気
改正点
海運業
不正直
不要品
交差点
生長点
発火点
集積点
夕食代
機械機
給金付
分岐点
引火点
落第点
起算点
大事典
重工業
赤外線
会話体
下宿屋
投票所
入社年
女道楽
未完成
協同体
貨物船
定例会
後始末
印刷所
外用薬
朝残業
公用物
参事院
本通夜
体外式
給水所
百面相
練習所
中隊長
合宿所
工芸科
学院長
投機家
代数式
生成熱
筆記体
加入員
料金表
開村式
単勝式
単発式
始球式
市立高
観兵式
暗黒街
未達成
流動体
好都合
変形体
多角柱
発光体
家庭医
日中戦
重合体
労働量
説明文
追分節
中級位
本年調
理学科
社員数
陸運業
海運局
水運業
倉庫業
空取引
旅館代
不定期
鉄工業
区長選
信号灯
動物園
土建業
大天使
青果業
主夫業
前景気
生花業
産科医
内大臣
感想戦
不器量
両国間
自然美
未決定
声楽科
深海魚
実相界
大音量
会話文
上気道
井戸水
手羽元
深夜業
回帰熱
定番曲
社交界
作用量
軽合金
日台戦
観察使
回教徒
大司教
老人力
外野手
前局長
分子量
手数料
引用文
馬小屋
全天候
局地戦
道具箱
国有林
高山国
有気音
立体図
最強戦
人工語
大全集
相談先
陸運局
切口上
大寒波
大辞典
野鳥園
写生文
発令文
大内記
話半分
国手戦
新馬戦
早明戦
白兵戦
雪中戦
海水温
平方根
指定校
原材料
天然林
声音学
不足金
安楽死
時間休
気化熱
最大手
水銀灯
市立大
議院法
集魚灯
照空灯
空手家
走馬灯
農作物
便衣隊
漢方医
入力例
急病人
発頭人
行旅人
未知数
特別席
車両長
後生楽
未発行
外出先
水商売
電位差
児童書
原生林
光行差
知事選
牛小屋
機械科
問題作
活用形
内野手
路側帯
未実行
新石器
新建材
沖縄戦
道産子
少年期
福建風
青年期
未発給
体育科
少人数
日用品
未回答
機械室
分流器
植民地
作成先
紙細工
食養生
電気代
全速力
功労馬
少国民
不合理
東商戦
直行先
固定給
電王戦
未登録
入手先
白血病
未受験
植物園
参照先
未清算
未算定
未記入
発送先
転出先
配付先
花電車
返送先
送付先
送金先
配送先
区議選
全音階
取引業
多重星
所番地
受験票
園芸科
農水族
自公民
大火事
耳鼻科
無農薬
理数科
病理科
光通信
出向先
手当金
無失点
工芸品
同心円
夕飯代
年後半
水茶屋
行事所
電車代
表面積
遠心力
小火器
全体図
漢文力
二極化
地平線
手入力
前役員
人事部
上下動
無利息
十手人
海王星
朝食代
副頭取
重役室
写字室
無重力
位置覚
無定形
無理数
直行便
無定見
必勝法
外来語
長屋門
食事代
公立小
機動船
青海原
直通便
研究心
女学生
時短法
機械語
売手形
林産物
入管法
活社会
四川飯
立体感
特例法
正教員
商売気
立体画
沖積世
始新世
完新世
底気味
特飲街
中新世
信号所
理科室
食人種
君主国
未加入
選挙屋
暗黒色
美少女
交通量
作成元
出身国
日記帳
自由科
通行量
道立高
不健全
運動量
競争心
医化学
相当数
広東語
明後年
公有地
土用波
生放送
追求心
食料品
参照元
首長国
手続法
転出元
家庭薬
道具方
共有地
最年長
養親子
五輪旗
出発地
小天地
取水量
縄文犬
牧羊犬
秋場所
歯科医
出向元
練習量
刷毛目
産出量
発熱量
共産国
書札礼
人気順
対角線
重電機
観光地
反意語
類音語
不道徳
子午線
放物線
星雲線
等深線
陽極線
等高線
前室長
回想録
伝習録
速記録
手形法
名店街
食事会
人面犬
親日国
当番医
都立高
回転計
問題集
実験校
主治医
病理医
発火石
特産品
関西馬
洋数字
話題作
変電所
公事所
公議所
冷暗所
自主国
求心力
出荷量
生返事
半人足
衣料品
中切歯
不都合
家電品
表題作
副部長
水平角
生活苦
空手着
定期代
次回作
正反対
先進国
標題作
野心作
予算案
多毛作
会心作
学位令
試運転
器楽曲
法治国
夜想曲
試験地
仕事給
当事国
電子波
目玉焼
産油国
代行屋
野草園
歌祭文
気分屋
受験地
配水管
集散地
入植地
帰着地
古本屋
正方形
司祭品
相当算
首長令
入社月
長命草
初打席
客室料
教養人
単安定
鳥小屋
下級紙
明太子
阪神間
漢方薬
試験管
冷水器
写真屋
理学部
後発品
重戦車
同分母
種種相
原子力
消化管
給水管
茶道部
連隊長
主教品
大隊長
小隊長
水線長
漁労長
鼻下長
完形品
民芸品
点灯管
戦利品
整流管
火工品
紙工品
送気管
面目玉
直線形
日数計
児童期
教区長
完全数
公共心
明細表
大広間
空軍力
最多数
風信子
同音語
国産米
戦時下
楽天観
側面図
公定力
長大息
地理書
木炭紙
印画紙
標題紙
食連星
真実味
熱電子
外字紙
感熱紙
羊皮紙
薬包紙
大目付
料理屋
水平線
区長会
新古品
下半身
公信力
前女王
起電力
作中作
色指数
民間薬
苦労人
男子校
固定子
小売商
調度品
荷物車
自由業
小馬鹿
天然色
内出血
教会法
整流子
等化子
変成岩
小休止
寒帯魚
望遠魚
寒水魚
汽水魚
遠海魚
多聞天
多面角
六方焼
原画集
具足屋
運送屋
有声音
日配品
大和心
合気道
後日談
水時計
下手人
人面魚
夕月夜
便利屋
朝食料
教養部
予選会
外交員
光子力
正教会
満州語
重量感
主観色
物理量
静力学
漢文典
不時着
兵科色
昼光色
社内便
借入金
公教育
問屋街
小児科
金相場
信号機
明清楽
火田民
和漢薬
神楽歌
課田法
中間子
親族会
小動物
親類書
不本意
立方体
外野席
同年代
小作料
帰休兵
柱時計
名言集
文例集
体育会
南半球
最大数
弓道部
来週末
原産地
手芸部
相談役
室内灯
軍令部
小市民
残日数
議事所
不品行
勝負事
不世出
不等号
不等式
箱馬車
不戦敗
進行係
有理式
父兄会
量子数
九谷焼
打席数
番外地
短期戦
部落民
一転機
主戦場
大目玉
電気量
心意気
円相場
電信機
水道業
後発薬
電動機
台所犬
学友会
上水道
結合角
春場所
化工機
副局長
単葉機
合糸機
調速機
起重機
通風機
小協商
理由書
土佐節
明朝体
予想屋
区議会
家伝薬
点鼻薬
辞令書
内野席
意向書
工具書
県議選
光重合
光量子
福音書
深夜族
世話役
知行役
金本位
定員数
先着順
市長選
乗組員
文教族
変動給
置土産
男友達
国産車
銀時計
分教場
前町長
後見役
南洋材
指南役
申入書
仲間達
高速道
不具合
先高観
有休数
有給数
老年期
定足数
年休数
有理数
配位数
花伝書
健康体
今様色
組合員
入道雲
有機材
王位戦
意味深
和歌集
西半球
松葉色
正月屋
楽天地
流星群
直方体
電力量
青道心
定期便
阪神戦
北洋材
辞書形
電線路
手道具
単位円
東半球
植生図
平面図
大番組
左心室
主題図
平土間
白頭花
自治州
短日月
糸切歯
心電図
立面図
葉茶屋
代理商
口語文
古戦場
風土記
北半球
陸半球
室内犬
商業地
定数歌
上半身
小野路
口入屋
寺子屋
花札屋
花板屋
右足首
金雲母
町村会
横様式
前所長
思春期
白血球
無言歌
入社式
愛国歌
電子管
仕入元
無化調
家具屋
円関数
太夫元
百物語
自力門
農水相
前照灯
指定席
丁字路
不十分
先安観
利息算
身柱元
前画面
黄緑色
大和絵
代書屋
地上絵
高高指
大矢数
美男子
切手屋
大福帳
白文帳
商用文
最後部
太陽熱
所司代
競馬場
立待月
副室長
要注意
水路学
人別帳
要印刷
上調子
村長選
周期表
人相書
仕様書
市街地
国旗歌
借入先
時定数
未入金
不信感
低体重
洋服代
感無量
平野水
使命感
天然水
本人印
中生代
口語体
有利子
印紙代
線香代
自治体
反戦歌
外輪船
番号表
女学院
女手形
死生観
滋養分
多幸感
主題歌
周産期
季節感
花鳥画
静電気
変声期
男根期
読後感
徒労感
温冷感
静物画
標題歌
最年少
活人画
用器画
法楽歌
祝勝歌
動物体
自由帳
指南番
高地戦
上級生
土産代
洋風画
軽火器
鉄板焼
前国王
交番表
農機具
空景気
反切表
速算表
金種表
波動水
小作人
秋入学
文人画
悪天候
信号器
世間体
短音階
市有地
失速角
安息角
小荷物
手細工
決勝点
伝馬船
名乗字
古生代
女友達
重種馬
先進波
高速代
社長印
問題点
室内楽
平面波
追体験
切絵図
王公族
社用族
食人族
鉄火場
重力波
受信箱
花火図
和集合
電気石
低農薬
球面波
取引先
洋食屋
子宮口
親切気
不安感
真正面
漢文体
熱血漢
前理事
貨客船
孫弟子
小海老
内地材
受話器
借地料
美顔器
集光器
分度器
投光器
消音器
登高器
集音器
電熱器
初元結
曲線美
白色光
買注文
赤新聞
灯台船
取調官
配電箱
全面安
半馬身
行楽地
公立校
出力順
単文節
一毛作
悪左府
入小作
始発便
感想文
通気口
玉虫色
大黒柱
美人計
長音階
定食屋
動力車
土気色
深緑色
西洋画
水銀柱
好色本
熱気球
間欠熱
民事法
取水口
大局観
塩水選
社公民
小品文
重火器
健康美
辞令文
正念場
遊女屋
土建屋
正月物
連体形
法界屋
石炭船
意向形
消息文
上級位
待合所
申出書
民用船
油送船
特種船
遊漁船
入木道
外耳道
明法道
早場米
好色家
府立校
未然形
低用量
単数形
多辺形
先入観
通道観
相弟子
小屋組
実手形
水先法
語学力
単調族
黄表紙
銀行印
副産物
表面波
農産物
青松虫
間氷期
宮大工
農用地
向心力
正選手
流出説
予約席
満天下
体験談
上級車
角時計
水平器
特急料
市議選
大人役
世間気
身分帳
香味料
土石流
土佐絵
信号場
差出人
重労働
好色漢
高速船
国交相
国産品
見本帳
風成土
火事場
山火事
筆石類
変曲点
春分点
火消役
秋分点
遠地点
前受金
絵図面
寒冷地
手計算
立会人
同位体
同族体
教会長
好色物
平面体
病原体
荷受人
指人形
弓道場
葉緑体
倍数体
前葉体
松果体
毛様体
社交場
信書便
共重合
熱帯夜
競輪場
労役場
庭球場
集童場
車井戸
追試験
日米戦
赤血塩
白鹿毛
主調音
声門音
原子量
世話係
文語文
自主練
後生気
出身地
周波計
県立校
下半期
試金石
火山岩
親切心
大黒天
打楽器
歯車車
形式美
予科練
目安箱
中仕切
大名芸
国有地
料金所
風成岩
運動着
夜汽車
銀本位
手羽先
左足首
電流計
真空管
月例給
名物男
民有地
赤血球
里神楽
太陽光
終列車
人工物
安息香
成功談
動物記
買人気
名題下
火薬庫
分光計
真分数
大浴場
先進地
大荷物
日時計
社有地
遊水地
官有地
半線形
不要物
旅芸人
見目形
旗行列
上半期
古古米
市立校
道徳心
光電管
毛細管
伝声管
改良種
丸合羽
家具調
消息通
取引場
文語体
千鳥足
失敗談
近日点
前知事
前頭取
約束事
近代詩
茶飯事
教会員
計数形
後半期
助産所
白雲石
飲屋街
星雲群
水道代
岡場所
相見積
受付印
半電池
美少年
節度使
伝書使
古民家
出初式
前参事
年功給
明細票
陽電気
役者絵
負電気
花時計
水道水
多年草
末代物
王代物
宿根草
半整数
半音階
自由形
古事記
無名指
年代記
受取人
競売買
国産材
年中組
順養子
直線美
光電子
手形帳
無機物
店屋物
自由詩
成果給
心不全
未開地
成果物
有機物
引受人
引当金
取引所
小作農
目分量
仕付糸
白雲母
肉用牛
下足札
無形物
記入例
院宮給
表六玉
水和物
有形物
単色光
青果物
天産物
有体物
無体物
無水物
行番号
陸産物
軽電機
陽電子
軽気球
白雲岩
仲買人
工具箱
借受人
大博打
帯番組
商取引
学会員
長崎絵
生意気
重量級
調整池
日単位
小作地
帳面面
前課長
多数決
手料理
電信柱
原油安
給水池
取調室
手紙文
待合室
単本位
油絵具
赤花科
家庭着
船大工
辞書順
土倉役
緑柱玉
出世頭
天然石
向学心
道立校
顔写真
功名心
求知心
昼顔科
油菜科
車前科
重機械
見積書
菜種科
名付親
親近感
言行録
季節工
軽量級
計歩器
酒屋役
原風景
緑柱石
金緑石
黒曜石
兵六玉
水道料
近親調
間取図
見取図
都立校
飛鳥京
草競馬
自治旗
根無草
風物詩
出身校
薬種商
計数器
太極旗
内親王
大道芸
外種皮
小町糸
積立金
名門校
内祝言
町議選
赤電車
後頭葉
散文詩
切取線
正電気
直定数
自乗根
対州馬
百合族
西川材
後部席
北京飯
古物商
住民票
物自体
不用物
意味合
底辺校
外貨建
村議選
関心事
開集合
紙工芸
社説子
板目紙
多色刷
重力子
電機子
人鳥類
多足類
小物成
小直衣
走鳥類
消息子
分生子
単極子
着道楽
配位子
安山岩
深成岩
火成岩
順不同
産土神
先場所
正社員
公倍数
生毛体
金地金
学部卒
方位角
半風子
広目天
場末感
学会歌
広東飯
最大級
天長節
手工芸
自由席
星取表
平行調
買建玉
前市長
議事録
休日給
借受金
手付金
手切金
仕入書
同位角
動作主
水絵具
平面角
円周角
有所見
球面角
点取虫
書院番
登山口
二等車
紙風船
手文庫
豆台風
信号旗
犬追物
多様体
中量級
前頭葉
社会悪
人工雪
早見表
名人芸
側波帯
地動説
手塩皿
引落先
日章旗
赤間石
船首旗
連隊旗
仕向先
水面計
申立書
光電池
所作事
具体例
立太子
絵日記
計数管
出合頭
先天説
助手席
倉庫番
天守番
前成説
天動説
星雲説
後成説
前村長
配当落
特等席
電力計
手信号
出会頭
大東犬
引出物
園遊会
歩合給
人待顔
議院石
上手物
週単位
工作買
手荷物
絵草紙
肉体美
牧羊神
午後休
最上階
産官学
主要動
最上級
定小屋
松根油
出小作
代理母
植物油
金切声
目付役
先先代
庭木戸
仕入帳
前会長
新体詩
電算紙
水位計
散形科
短水路
利休色
国産物
立見席
自身番
人国記
機械油
不死鳥
午前休
多国間
指定休
都議選
鉄無地
動力学
借家人
遠山里
切手代
丁子油
火打石
取消料
単衣物
安徳水
豆板銀
主成分
電算機
豆電球
豆名月
角度計
石切場
船着場
室外機
馬力船
反陽子
上長印
赤色土
暗赤色
年月数
置時計
木目調
笑上戸
勝負所
肉用種
鉄面皮
鉄雲母
五線紙
外来種
文科相
学部長
業界紙
正会員
鳥羽絵
体重計
側頭葉
令夫人
借上料
根出葉
出放題
回路計
積雪計
真空計
前部長
風速計
雨量計
波長計
読取機
高度計
歩数計
引立役
熱量計
体温計
光度計
電位計
苦肉計
晴雨計
反間計
流速計
流量計
球面計
空城計
雲高計
電量計
風向計
明天子
速度計
積立休
温度計
上級相
近点年
有休残
有給残
年休残
連文節
量水標
主力組
自作農
菜種油
用水路
水温計
固有種
旗指物
心字池
置手紙
不動心
水量計
五辺形
人差指
力量計
変関数
給茶機
古筆切
赤玉土
必要悪
泣上戸
二刀流
夏期休
不身持
一刀流
夏季休
季節休
京鹿子
局長級
陸軍始
鳴物入
見立絵
絵手本
門外漢
大首絵
木戸番
部長印
聞上手
公家悪
大理石
絵手紙
理気説
用水池
売仲買
動力計
様子見
区役所
絵空事
外反足
公文所
前係長
見放題
鉄平石
線量計
内反足
仕放題