加熱式
労働制
南十字
指図書
検査証
標準額
高度紙
何時間
価格帯
時間帯
数時間
二期作
男闘呼
日本人
年度末
入居月
都市圏
大部屋
日本酒
一軒屋
東京圏
出場所
流作業
大学校
学校林
千里眼
日本学
英学校
細川紙
胸三寸
一酸化
不均化
学校医
中学校
一次会
三次会
文化圏
人間圏
議政官
学校長
学校令
二重丸
世帯主
小文字
得意客
日本製
神習教
八腕類
十脚類
十腕類
千両箱
差別化
中国人
八百屋
大部分
一等車
千分比
百分比
都市史
一戸建
互助会
交通局
会議場
会議所
信頼感
修道会
全住民
全客室
分科会
勉強会
医師会
協議会
博覧会
反省会
同好会
吹替版
品評会
外惑星
大都会
女子会
婦人会
子供会
字幕版
学級会
学芸会
展示会
展覧会
座談会
役員会
後援会
振興会
握手会
教授会
敬老会
新入幕
新年会
新登場
昼食会
残念会
洗髪料
演奏会
理事会
生徒会
町内会
発表会
県人会
研究会
老人会
自治会
舞踏会
航空券
芋煮会
茶話会
観月会
討論会
評議会
試飲会
誕生会
説明会
調査会
講演会
講習会
謝恩会
赤身肉
連合会
連絡会
遺族会
音楽会
停止浴
大文字
地区労
小学校
数週間
二重床
高値圏
二科展
屋敷跡
都市化
一等星
日本犬
中国史
切支丹
日本軍
日本食
金平糖
金米糖
加比丹
善知鳥
居西干
差不多
汗蒸幕
洋毛子
無花果
牛尾菜
鉄刀木
一軒家
作用因
一等国
副議長
一体化
薄馬鹿
引込線
二等兵
小中学
森林浴
大流行
一時金
三重奏
十二支
新幹線
編入学
製鋼所
日本紙
押問答
三角形
案内状
文字式
三輪車
文化史
一院制
郡国制
郡県制
区分化
助兵衛
世紀末
乳化剤
作詞家
備長炭
図書館
国持衆
均田制
奇形児
委員長
寄合衆
承継人
映画館
流線形
海産物
消火器
演出家
納屋衆
経験値
編曲家
縦横家
美濃衆
肉体派
脚本家
著作家
評論家
財政家
賛美歌
起業家
転校生
電解質
音楽室
頭脳派
女学校
三十路
中国酒
一輪車
町村長
反射弓
大統領
作業所
府県警
地域圏
都市間
日本型
加留多
歌留多
都府県
攻道具
出入国
枯木立
前後半
操人形
一時期
部屋代
三段跳
不手際
便乱坊
激不味
会社法
相部屋
男部屋
兵学校
入出力
投開票
輸出入
離着陸
入出金
戦病死
登下校
進入学
集大成
離発着
離転職
米国人
暴風圏
日本円
上下水
数箇月
送受信
雑魚寝
中国学
環保業
大仕事
日本語
半二重
女文字
英語圏
特別化
今朝方
夜去方
目論見
四死球
十露盤
百合科
八百長
大時代
三和土
数分間
神学校
三途河
一等地
一目散
一辺倒
三太夫
三太郎
三連複
八里半
十姉妹
四王天
出来高
法人化
文字色
二輪車
子会社
活動化
安保理
仕事人
部分音
紙一重
右左折
好一対
中国米
一定額
勢力圏
前後期
国立大
数個所
日本馬
行政府
人間学
八十路
都市銀
自衛官
店仕舞
警察署
土日曜
徒歩圏
中国製
数箇所
増減税
一等兵
作業車
不動産
五重塔
公傷病
創造力
日本茶
造形法
文字数
数秒間
生活圏
生産国
熱湯浴
政府米
上下院
再建派
中国産
人類史
太刀帯
三等地
女性史
数箇国
県議会
転車台
生物圏
海水浴
朝鮮人
天井圏
足球場
日本勢
開発学
八重桜
町議会
一手間
一欠片
七十路
七夕馬
九十路
二合半
五十路
五重衣
八重歯
六十路
千屈菜
四十物
四十路
百合根
百合樹
百合油
百足足
動植物
与野党
新発意
立法府
日光浴
送配電
無鉄砲
不思議
中部圏
中高齢
中小学
有頂天
依固地
小田巻
意固地
殺風景
能天気
能転気
脳天気
英数字
日本刀
二等地
逃口上
百舌鳥
警察官
先取権
行財政
花文字
中山間
青少年
人間業
大学生
付与月
警察法
中高生
公孫樹
高大生
出入車
四輪車
下手物
飲食料
道県警
鉱工業
中長期
短長打
飲兵衛
出場権
一寸見
刷毛機
綿繰機
晩御飯
農水産
教職員
農林業
長短打
不可抗
上下流
集出荷
市場化
増改築
祖父母
海空軍
中南部
偉丈夫
乳幼児
再試合
中全会
国公立
昼御飯
仮名序
新増設
米英軍
大学卒
桜御飯
仕事面
名台詞
土師器
地頭鳥
現預金
絵葉書
言葉欄
仕入量
地吹雪
子局器
山羊座
朝御飯
無一文
下野草
不死身
不見転
与太連
与太郎
京言葉
仕事師
仕入額
仕切書
仕切金
仕置人
何処大
名女形
土師部
土産品
地団太
地言葉
増養殖
夕御飯
夜御飯
大人舎
大和相
女子仕
女子衆
孫太郎
家御飯
尺岩魚
屋敷地
屋敷林
屋根面
山羊乳
川太郎
平目筋
得手公
手間代
手間損
手間賃
旗魚座
本占地
村八分
梨子地
棒手振
母衣衆
気配値
水御飯
沖仲仕
河太郎
波布茶
波布草
浴衣地
海老天
海老茶
湯文字
為事師
為替料
無手勝
犬御飯
用部屋
田舎弁
番小屋
目文字
目高卵
破礼句
神楽殿
福早生
稲熱病
節納屋
納屋頭
紫御飯
絵巻物
総仕舞
羽根扇
背黄青
自小作
芋御飯
芝居気
茶香服
見栄坊
親父道
角行道
試合場
豆御飯
象鼻虫
貝独楽
野太鼓
銀合歓
陸屋根
陸海月
階子段
雨合羽
頭羽数
麦御飯
小法師
八分儀
六分儀
日本兵
上下巻
得失点
昼夜間
治部少
幼少年
中高速
病害虫
三重苦
売買春
公私立
皇太子
中高層
中労委
農工高
風水害
境界権
旧住所
全人代
文理科
絶飲食
中小生
官公労
小中生
朝夕刊
高教組
不可分
全労協
内外政
生損保
発受電
陸海軍
暴風雪
本支社
消流雪
致死傷
雨雪量
内外装
出退勤
大高生
従兄妹
毒劇物
重軽傷
中新研
予消防
人非人
入出荷
入出院
入退室
入退院
全新研
原水爆
原水禁
受発信
句読点
地簡裁
官公需
悲喜劇
政財界
歓送迎
皇太后
石南花
移出入
観世音
豪雨雪
資器材
資機材
農園芸
近現代
鉄銅製
長信銀
長短期
上下階
上工水
不可侵
不可触
不可説
中小輪
乗下船
乳卵類
予復習
予警報
低中質
健推協
入出国
入出庫
入出所
全交運
全半壊
全療協
公労委
公調委
内外圧
内外航
内外野
内外需
出改札
出欠席
初中級
加減速
労判速
厚皮香
原工試
原被告
受発注
句歌集
唐変木
商工業
商登規
商調協
国漢文
圧痛点
地公労
地制調
地労委
地婦連
執行務
士君子
変退色
外内言
外向傾
大小寒
大小麦
太平楽
官公庁
官公立
官公署
官私線
客貨車
専兼業
就転職
就退職
山査子
山茶花
山野草
工工四
工鉱業
左義長
幕政府
府省令
府県会
府県史
府県商
府県域
府県民
府県立
悪太郎
所基通
握足手
放鳥獣
政省令
文武官
新改築
日英語
暴騒音
最大判
最長短
木念仁
未亡人
歩車道
民労協
水気耕
水遊泳
汚悪水
治工具
流出入
海陸軍
海陸風
源五郎
炭婦協
燃材料
特政委
特防秘
王太子
生卒年
男女子
番太郎
病虫害
皇太孫
直研連
着上陸
着脱衣
私公営
私公有
移輸出
竹麦魚
紫雲英
終始業
経構研
経社理
給貸与
継父母
総警務
義太夫
肥飼料
自府県
若中年
苦楽受
英米法
行行子
被団協
西南海
触力覚
諸堂社
転入学
軽中量
輸移入
輸配送
農工業
農漁業
農牧業
農牧産
農総試
退停学
送受話
送変電
送配水
過不及
過不足
道府民
遠日点
遠近法
遺家族
都安例
金輪際
阪奈和
陸空軍
集分荷
集運材
電事連
預貯金
預貸証
頭胴長
風水災
飼肥料
養父母
香具師
高中年
高冷地
鬼子母
魚腸骨
魚虫類
鳥獣害
時代色
頭文字
町村議
自衛権
公取委
数学史
方法論
半身浴
右衛門
府議会
花屋敷
思案所
仮名遣
英国人
中国戦
自衛力
国家間
半年払
声明書
生産業
食後酒
時間差
生産力
副代表
合格圏
口下手
昔気質
目茶暑
素寒貧
音楽史
新住所
大人側
違警罪
時間割
行政上
十六夜
文化祭
保守化
親会社
右中間
得点圏
観光圏
利用駅
国家法
紫陽花
計画書
代表権
文書化
作業場
無人化
出来事
国際人
会社令
空部屋
寝間着
都市部
親文字
回帰圏
通勤圏
生存圏
大学祭
降格圏
電離圏
同部屋
針仕事
部屋割
礼拝史
一定量
雪花菜
横文字
独立語
複線化
再付与
大先生
人間界
中執委
居心地
黄金虫
紙芝居
観音水
中間圏
代表戦
従兄弟
大学院
出来秋
商店法
八角形
朝鮮史
仕事柄
外国人
居酒屋
斜長石
南北朝
物真似
黄金色
話言葉
砂利道
梅屋敷
家族史
川砂利
見真似
床見世
国際化
風積土
仕事着
府県連
土産物
旅芝居
会社員
力仕事
手仕事
区画化
小切手
桜吹雪
酒問屋
彼方側
甘野老
若魚子
小為替
片手間
秋冬物
出来心
手土産
浴衣姿
海岸線
夜見世
夢心地
河原石
派手色
片田舎
真似事
米問屋
花言葉
落葉松
角力取
土産話
岩清水
我楽多
月夜見
水水母
田舎道
野垂死
鹿尾菜
乳母車
仕入先
仲見世
堅香子
夏秋草
小太刀
川原石
庭仕事
木目込
波止場
片手業
白髪頭
着心地
花吹雪
顔見世
鬼海星
鬼百合
上屋敷
上達部
下仕事
下屋敷
下長押
不知火
与太話
丸屋根
乗心地
乳母子
乳母犬
人心地
人真似
今言葉
仕事命
仕事机
仕事歌
仕入値
仕出屋
仕方話
仕様事
仕立屋
仕立物
仕置場
仕舞屋
仕舞飯
仮名書
仮名読
仲皇子
似関船
余所事
余所子
余所目
余所見
倉屋敷
兄比売
入母屋
公魚煮
共白髪
兵児帯
兵子帯
内舎人
円屋根
出打着
出来値
出来合
出来星
出来物
出来立
切手牛
切見世
初太刀
初時雨
初見世
刷毛序
助太刀
勝手口
勝手場
勢子石
勢子舟
北早稲
南屋敷
口年増
口真似
口言葉
可愛子
可笑味
合歓木
合言葉
唐土船
問屋場
問屋株
問屋組
問屋跡
国言葉
土仕事
土負貝
垂乳根
塩問屋
塩水雲
塩部屋
売言葉
夏芝居
夏越祭
夕間暮
外仕事
外様組
大人色
大人雄
大原女
大和歌
大喜利
大御宝
大御食
大時化
大火傷
大舎人
大郎女
大郎子
天蚕糸
太刀傷
太刀先
太刀取
太刀姿
太刀持
太刀筋
太刀風
太刀魚
女御子
女言葉
女郎花
女部屋
奴言葉
子山羊
子百足
孫息子
安知女
宝屋敷
宮芝居
家刀自
宿直奏
寄生木
富士形
富士絹
富士額
寝心地
寝部屋
寺息子
射干玉
小山羊
小母手
小母顔
小羽根
小舎人
小豆梨
小豆氷
小豆粉
小豆粒
小豆色
小賀玉
小間物
少女子
局主人
屋形舟
屋形船
屋敷木
屋敷森
屋敷神
屋敷裏
屋根屋
屋根岩
屋根舟
屋根船
屋根裏
屋根雪
山仕事
山吹色
山吹襲
山折敷
山独活
山百合
山砂利
山紅葉
山羊皮
岩田帯
島百合
島言葉
川時鳥
川水雲
川海老
川穴子
巣部屋
左団扇
帯曲輪
平屋根
平矢柄
年増女
広小路
広屋根
広目屋
弟比売
張見世
徒士組
徒歩人
微温湯
微温火
志都歌
忠実人
忠実男
悪戯心
悪香虫
愛少女
扇問屋
手古舞
手弱女
手水場
手真似
手間暇
手革包
打太刀
抱屋敷
指言葉
捨台詞
接骨木
支払側
支払元
支払先
支払届
支払月
数言葉
日不見
日向側
日向水
日和見
日和風
早仕舞
早言葉
明御神
明日葉
春夏物
春時雨
時雨煮
曲尺割
木太刀
木綿木
木綿髪
末息子
朽山吹
村時雨
村芝居
条海老
東鳥居
松占地
板屋根
板発条
板羽根
果物畑
果物皿
枝垂桜
枝折戸
案山子
桜占地
桜海老
梅雨寒
梅雨晴
梅雨空
梅雨雲
横徳利
横羽目
歌真似
歌言葉
殺陣師
殿屋敷
母刀自
母山羊
比売知
水仕事
水刷毛
水無月
水白粉
氷小豆
氷雲丹
河岸蔵
河岸道
河童菜
河童頭
油問屋
沼海老
波小灰
波戸場
泣黒子
注連縄
注連飾
流行児
流行眼
流離人
浅黄色
浜木綿
浜百合
浜言葉
浮屋根
海人舟
海人草
海仁草
海布巻
海松布
海松貝
海百合
海羊歯
海老味
海老根
海老腰
海老芋
海老足
渡台詞
火傷跡
灰神楽
炭問屋
焼太刀
片男波
犬四手
玉海老
玉砂利
王仁口
現御神
甘海老
生子壁
生若布
生雲丹
田平子
田舎女
田舎娘
田舎家
田舎話
男御子
男言葉
男郎花
町小路
町屋敷
町言葉
畑占地
畳部屋
発条下
発条指
白南風
白占地
白小豆
白山吹
白山羊
白帯下
白斜子
白独活
白生地
白真砂
白粉花
白細砂
白飛白
白髪染
白魚子
皿屋敷
目仁奈
目年増
直垂姿
直衣姿
真鹿児
着背長
矢狭間
矢羽根
矢飛白
石子路
石屋戸
石水母
石清水
石首魚
石鳥居
砂利浜
破礼話
破落戸
神無月
秋日和
稲妻形
稲子豆
空屋敷
空梅雨
突羽根
立女形
章魚足
童言葉
竹小豆
竹屋敷
筋井守
粉白粉
粒雲丹
糸問屋
紅枝垂
紅白粉
紅空木
紅絹裏
紅葉月
紅葉狩
紙吹雪
紙白粉
素破頭
細太刀
細石岩
細石石
組太刀
組屋敷
絹羽根
網代木
緑小灰
編木舞
織部正
羊歯油
羊歯灰
美人局
美豆良
羽二重
羽団扇
羽根車
羽根飾
羽織物
耳年増
耳心地
背負子
腰曲輪
腰長押
腹矢倉
舌平目
舞良戸
芝海老
花盗人
花紅葉
若女将
若白髪
茂我利
草合歓
草屋敷
草屋根
草紅葉
荒仕事
荒木田
荷為替
葉丹宝
蔵屋敷
薬問屋
虫時雨
虫部屋
裏小路
裏部屋
西曲輪
西鳥居
見世物
親父顔
角部屋
言葉屋
言葉数
谷空木
豆砂利
貝割菜
貸部屋
赤四手
赤太刀
赤小灰
赤小豆
赤屋根
赤母衣
赤水母
赤海老
赤百合
赤百舌
赤目魚
赤眼張
赤砂利
赤鳥居
走梅雨
走野老
越屋根
身言葉
車海老
輪奈結
輪注連
迷子牛
迷子石
追羽根
逆茂木
透百合
部屋住
部屋係
部屋子
部屋干
部屋数
部屋着
酒徳利
里言葉
野太刀
野山羊
野次馬
野良犬
野良着
長雲丹
間仕切
陰日向
隣屋敷
隣部屋
雄山羊
雌山羊
雲丹飯
雷親父
青二才
青味紫
青屋根
青東風
青紅葉
青香虫
青鹿毛
面白味
面白話
頼母子
飾太刀
馬刀葉
馬刀貝
高島田
鬼野老
魚河岸
鳥問屋
鹿子菜
鹿毛皮
黄占地
黄味色
黄枝花
黄母衣
黄泉路
黄花菜
黒子男
黒小豆
黒山羊
黒母衣
黒百合
黒眼張
黒鹿毛
舟問屋
大葉子
大角豆
車前草
行政学
現金化
船問屋
実用化
公共圏
中学生
無政府
菜種子
開発課
区間車
一般人
人類学
作業服
大人顔
代表選
安全圏
女性学
地域化
中高年
記録所
高級車
都会人
過酸化
部品化
分離派
子宮脱
中学卒
中国紙
英語史
警察権
五倍子
開発力
関東圏
村議会
世界史
鳥渡見
数奇屋
作業機
流行歌
三行半
五角形
回転草
地下鉄
報知機
展覧館
府県税
教育大
立往生
紀念館
自動車
自治労
自転車
補給所
観音竹
観音草
世利売
直腸脱
益荒男
行動化
真章魚
言語学
文化街
洋画家
生産品
政治史
米国風
男性学
競売法
道中差
自然人
市議会
差別語
水産学
東都遊
火口湖
事業化
行政官
議運委
秋刀魚
流通学
目見得
計画力
行政法
文明圏
不出場
代表作
地方風
私法人
農学校
遺言状
新会社
大気圏
工作所
統治国
作業代
出目金
弟切草
青大将
馬鹿貝
高麗芝
黄心樹
未通女
公開状
副学長
都議会
警察犬
全日本
大阪圏
連判状
従姉妹
文学史
目的語
商品化
国際学
小百姓
高等官
白文字
警察医
流行色
不生産
大祖父
都市型
時間数
目的論
公労協
公労法
公選法
国大協
大山木
大震法
大風子
安近短
暴対法
正反合
独禁法
真善美
真行草
破防法
落花生
過現未
道交法
道府県
風営法
生活史
洋学校
分類学
人間力
数寄屋
化学車
早少女
前次長
相談所
史学史
方鉛鉱
教育史
西海岸
代取印
音楽学
無人駅
漢字圏
副音声
真田虫
警察長
黒文字
代表制
画一化
米国製
女子大
仮議長
現代風
世界化
出版史
公有化
受任国
左中間
部門長
大祖母
大所帯
議定書
草石蚕
分離帯
国際派
白木耳
組織化
案内人
細分化
目的税
盛菓子
大学令
紹介所
一身上
登記所
東洋史
中国化
保養所
学問所
講習所
停留所
教習所
洗面所
脱衣所
配送所
大御神
地域間
地方病
刊行物
作業船
放射化
首都圏
三味線
小学生
相手方
米国産
一体型
国際法
化学式
納付書
固定化
流行語
教科目
持続化
識別化
成人病
活性化
私有化
野生化
十石犬
流動化
仮想化
分節化
現住所
肥大化
具現化
外注化
老朽化
並列化
分冊化
協業化
右傾化
完備化
実写化
左傾化
抗酸化
永続化
直交化
日本間
政治上
下知状
作業料
千代紙
近衛府
仮住所
作品展
小学卒
信用状
法人税
副首相
中国語
真砂土
統治権
現代化
五十音
混合薬
爆破薬
会計史
一安心
文理学
理化学
統治領
生産物
試合玉
相手側
経済圏
百姓家
自分史
再出場
海水湖
時間表
使用権
再臨界
商品学
不格好
外国官
外国風
植民史
商店街
人文字
自然学
外国法
外国米
門下生
未付与
代表曲
営業所
寺小屋
月光浴
定置網
太刀洗
二口虫
温泉権
岩盤浴
溶岩浴
経営史
発生学
関西圏
地方銀
人民元
成人式
執行官
再生産
教授学
手足浴
遠眼鏡
生産財
利用代
連合国
救済権
京都風
作業員
中学年
信任状
成人力
安定化
英語学
時代物
社会史
化学科
放射状
行政権
補佐官
作業費
千石船
注文書
国民化
自然児
起訴状
音声学
家屋敷
感謝状
単一化
仮政府
拓殖史
進学校
外国製
大和芋
小間使
母子草
満天星
立振舞
竹似草
雪割草
高御座
事件化
動力因
大百姓
取材班
工業化
最終章
紹介状
救護班
未来史
中心街
告訴状
解任状
執達状
委任状
寄進状
招待状
血判状
裁許状
補任状
送付状
運送状
離縁状
認可状
独立派
地方隊
法人割
自国製
政治学
回転儀
新人類
副大臣
委員会
勉強家
米国戦
高齢化
流通業
供述書
鑑定書
卒業式
水産業
三角州
七変化
殖民史
交通史
現実化
中心線
温泉街
仮出場
大学路
文法化
短期間
外国産
自然法
共同店
外科学
卒業生
私立大
畑仕事
開発部
地方選
文化財
夫婦間
言語権
印刷史
建築史
売春史
開拓史
貿易史
大日本
子供屋
社会人
敵同士
数種類
留学生
自国産
事業課
音楽祭
保守派
読書史
賃貸借
一等親
三交代
中医薬
乳濁液
二重奏
代用品
代表格
休日数
低炭素
依頼料
光学式
光造法
分類法
割増料
加減算
勤務地
卒業月
印字器
四重唱
定期払
実用品
就業先
後仕舞
所属先
所帯主
所有主
技術屋
技術工
救援金
最重要
月下香
業務歴
療養所
監査人
県交通
確認法
経営層
経緯儀
給与表
給料表
職務歴
自負心
調理人
賃貸料
転鏡儀
通勤路
配属先
障害法
高積雲
高齢法
国際年
私文書
角細工
音楽家
教授法
利用額
都区部
体制化
代議制
旅客車
中継車
文学館
大型車
強化米
東海岸
集中力
活版本
成型品
課税権
医師法
小太鼓
高等科
長期間
化学品
四半期
無声化
人間像
権兵衛
一般車
公用化
今月末
非国民
医学史
試験官
生活学
中心力
意見書
卒業年
比目魚
天文学
活動家
副社長
同区間
総合力
市役所
内陸湖
女性語
鑑定官
副都心
特別法
作品集
朝鮮産
青写真
造船所
利用料
教育学
大谷石
大宮人
結婚式
事業家
自然食
評価書
利用客
合成酒
出品酒
住居学
府兵制
回線網
文章法
理想型
独立国
中学部
社会化
音楽界
森林官
労調法
再開発
反射鏡
飲食店
非常食
三尊像
回転灯
生物学
自国領
人間道
前夜祭
森林法
早稲田
実体鏡
執行権
小型化
強力粉
前日比
意気地
境界駅
有界化
小部屋
音楽隊
住所地
加重型
東洋学
女性誌
大胸筋
数学科
国際科
仏弟子
輸入国
新成人
拡大鏡
夏時刻
実体化
料理酒
大入道
金光教
期限付
水酸化
作業量
太陽圏
地方紙
執行力
成績表
国連軍
機関車
生理学
英国製
権利証
鼻呼吸
一本気
中継局
文法学
地方税
発砲酒
調理酒
集中型
生産費
密造酒
鉄道史
野球界
混成酒
蒸留酒
明文化
報道官
透明化
不勉強
流線型
南極圏
外剤薬
特別視
利用費
大衆化
使用人
入力法
地震学
死亡学
現代史
一本化
音楽科
営業課
顔文字
営業権
成熟卵
地方色
地上駅
二重線
公開法
言語力
茶屋酒
会計学
司令官
雑木林
冊子本
道路法
快気祝
火山湖
短歌化
障害学
国際語
反発力
体系化
国際線
教育書
現代語
大人心
計算書
比例式
代議士
英国産
入院代
就業上
行動派
出版法
税区分
営業力
調節卵
受領書
婦人病
個人史
無計画
営業車
正面図
薬学史
連立法
転貸借
拾得物
担保物
表記法
自然石
愛国心
脱炭素
捕虫網
言葉質
酸化鉄
東洋風
統計学
通信国
宿泊所
用品店
次元界
派出所
代替物
類型学
出世魚
大神宮
自然界
産業学
副読本
政治家
歯学史
高度化
一段落
大家族
市民法
総合医
最終戦
共産圏
経営学
発電所
区間新
無所得
産業省
軍用車
障害児
不調法
旅行業
飲食業
無党派
大自然
政党化
出場給
大芝居
年金課
分離機
文章家
案内員
白紙化
戦略上
非課税
医療圏
反対語
対流圏
社会学
修理業
通信網
常得意
金市場
古文書
発射薬
自然権
体制派
南日本
関係式
延長戦
新商品
人文学
外国語
外気圏
広域圏
加減法
労働法
新方式
省庁制
納付金
重力圏
実験所
受益圏
通貨圏
成層圏
岩石圏
所有権
配位圏
雪氷圏
森林帯
馬鹿力
中心位
保安官
内面化
未来学
今週末
天井値
副主席
高級紙
事業団
評価力
指文字
状況下
非対象
検察所
文字列
会計法
不自然
政経学
組織学
観光学
原生代
漢数字
映画史
製造所
自営業
音楽誌
天理教
代数学
大分類
大回転
寄付金
活字本
輸入権
不細工
人間味
情報化
外出血
観察眼
政治界
住所録
南西風
地域力
事業所
利用票
国際色
延日数
料理学
運動学
陸上戦
下町風
居住国
選挙法
対策班
制御車
黒字化
選球眼
鑑識眼
生字引
構造湖
目的地
逆光線
不納付
希望学
学習学
分光学
陰陽家
再入力
新世界
職業病
失敗学
輸入業
政治局
正常化
宣教学
微分学
議論学
国民車
調査官
公示学
天文家
文字種
種類物
販売所
上海風
建築学
発声学
美食学
遺伝学
防衛学
解釈学
広告学
看護学
大陸法
推計学
社会派
分岐学
積分学
考証学
貿易学
造園学
測地学
輸入車
磁気圏
不安定
開発費
保育所
医学所
夏時間
布教所
鑑別所
小細工
清算所
地域制
養生所
大使館
来場所
検問所
給油所
講義所
外国紙
守護所
直販所
評定所
調剤所
配電所
小学部
女性客
最高額
月例会
申込書
高性能
死産児
法制史
三頭筋
英語科
切断面
時間制
科学史
検査官
地方裁
機関室
小道具
成熟児
文明化
認識力
未来派
多角化
調査書
多様化
集合物
単純化
文字絵
昭和史
絵文字
管理官
仕事先
社会法
体系学
旅行家
特別展
林産学
法学科
設計書
会議室
新宗教
無気味
運転士
生産量
使用税
大森林
森林戦
無用心
不溶化
米国化
事務官
代表値
所得税
教育権
広島風
違法化
今時分
不課税
検察官
事実上
明確化
独裁官
医学館
野生児
最新作
野球力
北日本
銀河団
中性化
文学界
格闘戦
生活力
学園祭
借家法
混血児
反逆児
在園児
早産児
肥満児
一般紙
音楽部
経済史
適正化
深刻化
上腕骨
乗車駅
人工湖
保護国
外交団
病院船
最終作
温暖化
司令権
計算式
実用車
運用法
高等裁
写真史
監察官
有害化
延長線
独立権
簡素化
活発化
自由化
厳格化
非営業
編成権
出版権
手工業
議員団
使用代
組織法
高速化
数表現
計算力
共和国
出場校
旅商人
分離器
改革派
放送法
中立派
進歩派
実体法
解放派
革新派
残留派
先週末
離脱派
開化派
不夜城
監視官
表示法
計量学
不文法
水不足
自国民
説明書
郵便史
婦人科
通信業
表街道
反対色
新聞学
筆跡学
都市美
期間工
水上戦
複雑化
地上戦
対抗力
議会制
出版業
大人数
指導官
更生法
絶対化
語源学
検視官
調整法
図書室
熱化学
保証書
現金額
先鋭化
有期間
指揮官
自然長
処理業
面接官
監査官
管制官
小切子
幼心地
針千本
丁子草
七宝鳥
七面鳥
三七草
三体詩
不用品
不競法
中央口
乗下車
乗降車
九官鳥
九輪草
二重唱
五味子
五葉草
仏前草
仏法僧
仕舞湯
休退職
体育園
使君子
信濃梅
信濃芋
信義則
修道女
健保法
傾城草
先日付
入会地
入退去
入退場
入退居
入退社
入退職
入退館
全単射
公安委
内内定
冬至梅
出欠勤
出産費
制御盤
前前回
前前月
動物相
医科学
千石豆
千金草
半夏草
半日花
南京虫
南京豆
南氷洋
厚保法
合田草
合見積
告白本
和大黄
和漢洋
和田草
唐人豆
唐小豆
四国麦
四季鳥
四角豆
四重奏
団子虫
国対委
報連相
売気配
夏灯台
大中小
大内裏
大司農
大司馬
大心菜
大桜草
大王松
太文字
太陽鳥
女奈太
学教法
学用品
安衛法
実父母
家労法
宿日直
寒山竹
小千鳥
小松菜
小白鳥
尺取虫
居飛車
山帽子
山東菜
岩苦菜
川八目
序破急
延命草
延年草
延齢草
意地悪
戦傷病
手仕舞
投資口
指定月
接続草
提出先
提出法
操作盤
政活費
教基法
文通費
料理団
断食月
日日草
日精草
日輪草
早合点
明治草
明電舎
時計草
暦日数
月長石
朝露草
朝鮮松
朝鮮芝
木工芸
東天紅
枝垂梅
枯山水
栃内草
根切虫
梅毛虫
梅花貝
業平竹
極楽鳥
機種変
歓喜草
正職員
死別離
死番虫
毒人参
毒空木
気送管
水銀鳥
決明子
沈丁花
沢小車
沼水木
法親王
洗湯草
浜人参
浜昼顔
浜苦菜
海唐松
海団扇
消費税
源平桃
源徴票
源氏草
源泉郷
灯台草
灰色熊
無尽草
煙管草
照葉木
熱帯鳥
犬小屋
玉筋魚
玉羊歯
理美容
生食水
産育休
田字草
田村草
病医院
白丁花
白南天
監理局
相思草
相思鳥
真穴子
眼奈太
知更相
砂八目
砂糖鳥
福徳草
福神草
秋分草
秘蔵子
筆防風
筆頭菜
節分草
粉砂糖
精皆勤
糸球体
紅玉鳥
紅葉鳥
納期限
紙八手
紫露草
統連合
総司令
総文祭
総本舗
美人草
群青色
翌翌年
翌翌月
翌翌週
肥育場
育介法
能開法
自分事
自己満
花勝見
花大根
花林糖
苦灰岩
苦灰石
草連玉
菜種菜
薬師草
衣食住
西洋梨
解夏草
豆象虫
豊後梅
財形法
買気配
買言葉
賀正草
賃確法
賞罰金
赤鉄鉱
車百合
車輪梅
軽種馬
通条花
連理草
連銭草
運動場
遠近子
避難所
野大根
野沢菜
野良豆
金時豆
金糸梅
金紅花
金銀草
金魚草
針金虫
鉄工所
鉄砲虫
鉄線草
鉄道草
銀杯草
銀針草
長丁場
長元坊
防火壁
陸海空
隠元草
雪割豆
雲切草
電信草
額空木
風船虫
風輪草
風露草
香雨鳥
馬追虫
馬鹿芋
高優賃
高専賃
高年法
高総文
高調子
鹿鳴草
参与官
安全学
親任官
引用法
出資法
新入生
連合軍
破産法
補佐人
認定書
食中毒
方面隊
決死隊
定義書
海援隊
目的物
外科室
鎖国令
長方形
地上権
詳細化
接続法
正当化
都市鳥
平方数
無作法
建設法
微細化
無害化
寒冷化
延命法
支援法
正統化
通俗化
均質化
相続法
銀行法
防止法
発声法
禁止法
部次長
登記法
禁酒法
強行法
思考法
接触法
仮定法
処罰法
単行法
反復法
対照法
清算米
測量法
給与法
警護法
問答法
市当局
帰納法
弱体化
投影法
改作法
救護法
消去法
準拠法
積算法
脱色法
評定法
誇張法
備蓄米
先月末
冬眠米
精白米
黄変米
救助米
優等生
直接税
工事誌
愛読書
認証官
内科学
受給権
構成国
機関砲
事業部
地震帯
旅客機
電話網
栄養物
野球部
両方向
小芝居
合意書
地方馬
入院費
報告書
中間派
多言語
指示書
数値化
公用車
工場法
確認書
四川風
敵対国
優勝国
決算書
生理痛
格闘家
生物界
行動力
古代湖
抗議書
消費国
同盟国
証明書
採用書
正則化
申告書
航海法
戦勝国
機関長
発注書
解説書
通告書
選定書
納品書
要望書
記述書
通知書
上申書
依頼書
入門書
嘆願書
答弁書
納入書
内申書
復命書
必読書
指南書
探求書
星雲団
検案書
特定国
精算書
領収書
評議員
栄養分
訪問国
女性型
有名人
加盟国
学年末
産出国
近隣県
対抗戦
敗戦国
数表示
文学科
継承国
合衆国
後進国
従属国
移入国
移出国
輸出国
宗教史
実行教
自然金
労働権
実測図
温泉場
四角形
映画化
結果論
保安庁
工学部
新世紀
機関誌
始末書
放送網
理想化
交戦国
十字軍
女性器
家族制
参政官
爆発力
団体戦
情報学
文章語
公立大
交通網
一個人
下車駅
代替品
副町長
回転機
加減物
旧本館
条件法
機関紙
警察職
四国犬
会計課
新生児
大発生
共和制
源氏車
現次長
非金属
未開発
生活科
自然死
代議員
六観音
形式上
連絡網
総生産
居住権
敷布団
入会権
短時間
軍事史
拝火教
国文学
無遠慮
健康酒
大阪風
料理店
専用権
三河犬
医学生
同意書
文章論
現実界
長上下
労働力
英語力
外科医
憲法上
新生面
産業祭
販売店
精神上
軍用犬
英文学
生活型
包囲網
過激派
人権派
史学科
昼食代
使用額
新発見
見物人
近地点
使用域
助教授
所得額
定着物
自然体
粉末酒
選挙権
条件付
平等権
加盟店
家族歴
直営店
比較級
目的犯
連鎖店
特約店
現行法
理髪店
直売店
直販店
繁盛店
量販店
高飛車
待避線
食前酒
地学科
変化形
参考書
地形学
新入学
教育家
原始林
歴史学
酸化物
人造湖
本格化
男性型
国民軍
断層湖
関東軍
合法化
氷河湖
淡水湖
複合型
代理店
内務班
有声化
細工品
汽水湖
減税派
計量法
通信科
不出馬
入知恵
季節品
食堂車
女性観
報道局
女子高
旧体制
国民科
分離壁
半夏生
実質法
男性器
本部長
郷里制
女子力
県知事
名詞法
政治力
音楽士
指定年
風致林
小型車
実力派
調査権
石灰化
除染土
貿易風
経営権
中古車
大発見
前年分
大地震
農学部
女子供
国税局
兵法家
中道化
長時間
開発元
執行部
副所長
保守色
不燃化
生活線
事務家
字体表
機関部
不用心
工作車
諸外国
経緯書
処分品
文章力
決定権
無生物
通信局
確率戦
輸入品
一昼夜
避難民
遺伝病
安定感
抵当権
人民服
使用料
複線型
学芸大
自動化
予防法
伝染病
考課表
舞踏病
発電力
出版局
再来年
東北学
高祖父
高校生
加工業
席次表
管理課
神通力
記号学
保安隊
年賀状
国民服
副大将
労働省
陸蒸気
副園長
土佐犬
管理権
処女林
復活祭
旧大陸
処女峰
大衆車
再来月
保護領
地下駅
対応力
家族数
最適化
検査院
汚染米
照準儀
合同式
中京圏
高等部
学生服
仲人口
表現力
法学部
選挙戦
形成権
実験式
平和学
産業界
振興課
革新党
国防色
決定力
自然数
保安林
重水素
副総理
新体制
記念祭
記念館
感謝祭
陸上部
合成力
親言語
副走査
三角波
管理業
大道具
居住年
副反応
国内城
軍用金
一元化
副総裁
経済上
代行業
高校卒
一般客
学習館
副担任
強談判
軽音楽
非公開
安全網
新生活
爆弾酒
管理力
六角形
古文学
中心地
演奏権
昼夜帯
公用人
放送権
伝承館
収集家
常設館
生誕祭
祈念館
降誕祭
無効化
治療食
銀行家
生命線
交流戦
近代史
国文法
創業家
民主化
電子化
副校長
形成力
感覚力
交通権
外食業
着陸帯
派遣業
乾燥帯
伝導帯
日数分
減速帯
対話型
止血帯
通行権
底意地
試作品
営業部
好材料
体験型
独裁力
停車帯
機構学
事故米
製造業
新教育
関連痛
音博士
会計科
記名式
通商権
工業所
多世帯
担当課
観光業
英文法
育成課
司法官
国内法
著作権
販売権
整備課
流動食
議決権
多方向
主導権
投票権
指導課
発言権
保存食
地質学
納付額
憲法学
上映権
介護食
推進課
組織力
得点力
除去食
権利質
離乳食
予約権
鉄道駅
暴風雨
放送業
登山家
貨物駅
世話物
学習権
支援課
応用力
経理課
年前半
採用課
新大陸
演奏力
就職課
逆転力
展示権
設置権
宿泊業
指名権
武装権
相続権
指揮権
団結権
提案権
上演権
支配権
司法法
解散権
勤労権
命名権
放映権
永住権
生存権
裁量権
複製権
解除権
追及権
釈明権
介入権
任命権
勧告権
否認権
徴収権
担保権
答弁権
統制権
興行権
航行権
貸与権
賃貸権
追求権
追跡権
養育権
上訴権
争議権
代位権
休息権
先議権
公訴権
占有権
反問権
口述権
専属権
専有権
徴発権
抗弁権
採掘権
採石権
決裁権
理解力
発案権
監護権
自決権
試掘権
責問権
賃借権
通航権
領有権
黙秘権
指定医
鼻音化
入浴車
天文台
映画学
兄弟分
絵本館
作業着
配送法
工業国
表決権
区間賞
実行力
社会権
乳製品
株式化
認識色
会社印
出発駅
情報網
代理権
新分野
大集合
落葉樹
交戦権
守護領
周辺帯
放散痛
異人館
適応力
下宿人
復元力
意味論
小説化
共通語
判別式
構想力
販売業
漢学派
再議権
男所帯
不得意
感化院
事務局
交代式
歌合戦
残時間
紹興酒
到来物
研究生
訓練生
寄進物
精進物
対象年
連結車
実社会
整備業
使用費
販売力
交替式
告別式
投手戦
来月末
発展家
連鎖式
入団式
入園式
退団式
出陣式
卒園式
即位式
始業式
実物大
抵抗権
断髪式
終業式
組成式
起工式
進水式
道議会
離任式
発言力
感染力
自然銅
外国馬
時代劇
建設業
育成力
判例法
支度金
影響力
現代文
支援業
軍事化
酸化数
建築業
北極圏
接客業
注意力
作用素
指導力
教育令
広告業
漁獲業
空元気
競争力
売春業
大公開
大型犬
宅配業
市販車
移動権
仲介業
推進力
攻撃力
測量業
興行業
賃貸業
質問力
運搬業
共感力
採石業
空運業
試験車
輸送業
造園業
運送業
配送業
判断力
輸出業
回送業
復原力
解決力
借家権
強制力
恋愛力
支持力
発生源
破壊力
守備力
副士長
取材力
研修生
一直線
団結力
証明力
防衛力
保持力
公法人
最終盤
説得力
供給力
戦闘力
新記録
記憶力
認知力
創出力
思考力
転向力
学園長
府知事
決断力
発想力
空想力
統率力
親和力
包容力
受容力
吸引力
圧縮力
就業力
持久力
推理力
歌唱力
浸透力
演技力
繁殖力
訴求力
読解力
輸送力
集客力
支援車
中年期
工作室
相場書
給水車
非常勤
代理業
戦闘車
異教徒
認証式
通勤車
冷蔵車
改造車
私用車
展望車
観覧車
逃走車
連接車
運搬車
配本車
対向車
指南車
救援車
教習車
散水車
積載車
護送車
輸送車
配給車
量販車
除染車
集乳車
実習生
銀行業
養殖業
回送車
除雪車
通訳生
生命誌
植木屋
物理学
受験生
市街化
期待権
行列式
副食物
手術室
神学生
練習生
苦学生
婚約生
課税額
修練生
在園生
在校生
就学生
教習生
特待生
職業高
落第生
転入生
文学部
国鉄型
通学帽
地球史
報知器
高祖母
下降形
変更年
所在地
地方版
限定戦
全国一
飼料米
営業税
省力化
立法権
抵抗力
案内役
大量死
府県制
運動戦
新機能
直視形
耐火材
直流形
感動作
特別車
生命力
象徴界
革製品
分水界
適用年
副理事
表示灯
金属製
朝鮮語
到着駅
社会科
処女作
降車駅
協力隊
帰着駅
待避駅
相手先
検査科
理工学
複素数
六神通
青銅器
探査子
給付型
停車駅
印象派
消火弾
昨年末
記念樹
作曲法
学区制
成年式
本会議
新元素
国会法
復帰戦
照明弾
表現型
民族化
確率論
機関士
短大卒
人文科
上陸戦
活動費
低所得
天文部
女生徒
通信制
流灯会
地震国
防衛戦
開幕戦
宣伝戦
乱打戦
利己心
国民制
投石戦
持久戦
非居住
具体化
文学書
跡始末
安全帯
乗用車
地史学
保護室
実験室
居場所
成長線
飲食物
攻撃隊
相続分
菓子類
収集品
交通省
最終財
着陸灯
公用語
多次元
技術家
進入灯
反対派
警告灯
前期末
放電灯
未入力
武道館
理想派
警備隊
国立校
遠征隊
救助隊
不可視
野球帽
独立財
工事代
子供達
調査団
製作図
翌月末
三文判
次月末
経済学
選手権
大手筋
事務室
昼行灯
制御材
酸化銅
様式化
初期化
国内産
観光科
乱開発
開始年
調査庁
文庫本
真四角
荒法師
七福神
空気砲
貨物車
航海灯
安定期
管理局
火食鳥
念持仏
行商人
現代病
私有林
延人員
新弟子
差集合
土木科
音楽堂
混合林
価格差
勝負師
勢力図
休養林
分子式
産業医
混交林
演習林
退職年
合理化
魚市場
往生際
政府筋
朝活動
回帰年
勤続年
風雲児
帰国年
転属年
配属年
縁起状
馬鹿面
旅客船
即売展
常設展
研究科
落選展
演奏家
編集権
実年齢
電話局
樹木学
総日数
最高峰
権利付
考課状
基本法
持久走
資料館
展開図
特許状
回帰月
年始状
文明病
放送室
朱印状
解由状
軍忠状
黒印状
実体視
水素化
海砂利
研究家
郵便学
作品賞
保護犬
総裁選
制裁金
獣医師
計算法
小気味
新宿展
運動家
量産型
研究室
飲食代
大陸国
非対応
地球人
開発職
万能薬
旧機能
養老院
好人物
建設科
漢文法
認識論
治療室
私立高
一筆書
総所得
開業医
専修科
参政権
年金額
建築科
公会堂
島四国
記者室
保存科
放送局
直観科
効率化
専攻科
氏素姓
測量科
修養科
補習科
輸送科
造園科
先制弾
分散型
海洋学
相対論
演習弾
発煙弾
迫撃弾
不足額
変更線
一般道
投資家
飛道具
代替財
薬物学
補助犬
仮執行
未分化
構造化
水兵服
編集力
自部門
計算月
一般形
不人気
予約型
好機会
愛好家
指導室
努力家
建築家
美食家
下降型
近代化
創作家
実習室
節約家
交際家
冒険家
動物化
調理室
女装家
批評家
液状化
空想家
走査型
鑑定家
乱読家
作画家
作詩家
商業学
多読家
夢想家
実演家
寄稿家
扇動家
探検家
歌唱家
漫談家
舞踏家
著述家
装丁家
造園家
展示室
電話線
官文書
段段畑
変光星
商売敵
土性骨
大御所
統合型
訪問型
冷蔵室
監査室
談話室
乾燥室
休養室
操縦室
燃焼室
航海科
試着室
応接室
接見室
改良型
更衣室
洗面室
給湯室
自習室
財産上
透視室
副教材
給与型
装着型
貸与型
連動型
並列型
低次元
列挙型
密閉型
高年齢
構成素
好男子
発動機
事務所
観光庁
複合語
加工品
歴史家
読書家
念仏堂
入場税
美術史
印刷局
下士官
学年誌
更新世
軽量化
天元戦
死場所
長期化
小坊主
小論文
高野聖
炭素鋼
不美人
出納局
郷土史
貯金局
過去史
避病院
稲荷祭
再評価
計算尺
集合論
報道部
定年制
売春街
貴婦人
不統一
再発見
分類表
固形物
宗教学
記者団
思想史
監視団
暴風域
太政官
送信機
信条史
戦国史
教義史
満鮮史
薬局方
属国史
心性史
成形型
監察使
編年史
地元学
東西制
大手術
監察医
副将軍
本土化
居住民
無意味
君子人
星月夜
移動型
足根骨
海洋国
筆頭人
月世界
安全灯
新所帯
再入学
同期生
加工紙
礼拝堂
五大湖
選挙人
不成立
主流派
放射線
外語大
少年法
奈良学
化学賞
視察団
火山学
女性陣
当推量
認定医
周辺視
悪知恵
終電車
弁護団
戦闘団
研究医
合唱団
応援団
鑑定団
塩化鉄
暦博士
自警団
身体上
最小化
医学科
助成金
部局長
雪景色
修理工
新住宅
船員法
野生犬
重化学
補給線
選手団
行政職
新感覚
血液学
軍事学
無条件
好条件
非表示
複複線
家族観
事務長
特性化
警備犬
使役犬
司令部
救助犬
巨人化
計算機
武士団
終末論
徒競走
給付金
部課長
建築線
経済法
鉄道業
代用食
研修医
大勝利
担当医
絶縁線
回帰線
前総理
十字路
合成紙
私物化
給電線
送電線
配電線
聖観音
文庫化
測地線
非適応
中等部
不連続
指導医
町火消
非公認
不健康
利用券
遺留分
現首相
立体派
半母音
自然観
目一杯
新技術
製作費
勤務医
問題化
当直医
皮製品
鑑定医
非上場
心理学
青天井
熱機関
事業場
学年制
再輸入
情報戦
無関係
地球化
直接法
児童館
野球場
下級位
全体量
公会議
前職歴
割増額
四天王
対象月
届出印
帰任月
年税額
松平状
河川敷
法定休
着任月
薬事法
転属月
退職月
通信機
過納額
配属月
開始月
世論戦
情報局
非同盟
幼児語
寄宿舎
万灯会
初場所
非破壊
復帰作
最新刊
殺害犯
法医学
非存在
非武装
音源化
無愛敬
終盤戦
世界新
出演作
属性化
和楽器
非接触
精神病
非加熱
非専攻
大空襲
回転体
国防族
民主派
中古品
保安員
児童学
海草類
出世作
仕事場
軍楽隊
機能語
主演作
大八車
投手力
新元史
時計学
南西部
多数派
現代書
電磁鋼
非売品
打物業
最小数
非合理
名字化
長崎学
保育園
中立国
横回転
水産物
補助金
長電話
使用量
民族学
再認識
放水砲
河川法
微生物
書記官
民営化
農業家
高土間
人種化
生化学
大成功
小冊子
無期限
管理人
記念品
乗車代
新体操
法律上
右心室
代行人
茶菓子
運転手
突撃砲
自走砲
迫撃砲
速射砲
大発会
新発売
煙草店
通信路
変動帯
水戸学
製作所
成功金
小意気
工事料
不快感
保護色
補給品
無愛想
新思考
不利益
不適当
新造語
殿上人
個性化
慣用語
真人間
聖家族
記念誌
不満足
付属品
商工課
大逆転
自働化
知識人
桜前線
漫画化
正規化
副収入
支給品
通信士
大勧進
初体験
在庫品
地下室
芸能人
住宅街
個個人
市販誌
複製品
出版物
同居人
器量人
装飾品
収蔵品
模造品
歴史戦
試供品
貯蔵品
贈答品
遺失品
遺留品
古書店
三遊間
古道学
三階層
世界観
公有制
保証金
時刻表
留置権
都心部
天皇制
実生活
脱法酒
航空法
大正解
協力金
独裁制
理論家
多方面
大衆誌
広告誌
講習堂
九州弁
大商人
戦車砲
直販誌
鉄道林
配当金
工場長
水中戦
西洋史
本総会
試験紙
白地図
高学年
海兵隊
右手首
周辺国
新興国
非加入
名勝負
私自身
不参加
多角形
地下街
活用力
発行人
調整金
金属樹
家屋税
当選金
真昼間
停年制
植林紙
保証人
職区分
追加料
大衆紙
医科大
情報科
受信人
発光紙
線形化
写真店
感光紙
模造紙
積層紙
転写紙
非常線
反射色
局所化
代八車
流域圏
男子力
美濃紙
不合格
出資金
司法権
早生児
世話場
今世紀
大改革
政治屋
洋食化
最終便
老眼鏡
補給金
予約金
理想家
再教育
国営化
辞書学
分担金
検定制
非婚化
酸化銀
拠出金
納付先
通行人
世話人
再計算
劇作家
大冒険
大爆笑
関係図
塩化金
大予言
大脱走
宝石学
木質化
現象学
大往生
大躍進
市庁舎
寝不足
活動量
料理人
出入口
交付金
神経学
配分金
保障金
美女学
連合体
個人戦
大王戦
支援金
負担金
賃金額
国鉄色
登山部
知行権
小売店
政治観
準備金
退職金
量子化
返済金
分配金
禁酒令
経産婦
解約金
長談義
加算金
持参金
反則金
召集令
徴兵令
徴収金
断髪令
登極令
上納金
前借金
拝借金
老人学
賦課金
返納金
追徴金
違約金
不作為
着火材
側用人
裁判官
常議員
観賞魚
旅行客
夢物語
国語学
商売人
管理下
保守料
民族間
仏国製
副知事
片方向
兵士長
大気差
総理人
系列化
調理場
変更月
記事化
進出色
大航海
実験台
多人数
天王戦
不登校
糖原病
国有化
爆発物
手作業
機械化
非常識
加工卵
環境学
相続人
合金鋼
実在論
初安打
物質界
集金人
養殖魚
予約制
保佐人
支配人
書道家
仲裁人
共産化
弁護人
清算人
副主任
後見人
看護人
依頼人
神話化
規格品
賃貸人
配達人
鑑定人
伝統酒
個人差
公述人
再起動
宇宙服
検量人
検針人
脳病院
賃借人
運送人
集配人
国民歌
成年誌
左前打
平面鏡
内服薬
共同体
経験歴
関税法
居留民
発起人
等身大
原寸大
技科大
私有制
交代制
文字盤
造船業
海中戦
登録制
税金額
蔵人所
再起戦
直前割
大便酒
無料化
非参議
地上波
許可制
交替制
外交上
農工大
代言人
内視鏡
再処理
民族派
世襲制
再販制
徴兵制
招待制
渡海制
独任制
連座制
配給制
三角骨
回転端
望遠鏡
非等価
代理人
動物学
単眼鏡
天眼鏡
球面鏡
人参酒
内言語
専用機
最高級
過半数
高周波
標準化
警戒色
薬用酒
集合族
不信任
収縮色
純米酒
事務員
入力欄
警告色
予防線
大親友
教会堂
法典化
特別料
預金高
仮条約
薬味酒
全国紙
内科医
国定制
依頼心
医療化
多重化
刺激物
営業員
海軍力
総本部
製紙業
証券化
転出民
酸化剤
原住民
吹奏楽
直接型
移入民
移出民
舞台化
転入民
遊牧民
副参事
団地化
変更法
不適応
直方形
副専務
雪合戦
無事故
現大臣
不起訴
事業費
小手先
話題化
理科大
占領軍
平均台
穀物酒
視覚化
受領証
有料化
果実酒
僧坊酒
無関心
適法化
仮処分
営業費
境界層
非公式
革命化
試合球
主人公
桃花酒
馬乳酒
旧憲法
軍用船
定式化
川崎病
生命表
理事官
晩婚化
適性化
規格化
道路族
議会費
母国語
不注意
暴徒化
不退転
候補生
漁業法
塩素化
多党化
工事費
標本化
多極化
少子化
断片化
奴隷化
政策学
映像化
樹海化
義務化
不戦勝
不拡大
初勝利
問答集
寝台車
序列化
時間給
五穀米
副食費
対角化
不支持
白骨化
純文学
不特定
厳罰化
常態化
斜陽化
晩産化
煙突化
短命化
神格化
世俗化
固形化
平準化
暗号化
無煙化
耐性化
耐震化
電脳化
不承認
不活化
共進化
具象化
分極化
可溶化
可視化
学習歴
官営化
小子化
属国化
属州化
属領化
弱毒化
形象化
有理化
正典化
減容化
無鉛化
産科学
皇民化
角質化
高金利
内閣制
対戦国
対抗馬
不支給
不消化
合議制
内製化
不調和
不賛成
不適合
不整合
不養生
不介入
不信心
不承知
不起立
不就労
不揮発
不整地
不料簡
人力車
女体化
開閉器
合成語
更新歴
死亡帳
会計士
敵対視
予想紙
反乱軍
小麦粉
強行軍
仏国産
常備軍
火薬学
用語集
薬学科
遠征軍
生態型
空中戦
出生地
入場料
工具鋼
現実感
治療薬
計算器
障害物
創造物
影響下
方言学
発電機
牧場長
重母音
家政学
不始末
多項目
新素材
海外勢
映画界
都知事
分社化
周波数
地図学
中間色
学生街
非同期
執行文
大百科
郵便車
決定論
大明神
支配下
美人画
助産院
新聞紙
衆院選
風俗店
市販薬
通学先
参考人
過熱器
舞台上
保全法
空中権
試験台
非暴力
指示薬
目的格
機能水
点火薬
経済家
回復薬
到達月
設定法
課程制
小役人
追加費
武道家
駅馬車
先発薬
再統一
生物型
前線面
学協会
歯学科
法律学
大衆薬
三連休
海兵団
二等親
二等辺
作動薬
判事補
常備薬
消毒薬
茶道具
点眼薬
自立語
解熱薬
造血薬
駆虫薬
不気味
管理部
不相応
洗面台
進水台
三原色
三等親
三角柱
写真家
医薬品
女芝居
銀行員
人生観
業務上
人間並
天王星
小正月
会議費
労働歌
工作物
老年学
対処法
非正規
町道場
飲食費
学院生
転化糖
口拍子
不同意
機動戦
競馬法
空間群
赤富士
制定法
航空病
都合学
本場所
競争法
公文書
飲料品
推進法
国内線
計算額
周辺部
書道界
解決法
取得法
先先月
博物館
大震災
感覚論
技術力
地元産
武家領
算定法
記入法
中高校
呼吸法
増幅法
援護法
発想法
算出法
記載法
配達法
朗読法
歌唱法
死生学
非素数
領事館
千秋楽
財産法
都人士
文章体
中世代
保守費
少年院
丸数字
修理費
楽天家
氷点下
異次元
英単語
玉案下
機動隊
一神教
狭山茶
百貨店
農政学
不風流
再生紙
博物学
未来図
派生語
基本権
新憲法
逃避行
条件式
政党制
本人分
再居住
調査士
経験論
無限大
決算月
受精卵
植物学
記号素
経営士
非線形
新世代
飛行機
低年齢
作曲家
右大将
医大生
三者間
陰陽道
医学部
反射材
総力戦
仮計算
評価表
農作業
人事官
風土病
香港製
電話機
情報誌
地理学
対策法
放送部
人種学
犯罪学
薬理学
翌年分
年金勢
普通酒
省人化
列車砲
初当選
市民派
新人戦
分数式
塩水湖
文芸学
空手形
口語法
首脳部
不用意
現法相
注意報
論理学
空気質
自家製
諸事情
民俗学
不公平
最低額
処分場
副課長
知行所
人一倍
初感染
書店員
自動式
協和音
考古学
加入月
指示語
消防署
編集人
接続語
付属語
尊敬語
人員表
体験会
通信社
造船科
世界暦
長尾類
運動部
再選挙
全盛期
情報力
退位礼
大業物
民間学
現外相
本土派
修飾語
借用語
混合比
転成語
介助犬
光化学
対象額
屈折語
抱合語
接尾語
出版社
国土法
対数表
不一致
木工作
電気業
中央線
法人格
初主演
採用月
支給月
現社長
表面化
乗馬服
照明士
例外法
文明国
法制局
賃金表
不足分
形態学
受信機
土産屋
問題児
管理士
精神科
開港論
体操部
子供数
社宅費
評価点
地震波
自然銀
英会話
医学書
進化論
仮処理
医大卒
保険法
導入部
職業観
近点月
音楽賞
小売業
知行国
西洋化
商法学
学習材
弁論部
写真業
存在論
実証論
暗緑色
経理部
開国論
南進論
採用部
書道展
独断論
合唱部
所得顔
飛行士
応援部
水泳部
電流源
主管部
帰宅部
観念論
不作法
包装材
海水魚
衛生学
遊園地
宝石類
普通車
小径車
英作文
冷却材
減速材
発熱材
集成材
吸音材
固着材
大仏殿
経済界
法改正
色眼鏡
宗教家
行進曲
化合物
古代学
販売機
音響学
主計官
課税地
毒性学
緑黄色
記号論
山小屋
決議案
竹夫人
景観法
天南星
本調子
加速器
練習曲
教科書
生一本
合唱曲
指示機
受難曲
合奏曲
変奏曲
興信所
党派心
民法学
町長選
誤入力
感染源
攻撃機
前処理
高分子
宇宙食
専門店
悪材料
印刷機
受給額
通信料
焼死体
発射機
製図機
大人化
同意語
発信機
電話帳
彼岸会
測定機
画用紙
練習機
奥医師
戦闘機
行政罰
名人戦
精米機
脱水機
乾燥機
冷却機
印字機
増幅機
始動機
小説家
待機機
眼科学
脱穀機
造型機
制動機
受像機
噴射機
噴霧機
圧延機
圧着機
圧縮機
射出機
打刻機
採炭機
探査機
探測機
探知機
改札機
断裁機
映写機
植字機
照準機
爆撃機
発振機
精算機
給湯機
給炭機
耕運機
製氷機
複写機
起毛機
車載機
輸送機
集材機
雷撃機
保健所
細工所
突拍子
郵便業
火山帯
授産所
無風流
科学省
交通路
保安器
法科学
選挙会
言語野
供給源
出水管
公民館
測候所
前口上
非識字
一般職
非営利
参加代
満足感
電気灯
非現業
原動力
銀世界
兄弟子
年齢層
天保銭
木製品
資源館
分国法
営林署
再検査
代執行
最終値
将軍家
式次第
教養学
英文科
完全米
君子国
太陽風
訓練士
税務署
出血熱
支店長
教育長
神話学
魚類学
体育館
治療士
要入力
記念物
空中線
門弟子
電源車
高調波
井戸車
最前線
浅草紙
著作物
宿泊税
建造物
放水路
無利子
地名学
無意義
参院選
古道具
生世話
低賃金
六老僧
事故死
口上人
自然光
日程表
比電荷
販売士
技術書
聖書学
生態学
通行税
伝送路
体育学
焼豆腐
塩化物
散策路
送水路
電話代
休職月
古書展
小便器
提出物
井戸端
回転子
整備士
計測器
印刷物
高麗史
展示物
放生会
特定物
終着駅
足拍子
大将戦
炭化物
交流会
建築物
準備物
科学科
美術館
親馬鹿
入学式
奴豆腐
弾道学
混合物
理工科
創作物
広告物
栄養学
航空業
配達物
営造物
小発作
送付物
遺失物
郵送物
開会式
保育士
場所代
連絡帳
天皇杯
建築士
郷土館
国防費
個性派
判定士
弁護士
農業国
近視眼
郵便局
介護士
公使館
添加物
看護士
設備士
操縦士
測量士
警備士
鑑定士
剣闘士
町役人
裁判権
速記士
最高裁
製紙所
鳥類学
再出発
通関士
生薬学
商業界
国技館
私経済
原体験
公約数
系統学
代用魚
大多数
底値圏
気象学
水族館
新刊書
民芸館
竹細工
反対称
三角座
学習帳
筆記帳
航海路
芸術学
閉会式
心臓学
交差位
保守層
図像学
口上手
屈曲位
知識学
相続税
保健学
織物業
管楽器
気候学
混雑税
代書人
写真展
交通死
加算税
園芸学
水文学
優生学
想像力
配付税
入湯税
収得税
生活費
証印税
目録学
薬剤学
中手骨
人相学
育種学
出納帳
出荷物
顔面学
幾何学
検地帳
水鉄砲
真宗学
鉱物学
再検証
加齢学
地政学
最高齢
病理学
鉱床学
再発行
家具店
岩石学
教義学
毒物学
湖沼学
病因学
紋章学
養蚕学
修辞学
勇者学
博言学
地文学
地誌学
変分学
姓氏学
層序学
弁証学
政務官
旗章学
書誌学
本草学
水理学
皇朝学
算命学
美辞学
考現学
脈管学
薬力学
血清学
被服学
観相学
金相学
陸水学
雪氷学
食塩水
骨相学
鳥卵学
歌謡祭
精神論
航海士
代表印
宿泊代
始生代
方形骨
単行本
秋田犬
人事課
再検討
書記局
大聖堂
無調法
論説文
低学年
通行代
電子戦
再表示
電気科
小料理
奇麗所
専用船
東西屋
生命体
社員権
分隊長
漢文学
全自動
通産相
再配当
治療代
財政学
人類愛
再実行
人物画
理想論
課題曲
宗教界
無所属
銀白色
出産代
朝刊紙
鏡文字
不正確
公式戦
社会面
始発駅
役不足
航空戦
仮製本
再設定
都大路
生兵法
作成代
教育費
評価版
再調整
好青年
想像界
減額金
未成年
途上国
全反射
失血死
保険課
再作成
残業代
異物誌
魚介類
電波法
町役場
鉄道員
耳学問
通訳代
小作権
平行線
航空隊
外交官
上得意
不良品
通信員
小型犬
臨時駅
住居費
再提出
小具足
通院代
再修正
給油代
守護代
療養代
運送代
郵送代
再交付
再更新
再配分
沖縄学
再出力
再登録
再集計
純利益
仕事量
公用文
再面接
恋愛歌
再入国
再分配
再申告
大本営
再清算
消費財
陰陽暦
再試行
再通知
再始動
再突入
再入閣
再就職
再精算
再起案
雨装束
再輸出
工作船
帯刀権
無感覚
無作為
非日常
応援歌
熟練工
関係先
夢想歌
編集部
逆回転
進軍歌
未来像
通信費
従業員
消防官
東国風
混合財
軍団長
代休権
全画面
補完財
革命児
古典派
給付額
電気街
専門家
予定稿
立憲国
初対面
実業家
染色質
判例集
南京玉
漢字力
再出向
原動機
工作図
事務器
財産家
認定証
講座派
少数派
出国税
高層雲
天才児
異端児
雨障子
女学園
特別給
感覚器
全社員
参加数
仮想水
家賃額
私生児
精製水
親日派
少年団
青年団
初生児
遅進児
道州制
幼児期
歴史書
冷却水
同級生
無得点
加圧水
減塩水
点眼水
秘書官
蒸留水
運営費
電解水
薬学部
調査船
集合体
広報官
低周波
健康権
安心感
特別費
無制限
原産国
雑所得
税支給
運動会
高山病
異国風
一口話
古典風
等測図
主税局
海洋科
首長法
全否定
対象社
活字体
反日派
複合体
初会合
前首相
多島海
無理解
組織案
立入権
銀馬車
全摘出
資料室
総利益
精神力
親米派
交歓会
空港税
予定額
前衛派
新天地
研修会
計量士
調教師
均一型
無配当
算定式
上映会
呼吸式
算出式
給与式
護憲派
軍事権
入庁式
就任式
推論式
水菓子
自走式
複写式
設計図
開院式
電子科
弁当店
後処理
立体視
解党派
芸術派
証明証
夜会服
市街戦
継続証
報告会
許可証
声明文
借用証
遅延証
内陸国
基準法
領収証
医師職
心理戦
道具屋
初日影
受信器
豪州戦
下級生
歯学部
最高値
選考会
電気線
事実婚
構造家
愛好会
新小説
機動力
競技馬
左官科
建設族
無意識
獣医学
競走馬
半透鏡
出走馬
向上心
練習会
運動野
金属片
帯同馬
競技会
歓迎会
航空科
交易会
祝賀会
即売会
現役員
試写会
送別会
防衛族
世俗派
改憲派
野獣派
敬語法
武闘派
親中派
討幕派
仮約束
中間財
暴走族
転勤族
低糖質
副市長
無投票
長打力
私小説
温泉郷
状態図
統一感
商用車
定員法
実定法
単振動
無試験
旅行記
運動器
低反発
好影響
神秘学
両成敗
原作力
本様式
農地法
進行波
西洋館
同期機
海外給
前句付
告示波
連結器
会議録
定着液
搬送波
有機米
歩行器
神経痛
屋台店
調整器
外祖父
無反応
農政課
医療法
左手首
玉手箱
司書官
合計額
工業地
地引網
力不足
単層林
執着心
平均額
加農砲
無自覚
無記憶
鉱業法
無記入
無担保
無矛盾
複数形
商学部
技術士
無演算
無鑑査
無防備
見聞録
物価高
実体験
実労働
筆記具
総合職
参事官
大先輩
情報源
折紙付
西洋学
飛行船
中前打
夏場所
定額制
当世風
無添加
尾頭付
終身官
宿泊数
想定額
法務官
財務官
弁務官
白拍子
紋章官
越南製
分光器
判任官
医務官
執政官
大民族
奏任官
恒星風
民部官
筋肉痛
警務官
護民官
軍務官
指示器
検出器
特別職
表玄関
転抵当
小理屈
推進器
四方拝
愛弟子
調理器
書記素
不面目
半月割
未来形
反応器
来年末
知恵熱
製図器
日曜紙
極地法
保育器
好景気
発信器
防護具
保証額
未発表
消化器
分配器
多年生
村役人
混合器
縦社会
識別帽
絶対視
蓄電器
加算器
接触器
空念仏
精米器
乾燥器
共鳴器
冷却器
加熱器
呼吸器
増幅器
無為法
生殖器
発光器
乗算器
共振器
受容器
吸入器
噴霧器
圧縮器
変成器
感知器
投石器
探知器
整流器
断続器
検温器
洗面器
照準器
発振器
穀物法
積分器
節電器
給湯器
蒸留器
蒸発器
製氷器
足温器
車載器
送話器
造血器
除草器
七宝焼
同窓生
国連旗
就活生
人造米
自治領
決勝打
商標法
変革期
漁業権
特許法
近衛兵
印紙法
戦闘帽
北西部
労基法
水泳帽
関連法
縮図法
雑穀米
互除法
修辞法
公立高
句読法
命数法
和議法
地公法
均田法
天測法
対位法
属人法
属地法
市易法
弁証法
慣習法
指話法
救貧法
正攻法
正書法
水耕法
海商法
火山弾
熱帯林
猛毒米
粒子線
背理法
視話法
記数法
警職法
財特法
限時法
子供心
新左翼
配当額
長粒米
高山帯
加徴米
成文法
死装束
無洗米
高機能
旧正月
自由国
無抵抗
白装束
高専卒
定義域
樹木医
先住民
力一杯
買問屋
流星雨
神道家
参加料
規定額
戸数割
民活法
一大事
変節漢
降水帯
公共財
新店舗
次官補
食肉類
両極端
調整額
期待族
財政法
車内灯
功労金
低価格
地形図
構造式
中古船
回復期
洋品店
組織図
販売額
優勝杯
実業界
決算期
石竹色
個体差
認識票
難行道
過去形
代行料
大夫元
抵抗器
呼吸数
振動数
産卵期
貸与数
出資額
労保料
変動月
多面体
支給期
明細書
月単位
朝食付
赤信号
青信号
黄信号
混雑期
参考式
国博士
極悪人
半減期
反抗期
外資法
授乳期
無声音
交尾期
固定額
変更料
激動期
移行期
幸運児
現象界
関係調
拠出額
橋本病
血色素
親孝行
交通船
少年誌
青年誌
新卒生
柔道家
政治犯
新生代
自民族
万葉集
代名詞
交付額
取得額
地中熱
食生活
魚貝類
保障額
空約束
負担額
連合野
気化器
小麦色
支給額
消化額
証明額
返済額
遊歩道
棒線駅
申告額
借金額
加算額
売却額
徴収額
損失額
給与額
合算額
弁済額
減給額
精算額
贈与額
送金額
領収額
病弱児
電子線
食肉店
法律家
経産相
格納域
監視船
助変数
部活動
一元論
全国型
短編集
資産家
階級制
乳児院
鉄鋼業
衛生課
送信先
全店舗
特別賞
村役場
風俗街
姉妹店
被加数
被減数
大食漢
後頭部
巨大児
無縁仏
生活給
仮命令
再編集
仮投票
命令形
温度風
送風機
陽明学
府立高
教会史
沖積層
花供養
神経戦
着火点
支援船
越南産
同時犯
組合法
進化形
統一体
所属長
給水船
若年寄
連用形
保管船
練習船
国外産
次世代
活用語
着陸船
写真誌
巡視船
測量船
遊覧船
運搬船
否定形
敷設船
独航船
難破船
散策道
発行料
仮実装
共感覚
助数詞
進行形
仮調印
身代金
仮登記
多神教
仮退院
保険業
入浴料
原油高
天主教
実語教
路面店
仮約定
仮釈放
胃腸学
仮定形
保証料
地下水
女剣劇
工作員
新様式
経済紙
衆議院
財産権
達成感
拡大図
散歩道
終止形
受信料
主力車
作用点
動物界
工芸家
悪条件
旧保険
手不足
現実味
相関図
観光客
単板類
球根類
経済力
再製茶
多毛類
宿泊料
根菜類
両生類
円口類
単糖類
参議院
吸虫類
地衣類
多糖類
希土類
果菜類
無足類
線虫類
腕足類
腹足類
花虫類
葉菜類
補助輪
電力所
頭足類
食虫類
測量図
配線図
投影図
透視図
乗車便
反別割
武士道
玄米茶
未計算
正統派
清純派
温和派
無頼派
白米病
文具店
説教師
通行料
世話料
高障害
全国初
旧長期
臨時祭
仏具店
広葉樹
水溶紙
基幹網
書道部
植物帯
調理師
重要視
宣教師
注釈行
青銅砲
教育相
鉄条網
不完全
授業料
王室歌
東大卒
衛生車
語用論
布教師
宿泊客
売上高
慢性病
看護師
伝道師
屋体店
海上戦
火加減
興行師
教戒師
整復師
理髪師
調香師
講釈師
調査員
仮分数
大蔵経
川上犬
文芸家
雑貨店
鮮魚店
箱提灯
通話料
作成料
石材店
国民兵
月行事
米穀店
非常口
夏神楽
未知語
照葉樹
七曜星
九曜星
材料費
航海図
資本家
精肉店
鉄砲水
調整分
飲料水
工務店
環境権
執行役
対応表
物販店
試験料
飛行場
不動点
古生物
均等法
消防車
経産牛
漫画祭
生花店
出演料
自治権
茶道家
熱処理
前大臣
接続料
機材車
汚染水
留守録
太陽年
普通法
栄養食
無一物
通訳料
更新料
書記長
横断面
計量器
人事権
銀行勢
仏文科
縦断面
受験料
紹介料
有機体
保存料
漫画家
解約料
講演料
塩化銅
着陸料
課金勢
調味料
接種料
月面車
査証料
仲介料
入港料
入館料
受講料
学問料
洗顔料
入漁料
拝観料
整髪料
発券料
移転料
賃借料
運送料
郵送料
不必要
組織長
声楽家
西洋風
条件文
生物剤
納骨堂
固定客
離岸流
大好物
新人会
土産店
全責任
版画家
未処理
公害病
現在地
不親切
関東馬
地上職
夫婦仲
広報車
逆比例
長期戦
工学科
検査員
出向料
環境林
参拝客
電器店
未熟児
防犯課
五輪相
招待客
共通点
原子病
商業誌
安全器
専門科
姉妹車
口径食
実年数
透明帯
張本人
保健課
全真教
女子校
実業科
金環食
不名誉
季節風
手一杯
安全帽
貴金属
総務課
黄熱病
破傷風
予定表
管理表
労政課
市民権
財務課
労務課
注射器
副村長
参加費
届出書
料理長
相当額
自部署
軽工業
基本数
外交家
新字体
暗黒界
取引法
神経科
決議文
無気力
年齢給
地理院
前半期
塩加減
軍資金
不自由
給食員
中間層
原資産
一家言
再保険
主計局
管理費
俗世間
現女王
制動輪
文学賞
駆動輪
初等部
単語帳
気象病
相談員
博多帯
未指定
独演劇
高水準
国語科
絶対量
基本額
幹事長
心臓病
新教徒
予報円
事業主
歴史画
農民車
配水場
手当額
内接円
外接円
無責任
先天病
下腹部
給食費
乗船場
皮膚病
季節病
草野球
体験版
日射病
金満病
狂牛病
血友病
雪上車
医原病
壊血病
夢遊病
座席車
恐水病
歯周病
熱射病
狂犬病
私傷病
習慣病
補助費
象皮病
黒死病
巨人戦
写真集
適時打
吸収剤
学生歌
試験場
出納長
合計表
警備長
整備場
地質図
無神経
黄金数
割賦金
尾道学
山水画
運転席
法律戦
計算手
旧名字
水加減
不経済
持家派
予想図
展示場
水運車
内弟子
夏布団
新聞屋
受験場
原画家
決勝戦
合格点
石炭車
練習場
開放感
写真部
小説誌
新社屋
競技場
計算量
豊年祭
競走場
射撃場
水泳場
興行場
停留場
大車輪
安置場
採石場
操車場
放牧場
斜面林
演習場
金準備
集荷場
利子額
本年分
汚物車
盗難車
地元紙
気動車
炭水車
防弾車
土運車
投光車
救急車
活魚車
特命車
特装車
砲戦車
社用車
自行車
街宣車
起震車
軍務車
通風車
金馬車
大振舞
変更点
放送員
留置物
金解禁
着色料
不透明
人権屋
対抗心
空相場
全紙面
好事家
宇宙線
植物界
営業職
新聞種
色立体
蔵法師
感情論
機内食
基本図
体育祭
大物車
感覚点
縁日祭
初一念
養殖場
客商売
方程式
研究員
民主制
疑問視
未収集
不均一
入学金
家庭科
県立高
運動員
接待費
同点弾
小旅行
燃料代
資料集
下世話
出発点
宿泊費
煙草屋
関連費
協力費
不誠実
実業団
一昨年
写真機
存在感
不均質
不適任
特派員
監視員
構成員
納得感
地下道
解放感
交通費
反省文
研究費
平均点
絶望感
連帯感
優越感
失望感
疲労感
臨場感
宇宙論
自治法
円運動
販売員
静止画
投影画
風刺画
愛犬家
研修員
通用門
老大家
戦術家
歌謡曲
非対称
不得手
友好国
軍事力
新古車
治療費
芸術祭
内国産
学生証
中二階
実支給
理事国
緑地帯
英字紙
山法師
整備員
横兵庫
白色金
口上書
女官長
実返却
専門語
指導員
露出狂
商品券
美術家
親組織
前法相
回転角
高得点
後続便
旧商法
調理員
質問表
革命家
春節祭
芸術家
確認表
作成費
大前提
着火剤
販売費
入居地
小夜曲
集計表
研修費
植生帯
集金員
村民税
夏至祭
形成体
戦闘員
支給表
祈年祭
聖誕祭
試算表
謝肉祭
赤道祭
軍旗祭
一婦制
参照表
口約束
添乗員
自画像
分相応
判定表
拡張員
警備員
配達員
乗務員
勤務表
大不況
検針員
照合表
算定表
維持員
賛助員
通知表
対照表
二流紙
出走表
園芸家
大資本
戯曲家
創立費
固定費
定期金
弓道家
人工林
出張費
思想家
愛妻家
文筆家
気候帯
落語家
経世家
育種家
無風帯
実務家
社交家
野心家
低木帯
前外相
夢判断
専門医
証拠力
乗車賃
器楽家
平方和
恐妻家
愛煙家
武術家
策略家
事相家
作庭家
健脚家
剣術家
名望家
国文科
売文家
好角家
弁証家
弓術家
愛書家
書法家
武闘家
漁色家
演唱家
演芸家
男色家
発毛家
知日家
能書家
通訳費
取得費
記念章
短波帯
丁字帯
不感帯
中波帯
支援費
次画面
潮間帯
順位戦
駆血帯
黄道帯
万国博
包装費
取材費
前社長
変化球
防衛費
歳出権
継続費
舞踊家
広告費
通勤費
交際費
戒厳令
接種費
設備費
通院費
受講費
渡航費
理事長
給与費
補修費
転居費
養育費
療養費
移転費
維持費
送迎費
運送費
郵送費
天上界
犯罪人
大火災
旧民法
下相談
調整点
縁故地
地元民
科学部
側面積
証拠金
最下位
科技庁
住居地
社内報
大本願
洋式化
国保税
民族誌
航海表
国産化
制作所
加工糸
新開地
水防法
大気波
情報屋
速報値
出向費
水平面
耕作権
研究所
訓練所
鈍化剤
下水道
地電流
新平民
無趣味
事務費
学芸員
注意点
副会長
半永久
陸成層
陸軍力
天気図
慣用音
無力感
期待感
垂直面
空売買
銀河戦
紀元節
確認点
弟弟子
避難地
中距離
予知夢
司教領
定率法
経過点
初節句
時計台
熱帯魚
自殺点
学生帽
気苦労
裁判制
不景気
改正点
決勝弾
海運業
金属器
不正直
不要品
交差点
先制点
生長点
車内誌
連絡所
延面積
発火点
集積点
及第点
夕食代
機械機
留意点
給金付
分岐点
引火点
査定点
立脚点
自責点
落第点
起算点
中止犯
大事典
重工業
赤外線
三段飛
借地権
会話体
茶坊主
優先権
有平糖
異物感
修道院
方眼紙
関東勢
下宿屋
個人型
投票所
月額表
針供養
移動費
観測所
入社年
寺社領
難事件
両院制
単独制
府民税
女道楽
出張所
運用益
縦振動
最盛期
月経痛
未完成
協同体
節博士
航空機
底引網
教皇領
諸司領
貨物船
多項式
定例会
後始末
印刷所
外用薬
後陣痛
朝残業
公用物
俳優業
参事院
本通夜
逆求人
閉村式
定時制
体外式
常緑樹
給水所
接骨院
百面相
練習所
中隊長
合宿所
女優力
冬布団
収容所
工芸科
一角獣
学院長
投機家
代数式
決定版
蒸留所
運輸業
消防局
五重奏
大舞台
恒星年
外交権
不燃材
生成熱
筆記体
加入員
料金表
医療業
都民税
開村式
単項式
問題視
逆輸入
体技心
単勝式
単発式
始球式
市立高
証券業
複勝式
観兵式
金婚式
銀婚式
除幕式
乾物屋
暗黒街
美容院
未達成
染色体
流動体
好都合
王座戦
鼻濁音
六欲天
変形体
絶縁体
多角柱
保険医
後妻業
発光体
確実視
下垂体
受容体
家庭医
接合体
新銀河
日中戦
重合体
労働量
親不孝
不祝儀
製鉄所
説明文
未対応
追分節
助産士
干潟地
言論界
調査票
中級位
公権力
本年調
航海暦
放射熱
理学科
社員数
陸運業
海運局
支払分
水運業
現町長
倉庫業
空取引
旅館代
不定期
鉄工業
名演技
正規軍
水源林
物質波
編集長
区長選
警守長
信号灯
動物園
土建業
声優業
製菓業
基準局
大天使
当座銀
歴史観
遊技業
青果業
養蚕業
主夫業
宅建業
製糸業
実店舗
下検分
前景気
形成層
相談罪
専門紙
生花業
旧石器
母集団
産科医
基地局
旧皮質
常連客
美術界
内大臣
大災害
感想戦
不器量
両国間
自然美
価値論
侵入盗
打撃戦
未決定
非合法
高品質
倉敷料
声楽科
警備監
口呼吸
深海魚
異国人
被害地
領土権
実相界
大音量
早飛脚
公民権
反応熱
微化石
有効視
株式制
物産展
移動体
職業校
会話文
上気道
全国版
無表情
井戸水
手羽元
深夜業
芸能界
回帰熱
定番曲
検査値
過保護
乾菓子
円熟味
社交界
燃焼熱
脳外科
希釈熱
溶解熱
蒸発熱
作用量
演劇界
異体字
電気銅
財産税
氏名権
軽合金
防風林
一覧表
日台戦
観察使
両替屋
回教徒
大司教
老人力
外野手
前局長
旅興行
簡体字
繁体字
出版屋
分子量
手数料
新態勢
不可能
逆転層
変更先
大革命
引用文
検事局
被告人
新国劇
馬小屋
公表版
宣教使
聖歌隊
高姿勢
全天候
大規模
局地戦
道具箱
高圧線
国有林
暴力街
自主権
衛生科
高山国
大総統
心技体
有気音
相場師
立体図
頭脳戦
系統樹
動物誌
最強戦
人工語
国内勢
大図鑑
開拓使
菓子屋
巡察使
巡見使
鉱業権
加工乳
名義人
大全集
相談先
陸運局
紅白戦
費用額
否定文
大静脈
過形成
営林局
大富豪
序盤戦
王将戦
複座機
大至急
切口上
大僧正
大盤石
限定版
大寒波
大辞典
野鳥園
写生文
名将戦
大動脈
大納会
発令文
大僧都
大内記
大惑星
大惨事
大経師
広告文
機雷戦
無造作
話半分
遊撃戦
電撃戦
国手戦
基幹局
宣伝文
支城戦
攻城戦
新馬戦
日豪戦
早明戦
特許局
白兵戦
貴族制
雪中戦
警告文
感嘆文
法務局
海水温
財務局
労基局
平方根
専売局
指定校
理財局
郵政局
原材料
無尽灯
派遣先
耐火樹
紫外線
天然林
雑記帳
図書券
声音学
微粒子
針葉樹
不足金
国富論
街路樹
相思樹
公証人
重量制
安楽死
時間休
気化熱
無収入
提灯屋
最大手
源泉権
接待婦
見舞状
水銀灯
貿易銀
市立大
議院法
集魚灯
家長権
常夜灯
探海灯
探照灯
照空灯
車幅灯
未経験
染色糸
空手家
走馬灯
管財人
総会屋
評価損
農作物
受益権
合計値
特攻隊
遊撃隊
便衣隊
商標権
救急隊
救難隊
暴力団
渡世人
特許権
親衛隊
鼓笛隊
奇兵隊
平均値
形態素
漢方医
傷害罪
入力例
腰弁当
宗主権
日照権
歳入権
共益権
以遠権
先任権
初夜権
制海権
制空権
原盤権
地役権
急病人
戸主権
支分権
発頭人
知財権
純物質
自益権
行旅人
通風権
鉱泉権
領空権
供御人
未知数
特別席
敵対罪
横領罪
車両長
物流費
入浴剤
後生楽
未発行
外出先
居住地
水商売
電位差
児童書
原生林
有光層
義勇軍
不適切
光行差
寒暖差
羽布団
正義派
熱放射
知事選
納税先
牛小屋
多宝塔
年会費
暴行罪
機械科
再来週
問題作
活用形
強要罪
改良版
普及版
反乱罪
放火罪
競合罪
複層林
内野手
再共済
常勝軍
監禁罪
財政権
逃亡罪
電離層
反逆罪
収得罪
威迫罪
実写版
扇動罪
抗命罪
押印版
決闘罪
直輸入
背任罪
親告罪
報道陣
宿泊先
責道具
尊大語
新知識
重犯罪
再軍備
路側帯
再導通
理想像
再年調
変動額
即身仏
大納言
未定義
司令塔
未実行
罪悪視
反体制
接頭語
支払人
新傾向
革細工
保険税
対称式
長命樹
非人情
趣味誌
新石器
住宅地
新建材
新皮質
最寄駅
沖縄戦
道産子
借入額
降雨林
防火林
保険金
市民税
暖帯林
未設定
防潮林
防雪林
現所長
秘書室
微積分
未確保
菓子料
広報室
微苦笑
新舞踊
最貧国
割下水
少年期
福建風
自治制
青年期
未確定
寝物語
大律師
宇宙機
未発給
秋季展
規定値
連絡先
体育科
少人数
接客婦
日用品
未回答
未回収
機械室
分流器
売春婦
看護婦
就業婦
放射光
最先端
植民地
作成先
紙細工
販売先
食養生
仕切状
歌劇場
操作感
熱伝導
私生子
電気代
情報通
全速力
功労馬
諸注意
弾道弾
少国民
情報量
推進剤
未整備
淡紅色
不合理
復帰先
東商戦
構造色
直行先
出張先
床運動
大幅高
導入剤
未検出
活性剤
資本論
状態量
固定給
武器科
総統選
未提出
質問先
防止剤
未確認
無資格
電王戦
助産婦
未解決
消化剤
確認先
古武士
担当相
未更新
紙鉄砲
事務職
取得先
未登録
入手先
接触剤
脱水剤
乾燥剤
冷却剤
増量剤
未承認
消毒剤
白血病
自白剤
吸入剤
吸着剤
接合剤
接着剤
未受験
止血剤
沈殿剤
点眼剤
発汗剤
発色剤
結着剤
縮合剤
脱毛剤
脱色剤
腐食剤
解毒剤
解熱剤
訪問先
造影剤
造血剤
防水剤
除毛剤
除草剤
駆虫剤
商行為
未反映
未返済
蔵書狂
保障給
支給先
未申告
植物園
美術科
転職先
修正値
参照先
未清算
申告先
石灰水
諸大夫
予備選
協定値
未到着
未算定
未記入
未開拓
勤務先
未収納
未受講
未徴収
納品先
依頼先
初任科
手合割
未就労
未就学
未就業
未就職
未決済
未決裁
未精算
未納金
渡航先
熱気弾
発送先
納入先
老夫婦
転出先
転居先
配付先
寄港先
就職先
格子造
格納先
花電車
複写先
返送先
送付先
送金先
過冷却
郵送先
配送先
集計値
区議選
反比例
過積載
全音階
導火線
努力値
勤続給
取引業
娘子軍
確認票
休職給
測定値
多重星
所番地
抗張力
近似値
改定値
仏頂面
受験票
合算値
消防団
離職票
異分子
航空路
個人宅
経済財
防衛相
園芸科
農水族
対象物
復興相
徴収票
慣用句
自公民
検針票
浮動票
大火事
耳鼻科
芸能科
皮膚科
無農薬
形態論
理数科
病理科
光通信
出向先
性病科
手当金
救急科
演劇科
独文科
警務科
年収額
多連装
無失点
私生活
工芸品
同心円
階段室
生殖巣
夕飯代
年後半
水茶屋
度外視
教育職
派遣元
現在高
行事所
電車代
両替機
住宅費
表面積
遠心力
原稿料
小火器
標準法
私立校
航空士
全体図
大株主
経済表
金属音
漢文力
美容科
勤務間
会場費
二極化
半濁音
地平線
執行罰
専門員
製造元
手入力
前役員
理療科
複数犯
保健室
無節操
現総理
人事部
出荷値
博物誌
上下動
無利息
十手人
海王星
織女星
不発弾
朝食代
移動先
人格化
副頭取
無響室
理容室
重役室
写字室
同年輩
好成績
栄養素
無重力
猛攻撃
電磁力
位置覚
明所視
無定形
白眼視
薄明視
現存在
公家領
支払額
植物誌
作為犯
振替元
無理数
資料代
直行便
無任所
無定見
無辺際
需品科
必勝法
猛練習
外来語
好敵手
長屋門
労災法
脳死体
勧進元
猛特訓
美容室
食事代
公立小
従来品
眼科医
機動船
青海原
不明確
実費額
最低限
直通便
研究心
休耕地
女学生
時短法
機械語
高学歴
売手形
尋常科
林産物
職安法
宅配便
文芸誌
経由便
渡航便
共済法
基本形
水準器
量子論
入管法
手拍子
活社会
四川飯
残存種
立体感
北米勢
特例法
基準線
蔵書票
保管庫
恩給法
最賃法
歓楽街
正教員
管針法
商売気
立体画
冷蔵庫
戦後派
民俗誌
期待値
格納庫
貧民街
貯蔵庫
賃労働
沖積世
勤務割
始新世
完新世
鮮新世
呼吸音
底気味
特飲街
装飾音
往復割
中新世
総兵官
葉緑素
信号所
理科室
食人種
略本暦
君主国
未加入
選挙屋
院外団
暗黒色
美少女
交通量
大団円
標準語
漫画誌
着色剤
作成元
出身国
名詞句
日記帳
無神論
自由科
販売元
通行量
取引額
同性愛
権利金
起爆薬
道立高
同族団
敵対心
不健全
場所柄
普通税
性悪説
不鮮明
運動量
交雑牛
去勢牛
競争心
精一杯
不明朗
医化学
機械論
対策案
生活難
資本力
恒等式
現代劇
相当数
線対称
警戒心
広東語
明後年
公有地
土用波
活性炭
在来線
王室費
生放送
信仰心
恐怖心
経済面
自制心
追求心
食料品
実行犯
干拓地
探究心
闘争心
分団長
参考値
年平均
恋物語
海坊主
参照元
物品税
絶対権
原告団
首長国
手続法
当社比
転出元
家庭薬
暖気団
警防団
歳徳神
殺人鬼
道具方
陸士長
海綿鉄
総選挙
自助論
共有地
最年長
養親子
社務所
静脈血
原子論
諸会費
資本金
関係詞
雑種犬
五輪旗
舞踊団
支部長
出発地
運命論
動脈血
小天地
消費量
衛星国
警報機
炭酸鉄
環状線
留置場
出納手
射撃手
操縦手
果樹園
現国王
制動手
取水量
指定職
道民税
基本料
縄文犬
許容量
消防長
牧羊犬
多義語
秋場所
実利論
歯科医
突破口
出向元
心理士
練習量
階層制
供給量
漁獲量
刷毛目
産出量
二院制
冒険記
同義語
発熱量
備蓄量
共産国
含有量
書札礼
栄誉礼
輸送量
人気順
探検記
介助員
対角線
重電機
観光地
類義語
反意語
反義語
対義語
混種語
類音語
不道徳
包絡線
磁力線
製品化
子午線
放物線
星雲線
等圧線
等深線
臨港線
芸備線
陰極線
陽極線
予想値
比推力
等高線
前室長
資源国
回想録
伝習録
速記録
臨床医
手形法
名店街
食事会
人面犬
保健医
宗教画
影法師
親日国
事務方
暴行犯
生体論
継続犯
当番医
都立高
放火犯
片意地
確信犯
回転計
自爆犯
誕生石
予告犯
問題集
従属犯
絶好調
仮名文
普通科
秘書長
実験校
主治医
外為法
病理医
公務所
多元論
発火石
人気株
宿泊地
構文論
中規模
特産品
素人目
関西馬
上限額
洋数字
空気圧
話題作
変電所
理容所
公事所
公議所
冷暗所
国権論
宗務所
自主国
講武所
鉄道賃
宿命論
航海記
行在所
酸性雨
求心力
出荷量
生返事
原子砲
統語論
生気論
整数論
助産師
半人足
実念論
弁証論
慎機論
成実論
有神論
海防論
演劇論
独我論
衣料品
非戦論
即興曲
中切歯
順位制
風俗画
仮養子
美容所
師団長
過去作
不都合
家電品
広報誌
表題作
移動量
副部長
意欲作
水平角
生活苦
空手着
定期代
戦犯国
居留地
次回作
現時点
正反対
注射剤
先進国
突然死
標題作
野心作
地震動
物質量
予算案
多毛作
会心作
対数尺
前奏曲
学位令
交響曲
試運転
協奏曲
器楽曲
法治国
狂詩曲
円舞曲
夜想曲
奏鳴曲
狂想曲
間奏曲
冒険王
試験地
仕事給
当事国
電子波
留守番
準名人
目玉焼
役職印
産油国
運用術
代行屋
宗主国
柱状図
律令国
必需品
最恵国
私有地
絹層雲
絹積雲
野草園
令制国
支分国
誕生地
在留地
歌祭文
気分屋
受験地
保険額
配水管
集散地
技師長
被災地
入金額
到着地
経由地
保養地
入植地
回避地
激戦地
停泊地
傾斜地
光沢紙
在勤地
巡礼地
帰着地
生誕地
避暑地
俳句界
古本屋
売文句
正方形
高画質
司祭品
相当算
首長令
総本店
検事長
模型誌
入社月
内訳書
前職分
古代紫
基準月
学会費
暦日割
過去問
酸性紙
長命草
初打席
客室料
教養人
曲射砲
野戦砲
高射砲
単安定
鳥小屋
熱汚染
美術品
文民制
下級紙
明太子
犯罪歴
石灰層
阪神間
中納言
漢方薬
現理事
芸術品
試験管
冷水器
写真屋
変動費
支社長
理学部
月刊誌
警視長
軍需品
寒気団
後発品
君主制
重戦車
同分母
境内社
発射管
赤砂糖
輪舞曲
旅団長
種種相
原子力
巡査長
消化管
秘密会
給水管
茶道部
連隊長
主教品
儀典長
垂線長
大隊長
小隊長
水線長
海幕長
漁労長
空士長
鼻下長
実収入
謝礼金
個人票
完形品
専売品
民芸品
点灯管
秋彼岸
宝飾品
寝装品
射精管
導波管
戦利品
整流管
易損品
火工品
紙工品
送気管
面目玉
心拍数
直線形
間接税
日数計
認定校
悪影響
評価益
防災士
児童期
教区長
表領域
予算額
年功制
地価税
完全数
公共心
収益力
実話誌
明細表
資産割
総回数
大広間
糖原質
糖脂質
週刊誌
金玉糖
麦芽糖
海士長
専門士
原尾類
有尾類
不正規
空軍力
最多数
軽快車
影印本
県民税
雅楽器
季刊誌
過労死
大学芋
風信子
首長制
異表記
同音語
収益税
国産米
戦時下
誤表記
徳政令
父系制
現人神
水準点
意志力
楽天観
収益金
呼出状
半幅帯
側面図
芸術力
世捨人
公定力
小宇宙
自由権
上質紙
気象台
避雷針
長大息
留置所
日刊紙
地理書
身分権
木炭紙
燃料費
印画紙
標題紙
食連星
真実味
耐水紙
熱電子
遺産税
中質紙
公民制
外字紙
感熱紙
樹皮紙
泉貨紙
総得点
羊皮紙
薬包紙
蚕卵紙
頼信紙
業態力
山型鋼
大目付
料理屋
運送賃
初舞台
水平線
区長会
新古品
現行犯
胴体力
解像力
閉曲線
用益権
下半身
準社員
風圧力
公信力
前女王
受援力
抗病力
担税力
武闘力
瞬発力
起電力
貧困線
作中作
全日制
色指数
講座制
強風域
志望校
民間薬
苦労人
制球力
剣道部
男子校
垂直線
弾正台
断頭台
逆進税
特認校
血液型
補習校
純損失
不衛生
不規則
固定子
平和賞
従業婦
高血糖
小売商
調度品
印紙税
古朝鮮
従量税
貸金庫
初公判
技術職
荷物車
証取法
配賦税
人頭税
従価税
準優勝
自由業
鉱区税
鉱産税
授産金
識別子
小馬鹿
並木道
書簡集
共済金
初土俵
仁多米
示談金
報労金
天然色
寝台料
義援金
課徴金
遺伝子
学資金
任期制
認知子
内出血
拡張子
振動子
沿岸魚
総動員
回転翼
接合子
教会法
整流子
殺人罪
演算子
等化子
変成岩
小休止
捕獲岩
沈積岩
淡水魚
混成岩
蒸発岩
寒帯魚
準占有
準抗告
望遠魚
脳出血
高収入
低品質
塩乾魚
寒水魚
汽水魚
遠海魚
酸菜魚
全体像
多聞天
多面角
積立型
六方焼
広告屋
解体屋
宣伝屋
原画集
具足屋
散髪屋
諸経費
運送屋
評定衆
内裏式
有声音
心臓死
日配品
大和心
中性紙
合気道
後日談
支部会
王族制
直接視
形容句
支払金
水時計
下手人
人面魚
最低値
異状死
経営職
夕月夜
便利屋
朝食料
機内誌
教養部
高血圧
予選会
外交員
尊厳死
光子力
多党制
当番制
戦傷死
総同盟
総攻撃
入場券
正教会
満州語
奴隷制
責任感
重量感
総決算
郷土色
従量制
片眼鏡
終身制
主観色
払出金
最高善
直談判
家産制
物理量
位階制
専売制
律令制
総指揮
会衆制
低姿勢
体節制
国郡制
大証金
州県制
条坊制
条里制
母権制
母系制
氏族制
父権制
片務制
王民制
私民制
職階制
複都制
読会制
輪番制
農奴制
骨品制
総練習
静力学
総辞職
漢文典
色素体
肺年齢
背景色
不安視
不時着
標識色
経歴書
乳白色
兵科色
昼光色
暗紫色
根来衆
灰白色
社内便
迷彩色
鉛灰色
銀灰色
借入金
公教育
問屋街
小児科
金相場
交響楽
休耕田
実事師
関西勢
信号機
明清楽
火田民
距離感
実異動
総本家
色鉛筆
宗教観
住宅難
和漢薬
色収差
学術書
乱反射
心停止
検査役
記念塔
朝寝坊
武道場
神楽歌
軽金属
整備兵
植木職
課田法
低価法
光沢機
学士会
中間子
時給制
神経質
親族会
最重視
小動物
応接間
負傷兵
親類書
管理職
不本意
立方体
外野席
最右翼
武勇伝
不導体
同年代
立志伝
美術部
志願兵
小作料
帰休兵
地主制
柱時計
発明権
閉集合
名言集
文例集
規程集
詞花集
不義理
空鉄砲
体育会
南半球
水素水
筋肉質
環境財
広告塔
個人技
管制塔
冷却塔
対頂角
最大数
磁気力
通常期
供養塔
蒸留塔
送電塔
伝統薬
弓道部
総務部
女丈夫
白玉粉
来週末
異動歴
法務部
財務部
不成績
原産地
収入額
手芸部
相談役
室内灯
混合気
演劇部
軍令部
頭胸部
小市民
逆相続
残日数
議事所
賞罰歴
不体裁
不評判
普通紙
最敬礼
状態犯
忘年会
逆宣伝
逆探知
逆浸透
逆転写
不品行
不条理
不行儀
不見識
不首尾
中央値
勝負事
不世出
不可逆
不徳義
不所存
不等号
不等式
不行跡
初期型
短距離
箱馬車
不戦敗
南米勢
賞与式
進行係
有理式
父兄会
示性式
量子数
乗車券
九谷焼
打席数
大方殿
番外地
短期戦
部落民
一転機
記入欄
主戦場
大目玉
電気量
修身書
動物質
貴公子
鉛直線
心意気
扇風機
円相場
書院造
電信機
共済会
水道業
組織液
薄力粉
後発薬
電動機
台所犬
同窓会
学友会
上水道
演芸会
結合角
観桜会
中力粉
予備機
春場所
水圧機
青波布
化工機
取材陣
売上額
監察役
全判機
内燃機
券売機
副局長
単葉機
合糸機
拡声機
最高潮
美術書
蓄音機
複葉機
調速機
起重機
通風機
食洗機
小協商
自販機
水防団
参加賞
理由書
土佐節
明朝体
鼻眼鏡
天皇旗
有毒魚
業務員
予想屋
大和煮
公証書
区議会
特効薬
制酸薬
家伝薬
点鼻薬
皇漢薬
代用乳
外務員
辞令書
内野席
意向書
公務員
工具書
大外刈
県議選
在家役
無能力
血統書
損害額
結合価
虫眼鏡
六道銭
技芸員
救難員
日額表
用務員
光伝導
研究職
価値財
光重合
倍率器
光量子
和菓子
届出制
福音書
可変長
政体書
深夜族
世話役
看守長
受容野
臨時客
複文節
片一方
知行役
豆鉄砲
安定剤
念仏講
金本位
性格面
定員数
先着順
基準額
多趣味
異動案
事故調
技術校
青梅綿
市長選
乗組員
実数型
販売職
電気版
綿帽子
年較差
利権屋
文教族
限度額
変動給
丸眼鏡
可溶片
翼状片
花被片
極彩色
置土産
男友達
航空便
喜歌劇
国産車
銀時計
分教場
順序数
保険証
家系図
定比例
修正液
貴重品
旅費額
前町長
国保料
経理職
編集子
寝道具
無精卵
現像液
介護職
消化液
保護司
車内泊
後見役
月収額
殺人犯
監査役
仲介役
宇宙船
南洋材
指南役
模造刀
消毒液
鑑査役
感光液
感動詞
浸出液
電解液
鉄砲玉
河童巻
申入書
質量数
酸素酸
結合則
仲間達
糸繰車
高速道
不具合
賃仕事
先高観
下限額
休暇数
心肥大
月給額
下属音
低学歴
厚生費
有休数
有給数
老年期
素因数
従属節
降臨節
定足数
年休数
有理数
被乗数
被除数
配位数
名詞節
裏書人
利息額
花伝書
長距離
快適感
理論値
月平均
装飾経
顔認識
赤胴車
健康体
優勝旗
今様色
空幕長
経国集
組合員
花粉管
厚労相
一粒種
入道雲
即戦力
給料額
原資額
大内刈
有機材
現在安
賞与額
未済額
空気弁
複利額
年調額
王位戦
意味深
振込元
戦闘旗
裁判長
出征旗
重金属
肺出血
逆手形
断熱材
和歌集
小前提
西半球
松葉色
正月屋
市職員
支保工
衛生士
仮出所
自意識
楽天地
白河石
直輸出
流星群
禁漁期
内容物
弁当代
大阪弁
直方体
銀行券
電力量
青道心
基本給
定期便
阪神戦
北洋材
申込権
辞書形
電線路
弾性波
東北弁
手道具
単位円
守護神
消防士
警報器
東半球
植生図
平面図
大番組
届出先
縦様式
作詩賞
地勢図
産婦人
呼吸商
左心室
巨人族
総重量
貿易商
主題図
平土間
最北端
白頭花
後頭骨
星座図
自治州
短日月
糸切歯
酒石酸
模式図
筋電図
心電図
来迎図
税法上
立面図
劇中歌
幼少期
葉茶屋
貸本屋
際物屋
若隠居
資本財
持株数
代理商
権現造
口語文
乱高下
古戦場
裏事情
説経節
頭痛薬
風土記
未収金
聖母子
北半球
菓子皿
下級裁
複屈折
寝殿造
疑問文
渡線車
陸半球
室内犬
就職難
商業地
電圧源
定数歌
電車賃
可能額
疑問形
上半身
小野路
荒物屋
劇団員
口入屋
寺子屋
波状路
花札屋
花板屋
透明感
奥座敷
右足首
象徴詩
中型犬
裁判員
金平価
豪速球
金雲母
悪趣味
町村会
電磁波
微惑星
横様式
前所長
思春期
危機感
白血球
定率税
片割月
無言歌
資料費
水利権
経供養
入社式
愛国歌
電子管
安全弁
栄養士
背筋力
寝小便
星状体
翌日物
不在票
仕入元
無化調
家具屋
所要額
円関数
太夫元
大政所
百物語
翼手類
自力門
労組費
農水相
実効値
道化師
前照灯
指定席
修道士
諸雑費
丁字路
現知事
生半尺
過電圧
不十分
有効長
未納額
先安観
要検討
形式犯
未定稿
低画質
聖戦士
丸坊主
利息算
微小管
技能士
保健士
貸付額
税理士
価値観
最後尾
罪悪感
気功士
身柱元
労務士
社労士
前画面
弁理士
得業士
技工士
救命士
救急士
活弁士
海技士
発破士
計理士
闘牛士
絹織物
黄緑色
雑誌屋
大和絵
電磁石
療法士
代書屋
地上絵
得意顔
高高指
貸金業
大人並
大矢数
好奇心
反物質
身分制
美男子
切手屋
過去帳
大福帳
骨盤位
正比例
白文帳
商用文
航空費
最後部
脳内圧
太陽熱
所司代
純資産
税額表
競馬場
税込額
背格好
一筋縄
航空賃
銀舎利
外呼吸
寝待月
弓張月
格文法
立待月
裏街道
当座帳
朱印帳
副室長
正税帳
編集職
異動元
立替額
裁判所
要注意
敷地権
水路学
要提出
住民税
保険料
要確認
人別帳
相当税
要印刷
工程表
三鮮飯
八宝飯
多端子
要支援
上調子
奥御殿
村長選
現参事
校倉造
要申告
現専務
要介護
周期表
紙提出
性善説
準決勝
下級財
実戦型
医療代
酸素水
救命具
装身具
小規模
無機質
紙申告
掘出物
人相書
仕様書
基準表
市街地
旅程表
胃腸薬
国旗歌
大見得
宣命書
借入先
時定数
運賃表
酸性水
太史公
密輸入
未入金
機能美
電磁場
不信感
小惑星
過入金
仮需給
低体重
洋服代
感無量
平野水
間接水
低血糖
路線価
使命感
立候補
天然水
本人印
中生代
口語体
仮年調
危険源
革命歌
反射角
有利子
印紙代
総資産
線香代
有意義
師範代
自治体
更年期
供花代
町民税
反戦歌
外輪船
番号表
立方骨
女学院
女手形
死生観
違和感
氷河期
滋養分
多幸感
枝番号
軍事費
過年分
主題歌
周産期
季節感
木版画
格闘技
花鳥画
過渡期
道祖神
適齢期
静電気
変声期
男根期
経閉期
農繁期
重圧感
院政期
景況感
読後感
徒労感
温冷感
無形財
脱力感
静物画
制御棒
鉛筆画
障壁画
標題歌
全粒粉
水彩画
南宗画
最年少
活人画
用器画
資格証
連環画
法楽歌
祝勝歌
祝婚歌
動物体
浜街道
老年層
威信財
有形財
耐久財
自由帳
車検証
弁当屋
優秀賞
指南番
郵便物
高地戦
普通文
原形質
限定詞
深層水
上級生
土産代
洋風画
石灰液
衛星波
軽火器
七曜暦
所有格
新人賞
武家役
低血圧
多血質
悪液質
灰白質
煙霧質
支払地
鉄板焼
体操服
前国王
取扱店
沿岸水
交番表
農機具
功労賞
空景気
反切表
正誤表
速算表
金種表
炭酸水
波動水
郵便箱
未払額
乱数表
地先権
小作人
秋入学
総領事
文人画
接尾辞
居待月
基準面
時系列
運輸族
修法師
悪天候
信号器
居留守
筋肉量
指示詞
狂歌師
接続詞
団地族
仁王門
年代層
世間体
高村派
届出帳
床面積
成果型
標準型
短音階
市有地
療養泉
自噴泉
養命泉
形容詞
感嘆詞
接触角
経験則
貧困層
失速角
安息角
屈折角
最優秀
浸透圧
白昼夢
小荷物
外登証
水溶液
手細工
決勝点
環状族
石灰石
参加券
継電器
伝馬船
半両銭
名乗字
舞台面
性教育
古生代
女友達
農耕馬
寄生虫
抗火石
株主権
汗血馬
無機酸
連環馬
重種馬
順序型
先進波
高速代
社長印
問題点
巻煙草
室内楽
平面波
斜陽族
追体験
切絵図
前頭骨
効果音
王公族
社用族
自由財
郵政族
食人族
原型師
鉄火場
重力波
受信箱
花火図
個体群
和集合
電気石
低農薬
序数詞
日影図
取引士
気候型
球面波
取引先
差押額
洋食屋
子宮口
有機酸
季節型
実務型
抗老化
整数型
湖沼型
経歴文
直列型
舞楽面
断層面
近親婚
親切気
成層面
円環面
不安感
消防船
現課長
真正面
漢文体
外資族
大型株
天花粉
熱血漢
紀行文
壁新聞
外食券
土下座
書簡文
視力表
知人宅
若殿原
前理事
引越額
貨客船
唐綿科
孫弟子
小海老
触覚器
内地材
受話器
悪因縁
仮見積
純水器
世間師
借地料
生保料
美顔器
集光器
分度器
変圧器
復水器
投光器
拡声器
持針器
救命器
検電器
消音器
測深器
測角器
登高器
蓄音器
角質器
警音器
避雷器
集音器
電熱器
骨角器
紅白帽
自己新
黒砂糖
初元結
氷菓子
曲線美
白色光
買注文
逆効果
低燃費
低脂肪
神経管
塩素酸
敵陣営
赤新聞
写真賞
保存則
誤動作
灯台船
相似則
両替票
脂肪酸
取調官
降水量
普段着
収納箱
収受箱
配電箱
全面安
半馬身
行楽地
船内泊
右翼手
公立校
得意先
出力順
割引高
武蔵家
単文節
一毛作
悪左府
宿泊券
入小作
生演奏
絶縁油
始発便
感想文
揮発油
通気口
玉虫色
大黒柱
美人計
長音階
地蔵尊
定食屋
動力車
補助席
土気色
所有株
深緑色
標準形
西洋画
水銀柱
好色本
沿海域
熱気球
間欠熱
沿岸域
民事法
視神経
乗船券
眼球筋
結界師
関西弁
仏頂尊
僧帽筋
広背筋
取水口
可動域
大局観
止水域
波源域
浅海域
震源域
塩水選
準平原
警部補
急行券
無常観
社公民
重粒子
小品文
州浜台
重火器
資金源
噴火口
木戸銭
誤操作
薄葉紙
健康美
受領印
冬将軍
平均幅
急降下
整理券
辞令文
雑貨屋
行程表
消石灰
快男児
正念場
満年齢
準惑星
準長石
遊女屋
周遊券
渡船場
入漁券
卵塔場
地震計
往復券
土建屋
空白域
役割給
正月物
洋菓子
連体形
法界屋
石炭船
経師屋
防具屋
司書補
奴隷船
表具師
意向形
消息文
上級位
常昼勤
待合所
払込月
歴日数
申出書
能楽師
転職組
蒸気船
友人宅
正誤文
朱印船
特攻船
財宝船
内航船
恒星船
救難船
民用船
油送船
特務船
特種船
設標船
遊漁船
修験道
入木道
外耳道
明法道
易行道
紀伝道
早場米
汚染土
好色家
府立校
石灰岩
未然形
低用量
絶対知
船中泊
倒卵形
単数形
多辺形
扇形庫
縮約形
先入観
通道観
不時泊
海将補
空将補
陸将補
個体値
機中泊
灰吹法
相弟子
反粒子
活字版
地面師
小屋組
歩合制
実手形
読者層
水先法
急接近
語学力
単調族
風水師
総目次
急停車
黄表紙
総目録
裏長屋
保健師
鈍感力
快活力
知識層
銀行印
副産物
能楽堂
表面波
農産物
薬剤師
青松虫
青矢柄
定常波
間氷期
中生層
気功師
狂言師
講談師
熱応力
威儀師
宮大工
漫才師
理容師
農用地
連歌師
公事師
向心力
奇術師
野暮天
金工師
反復説
大師堂
正選手
演歌師
脳貧血
骨伝導
最西端
流出説
透水層
予約席
帯水層
満天下
角質層
体験談
自己流
上級車
角時計
振付家
美容師
万馬券
劇団型
巨大波
風俗犯
水平器
初期値
太陽暦
禁煙席
観覧席
最東端
損保料
特急料
社保料
警視流
市議選
特許料
大人役
世間気
身分帳
車両費
健保料
沿岸流
準会員
香味料
介保料
供花料
救急料
土石流
髪結床
土佐絵
水蒸気
天主堂
持仏堂
溶岩流
一党制
劣等感
近距離
信号場
人格権
小座敷
貸付金
差出人
重労働
好色漢
有難味
地球儀
左翼手
高速船
国交相
機内泊
無頼漢
職業柄
未収分
可能形
単独犯
国産品
小納戸
見本帳
広範囲
前腕骨
風成土
出張願
手形払
心磁図
秋春制
支石墓
民権論
朱子学
火事場
宝物殿
山火事
平行棒
危険域
筆石類
退職願
変曲点
夏至点
弾着点
支給願
春分点
火消役
秋分点
酸性塩
投機師
辞職願
遠地点
夏狂言
離脱願
宝石箱
強盗罪
前受金
前渡金
組織球
造形美
大御代
絵図面
寒冷地
立替金
乱気流
目標値
私書箱
常居所
古生層
上限値
天元術
公安職
手計算
乱層雲
絹製品
立会人
同位体
同族体
環境相
空出張
起爆剤
物性値
教会長
日当額
好色物
平面体
染物店
病原体
構造物
耐力壁
参加欲
常備菜
海綿体
荷受人
指人形
内玄関
根抵当
配糖体
内骨格
教則本
弓道場
戯作本
酸素量
磁性体
葉緑体
鏡像体
倍数体
前葉体
同素体
固溶体
松果体
毛様体
社交場
紀伝体
線条体
編年体
良導体
葉状体
被写体
信書便
球技場
共重合
熱帯夜
競輪場
遊技場
労役場
勧工場
庭球場
検車場
演舞場
演芸場
球戯場
貯木場
闘牛場
集童場
験潮場
車井戸
自動詞
雑損失
行基図
水資源
密度流
追試験
乾電池
忠誠心
真剣師
日米戦
赤血塩
専門職
白鹿毛
主調音
声門音
海潮音
逆関数
最小限
水源地
原子量
片道分
世話係
不可測
夕刊紙
見積額
雑預金
白日夢
文語文
家政婦
自主練
後生気
赤提灯
出身地
過払金
未払金
周波計
県立校
石高制
性決定
身分証
美意識
下半期
雑収入
試金石
新製品
火山岩
肺組織
親切心
繁忙期
大黒天
打楽器
業務量
用心棒
歯車車
逆断層
助動詞
平年値
現市長
能力表
臨界量
致死量
形式美
降雨量
日射量
最小値
予科練
目安箱
素粒子
降雪量
中仕切
大名芸
賞罰量
国有地
人事職
料金所
財産犯
銀河群
露出計
風成岩
吸入弁
減圧弁
燃料弁
運動着
地動儀
夜汽車
銀本位
手羽先
左足首
電流計
不人情
五十肩
真空管
消防監
冷風扇
分銅鎖
角銀鉱
月例給
手配師
放射計
流血鬼
吸血鬼
体操着
名物男
民有地
赤血球
任期付
蔵書印
角砂糖
最寄品
車中泊
里神楽
太陽光
終列車
訪問着
人工物
愛書狂
色情狂
電磁気
通勤着
安息香
成功談
常住着
動物記
民生費
買人気
名題下
火薬庫
分光計
抗生剤
真分数
迷惑料
大浴場
先進地
革命暦
天体暦
可処分
大荷物
人工骨
複名数
傾斜計
屈折計
比色計
蒸発計
雑種地
踊念仏
手加減
貸出金
日時計
本拠地
株仲間
薄茶器
壁下地
根拠地
地共済
社有地
遊水地
皇室費
可耕地
回数券
地向斜
官有地
扇状地
用務地
策源地
震源地
半線形
太陰暦
授時暦
税抜額
不要物
旅芸人
見目形
旗行列
野武士
語形論
危険物
臨時給
種子骨
対称面
上半期
最南端
不純物
強盗犯
名誉職
議事堂
古古米
諸手当
天球儀
将軍職
測深儀
測距儀
象限儀
験潮儀
取消権
寝台券
市立校
軽犯罪
水圧管
道徳心
光電管
医療費
弁当箱
毛細管
伝声管
四旬節
学会誌
改良種
輸卵管
栄養費
格子戸
生石灰
小劇場
最大限
丸合羽
家具調
消息通
取引場
文語体
千鳥足
天眼通
差分値
宝石商
人件費
副流煙
失敗談
磁気量
風来坊
正覚坊
近日点
人形劇
前知事
国務相
警視監
前頭取
約束事
斜断層
機密費
血糖値
時計座
資材費
寒念仏
衛生兵
近代詩
熱容量
皇族費
珍無類
光熱費
四脚門
密入国
茶飯事
記憶術
野性味
教会員
正義感
発想術
計数形
予備費
速記術
開腹術
密貿易
共益費
労務費
密輸出
役務費
未決監
福利費
後半期
科研費
販管費
砂時計
助産所
白雲石
右肩痛
奥右筆
飲屋街
星雲群
水道代
対話劇
岡場所
相見積
岩煙草
受付印
振込月
必要費
左肩痛
最大値
深呼吸
公害罪
半電池
水中翼
露天商
官宣旨
美少年
航海術
甘味料
個条書
半導体
成長株
箇条書
節度使
遣唐使
伝書使
古民家
出初式
前参事
年功給
前専務
明細票
縁起物
陽電気
役者絵
絶対値
負電気
花時計
菓子盆
水道水
見込額
積立額
芝居絵
多年草
地磁気
末代物
担当印
王代物
義勇兵
半濁点
宿根草
半整数
複数個
半音階
自由形
内転筋
個人印
古事記
指揮棒
光沢剤
振替先
内乱罪
無名指
接合棒
年代記
受取人
心雑音
確認印
盆提灯
競売買
絶不調
両脚規
国産材
承認印
年中組
順養子
前払金
持株会
基準値
出納印
直線美
組合費
神経節
光電子
手形帳
無機物
騒乱罪
大逆罪
高気圧
現村長
雄勝石
極限値
限度値
店屋物
臨時工
自由詩
古美術
理想郷
成果給
心不全
未開地
栄養剤
筋組織
成果物
保健婦
止汗剤
異性愛
規定例
難問題
収入役
有機物
入替戦
傷病兵
対物剤
検事正
引受人
引受権
引当金
振込額
取引所
感染例
特異点
被参照
小作農
目分量
初任給
脱脂綿
精力剤
強心剤
定期券
鹿沼土
毛織物
警視正
仕付糸
申込証
経口剤
殺虫剤
水銀剤
消防職
防火剤
保冷剤
整腸剤
日割式
白雲母
肉用牛
金字塔
健胃剤
入眠剤
制吐剤
制汗剤
制酸剤
割当先
助燃剤
増感剤
増血剤
展着剤
強精剤
点鼻剤
育毛剤
賦形剤
酒精剤
防腐剤
防虫剤
防食剤
降圧剤
難燃剤
養毛剤
下足札
除細動
能率給
実績給
急斜面
取得月
役職給
内務相
有益費
実績値
無形物
業績給
記入例
職務給
職能給
胃拡張
記載例
属人給
職階給
胃下垂
院宮給
中堅手
外務相
多能工
表六玉
耐火物
極大値
極小値
水和物
種族値
総務相
有形物
単色光
青果物
可燃物
塩干物
天産物
有体物
無体物
無水物
行番号
陸産物
法務相
財務相
軽電機
可視光
陽電子
軽気球
軽演劇
白雲岩
仲買人
角距離
工具箱
上土権
借受人
備考欄
先買権
払出人
清国奴
真理値
受取額
大博打
風成層
差引額
屋台骨
救急箱
頭頂骨
手根骨
舟状骨
帯番組
額賀派
商取引
雲谷派
生活環
国外犯
学会員
声優陣
長崎絵
棒暗記
輪形陣
掘立柱
秋唐松
生意気
抗毒素
重量級
調整池
黒装束
楽屋裏
得意技
等距離
疑問詞
山高帽
連続犯
抗血清
日単位
磁鉄鉱
小作地
帳面面
前課長
医療職
社外秘
多数決
手料理
導関数
電信柱
腕時計
原油安
給水池
閉曲面
取調室
蓄電池
遠距離
沈殿池
貯水池
手紙文
外断熱
東宮職
土佐煮
成功裏
仮株券
待合室
白鳥座
技能職
同類項
折菓子
単本位
油絵具
生得説
赤花科
総務職
脳神経
判取帳
興農牛
家庭着
船大工
手修正
抵当貸
法務職
辞書順
上場株
海事職
税務職
不敬罪
応相談
注目株
固定株
土倉役
緑柱玉
噴井戸
金砂子
除光液
出世頭
天然石
慣手段
向学心
射幸心
自尊心
道立校
顔写真
功名心
愛郷心
求知心
肺性心
里芋科
昼顔科
油菜科
裏星科
裏白科
不断草
現会長
押領使
保有株
無煙炭
特異値
日割額
即時犯
過失犯
月割額
混合株
失権株
社保完
興信録
車前科
重機械
浮動株
貯蔵株
暗暗裏
見積書
心得顔
歴史劇
上成績
身奇麗
略礼服
遊撃手
数個月
菜種科
上首尾
私家集
敬称略
名付親
切手展
創世記
放送劇
技能工
白粉下
尊属殺
故意犯
天中殺
暗剣殺
親近感
備忘録
言行録
黙示録
払込額
鉄筋工
季節工
総互先
思想犯
割引人
晩飯代
軽量級
計歩器
潮干狩
常習犯
知能犯
迷信犯
重過失
酒屋役
小内刈
原風景
方解石
砂金石
緑柱石
透輝石
金緑石
魚眼石
黒曜石
固有値
兵六玉
水道料
花御堂
浮世絵
簡単値
近親調
下属調
間取図
見取図
都立校
和太鼓
点対称
飛鳥京
平均律
草競馬
自治旗
反射律
根無草
風物詩
出身校
商慣習
商習慣
薬種商
計数器
太極旗
内親王
大道芸
写真術
屋体骨
戸障子
日較差
銀為替
外種皮
内毒素
小町糸
積立金
門前払
全職員
連鎖劇
受難劇
名門校
蒸菓子
即興詩
骨関節
内惑星
内祝言
燃料計
町議選
出無精
赤電車
出不精
水攻法
測天法
無限遠
性風俗
活断層
反革命
電気盆
花形株
運賃建
交響詩
後頭葉
寝正月
接頭辞
散文詩
菓子折
定型詩
財政難
切取線
腹一杯
正電気
額面株
見舞金
直定数
職員室
自乗根
奇麗事
対州馬
引替払
玄関先
百合族
異動先
単磁極
酸性岩
西川材
親水基
用務先
矛盾律
闘技場
秘密裏
婚外子
後部席
検査済
水路誌
北京飯
吹井戸
表座敷
引越代
古物商
住民票
物自体
不用物
再読込
意味合
料額表
底辺校
主担当
外貨建
村議選
関心事
州浜形
開集合
対応策
看板校
紙工芸
強豪校
社説子
拠点校
予備校
資産株
主記憶
円為替
危険犯
新鮮味
板目紙
多色刷
基盤岩
不能犯
玄関子
重力子
電機子
煙草盆
人鳥類
倍脚類
口脚類
多足類
小物成
小直衣
平胸類
掘足類
有肺類
無尾類
異尾類
異節類
短尾類
等脚類
総尾類
貧毛類
走鳥類
消息子
陰電気
分生子
単極子
浮沈子
着道楽
配位子
成層岩
安山岩
流紋岩
深成岩
火成岩
玄武岩
順不同
唐破風
産土神
国事犯
先場所
花火師
手裏剣
正社員
公倍数
生毛体
金地金
学部卒
方位角
貸付料
胴間声
権利株
半風子
石炭紀
当日券
小型株
劇映画
広目天
怒髪天
人参座
場末感
和三盆
凶悪犯
学会歌
広東飯
人情本
最大級
為替銀
繰入金
私的財
中性子
中性岩
光復節
地久節
天長節
手工芸
省資源
永宣旨
自由席
博多弁
干菓子
星取表
同報先
金庫株
繰越金
定規座
平行調
買建玉
接平面
風鳥座
君沢形
小熊座
構造土
定収入
逆行安
区民税
生菓子
前市長
禁治産
射手座
議事録
乳脂肪
休日給
仮受金
仮払金
借受金
手付金
手切金
中足骨
現頭取
真犯人
水酸基
仕入書
半透明
同位角
低気圧
住環境
測量標
能力給
動作主
連体詞
乗継便
水絵具
平面角
週平均
陰電子
最優先
大熊座
武者絵
飛魚座
基数詞
臨界角
振込先
円周角
有所見
眼鏡絵
間投詞
前置詞
蒸気圧
普通校
球面角
神経堤
離型剤
点取虫
停車場
店頭株
防寒着
建値制
書院番
改善策
登山口
解消策
黄金律
二等車
視覚野
紙風船
鉄格子
手文庫
職人芸
豆台風
残念賞
片山里
日銀券
信号旗
仕訳帳
美濃判
国宝級
犬張子
犬追物
少納言
多様体
中量級
前頭葉
当座払
付替先
弁神論
統辞論
社会悪
引菓子
水様液
人工雪
早見表
脳病変
救急田
筆無精
諸司田
供御田
薄荷脳
手弁当
名人芸
側波帯
入院届
陣羽織
暗反応
町村制
綿織物
手取額
戦犯旗
現部長
致命傷
地動説
性道徳
手塩皿
引落先
横断幕
映写幕
日章旗
史上初
低位株
浅知恵
劣後株
赤間石
船首旗
星条旗
連隊旗
属国旗
引越料
真骨頂
木地師
仕向先
造物主
特急券
断面力
横浜絵
水面計
申立書
再手形
文体論
光電池
所作事
具体例
立太子
母性愛
吹出物
絵日記
表層土
無礼講
計数管
年寄株
貸布団
回転窓
自検断
出合頭
先天説
助手席
玄関番
倉庫番
天守番
不寝番
氷砂糖
前成説
天動説
星雲説
遊離基
音義説
装束司
後成説
性犯罪
数個国
前村長
裏番組
配当落
未払込
八宝菜
特等席
電力計
手信号
浮人形
片道代
出会頭
大東犬
自己愛
耳小骨
直接費
土俵際
引出物
善知識
園遊会
郷土愛
歩合給
手柄顔
論理和
両性愛
人待顔
議院石
隣人愛
上手物
共時態
予防策
受動態
能動態
週単位
工作買
上級財
間一髪
手荷物
父性愛
絵草紙
肉体美
逆日歩
牧羊神
気管支
午後休
回教暦
地蔵顔
最上階
人情味
生計型
産官学
主要動
最上級
異人豆
地蔵頭
定小屋
断面積
松根油
脚線美
再割引
出小作
定動詞
無限小
鉄火巻
代理母
無影灯
終助詞
職員数
始祖鳥
浜防風
引越費
教務所
心理劇
分解能
植物油
反射能
葉煙草
裏鬼門
金切声
肺静脈
児童劇
肺動脈
肺吸虫
肺活量
根源岩
勧進能
寂光土
砂質土
腐葉土
目付役
先先代
消息筋
裏木戸
庭木戸
捕物帳
酸性泉
放射能
仕入帳
看板娘
前会長
新体詩
動名詞
電算紙
幕間劇
小遣帳
現局長
再振替
水位計
原子価
散形科
静脈弁
格助詞
僧帽弁
制水弁
栄養価
仕手株
塩素泉
常連組
炭酸泉
短水路
黒豆煮
熱水泉
間欠泉
若竹煮
振付師
防波堤
防潮堤
利休色
知識欲
小幅高
国産物
立見席
自身番
人国記
銀砂子
機械油
深紅色
引去額
不死鳥
割増金
割引料
午前休
多国間
指定休
断面図
商売柄
都議選
桃源郷
腹話術
片貿易
上信越
鉄無地
鉛重石
動力学
借家人
酸化鉛
救世主
近代劇
遠山里
切手代
金額表
悪感情
丁子油
片脳油
綿実油
優先順
油障子
薄荷油
火打石
典型例
占星術
波打際
護身術
取消料
読心術
開胸術
開頭術
単衣物
圧力計
窓際族
甘露梅
安徳水
灰吹銀
豆板銀
主成分
電算機
草刈機
金為替
豆電球
乾性油
豆名月
地蔵盆
角度計
戦陣訓
正条植
石切場
船着場
心拍計
室外機
鳥打帽
不動尊
背広組
当座売
私家版
馬力船
好酸球
隠君子
正断層
反陽子
黄銅鉱
上長印
赤色土
出生届
十善戒
不可知
問題劇
卒退月
暗赤色
年月数
共依存
置時計
木目調
主犯格
絵仏師
無尽講
優先席
功過格
端境期
笑上戸
勝負所
道徳律
肉用種
題目講
報恩講
鉄面皮
現室長
鉄雲母
仕入筋
単純泉
人工芝
五線紙
家見舞
業界誌
外来種
文科相
首実検
信用貸
玄人筋
売手筋
神秘劇
学部長
業界紙
正会員
劇中劇
鳥羽絵
夢見師
横穴墓
指物師
寝業師
色事師
軽業師
体重計
在来種
側頭葉
階統制
純正律
令夫人
対称律
無言劇
品貸料
因果律
貸株料
借上料
根出葉
出放題
太鼓判
肉団子
半製品
長粒種
優占種
回路計
中粒種
介添役
生計費
積雪計
芝刈機
型込機
血圧計
最安値
不整脈
比重計
甘露煮
治部煮
看板絵
配線盤
族内婚
族外婚
配電盤
真空計
前部長
分電盤
天守閣
露点計
選抜組
造反組
貸衣装
風速計
盛漁期
投扇興
雨量計
因縁話
結婚届
波長計
介護休
周期律
休眠芽
即興劇
薄荷精
読取機
騒音計
高度計
歩数計
引立役
熱量計
脳波計
体温計
糖度計
触覚計
光度計
内証話
電位計
電圧計
名刺判
日射計
油圧計
苦肉計
晴雨計
磁力計
筋電計
震度計
反間計
寒暖計
差圧計
強震計
感震計
握力計
検流計
検糖計
流速計
流量計
測微計
測色計
球面計
磁束計
空城計
脈圧計
負圧計
連環計
雲高計
電量計
風向計
手内職
子犬座
新派劇
幼友達
規格判
買手筋
明天子
裏背戸
舞台裏
俗別当
赤浮草
赤矢柄
無気肺
留守電
不文律
成文律
速度計
逆仕訳
神農尊
花札狂
不心得
積立休
下馬評
小幅安
温度計
普通株
上級相
腰羽目
部長職
手織機
柔組織
片道券
危険球
卒退年
近点年
模様替
有休残
有給残
年休残
長広舌
連文節
水玉柄
不定称
広帯域
被害届
帯域幅
当座買
迷子札
量水標
主力組
時節柄
善後策
自作農
貸店舗
戦国策
無式婚
追加届
菜種油
消防組
木賃宿
小判頂
用水路
沈砂池
水温計
署番号
固有種
旗指物
柔構造
若者組
心字池
供進使
優先株
西部劇
順序組
置手紙
枯葉剤
買為替
子午環
不動心
制服組
焼却灰
水量計
五辺形
人差指
測歩器
測程器
力量計
変関数
給茶機
腰障子
最適解
芋名月
三胴船
並大抵
古筆切
赤玉土
座布団
必要悪
職員録
泣上戸
二刀流
能舞台
高利貸
障子紙
腹時計
夏期休
当座貸
祝言能
不身持
練製品
不行届
申次衆
引付衆
一刀流
外郎売
永代売
傷病休
夏季休
季節休
振込票
中止届
値千金
次期防
京鹿子
大犬座
牛飼座
小馬座
未振込
死亡届
貸農園
塩化鉛
優良株
局長級
貸倉庫
貸証文
陸軍始
割糸機
総目付
猛吹雪
背番号
鳴物入
見立絵
殿様芸
変更届
有難涙
絵手本
門外漢
初回盤
当座借
似顔絵
気圧計
大首絵
木戸番
希望届
取得届
退職届
離職届
通勤届
算定届
転勤届
休職届
改印届
転入届
当座入
離婚届
部長印
攻略本
聞上手
評定始
公家悪
盛果期
加入届
大理石
絵手紙
理気説
腹直筋
用水池
見当識
公開株
輪環面
売仲買
動力計
講書始
権利落
留守居
田植踊
棒高跳
様子見
区役所
貸座敷
異動届
現況届
休暇届
宗門改
賞与届
絵空事
連綿体
外反足
糸状虫
公文所
前係長
自社株
見放題
鉄平石
測斜計
線量計
内反足
負担分
仕放題
現係長