学校
先生
大学
右中
中学
名山
出入
小学
左中
大口
人口
中年
右上
年下
入力
年上
森林
人生
本気
年金
天文
左下
本人
空気
先月
学年
土木
中立
入口
男子
赤字
空文
本音
先日
大空
下町
文字
木立
小手
立正
本日
先山
花見
先年
本月
雨中
車中
学生
水中
大気
大王
本年
下車
年中
空中
耳下
女中
本名
見学
天気
青年
上空
名人
口上
大手
中火
中二
青空
気早
出火
火中
入手
出力
入山
出土
音大
上木
下天
下校
休学
休校
入村
入林
入校
出校
林立
校正
生下
生天
雨下
入車
出山
山手
早生
土中
天王
火山
上水
見本
立見
玉子
気力
花火
正月
上目
白人
休日
大玉
大男
大小
白金
中休
人手
王立
子犬
本土
町中
立入
空白
日月
水力
小石
名字
手中
火力
下見
町名
目下
天上
林中
林木
大一
大火
大八
大力
出金
中正
気水
木耳
本四
白日
子女
水生
白月
女人
土手
小目
本円
文学
耳目
大雨
中三
中一
中金
中耳
小水
大名
金文
右玉
王手
火花
文中
上玉
女力
山千
手金
木目
本水
村下
正目
気先
火王
玉目
白字
白本
目木
花金
草王
赤本
青字
青本
音名
雨月
上人
車上
山林
空力
先天
白文
先人
水土
上気
中天
中生
水文
土足
正字
土石
生気
正円
名車
本校
雨天
先入
名手
名犬
天子
天空
上中
上生
下人
下口
下名
下学
下足
中人
中字
中気
中水
人本
先出
先学
先王
入川
入木
入気
入玉
円口
円文
円月
円木
円本
円村
円石
出車
力気
力車
口気
口耳
右文
名下
名月
名木
名玉
名石
名花
土人
土音
大円
天中
天人
天円
天女
天字
天日
天水
天火
天目
天耳
天金
天青
女男
女花
字中
字音
学林
学石
小円
小名
小子
小字
山月
山草
山雨
年休
文名
文草
文金
日字
日王
早天
早年
月休
月名
月花
木中
木人
木生
木石
木竹
本字
本生
本草
本青
村名
林下
校本
正中
正学
正立
正見
正金
正音
気口
水人
水天
水字
水手
水月
水火
水石
火休
火土
火手
火気
火田
火石
火車
玉花
玉車
玉音
王土
王林
王水
生立
田土
田字
男王
町石
白玉
白雨
目名
石中
石人
石文
石火
石竹
空名
空山
空石
竹木
糸竹
耳石
花下
花名
花林
花水
花石
花竹
花虫
花雨
草字
草本
草生
貝子
貝玉
赤手
赤気
足玉
車力
金円
金力
金口
金字
金糸
金花
金青
雨花
青女
青林
青玉
青白
青石
青糸
青花
音字
中文
中音
日出
正出
右目
中力
生花
生金
学人
木玉
円上
青天
月下
名文
小生
文人
日文
花文
花月
上文
車名
人日
学名
小四
大白
入水
入金
目白
小文
右足
左上
糸口
目玉
川下
雨林
見出
大日
小六
気音
本金
正気
山水
手下
小休
左耳
本立
小犬
下生
入学
目上
赤口
右耳
立木
左目
早月
白目
月中
青虫
大入
山男
上天
月見
立金
足音
見立
手口
右左
下草
小花
口火
年玉
口車
先口
夕日
出足
大目
青土
小男
年子
水虫
入子
口先
赤白
雨音
赤花
目先
月白
小二
出目
水音
玉虫
早足
入日
夕立
女手
空耳
草花
赤玉
雨女
山女
赤青
男手
手立
花入
足手
小町
手玉
赤土
赤貝
上口
上土
上火
上糸
下右
下左
下文
下木
下火
下目
下糸
中口
中右
中左
中男
人山
人音
休石
入目
出女
出手
出玉
出花
力水
力糸
力足
口下
口入
口女
口白
口足
口金
名子
土気
土車
夕月
夕空
大犬
大耳
大赤
大足
天糸
女山
女文
女木
女気
女竹
女車
子年
子耳
小力
小女
小耳
小虫
小足
小車
山人
山土
山子
山気
山犬
山立
川竹
川虫
川音
手木
手水
手花
手車
文月
文車
日足
日車
早出
早玉
早耳
早見
月水
月男
月草
月足
木草
木雨
村男
村雨
水子
水玉
水糸
水貝
水足
水青
火先
火入
火玉
火虫
火足
火雨
犬玉
玉手
玉糸
生木
生玉
生糸
生足
田虫
男木
男車
町口
白下
白犬
白糸
白花
白赤
目力
目土
石女
石子
石音
空木
空目
空足
空音
立文
竹足
糸入
糸玉
糸目
糸車
耳上
耳水
耳金
花人
花立
花草
花車
草入
虫気
虫男
虫草
見目
赤女
赤月
赤水
赤火
赤犬
赤目
赤糸
赤耳
赤虫
赤車
足白
車男
金気
金貝
雨気
雨男
雨空
雨足
青水
青火
青竹
青草
青貝
青足
青金
中入
手人
水木
生音
花生
小木
生水
目見
上町
年女
大女
水先
人出
子中
人天
出先
下男
村人
小見
下手
左足
川中
大水
小一
右下
中空
出立
正本
名水
水草
王子
出生
大貝
日金
出水
小火
先見
本文
金目
小人
上白
大子
中手
中足
上手
白子
人中
中子
正文
上下
空手
中日
町人
空車
人力
年男
赤金
力学
本手
人目
生日
足先
草子
人足
早口
花木
川水
林学
音学
赤子
小五
人文
玉石
足下
大金
先手
女王
手本
雨水
小金
下水
学力
左右
水車
手入
日休
校名
本学
小三
火口
手先
手足
大字
水気
山車
下女
名目
草木
天草
日子
小雨
男気
町立
王女
日女
天下
月日
金石
天花
村立
町村
人月
子音
右手
文目
人気
休出
出糸
校下
年月
男女
左手
上右
女学
女子
字名
日中
大人
口中
年百
上左
木気
人王
中小
土日
上学
火水
人名
小中
気学
校生
生年