学校
南門
生毛
空間
立場
西門
読書
谷地
多答
早雲
走電
電計
黄犬
書方
半年
年内
大体
先生
公園
大学
前後
会社
今年
時間
国家
国立
右中
今後
手前
中学
中心
市場
名山
何月
当時
食後
本社
大寺
毎月
出入
数字
朝日
小学
左中
前年
音楽
計画
公会
前日
大口
自国
人口
中年
右上
今月
父親
直後
長年
月曜
台数
学長
方形
道中
回線
年下
入力
何日
明太
教室
道内
同時
年上
外科
海外
地金
森林
小口
手数
前週
日曜
前夜
南東
人生
本気
年金
地上
食前
天文
組長
今週
土台
黒字
国道
左下
科目
会見
行方
前線
同日
学園
内海
小売
正午
名前
手首
何人
何円
南海
多数
今夕
生理
円高
白黒
半数
市道
後日
下地
同月
本人
毎日
空気
先週
来春
自分
時雨
今夏
外野
林道
通学
番地
社寺
半分
同社
南西
公用
長男
先月
年間
学年
内野
分野
社長
年長
大台
社会
本当
時分
午後
公明
風車
土木
今夜
同市
昼前
地元
出馬
車線
新入
毎朝
中立
入口
毎夜
地中
西南
男子
今春
用語
本来
今秋
西国
直前
手当
赤字
円形
空文
元気
書店
午前
活気
人道
新年
夜半
生来
本音
先日
大空
教科
下山
明朝
分子
新聞
会場
内生
天元
入場
下町
新生
来月
大国
夜中
頭金
同店
北方
今冬
内科
今回
文字
木立
小手
後楽
高校
立正
王室
合同
本丸
近年
母国
少数
本日
出来
元年
土曜
海水
父子
新米
上食
先山
少半
店里
弓歩
弱半
毛止
空頭
茶母
茶語
金光
黄米
金曜
早朝
水曜
花見
語内
太古
生活
前回
頭数
来秋
木曜
近日
来夏
毎秋
火曜
同夜
生前
多少
先年
内心
古来
毎回
先夜
上来
本月
毎分
雨中
後年
車中
計上
計算
分科
自画
間出
国内
画用
組合
山地
昼間
学生
文明
水中
小麦
後手
土地
大気
大道
大王
南北
市歌
山行
本年
白木
下車
大木
気色
里山
今朝
地場
今日
中止
馬場
海中
気風
親友
年中
米麦
月内
中元
国会
来日
米人
大同
親分
夜行
北西
白地
空中
後円
耳下
会計
町方
前月
番組
作用
女中
茶色
強記
後頭
何万
竹林
絵本
原作
広場
用心
本名
工作
大海
半日
町長
作家
書道
地点
新人
同船
何曜
番外
公立
何時
黒人
台本
後半
会古
学内
見学
天気
理工
風雲
中台
多色
同上
休止
小数
同人
売上
本店
少年
画一
青年
上空
古書
会食
社内
知名
心中
文書
年数
電気
名人
電話
金魚
場合
気分
分数
自立
外食
月夜
回数
園内
合計
新市
口上
光明
南国
大手
市内
直線
海魚
年頭
同国
細分
同行
中火
記名
外出
電車
茶目
番頭
中二
楽天
交通
馬上
通行
冬用
明記
会話
園長
白頭
弱気
気弱
前場
母親
内気
前出
青空
歩行
気早
顔黒
公正
半間
語林
通気
古町
下方
回答
出火
通話
作文
火中
立体
上場
先行
引用
南下
同室
直行
分光
通用
分立
台頭
下線
野生
通算
入手
出力
正答
道楽
直通
入山
東上
走行
青春
入国
生長
直立
草食
出土
出頭
分家
合作
回帰
直上
通園
会同
合本
売春
強行
思考
明言
自生
言明
記入
通知
入園
入道
入門
出家
前記
同心
大言
当直
文通
来場
直言
算出
自白
間食
音大
風聞
上木
下天
下校
下船
交合
交用
休会
休場
休学
休心
休校
休電
会読
作刀
作図
作字
作歌
作画
入京
入北
入地
入室
入寺
入明
入朝
入村
入林
入校
入番
入線
入行
入電
公売
公言
内切
内聞
内見
出京
出校
出社
出走
分合
分売
分水
力走
合算
同車
同道
回内
回読
回頭
外切
多作
多読
多食
大書
学道
小計
少考
帰一
帰京
帰休
帰入
帰合
帰国
帰天
帰山
帰店
帰日
帰朝
帰来
帰東
帰社
帰米
帰船
広言
引火
引見
強直
手交
手記
数引
明答
書見
来会
来園
来村
来校
東下
東来
林立
校合
校正
正心
正用
正言
水書
水食
活歩
海食
点頭
生下
生天
目算
直交
直売
直帰
直書
直答
直話
直読
立言
立食
答電
耳語
聞知
自学
自書
自活
自答
自記
自走
自足
自首
行休
行歩
行水
行道
西下
言上
読図
読字
読話
通交
通作
通分
通水
通計
通読
遠引
野合
長考
間作
間歩
雨下
音読
頭書
風食
食言
馬食
高言
売買
生食
見分
入車
声言
算入
見知
通電
分地
書記
内食
出山
分電
内分
数学
口外
電子
交会
同町
強風
山手
切言
道場
同紙
外用
来朝
水魚
点前
内通
夕方
図中
本家
早生
頭上
電力
校長
本数
近道
合羽
土中
語用
大魚
理会
大黒
大食
内用
分出
来下
切土
店番
引算
線引
足算
男岩
天王
日記
合図
火山
明方
北東
半生
強気
白色
西北
中西
国王
青雲
出国
口答
王国
分村
直方
本国
足元
春先
朝方
山村
天国
茶店
文内
来店
心理
上水
矢先
時点
口頭
月間
大社
北口
見本
家元
台風
高下
馬車
月数
手形
小国
原木
算用
秋水
立見
合点
外人
新内
車内
本体
先頭
名作
米紙
日時
本紙
南風
明細
手合
自家
下知
力行
玉子
手羽
合手
上方
合一
門戸
気力
花火
工学
公社
合理
本元
国交
正月
歩道
白昼
生後
上目
親元
間引
目前
会合
後場
古本
体力
色分
国語
点字
海道
白人
立話
新線
前売
口語
休日
大玉
夏時
上書
東北
声道
行楽
王朝
見合
大男
中国
大小
小父
文教
白金
家出
小母
赤外
図上
週間
分母
国土
字体
遠出
下書
中休
船出
足止
門出
玉切
立売
長鳴
黒光
山内
高原
同点
本書
人手
朝市
紙本
元本
夜間
王立
茶人
水分
子犬
細書
高山
本土
同寺
大万
年少
内数
糸冬
花形
野鳥
町中
原語
語原
出口
体長
公子
方言
国文
白雲
用船
北星
同数
地図
立入
下馬
画人
公人
口内
弱年
大門
山海
毛糸
分国
中前
活字
前半
画本
南山
前文
日用
親方
古木
遠心
見方
光月
春日
工大
国画
小山
門下
空白
人工
活用
歩合
方今
外語
日月
立地
空前
語頭
半魚
米作
立合
親切
下道
同村
大形
来年
出色
食道
水力
店名
気道
知人
言分
高台
小石
名字
手中
自前
風上
木戸
本道
大元
町角
同家
地理
公海
分会
台地
毎年
高一
王道
道立
計図
考古
同園
野分
東南
空自
新書
本場
声楽
火力
文楽
土用
古米
町会
用言
長子
雨後
王家
同名
親水
赤茶
古風
月歩
頭高
食用
多雨
下見
国教
門人
新顔
語数
町名
目下
絵画
外車
週内
西空
白書
原文
当市
思春
口元
天上
青地
自力
天外
国見
方正
前作
林中
外大
時数
冬山
外交
高三
手紙
新出
新星
線形
林木
大一
本番
海原
友人
明日
大火
夏用
正当
子分
近海
今時
作出
大八
白米
国外
強大
弱小
直角
自明
下作
下直
分外
多才
多音
大力
大才
子細
小弱
小心
小食
少食
文弱
遠大
長遠
高直
入用
土間
店頭
茶室
弱体
当方
東国
出金
中正
中形
教頭
正教
気水
肉用
木耳
自体
小船
車高
合金
歌手
大通
名門
通年
多用
長文
電線
古今
会頭
新茶
強食
首長
気前
何語
公金
同週
母語
戸数
本四
広間
林間
白日
戸口
木道
外来
食肉
人魚
船長
南画
白星
方角
原画
船内
同川
数理
国体
車体
子女
水生
耳元
北道
同線
姉妹
市売
朝野
地鳥
字画
同校
市電
学用
公算
正門
白月
花頭
図会
工合
黒門
名画
家電
女人
図画
土手
小目
空室
風力
本円
引当
石高
大作
内耳
楽生
光線
文学
生家
魚貝
地名
新春
立教
耳目
長大
岩山
自室
親日
同色
同図
原子
大雨
学食
木馬
上用
土場
本心
長計
風船
同山
木食
直入
中三
新形
書林
先高
音頭
中一
半時
長兄
中金
南朝
時空
直間
立会
朝米
前人
見当
公国
同元
本門
米食
通夜
電池
中耳
字数
形体
男声
小水
工高
茶会
野外
古語
店内
口絵
大名
金星
上京
兄妹
金文
京間
内角
右玉
図形
地声
女声
強弱
正直
水門
船上
日台
同左
家計
王手
女高
南方
目地
手話
親米
内金
天引
引数
当社
風雪
分線
北門
原本
原生
弟分
気合
赤線
道行
下記
公道
気心
赤地
原人
台木
月番
船頭
体高
出番
国歌
本行
肉体
知新
雪上
下絵
原点
当千
火花
父王
中肉
作風
国名
生体
直火
人肉
前引
台形
同夕
字引
年番
毎冬
風合
切字
太字
文中
早春
活力
海生
犬科
白番
絵入
絵心
馬番
麦作
麦茶
上玉
上絵
下魚
中地
中太
中点
中細
中食
丸八
丸刀
丸小
丸心
丸本
京女
京方
何線
作男
作間
元絵
兄分
兄王
円買
冬作
切米
切絵
力場
半丸
半広
口米
口茶
台石
合気
同間
同馬
図引
地先
地口
地合
地字
地山
地歌
地糸
地紙
地色
地虫
地貝
地雨
地頭
地顔
地馬
地魚
地黒
場台
夏作
夏書
夕間
外場
外数
外番
夜番
大番
太線
女力
女楽
女絵
妹分
寺名
小作
小道
小門
山千
山番
岩地
年市
後作
後月
心木
心食
手金
手食
新子
新糸
新貝
方立
日歩
日番
早番
春作
昼番
晴食
朝茶
木目
本水
村下
東門
森番
楽市
楽日
歌本
歌絵
正目
毎夏
毎夕
毎春
毎時
気先
気場
水絵
海先
海千
火王
牛科
牛細
牛肉
玉目
玉算
玉茶
町組
白字
白本
白茶
目分
目木
石絵
秋作
科人
空茶
立番
算木
細字
細線
組中
組数
絵合
絵羽
羽数
聞茶
肉入
肉月
肉色
自黒
船楽
船用
色地
色字
色番
色絵
花会
花後
花金
茶入
茶子
茶心
茶町
茶組
茶船
茶花
草王
草黄
親字
親王
親番
角番
角道
貝肉
買気
赤本
赤絵
赤肉
赤門
足台
通町
週足
里地
野天
金毛
金紙
金茶
金語
金高
金黒
青字
青本
青東
青点
青線
音引
頭赤
首肉
馬草
魚通
鳥天
黄地
黄茶
黒先
黒地
黒方
黒本
黒番
黒竹
黒茶
口番
国女
林野
父兄
角地
音名
上記
下社
回教
地引
月光
語気
雨月
上人
肉親
中門
天体
字図
車上
遠方
風水
半音
思文
書生
本科
東名
汽船
中朝
小形
肉声
野火
音長
少林
空母
親書
上体
上図
体外
前科
多元
大弓
母数
風雨
京風
原土
字母
山林
時日
朝一
空力
道交
頭角
京人
出作
子弟
弱強
心頭
先天
前言
外形
寺社
新車
白文
色弱
近時
先人
外気
外角
水土
水牛
黒線
中秋
原形
口角
母線
足首
家長
山線
左図
社外
門弟
上気
中天
中生
少水
強心
当人
当番
教本
教行
歩数
水文
立春
茶番
茶話
話頭
名声
夜空
弓道
歌道
船室
里数
今作
内円
天才
学外
学風
少子
木刀
気体
海図
理知
直近
船体
花鳥
行内
計時
風光
南天
名歌
土足
多年
正字
母体
内火
土石
当店
文鳥
理国
用字
町家
車外
下戸
円通
半夏
古馬
名馬
図体
外円
外聞
多雪
夜来
当寺
明星
木母
生気
田園
番方
知力
自工
船中
高弟
交番
人馬
出数
台紙
声母
子夜
弱点
才女
文才
晴天
正円
母校
石風
社交
絵馬
花園
親交
野心
風人
丸太
先番
光電
切点
力点
名車
国鳥
家父
小社
広角
新船
書名
本校
東校
点線
理数
生肉
知見
立国
組名
絵図
肉牛
船外
船首
草魚
西走
見地
近親
遠足
金門
長姉
雨天
雪原
雲水
電光
風来
黄門
交友
休園
会友
体毛
体言
先入
先公
入店
公知
出自
半知
半角
原電
古楽
古点
古紙
同友
名手
名犬
回天
回船
国書
国父
外電
多毛
天子
天空
太王
学友
岩石
左記
引水
弱肉
当来
才色
晴雨
書体
書風
歌友
母船
毛細
海友
番犬
番茶
石門
秋天
羽毛
肉天
船名
読後
読点
赤心
近聞
通天
通時
通言
週休
野草
長毛
馬首
魚体
魚肉
上中
上古
上地
上声
上星
上生
上番
上知
上米
上聞
上行
上計
上長
上首
上馬
下人
下口
下名
下国
下学
下番
下行
下語
下足
下顔
中人
中体
中分
中字
中書
中気
中水
中社
中線
中風
交名
交声
交子
交点
交直
交線
交親
交角
京中
京内
京図
人後
人才
人本
人毛
人牛
人言
人語
人長
人頭
今上
今体
今古
今生
休店
会元
会名
会子
会心
体半
体心
体鳴
作人
作分
作土
作手
作毛
作話
作食
元正
兄姉
先体
先出
先回
先学
先書
先王
先知
先考
光体
光力
光来
光火
光点
光画
光虫
光行
光頭
光風
入光
入内
入刀
入声
入川
入市
入木
入気
入玉
入船
公休
公力
公図
公地
公女
公室
公方
公王
公理
公田
公空
公電
内台
内合
内声
内室
内家
内方
内水
内行
内言
内記
円口
円外
円教
円文
円明
円月
円木
円本
円村
円石
円読
円頭
冬上
冬夜
冬春
冬海
冬虫
出母
出用
出行
出車
出門
刀子
刀工
刀心
分体
分力
分室
分店
分校
分点
分生
分画
分知
分米
切線
前古
前図
前室
前時
前書
前王
前生
前角
前話
前走
前車
前金
前門
前食
力気
力車
北七
北天
北子
北家
北帰
北画
北行
北走
北足
北雪
北音
北馬
午食
半人
半休
半作
半切
半国
半夜
半字
半弓
半弟
半文
半歩
半玉
半町
半白
半肉
半言
半足
半里
半金
半顔
半麦
南人
南園
南家
南寺
南高
原体
原名
原図
原字
原岩
原書
原毛
原水
原石
原糸
原紙
原肉
原色
原虫
原話
原道
原頭
原魚
原麦
友交
口分
口才
口気
口耳
口話
口道
古京
古人
古体
古刀
古名
古字
古年
古形
古方
古画
古社
古色
古茶
古記
古音
台下
台子
台日
台船
右図
右室
右文
右方
右羽
右記
右近
合切
合名
合字
合科
合糸
合谷
合道
同声
同女
同引
同歩
同母
同気
同玉
同王
同生
同科
同見
同角
同語
同門
名下
名刀
名園
名数
名月
名木
名玉
名石
名答
名聞
名花
名言
名記
名語
名走
名鳥
回心
回文
回米
回虫
図南
図名
図絵
図色
国図
国字
国年
国手
国本
国楽
国歩
国母
国花
国金
園名
園数
園林
園池
園頭
土人
土公
土科
土語
土道
土長
土音
土馬
地体
地公
地子
地文
地歩
地母
地毛
地気
地玉
地番
地目
地米
地黄
声名
声字
声歌
声門
声風
売名
売国
売山
売文
売船
売色
売茶
夏下
夏雨
外京
外光
外力
外台
外合
外字
外市
外心
外教
外水
外王
外生
外画
外米
外紙
外耳
外船
外言
外記
外道
多口
多回
多声
多売
多子
多形
多心
多歩
多点
多羽
多肉
多花
多語
多頭
夜光
夜分
夜前
夜天
夜学
夜気
夜直
夜色
夜走
夜鳥
大円
大姉
大数
大知
大計
大遠
大雲
大黄
天中
天人
天円
天分
天南
天声
天女
天字
天工
天心
天日
天朝
天来
天水
天池
天火
天父
天目
天社
天耳
天聞
天道
天金
天長
天門
天青
天顔
天馬
太上
太多
太細
女弟
女男
女肉
女色
女花
妹弟
姉兄
姉弟
子午
子母
字中
字行
字間
字音
字高
学兄
学半
学室
学店
学才
学林
学知
学石
学行
学頭
室名
室数
家作
家兄
家名
家国
家書
家月
家母
家道
家門
寺中
寺家
小円
小刀
小名
小子
小字
小工
小店
小引
小弟
小才
小点
小用
小知
小紙
小組
小話
少室
少小
少弟
少心
少校
少雨
少雪
山体
山月
山色
山茶
山草
山雨
山雲
山馬
岩体
岩画
岩頭
岩高
工人
工地
工女
工字
工手
工数
工船
左刀
左室
左方
左直
左社
左羽
左近
左道
市学
市門
帰台
帰家
帰心
帰村
帰校
年休
年画
年魚
広土
広本
広用
広目
広記
店外
弓馬
引力
引頭
引首
弟兄
弟王
弱国
弱声
弱行
弱風
強弓
強電
強音
強馬
当体
当国
当土
当家
当山
当帰
当月
当村
当校
当犬
当町
当科
当船
当色
形声
後光
後図
後園
後夜
後室
後家
後市
後来
後生
後角
後語
後門
心下
心体
心内
心原
心友
心土
心字
心室
心思
心月
心気
心水
心海
心火
心王
心算
心耳
心行
心話
心間
心電
心黄
戸外
戸長
手工
才人
才六
才子
才学
才気
才知
教体
教友
教場
教外
教木
教母
教父
教王
教理
教生
教線
教門
数町
数行
文会
文名
文外
文工
文思
文草
文野
文金
文間
文頭
新円
新刀
新友
新口
新図
新声
新家
新店
新月
新来
新秋
新色
新話
新語
新読
新雪
新馬
方円
方図
方国
方土
方外
方天
方広
方木
方里
方金
方音
日字
日王
日語
日食
早天
早年
早強
早明
早秋
早計
明光
明夜
明年
明春
明楽
明点
明玉
明目
明線
明色
明門
明頭
星図
星室
星林
星間
星雨
星雲
星食
春光
春分
春天
春昼
春本
春歌
春画
春色
春雪
昼三
昼光
昼行
時人
時文
時角
時言
時風
書外
書字
書画
書目
書語
月休
月台
月名
月図
月明
月色
月花
月食
朝三
朝夜
朝家
朝見
木中
木人
木台
木強
木毛
木活
木理
木生
木石
木竹
木門
木魚
本図
本地
本字
本寺
本毛
本生
本知
本草
本記
本話
本青
村名
村寺
村数
村道
来京
来光
来室
来書
来船
来行
来電
東土
東夏
東天
東朝
東行
東走
林下
林分
林工
校友
校地
校本
校歌
校語
校門
校風
楽友
楽土
楽声
楽弓
楽才
楽理
楽長
楽音
楽食
歌中
歌体
歌作
歌才
歌数
歌文
歌書
歌話
歌語
歌風
止水
正中
正切
正学
正室
正形
正思
正数
正書
正東
正番
正立
正米
正肉
正西
正見
正角
正語
正金
正音
正風
正食
歩車
母公
母岩
母川
母店
母星
母父
母貝
毎家
毎戸
毎食
毛人
毛母
気光
気口
気海
気門
気鳴
水人
水光
水声
水天
水字
水工
水手
水月
水火
水理
水用
水石
水線
水頭
水馬
池中
池北
池心
池水
汽力
汽水
活人
活水
活画
海人
海光
海台
海天
海東
海王
海自
海船
海門
火休
火光
火土
火工
火手
火気
火田
火石
火車
火道
火雲
火電
点心
点画
点立
点耳
点茶
父人
父道
父音
牛刀
牛形
牛後
牛歩
牛王
牛耳
牛角
牛車
牛頭
牛馬
牛黄
犬声
犬肉
犬馬
玉体
玉室
玉歩
玉池
玉花
玉車
玉門
玉音
玉頭
玉顔
王公
王台
王土
王弟
王林
王母
王水
王父
王親
理力
理外
生母
生知
生立
生色
用作
用土
用後
用木
用池
用間
田土
田字
田数
田野
男工
男王
男色
町外
町石
町道
画会
画分
画友
画名
画図
画地
画工
画才
画数
画科
画色
画角
画間
番太
番線
白光
白土
白明
白点
白玉
白線
白肉
白話
白道
白雨
白顔
白麦
目今
目名
目読
直弟
直毛
直用
直長
直門
直音
矢石
知友
知工
知心
知日
知米
知足
石中
石人
石刀
石工
石文
石火
石画
石竹
石馬
社友
社家
社日
社歌
社用
社線
社頭
社風
社食
秋分
秋園
秋夕
秋思
秋日
秋明
秋林
秋気
秋雨
秋雲
科名
科白
科長
空名
空山
空後
空理
空石
空行
空谷
空走
空電
立冬
立刀
立夏
立毛
立牛
立秋
立米
竹園
竹工
竹木
竹紙
竹門
竹頭
竹馬
算数
米名
米西
米語
米道
糸竹
紙名
紙工
紙数
紙花
細作
細大
細太
細毛
細雨
線名
線図
線外
線心
線毛
線虫
考工
考見
耳石
耳道
肉交
肉林
肉池
自今
自大
自店
自強
自形
自心
自来
自校
自歌
自毛
自火
自用
自船
自行
自読
自車
自門
自食
船台
船手
船数
色光
色名
色道
色食
花下
花台
花名
花明
花林
花水
花石
花竹
花肉
花虫
花門
花雨
花顔
茶台
茶名
茶園
茶書
茶気
茶紙
茶通
茶金
茶頭
草体
草字
草書
草本
草生
草画
草頭
草高
行力
行学
行数
行走
行雲
西上
西土
西天
西来
西気
西用
西語
見台
親中
親北
親明
親用
親電
親魚
角上
角回
角岩
角行
角通
角食
言中
言声
言外
言行
計理
記数
記文
話声
話風
語字
語言
読会
読心
谷戸
貝子
貝母
貝玉
買電
買首
買魚
赤光
赤手
赤気
赤海
赤点
赤道
赤雲
赤黒
走力
走時
足刀
足心
足歩
足玉
足食
車力
車声
車室
車番
車行
車長
車馬
近古
近国
近心
近思
近村
近来
近歩
近門
通数
通日
通直
通線
通船
通谷
通道
通音
通風
週市
週数
週日
週番
道力
道友
道台
道心
道歌
道話
道里
遠交
遠人
遠古
遠国
遠来
遠東
遠海
遠行
遠赤
里合
里家
里正
里道
里長
野人
野岩
野気
野牛
野白
野馬
金円
金力
金口
金字
金工
金帰
金晴
金牛
金科
金糸
金線
金花
金言
金青
金風
金馬
長上
長元
長円
長古
長夜
長弓
長形
長方
長日
長歌
長気
長目
長石
長秋
長足
長近
長音
長頭
長風
長魚
門内
門地
門数
門番
門道
門頭
間知
間色
間道
雨声
雨花
雨読
雪中
雪夜
雪白
雪線
雪花
雪虫
雪里
雪風
雪食
雲上
雲入
雲外
雲山
雲手
雲文
雲月
雲林
雲気
雲海
雲角
雲雨
雲高
電場
電文
電点
電食
青光
青女
青書
青林
青玉
青白
青石
青糸
青花
青風
青黄
青黒
音字
音工
音形
音高
頭光
頭声
頭字
頭毛
頭肉
頭足
頭音
頭首
風体
風刀
風前
風声
風教
風月
風林
風気
風池
風色
風角
風話
風鳥
食人
食原
食台
食思
食気
食草
食虫
食通
食間
食鳥
馬体
馬前
馬名
馬正
馬歩
馬耳
馬肉
馬足
馬頭
高女
高家
高工
高思
高文
高歌
高点
高秋
高空
高風
魚口
魚形
魚文
魚田
魚道
魚食
魚鳥
鳥人
鳥名
鳥声
鳥雲
鳴鳥
麦角
麦雨
黄体
黄口
黄土
黄水
黄玉
黄白
黄石
黄紙
黄線
黄道
黄顔
黄鳥
黒体
黒円
黒土
黒曜
黒書
黒楽
黒点
黒肉
黒雪
黒青
下体
中文
南船
合子
図工
国記
戸内
新台
春時
本作
本時
答書
行書
行気
行金
走馬
道人
雨雪
上作
中音
中馬
体用
台車
地生
売電
帰線
日出
正出
画道
石地
西電
近見
中外
中新
京外
元歌
分行
右目
地本
山会
心音
書作
校外
楽人
用方
画中
電工
中力
元三
内空
同金
当年
教組
朝会
生花
生金
通人
声中
学同
後下
日内
日来
同走
国電
新教
東学
船社
台上
学人
画室
馬牛
女体
日東
木玉
楽書
社数
体大
円上
北朝
大風
文理
用金
画上
空家
人外
声聞
強国
後出
水村
理大
知母
友国
会記
用人
当用
正時
行頭
青天
手元
新山
水明
風通
上歩
国力
月下
社中
船場
高見
人海
分町
原歌
大兄
番長
正作
見聞
車間
行火
名文
家風
工科
西人
大行
火点
上室
当行
音間
夜食
小生
中数
会下
新道
海村
町地
長生
同下
線画
山名
下図
星天
社人
分社
人地
外方
北上
半風
夜会
山頭
番人
秋色
外売
立市
家地
社地
力作
書中
文人
赤黄
明文
水雲
言語
門生
日文
星空
同通
理科
長広
合人
行人
地学
花文
南三
新田
北地
店長
石道
食分
新古
新本
花月
間八
光色
上文
車名
校内
本工
来車
前行
回国
本通
上回
人日
光子
高名
国大
学名
小四
星学
大白
入水
空地
色白
入金
国地
大地
東地
店数
海内
心線
月来
行場
高二
目白
行文
高大
会日
小文
言文
名店
正道
多生
右足
足長
体色
田地
日明
家人
道理
風見
国公
左上
近作
母家
海市
出前
細見
古生
会行
当日
道家
上戸
内国
小村
糸口
北海
当今
後金
土工
野見
線数
先後
新作
目玉
川下
場外
学理
年時
本朝
作中
内楽
引合
魚場
細工
手近
買入
足弱
雨林
黒山
回春
見出
鳥肉
分園
年高
大日
外分
新日
切下
行間
山里
小六
新国
小寺
組立
回生
番台
同音
後行
北半
日直
岩上
木地
太山
原理
気音
元日
前足
名工
新字
本金
正気
火線
山水
手下
小休
同作
春秋
海国
大公
人知
分場
左耳
太白
同大
本立
頭分
小犬
火元
力線
青色
子牛
来社
売行
時下
上家
国数
大教
生国
地車
道教
本教
人家
当会
合力
下生
体形
入学
大岩
当地
売人
少時
目上
文語
大光
後天
雲母
南口
道先
大明
記音
体内
東半
赤口
黒星
右耳
男前
通語
円内
立木
東口
直下
左目
早月
白目
小家
雪国
月中
形名
魚人
雲行
金山
夏休
引分
新王
何千
原地
父方
行手
青虫
知合
大入
西線
元朝
新京
矢切
音色
下元
冬場
家用
水鳥
小声
点数
楽家
山男
見通
上天
売場
公家
山道
立方
黒目
市名
点目
月見
立金
本市
小春
足高
足音
歌声
肉食
馬子
赤色
高角
見立
里親
手口
白丸
羽太
市上
聞耳
出合
夜道
里人
右左
直中
雪山
市水
大鳥
元売
秋空
雲間
下草
西口
買春
切地
小花
早道
地人
口火
年玉
口車
日西
明後
先口
西京
多言
町内
夜長
羽音
山鳥
内地
夕日
村社
引金
文数
出会
出足
足場
夜目
大目
近体
男親
雪雲
青土
細形
小男
母方
切目
山場
古川
岩戸
年子
同形
親玉
赤毛
朝顔
風下
同文
雨雲
海気
明知
見晴
寺町
小鳥
下野
土方
後口
切花
小玉
黒船
水虫
目頭
細雪
道引
入子
口先
夕市
大店
赤白
雨音
雨風
谷行
雨夜
首元
赤花
小魚
目先
里方
月白
色石
丸顔
毛虫
親心
小二
聞手
丸形
出目
小顔
切売
水音
目高
色里
前玉
大船
女心
玉虫
夜店
店先
早場
早足
入日
夕立
女手
岩場
空耳
草色
草花
赤玉
近場
切長
赤丸
長雨
雨女
強火
石頭
色町
子鳥
山女
空売
立前
下心
毛色
水心
牛女
聞書
色合
遠目
切通
夜船
心太
赤青
顔立
円顔
国作
弱火
後玉
思入
男手
色気
切口
北池
古顔
大麦
手引
手立
海牛
花入
足手
雨戸
外回
女組
手船
白夜
糸引
耳鳴
花組
人里
古手
大引
家船
小町
岩角
岩魚
手明
手玉
晴間
母心
生首
船人
草分
語口
赤土
赤貝
野花
野道
金切
長刀
長話
魚心
上前
上口
上土
上毛
上火
上糸
上紙
上船
上風
下前
下右
下左
下文
下木
下火
下目
下糸
下羽
中口
中右
中売
中左
中池
中男
中買
中通
中黒
丸目
丸石
丸竹
丸頭
丸首
丸麦
人声
人山
人買
人音
今方
休石
何心
何色
元入
元口
元玉
元黒
先太
先細
先買
入海
入目
公魚
内入
内店
内書
冬日
冬木
冬空
冬草
冬道
冬青
冬鳥
出丸
出女
出手
出玉
出花
出買
出里
刀自
分里
切先
切子
切戸
切水
切火
切石
切立
切紙
切羽
切金
切麦
前山
前羽
前赤
力水
力糸
力足
北組
午年
午時
南丸
南手
南組
友引
口下
口入
口前
口合
口女
口広
口書
口白
口細
口足
口金
古寺
古歌
古池
古糸
古言
右角
右頭
右顔
右首
合口
合竹
名子
名親
国元
国引
土気
土船
土色
土車
土雲
売口
売声
売子
売家
売手
売立
売高
夏山
夏川
夏市
夏毛
夏空
夏色
夏花
夏雲
夏風
夏鳥
夕光
夕星
夕晴
夕月
夕空
夕雲
夕風
外書
外町
外目
外足
夜市
夜昼
夜話
夜雨
夜顔
夜風
大戸
大星
大歌
大池
大犬
大羽
大耳
大赤
大足
大顔
大首
天糸
太糸
女山
女岩
女文
女方
女時
女木
女歌
女気
女竹
女親
女車
女顔
妹山
子年
子方
子耳
家形
家数
家犬
寺入
寺子
寺男
小丸
小切
小前
小力
小半
小場
小女
小昼
小歌
小米
小耳
小虫
小言
小足
小車
小頭
小風
小首
山人
山刀
山土
山子
山数
山方
山気
山犬
山立
山雪
山風
岩室
岩川
岩木
岩組
岩虫
岩道
川止
川竹
川虫
川道
川音
川風
川魚
左角
左頭
左馬
市正
広前
広口
広山
広形
広野
店子
弓数
弓矢
弓頭
引戸
引時
引歌
引目
引直
引船
弟切
弟風
弱竹
弱虫
弱音
強紙
後入
後前
後山
後戸
後朝
後言
戸車
手刀
手切
手回
手心
手木
手水
手花
手車
手長
教草
文月
文色
文車
新室
方人
日切
日計
日足
日車
日長
早出
早昼
早玉
早耳
早見
早馬
明先
星下
星合
星目
星組
春山
春方
春鳥
昼中
昼顔
書立
月形
月星
月毛
月水
月男
月組
月草
月足
朝北
朝昼
朝空
朝雲
朝風
木口
木弓
木組
木草
木通
木雨
本歌
本船
本鳥
本黒
村方
村男
村里
村雨
来手
東女
東歌
東男
東組
東雲
歌入
歌切
歌口
歌女
歌心
歌読
止刀
止金
母牛
母犬
母虫
母馬
母鳥
毛先
毛引
毛玉
毛足
毛長
水切
水子
水引
水止
水玉
水糸
水船
水計
水貝
水足
水青
活花
活魚
海手
海色
海虫
海馬
海鳴
火先
火入
火切
火玉
火色
火虫
火足
火雨
火食
父鳥
牛方
牛玉
牛顔
犬玉
犬走
犬顔
玉手
玉毛
玉糸
生木
生玉
生米
生糸
生足
生魚
田作
田歌
田虫
田道
男心
男方
男木
男歌
男車
男道
町口
町場
番木
白下
白場
白声
白太
白犬
白田
白糸
白組
白羽
白花
白赤
白首
白魚
目交
目光
目切
目力
目土
目方
目星
目細
目色
目角
目近
目顔
目黄
直心
矢場
矢声
矢形
矢数
矢文
矢来
矢玉
矢立
矢竹
矢羽
矢車
矢風
石切
石女
石子
石弓
石数
石組
石音
秋上
秋夏
秋晴
秋歌
秋顔
秋高
科戸
空合
空木
空池
空目
空船
空色
空買
空足
空音
空馬
立引
立文
竹光
竹矢
竹足
米場
米虫
糸入
糸切
糸方
糸玉
糸目
糸車
糸道
糸魚
紙入
紙切
紙女
紙子
紙玉
細口
細声
細引
細石
細糸
細道
組下
組入
組外
組子
組手
組木
組歌
組糸
組頭
羽交
羽口
羽子
羽白
羽色
羽虫
羽車
羽風
耳上
耳毛
耳水
耳金
船子
船形
船方
船歌
船玉
船虫
船足
船門
色女
色子
色形
色数
色止
色水
色男
色糸
色虫
色見
色話
色音
花丸
花人
花友
花市
花心
花数
花時
花立
花船
花草
花車
花野
花首
草入
草市
草矢
草道
虫声
虫気
虫男
虫草
西入
西手
見目
親木
親本
親牛
親犬
親船
親里
親雲
親馬
親鳥
角店
角弓
角書
角木
角目
角石
角貝
言草
語手
語草
読人
読切
読手
谷止
谷道
谷風
買回
赤女
赤星
赤月
赤水
赤火
赤牛
赤犬
赤目
赤米
赤糸
赤紙
赤組
赤耳
赤虫
赤車
赤馬
赤魚
足切
足半
足形
足毛
足白
車引
車牛
車男
近火
近矢
近間
通草
道火
道糸
道草
道角
遠年
遠火
遠矢
遠近
遠道
遠里
遠音
里回
里川
里心
里田
里雪
野川
野池
野点
野立
野風
金元
金売
金気
金貝
金頭
長手
長虫
長言
長道
門口
門火
門田
間口
間合
間広
間日
間男
雨気
雨男
雨空
雨足
雨間
雪女
雪明
雪気
雪水
雪玉
雪男
雪空
雪組
雪見
雪間
雪鳥
雲形
雲紙
雲足
雲鳥
青丸
青毛
青水
青海
青火
青田
青矢
青竹
青組
青羽
青草
青貝
青足
青金
青首
青馬
青魚
青麦
頭虫
顔形
顔毛
顔白
顔鳥
風玉
風知
風草
風足
風音
首下
首先
首引
馬市
馬形
馬方
馬貝
馬長
馬顔
高声
高手
高草
高話
高足
魚子
魚止
魚直
鳥子
鳥毛
鳥男
鳥虫
鳥貝
鳥頭
鳥首
鳴女
麦秋
黄丸
黄花
黄赤
黒女
黒戸
黒手
黒歌
黒毛
黒池
黒牛
黒犬
黒玉
黒糸
黒貝
黒赤
黒馬
黒鳥
黒麦
中入
元高
小夜
山国
市日
引手
手人
水場
水木
生音
秋草
細魚
花生
西東
西組
足太
遠山
丸木
小木
市人
東道
生水
白水
目見
大市
後記
活計
上町
内高
外山
年女
引下
内人
大女
子馬
立羽
近目
切首
山間
市女
水先
野寺
夜鳴
書出
生紙
石室
西半
戸人
戸前
人出
夜明
子中
引出
数多
新学
毛羽
車前
人天
楽地
大角
角形
売女
年弱
外公
小馬
野山
市鳥
出先
心力
新社
白毛
行先
合方
図記
下男
社前
魚市
同工
日光
村人
入方
夏場
小見
頭目
馬道
同話
外海
新紙
西日
中間
画風
風間
竹刀
色目
川方
見直
下手
母音
生心
夕顔
後車
左足
年強
間人
川中
水行
古里
空言
大水
小一
正木
西市
野原
見場
生時
後書
川前
黒色
形木
合間
細目
遠見
海女
高年
草地
大半
行年
入合
田楽
音数
文台
右下
新木
花道
中市
門中
半田
目数
力紙
名分
声明
東入
何回
何才
何本
計歩
言下
売出
村高
直会
中空
頭語
人前
生地
紙魚
出立
川原
車止
高遠
上分
画家
角力
食時
西風
元手
正本
市長
新村
林家
室内
買上
元金
新風
聞方
通力
海山
形行
時鳥
名水
後先
音場
山野
原野
水草
王子
天明
風土
同年
立心
外地
大山
本山
赤羽
古文
長月
鳴声
馬手
当夜
日数
川船
形気
後見
出船
原音
岩絵
秋口
手書
出生
星形
小池
大貝
風切
魚数
教書
日金
新体
口切
出水
手番
車台
小牛
山高
買手
入来
日当
石山
名家
外線
歌行
中店
小火
書人
鳴子
先見
目線
見番
後学
年会
道線
本文
水上
読本
道会
金目
入社
合音
日間
米日
入会
半紙
白石
歌会
歌合
半天
半月
半道
母子
門家
後足
時計
寺内
自作
内力
内線
小人
上白
女工
大子
前頭
中手
中足
走光
点火
羽山
上手
白子
人中
夏草
中子
手方
正文
上下
日新
空手
何百
中日
米中
黒米
町人
米朝
本村
海草
北国
朝間
人国
空車
道外
地力
弓形
毛見
人力
鳥目
年男
谷町
山川
馬力
木本
黒子
合体
谷合
長母
大川
夏秋
計数
赤金
黒白
金時
来週
白馬
光年
光日
海里
出場
力学
線内
赤木
声色
本手
町歩
本木
同小
大本
水母
海月
人目
古道
野手
生日
太子
会内
工場
今人
工会
黒石
花茶
園生
東市
線分
足先
新手
天地
中道
店売
雪道
多角
村外
草子
海鳥
音声
大雪
会長
人足
高地
早口
花木
目元
教会
出店
学書
花色
市会
場中
図学
林地
大前
顔学
川水
西方
同体
山田
光学
山元
山寺
南学
家学
心学
書学
林学
歌学
画学
秋風
音学
楽学
朝夕
赤子
市村
京学
本線
西学
弓手
西海
白鳥
小五
大石
木場
人文
玉石
同右
国学
小川
台場
山家
羽目
高木
草紙
文言
前立
糸毛
北風
川上
昼夜
道学
後会
男組
足下
林内
知行
日朝
汽車
明王
大金
先手
中原
売店
女王
知音
白雪
大家
文科
黄金
学会
手本
色紙
小雪
心会
海星
先方
雨水
小金
昼食
下水
風花
女形
学力
教学
水田
古学
春風
新地
左右
毎週
黒雲
山中
語形
形見
頭下
羽先
書家
楽園
野中
春夏
前方
右前
水車
木工
図星
上市
手入
人心
母本
同会
村内
日休
山下
人台
半円
校名
本学
小三
何気
通手
火口
東方
手先
人形
水色
同書
門前
天理
下田
日米
大刀
親近
空海
手足
上田
市立
前同
秋月
国風
正体
顔色
大字
数千
生計
火矢
日夜
水気
地形
人体
夏日
夏木
中山
山車
下女
名目
草木
前広
兄弟
同高
中田
家内
父母
引立
海雲
谷口
東日
同中
黄色
天草
青木
親父
野口
水口
場数
金色
黒木
高音
国原
新前
日子
本会
小雨
山本
大声
中古
地方
弟子
家来
谷間
分間
川口
学科
山形
男気
町立
茶道
強力
何十
王女
日女
金子
山上
弱電
海風
東西
野田
天下
大丸
立花
親子
心地
多聞
社名
野犬
夏冬
番手
国分
月日
女友
後方
手間
金石
歌人
人数
天花
春雨
草原
白紙
下半
太刀
線上
語中
図書
村立
外見
切手
目黒
町村
元首
本田
用紙
場内
里子
人月
子音
左前
右手
当金
海上
外国
文目
弟妹
円心
元木
秋野
谷川
理学
市町
室長
何分
人間
後内
紙上
文体
正方
長女
人気
科学
間数
市大
少女
前名
兄子
口数
売玉
赤顔
電算
中計
人鳥
今風
休出
元方
公出
出糸
切上
夕活
多足
月頭
朝活
校下
理気
秋春
肉店
走水
走鳥
近地
近点
野音
年月
山口
男女
室外
金地
同地
字書
東風
大方
朝食
夕食
青山
秋冬
数十
園地
左手
同組
声音
大理
同字
上半
数百
大工
昼時
村会
地下
本分
上右
市子
用水
西高
家中
中高
女学
北線
女子
字名
字形
日中
谷中
半目
晴明
下風
語学
大人
国人
後目
門外
東海
大会
水道
口中
後人
語音
年百
音図
上左
新中
木気
多分
村長
同学
人王
家本
多国
同本
同前
中小
車道
体上
土日
曜日
上学
出方
用地
火水
人名
大外
地内
小中
作目
気学
月毎
内外
自社
東高
日毎
国中
校生
生年
自公
海空
語文
高教
南中
市外
市中