年度
学校
時期
刷毛
南門
手取
死産
生毛
神社
空間
立場
西門
読書
谷地
都市
雲油
代取
化薬
器工
多答
打切
早雲
港運
神習
緑園
走電
足球
転車
郡国
郡県
配荷
電計
風積
黄犬
部分
書方
時代
方法
部屋
試合
議長
半年
年内
住所
海岸
種類
大体
期間
部隊
動産
先生
種目
文化
公園
長官
目的
大学
部門
地区
法人
前後
会社
作業
委員
今年
区間
時間
国家
国立
軍人
相手
右中
今後
商店
作品
手前
病院
祝祭
中学
正面
中心
市場
生産
名山
何月
利用
当時
同県
人類
高級
食後
代表
本社
品目
大寺
案内
毎月
県都
生徒
水産
上位
次長
意地
麦酒
出入
数字
開発
小学
左中
前年
管内
音楽
部品
計画
作戦
畑地
公会
世帯
区分
方向
前日
同省
大口
各国
自国
人口
入院
事業
場所
野球
議会
仕事
進学
教員
中年
都会
右上
今月
会館
父親
直後
長年
平等
月曜
代議
物語
近所
打者
最新
台数
家族
商品
最終
府省
方式
学長
次元
共和
冬期
国別
方形
道中
機関
通産
議員
回線
英語
年下
入力
浴室
世界
何日
書写
陸上
平方
遊園
勉強
明太
安定
教室
道内
同時
文章
協議
本部
分化
卒中
年上
外科
入選
海外
地金
森林
使用
去年
米側
軍用
運転
反対
手数
前週
首相
成人
徒歩
日曜
前夜
南東
相場
身代
茶屋
人生
本気
年金
院内
悪化
地上
方面
活動
食前
話者
天文
組長
今週
土台
行使
黒字
内部
市側
国道
左下
道路
機具
議定
科目
会見
学区
卒業
人民
県側
好調
行方
食品
前線
面子
同日
他動
工業
新曲
学園
小売
大量
正午
府内
東洋
結局
全米
結果
都県
名前
手首
中部
地表
主人
何人
何円
何度
集中
区別
南海
多数
今夕
大臣
生理
円高
運用
路上
文法
白黒
定着
材料
分類
回転
半数
市道
各語
城下
等分
後日
都内
同月
県内
本人
毎日
中等
空気
人員
先週
来春
自分
時雨
他行
最高
今夏
外野
林道
通学
東遊
協会
心底
番地
社寺
半分
協和
同社
南西
無声
休館
公用
内戦
対立
長男
先月
連合
大陸
北湖
産業
年間
学年
分野
社長
最近
都心
他県
共同
客間
語末
無線
道県
年長
大台
相対
社会
本当
道具
帯刀
時分
上期
文末
軍隊
午後
局面
部局
多面
路線
未来
人材
周波
投手
食塩
無音
安全
中宮
県道
公明
真夏
真底
下期
次官
深夜
県外
最初
風車
立法
両県
反発
土木
実体
南湖
初夏
番付
今夜
金利
治安
人物
電流
同市
高官
終末
昼前
街道
記者
同区
教官
地元
出馬
工事
文物
家屋
米軍
機会
薬草
車線
駅員
死後
兵力
新入
毎朝
銀行
中立
入口
毎夜
地中
西南
男子
治具
発生
選手
今春
国定
勝手
用語
場面
大差
平年
意味
本来
追加
今秋
大使
戦車
加農
機種
転用
西国
会議
強化
旅行
直前
後続
末日
手当
短歌
赤字
林産
円形
最低
向上
意見
大佐
空文
周辺
元気
物流
書店
初頭
午前
活気
当初
転石
人道
新年
成年
海軍
中世
全国
夜半
初冬
関係
分別
味方
付近
生来
本音
発見
北側
先日
残高
大空
役員
教科
初日
共通
公共
各地
実家
所有
登場
次男
全部
大軍
明朝
下位
分子
新聞
不変
下放
会場
調波
内生
天元
入場
楽観
対外
西側
先取
心身
下町
新生
来月
前住
大国
役者
夜中
求人
連勝
着工
平和
打線
頭金
上部
古代
同店
北方
戦力
今冬
内科
感心
曲線
今回
全線
発表
文字
木立
医薬
小手
区部
実力
後楽
高校
立正
以上
緑黄
牧草
王室
焼売
両方
連続
発動
合同
主席
平日
乗用
今度
本丸
近年
母国
少数
乗車
不良
本日
緑風
次第
出来
軍楽
昨年
刷子
上皮
元年
軽水
下宿
手法
土曜
海水
父子
連打
新米
馬油
主思
奈落
治冷
上食
以冷
会飯
先山
利札
包子
南無
太好
対子
少半
差官
店里
弓歩
弱半
散調
有平
望祭
毛止
海印
湯円
白薬
短工
空頭
老大
苦力
茶母
茶語
連玉
都卒
長服
香功
黄米
金曜
大物
早朝
水曜
役場
花見
最後
送信
赤熱
語内
乗組
太古
事実
以後
区画
生活
前回
頭数
通例
来秋
鉄道
以前
自身
以来
木曜
近日
前期
実用
来夏
毎秋
火曜
同夜
全員
古都
未満
生前
試作
音節
席上
多少
列車
白化
集合
少量
連日
今季
上司
次回
先年
内心
単身
反面
古来
昨今
昨秋
最期
毎回
先夜
始終
昨冬
昨春
上来
今代
倍量
時季
本月
次月
毎分
毎秒
雨中
後年
県土
車中
計上
教育
以外
計算
分科
新法
自画
関心
手帳
州都
焼死
連戦
満足
間出
国内
画用
公開
海兵
組合
波形
原動
健康
昼間
学生
文明
水中
司法
先着
連敗
図表
司令
小麦
通信
後手
無念
集会
法令
土地
起動
駅伝
大気
病中
両市
弱者
体協
打点
福徳
連立
戦線
借入
表記
島民
大王
単語
好感
上辺
変調
真実
記録
南北
用品
何階
市歌
中央
山行
本年
梅雨
結合
下車
気色
里山
行動
今朝
地場
短大
記号
内定
内省
指定
今日
中止
行商
小物
心配
海中
部会
気風
重用
親友
利水
道州
年中
受給
米麦
月内
校区
国会
軍国
来日
米人
熱戦
農業
男児
都度
代打
文部
大同
親分
感動
対話
分隊
夜行
詩人
体験
労働
料金
北西
部位
別館
新橋
極寒
初代
位置
試乗
成立
漢字
加速
加里
決議
白地
空中
的当
安心
信金
無死
登板
形式
取引
標的
助平
着火
後円
共生
登山
明神
耳下
会計
町方
空港
東側
根元
前月
別院
定年
番組
課題
重心
長老
作用
当局
花屋
世代
女中
先住
安神
無力
他国
学期
登院
月別
平行
発明
茶色
失礼
野宿
満開
理想
強記
後頭
旅館
横着
公約
機動
女児
何万
何億
何兆
続発
公式
中佐
初戦
長打
徒然
小便
植民
道産
南側
選挙
半島
各自
絵本
原作
各駅
成長
安打
広場
用心
反省
本名
工作
完成
全県
大海
転変
利子
半日
町長
名産
作家
書道
県名
駅名
新都
開通
原産
姉夫
未明
信用
地点
楽屋
調教
階級
発電
転化
上流
新人
首都
英文
同船
和平
物理
達成
談合
功労
助成
何曜
交流
助役
同駅
水練
番外
加工
商工
品種
公立
客車
塩分
助産
何時
給付
黒人
内陸
台本
後半
地主
戦隊
都銀
農水
会古
学内
局員
開会
勝利
客室
有声
見学
天気
参院
理工
画定
風雲
客員
神宮
決定
開業
子共
同化
発達
重機
中台
同席
多色
多連
同上
合成
約束
出品
無事
休止
参加
消火
飯店
大安
実験
業種
照明
酒気
小数
文節
予定
同人
整形
県間
売上
管理
和文
本店
少年
画一
青年
両日
代行
結末
上空
流星
内服
数量
古書
初等
会食
温浴
社内
無理
知名
衣類
心中
下品
給食
要約
文書
飛行
船員
公有
年数
化石
相談
形成
後期
感覚
電気
土着
建都
名人
電話
金魚
場合
出板
気分
会期
分数
自立
連発
共有
外食
月夜
挙手
風化
出発
回数
化合
各界
教化
同館
成功
自動
園内
合計
新市
登校
美化
説明
口上
公平
光明
所長
発会
南国
大手
市内
観光
直線
大約
想定
海魚
労動
馬鹿
主流
商社
失業
年頭
同国
港町
多発
伝言
立案
細分
府会
同行
和音
中火
海産
生成
記名
外出
発行
入浴
放送
公表
対局
電車
茶目
他所
受信
番頭
中二
乗気
各市
関連
協力
熱中
的中
楽天
特集
要心
量産
強打
無口
中期
交通
配当
重点
研究
訓練
動員
実行
所持
観客
馬上
通行
両駅
冬用
明記
会話
低下
戦争
開放
参画
結集
園長
料理
運動
遊歩
書類
発話
火器
出席
表明
進出
白頭
弱気
投下
気弱
着地
部内
前場
母親
内気
前出
勝気
連結
青空
不様
中深
医者
屋上
歩行
気早
気重
無様
起用
配水
顔黒
同感
調整
主戦
公正
分散
当選
指令
養父
出産
半間
協同
語林
通気
古町
感受
発給
記念
下方
会談
画面
結実
追分
配列
回答
愛用
愛読
流用
開口
乗船
転作
面会
出火
自転
通話
開始
作成
集約
作文
学芸
火中
群生
議決
商売
命令
城南
有界
観察
急行
投票
発言
立体
上場
先行
勇気
引用
伝達
南下
周知
節水
育成
直面
農家
開港
好転
死神
試験
予約
同室
完治
投入
注目
労組
固定
希望
直行
類焼
合意
学習
残業
筆記
説教
調達
分光
注意
選曲
回遊
決戦
祝日
観戦
散歩
日別
社員
競争
苦戦
行進
進化
塩化
失敗
放水
通用
分立
連用
共感
内包
台頭
実習
強調
持続
敗北
発売
下線
協定
大別
意図
戦勝
要求
調理
起業
開戦
上陸
付着
野生
交付
交代
印刷
参戦
取水
決算
海洋
特化
着目
結成
通算
運行
選考
配分
開店
入手
共立
出力
急死
整理
正答
決別
特定
登用
登録
直結
着用
道楽
集計
養成
下落
両立
出港
変死
流動
病気
発散
直通
考察
自信
転学
通達
入山
図式
愛好
打開
指名
改正
東上
炭化
発信
相続
老化
返上
選別
伝来
先発
前進
努力
取材
受験
悪用
直感
相関
走行
進行
遊学
開国
予見
付帯
休業
便乗
入札
出世
南進
受注
右折
服役
植林
決着
消化
発声
着服
給水
美食
表出
試算
進歩
集金
青春
上達
不全
予知
交差
入国
入所
全開
写生
分配
参上
参照
変形
弱化
敗欠
教訓
服用
死別
流入
生長
発令
直立
続出
練習
苦学
草食
詩作
調印
調節
選好
開花
開館
集散
電化
付加
付記
借金
出土
出頭
出願
分家
分節
化成
参入
合作
合宿
回帰
変身
定住
対決
対治
強要
改良
教練
曲折
清算
物色
生起
発注
発覚
発音
登記
直上
着手
着陸
節約
自覚
西岸
試食
調味
調和
転業
返事
返信
通園
選定
録画
会同
入省
全勝
公選
共起
加算
協調
参列
受理
合唱
合本
命中
命名
売春
完敗
対談
建立
強行
思考
投書
投球
投薬
持参
指向
放火
散会
整合
明言
死去
決心
照合
生息
産出
病木
発火
発車
発進
直観
知覚
競合
競走
答申
算定
群集
考案
自生
落下
落札
要望
言明
記入
試行
談話
転向
転校
転院
輪作
通知
通院
進入
録音
開園
開所
開票
集積
面談
養生
上申
予感
予言
他界
付録
休養
伝送
伝道
作動
信心
借用
先勝
先達
入園
入植
入港
入荷
入道
入門
入館
全治
全焼
共鳴
出動
出家
分乗
分業
切開
刷新
前記
加熱
助長
北面
半焼
協商
単行
印字
参集
反落
反転
同乗
同心
周遊
和合
商談
回想
変色
外注
大敗
大言
失明
失血
失走
失速
始動
学問
安息
安産
完投
完結
対照
当直
待命
待機
後置
念願
悲観
想起
戦死
投合
挙式
改定
改新
放出
放置
敗戦
文通
暗記
曲練
来場
来所
板書
楽勝
横死
横行
欠場
欠席
水泳
決意
治産
点灯
焼失
特選
生育
由来
病死
発光
発想
発熱
発送
白熱
直流
直言
相伝
着衣
祝福
祝賀
究明
空想
算出
約定
給油
続行
群発
自白
自給
自負
薬物
表白
親和
観念
試着
課金
調合
負荷
起票
起立
転出
転成
転落
転身
返辞
追放
追求
連動
連帯
連想
連関
配付
配信
配本
配線
配置
配達
開場
開局
間食
集成
集結
静止
静観
静養
音大
風聞
飛散
飛来
養育
上府
上木
下乗
下付
下向
下命
下問
下天
下校
下船
下達
下阪
不夜
主働
主動
主唱
主管
乗算
予察
予熱
予習
予覚
争議
交信
交合
交用
交遊
交配
京進
仕官
仕進
他出
他言
付会
付和
付番
付置
付言
付議
代位
代参
代決
代筆
代置
代読
代願
代香
令達
休会
休場
休学
休心
休息
休戦
休校
休神
休部
休電
会商
会戦
会読
伝世
伝写
伝動
伝受
伝線
伝習
伝聞
低出
低唱
低回
低落
低頭
住寺
作刀
作図
作字
作案
作歌
作画
作表
作詩
使令
使役
使送
係争
係船
係連
信受
信愛
信服
信知
信順
倍加
借問
元加
元服
兄事
先決
先議
入京
入信
入北
入地
入城
入定
入室
入寺
入局
入島
入府
入庫
入明
入朝
入村
入林
入校
入湯
入漁
入番
入着
入線
入行
入隊
入集
入電
全休
全敗
全通
公売
公言
公転
共作
共唱
共愛
共栄
具有
具申
具足
内借
内切
内助
内向
内命
内決
内申
内約
内聞
内見
内談
内転
内達
冷笑
出京
出仕
出兵
出定
出府
出庫
出役
出札
出校
出炭
出社
出芽
出走
出遊
出題
分争
分列
分合
分売
分宿
分岐
分有
分水
分球
分界
分筆
分置
分荷
分路
切望
切願
列品
列席
列挙
列立
列記
別家
別注
別言
別送
前借
前定
力泳
力説
力走
加上
加味
加持
加温
加筆
加配
加階
助力
助命
助走
勇戦
勉学
動転
勝計
包有
化育
北流
北進
区電
半周
半転
卒去
卒園
卒読
卒起
協心
協業
協約
南面
単伝
単作
印加
印行
原住
去来
参仕
参会
参内
参向
参学
参席
参府
参朝
参校
参着
参究
参観
参賀
参進
参館
反側
反命
反問
反目
取用
受命
受学
受業
受用
受行
受配
受電
口受
口唱
口達
台積
号令
号泣
司式
合州
合有
合流
合算
同宿
同流
同苦
同車
同道
向首
周回
周章
味読
和読
和談
唱和
唱道
商定
商議
商量
問注
問答
回付
回内
回向
回折
回礼
回訓
回読
回議
回達
回頭
図説
固化
固守
固持
固着
固結
固辞
売約
変位
変光
変心
変成
変改
変敗
変節
変約
変説
変転
変通
変速
外切
外化
外遊
多作
多読
多食
大挙
大書
大観
失心
失念
失望
失火
失神
失笑
失落
失言
始業
学道
安住
安名
安着
安置
安養
完勝
完売
完工
完歩
完泳
完登
完読
完走
官治
官給
定植
定立
定置
実働
実写
実動
実見
客死
察病
察知
対交
対向
対当
対校
対生
対置
対顔
小別
小計
少考
局注
差配
帯出
帯電
帰一
帰京
帰休
帰住
帰入
帰化
帰去
帰参
帰合
帰国
帰城
帰天
帰山
帰岡
帰島
帰店
帰府
帰投
帰日
帰服
帰朝
帰来
帰東
帰港
帰省
帰着
帰社
帰米
帰結
帰船
帰英
帰農
帰院
帰隊
帰順
帰館
平分
平章
平身
広言
底止
底通
建国
建成
建白
建言
建議
建郡
引決
引湯
引火
引照
引見
強熱
強直
待望
後伝
後送
後進
徒死
徒長
徳化
心服
心願
必敗
必発
必読
念持
思念
思料
思量
急冷
急変
急熱
急落
急転
急追
急送
急進
悪投
想出
想望
想見
愛唱
愛育
愛重
愛飲
感作
感光
感化
感取
感合
感服
感泣
感知
感電
成業
成約
成育
成道
所望
所期
所立
手交
手写
手記
才覚
打算
打電
投出
投宿
投石
投身
折半
拾集
持重
指南
指命
指教
指点
挙上
挙兵
挙用
挙行
改作
改元
改印
改号
改名
改変
改心
改悪
改札
改組
改行
改貨
改進
改選
改題
放下
放光
放冷
放心
放念
放散
放校
放歌
放流
放熱
放牧
放神
放言
放談
放電
放鳥
敗走
教習
散仕
散大
散宿
散水
散点
散発
散花
散見
散開
数引
整列
整地
整流
整調
新調
早世
早産
早着
明察
明答
明転
暗合
暗唱
暗算
暗転
曲筆
曲行
曲言
曲説
書見
望見
朝賀
木化
束糸
来会
来住
来園
来局
来村
来校
来着
来観
来談
来遊
来阪
来院
来集
東下
東来
東流
東進
板行
林立
栄転
栄進
栄達
校合
校正
校注
根治
案出
案分
案配
植字
植毛
植皮
極言
標別
標定
標記
横転
欠失
欠相
欠礼
欠落
欠課
欠配
欠食
歌唱
止宿
止血
正対
正心
正用
正言
正転
死守
死戦
残害
残置
気死
水書
水食
氷冷
氷結
求愛
求積
決行
決起
治定
波食
注入
注力
注加
注水
注湯
注記
注進
泳動
洋行
活写
活歩
活着
流下
流伝
流失
流放
流注
流産
流転
流送
流連
海食
消光
消去
消失
消散
消灯
消長
深化
深考
深達
清書
清記
清遊
湯治
湯浴
満水
火定
点頭
焼成
焼身
焼香
照会
熱唱
熱愛
熱望
熱読
熱願
牛飲
特出
特売
特待
特注
特発
特立
特筆
特約
特訓
特記
特進
特配
生下
生別
生天
生害
生指
産炭
産生
用談
申達
病欠
発付
発出
発向
発問
発来
発根
発案
発病
発育
発色
発芽
発議
発走
発願
登仕
登城
登極
登行
目礼
目算
目送
直交
直仕
直売
直帰
直書
直答
直覚
直話
直読
直送
直進
直達
相乗
相愛
省察
着京
着信
着味
着岸
着席
着帯
着想
着意
着果
着水
着筆
着船
着金
着隊
着雪
着電
着香
知照
研学
祝歌
神兵
神化
票決
種植
積分
積算
積習
空発
空転
空運
立言
立説
立身
立願
立食
競作
競泳
競落
笑談
筆写
筆受
筆問
筆答
筆算
筆談
筆録
等化
等置
答礼
答電
管貨
節米
節酒
節録
節電
節食
約分
約言
細別
細説
終売
終息
終業
終止
終漁
組成
結氷
結球
結着
結約
結線
給事
給仕
給氷
給湯
給炭
給紙
給血
給送
給電
給養
続戦
続生
続落
練成
練行
置局
群植
群泳
群立
群飛
羽化
習合
習学
習練
老成
老死
考究
考選
考量
耳語
聞知
育休
臣事
臣服
自問
自失
自学
自守
自害
自愛
自書
自死
自決
自活
自満
自省
自答
自習
自記
自走
自足
自選
自首
苦行
茶事
茶変
荷電
菜食
落命
落城
落後
落成
落手
落球
落石
落第
落筆
落選
落鉄
落雪
落馬
落鳥
血戦
血書
行休
行持
行歩
行水
行軍
行道
表発
西下
西望
要言
要記
要談
覚知
親祭
観取
観望
観照
観血
言上
訓令
訓育
訓読
訓電
試写
試刷
試打
試用
試読
試走
試飲
試香
説服
説法
読唱
読図
読字
読話
調息
調練
調薬
調進
調香
談笑
談議
赤化
起兵
起工
起案
起毛
起番
起筆
起算
起草
起行
足温
身読
転乗
転付
転位
転住
転借
転入
転写
転医
転回
転地
転売
転宿
転形
転戦
転極
転社
転科
転給
転置
転記
転読
転調
転送
転進
軽信
輪唱
輪読
輪転
辞去
近着
返付
返品
返本
返照
返礼
返答
返血
返送
返金
追念
追想
追究
追給
追考
追記
追試
追走
追録
送付
送出
送別
送客
送本
送気
送水
送波
送球
送話
送進
送達
送金
送電
通交
通作
通分
通好
通底
通有
通水
通約
通観
通計
通読
速写
速定
速成
速決
速答
速記
速読
連乗
連作
連係
連写
連取
進上
進動
進向
進水
進発
進級
進言
進軍
進達
遊泳
遊牧
遊観
遊説
運休
運化
運筆
運算
運送
道取
達観
遠引
遠投
遠望
遠泳
選文
選木
選歌
選炭
選球
配乗
配合
配役
配植
配流
配点
配石
配管
配給
配色
配車
配転
配送
配電
配食
重出
重刷
重合
重来
野合
量定
金打
録取
長息
長欠
長考
開化
開城
開学
開席
開平
開札
開校
開田
開申
開立
開葉
開表
開門
開院
間作
間歩
関知
関説
陸生
陸行
陸送
陽転
集信
集列
集取
集字
集客
集材
集束
集治
集注
集熱
集票
集荷
集貨
集配
集録
雨下
雲散
雲集
電荷
静思
静置
音写
音読
順化
順向
順守
順礼
順行
頭書
願望
風伝
風選
風食
飛去
飛雪
食害
食言
飲用
飲福
養命
首唱
馬食
験算
験鏡
高唱
高言
高談
高進
鳥観
鳴動
黄化
黄変
黄葉
乗馬
和協
売買
大笑
好発
帯同
服事
本有
生食
見分
試問
遊日
入車
共食
加給
化体
回送
声言
山積
流出
算入
節用
苦笑
見知
送受
通電
予期
分取
分地
回申
書記
着生
通関
風発
内食
同参
折中
発受
出山
分電
生動
発起
終結
写書
対人
文選
内分
冷水
数学
駅長
別記
側聞
別売
連記
頭身
口外
民主
苦心
表決
雨注
電子
交会
両軍
代作
午飯
商業
工面
終決
同町
強風
代言
板金
県花
連行
電送
代理
北部
平地
水着
交戦
出向
山手
清音
両手
始末
切言
仕末
内観
数次
道場
同紙
外用
駅前
来朝
水魚
点前
内通
夕方
全曲
軍部
全面
前兆
図中
本家
英軍
出荷
定例
早生
身方
頭上
電力
各社
上院
下城
学卒
行列
血色
末子
校長
公館
成形
手配
本数
近道
合羽
土中
他愛
代入
語用
全会
大魚
兵器
代休
同府
理会
重文
名曲
都下
合戦
気化
大食
内用
分出
仕様
来下
階上
合議
陸工
切土
宿次
店番
引算
来崎
線引
足算
指図
鼻音
差図
油通
男岩
花芽
天王
同意
和英
日記
期待
差別
合図
県長
楽所
分周
小説
火山
明方
北東
半生
以内
強気
白色
手順
西北
英米
各文
国王
加入
県立
青雲
順天
出国
法王
開板
着色
司会
白梅
軍事
実生
陽気
養子
台所
定期
村民
体動
参考
祭礼
口答
王国
分村
直方
英字
対岸
本国
極上
朝陽
楽器
中英
全体
機器
用法
足元
不参
春先
朝方
服薬
両院
大昔
小径
用意
送配
不足
発意
茶帯
相図
天国
茶店
前世
市街
文内
来店
下院
定時
心理
身分
予想
鹿毛
熱帯
上水
海老
転生
元利
病者
頭側
議運
折節
木材
矢先
天宮
時点
口頭
日参
省力
打聞
計量
前夫
月間
何事
全道
利便
女官
児童
小包
食物
大社
正路
陸軍
歩兵
主筆
見本
面相
未知
寺院
好古
家元
羽根
台風
首位
不正
係官
漁業
流会
東都
府民
旅客
高下
戦前
不明
札所
馬車
中流
民族
無法
月数
買物
林業
友好
店員
兆候
手形
理事
矢板
小国
億万
億兆
宮中
原木
具体
算用
各年
空無
秋水
都民
歌集
立見
合点
外人
全軍
新内
車内
別大
本体
物心
全英
先頭
名作
米紙
住戸
地位
日時
本紙
農産
南風
明細
要人
各軍
水位
相待
公安
手続
半球
手合
自家
各種
出漁
登坂
下知
曲芸
同調
茶飯
本宮
力行
玉子
戦後
新駅
市有
手羽
試金
合手
信者
頭取
様式
初期
深海
上方
合一
近県
門戸
動作
受付
気力
面積
英日
達人
同島
式年
係数
金物
線路
他方
役人
葉書
王宮
競馬
花火
工学
死語
公社
中隊
組員
学院
院長
合理
府県
同期
重量
本元
漁村
本物
国交
正月
実業
曲名
薬局
別人
各局
歩道
辞書
友達
外側
年令
南軍
白昼
生後
上目
英和
親元
次数
間引
平手
法戦
目前
美女
会合
後場
車庫
本島
産気
熱発
問合
白酒
老人
血球
悪口
体力
色分
勝馬
対日
国語
点字
土器
海道
漢気
医大
日焼
本神
本章
白人
目標
実数
各表
城代
無礼
立話
小指
自乗
内相
新線
期日
機運
前売
屋内
口語
休日
奈何
後部
種別
大玉
本表
飛天
打水
野菜
夏時
無業
自治
教委
新約
焼付
上書
書物
東北
音感
声道
行楽
王朝
見合
大男
太極
中国
大小
小父
文教
白金
香水
家出
小母
水死
金具
役目
最深
赤外
道化
顔負
図上
下官
近代
週間
仕送
動物
分母
国土
字体
年表
味見
英紙
下辺
花束
遠出
開帳
悪行
鼻歌
下書
中休
共働
切死
前祝
品切
投売
旗挙
法定
焼打
船出
足止
門出
中次
仲次
先送
前受
品定
孫引
巣引
底入
手刷
書置
歯元
焼入
玉切
目皿
目配
立売
荷受
長鳴
間借
黒光
例外
定位
筆書
親類
仲立
荷作
各県
調音
湯通
来客
極楽
各線
年賀
愛車
有事
走者
酒店
紙面
同点
家庭
本書
事案
主上
人手
工法
朝市
紙本
外部
好物
米屋
市民
上品
元本
礼金
夜間
和風
王立
軽量
側面
区切
家具
長期
高卒
両足
定番
西遊
見参
等級
教材
白銀
送風
茶人
地帯
無茶
南都
楽曲
水分
子犬
細書
水屋
高次
代書
根気
景観
本館
産科
社屋
本土
成分
医局
同寺
労力
国司
老後
大万
年少
内数
分県
糸冬
代用
農学
血管
車両
部数
予算
無名
神道
花形
野鳥
作者
火薬
町中
角度
便所
地酒
原語
国府
区道
日進
楽章
語原
同隊
体長
別物
東岸
身心
身神
事前
公子
方言
国文
白雲
神明
線区
追歩
商用
終着
参議
用船
差入
北星
同数
最小
地図
次女
立入
有望
温水
下馬
画人
道徳
打球
低調
公人
口内
弱年
山海
何者
毛糸
分国
中前
子育
人集
係員
最多
活字
前半
長者
商家
画本
南山
主君
対内
暗黒
主食
前文
農用
日用
氷上
功業
要所
香菜
年配
不満
親方
観音
公司
身上
遠心
全身
文庫
荷物
見方
光月
大都
雨期
国富
漢文
決勝
全駅
郡部
黒松
前者
左折
不実
両親
月例
消極
車輪
太陽
老年
同類
工大
国画
各数
門下
小駅
空白
詩画
人工
問題
横町
活用
都合
子安
対米
歩合
米兵
市松
松根
受水
大商
地球
必要
方今
外語
日月
法学
立地
空前
葉面
風流
不定
乗客
後者
軍法
住人
客足
語頭
半魚
漢方
類別
列島
月次
死生
米作
週末
下等
立合
親切
下道
不運
両分
同村
長命
大形
来年
出色
種子
食道
水神
医院
同港
始発
屋台
工芸
水力
博物
器官
店名
気道
作付
学徒
宮家
日英
都城
知人
言分
作曲
本真
漁港
天成
良家
下流
不服
身長
高台
主客
不同
全中
付表
市井
植物
小石
平民
苦楽
黒鉄
名字
対数
手中
年代
自前
風上
産別
全長
新民
転機
全量
本道
上官
側線
大元
追送
事例
変動
町角
同定
強談
同家
地理
自由
人種
実高
薬理
公海
原案
無化
分会
台地
毎年
発作
不通
文芸
目鏡
神木
不便
次期
清流
漢語
高一
戸別
王道
物品
兵卒
民兵
道立
風味
各行
高速
前節
計図
同州
前代
考古
上屋
実線
同園
書院
初孫
順位
器具
暗夜
節気
食感
金庫
前身
自働
野分
定休
文様
道民
指標
無実
英数
不幸
多岐
民間
差分
東南
皮肉
高熱
分身
空自
直談
課目
新書
小節
本場
無地
区長
声楽
小豆
火力
無用
和人
文楽
体重
土用
当主
同案
群島
定数
真打
古米
本願
町会
利回
用言
電波
借地
有用
毛筆
食材
長子
本位
気品
軍歌
雨後
初動
王家
苦味
同名
朝飯
洋画
親水
実戦
赤茶
静中
両村
古風
月歩
主力
位相
君子
頭高
食用
多雨
来館
下見
出所
国教
絵具
門人
何物
別線
球場
右辺
横目
地付
新顔
語数
高温
本業
病室
伝馬
例年
油虫
清松
町名
緑化
目下
絵画
青葉
数式
自県
分量
外車
週内
極道
軽食
他区
商法
所員
行事
光栄
学級
深切
米坂
西空
急所
便利
最短
用兵
白書
原文
当市
思春
最悪
海神
議席
無言
両者
公庫
口元
天上
調法
青地
自力
食料
利点
同軍
英才
行灯
事典
天外
平静
愛国
標高
単位
国見
家事
方正
下根
前作
実地
月表
同卒
文民
林中
外大
幸運
時数
側近
冬山
器機
回路
外交
世間
見世
高三
労作
平板
水平
分館
平気
幸福
最大
都立
同然
実直
手紙
新出
新星
青松
主体
実子
線形
林木
車種
不和
低温
大一
本番
利発
前列
徒博
求心
海原
中身
冷静
友人
反米
悪法
明日
画集
矢倉
群青
食器
不順
大火
近辺
代金
分流
夏用
局所
未定
正当
管区
子分
極度
毛物
気持
無学
無知
近海
今時
作出
君主
大八
好運
早期
白米
国外
好色
強大
意中
気温
病人
親愛
重度
丁重
本選
極悪
積雪
単調
固有
弱小
未練
洋食
無害
無根
直角
表門
今世
天候
学位
安静
定府
寒冷
平明
本局
温和
自明
下作
下直
中速
伝法
低平
低級
健勝
冷寒
分外
切要
別様
勇健
博大
博学
和順
多才
多望
多病
多芸
多音
大力
大才
天府
失当
子細
富強
富有
小弱
小心
小食
少食
広博
広量
強健
徳用
整正
整美
文弱
新式
晴和
暗弱
最弱
有節
有角
果決
深遠
清白
温良
温順
火急
無下
無徳
無欠
無筆
無芸
病弱
皮相
短小
短気
神速
老実
軽便
軽少
達筆
遠大
鉄火
長遠
順良
高直
入用
出身
土間
希有
店頭
茶室
初歩
時事
不覚
必争
好文
物産
短辺
本末
民法
上乗
口調
地平
本式
南館
弱体
産後
予選
当方
東国
洋品
前面
多量
下司
下種
出金
対案
中正
実音
中形
兵員
冷戦
教頭
機材
歌曲
水浴
正教
気水
神子
低高
年功
肉用
方位
笑止
量子
朝礼
木耳
本省
自体
小船
打席
持分
車高
病巣
同級
大群
愛児
米機
写実
合金
歌手
詩集
軍転
軍手
多客
大通
農村
右岸
各日
名門
月面
貨客
冷夏
通年
同品
多用
法花
長文
電線
他者
古今
数的
法科
花期
不意
会頭
勝軍
各氏
新茶
民生
長調
丁目
国対
強食
首長
気前
何語
初老
公金
動向
同週
母語
申入
通所
金品
戸数
本四
和食
大漁
広間
式内
投足
林間
生協
白日
地動
地産
戸口
和漢
州法
年次
和光
商館
木道
本箱
漁船
見積
指数
新館
良心
信号
外来
気位
真空
育児
官民
食管
食肉
世話
勝者
記事
副表
人魚
本戦
特産
船長
南画
周期
工員
年商
焼肉
白星
以下
方角
原画
民家
船内
長所
音波
同川
本隊
灯台
教養
数理
海運
結社
国体
熱病
国有
由花
男役
車体
南洋
和室
子女
機械
水生
風景
横丁
旗魚
石油
耳元
小差
北道
同線
姉妹
市売
朝野
法面
結界
選管
公民
参道
古典
大豆
天満
定量
洋間
無二
衣料
各町
道順
共産
功果
地鳥
夫人
字画
学業
悪名
文面
説相
同校
次章
両案
市電
神話
魚類
品位
好意
学用
岸辺
公算
好事
島外
正門
無機
白月
花頭
選出
全文
図会
山菜
工合
黒門
下表
名画
家電
屋体
軍医
部材
陸橋
医科
女人
悪文
所司
新薬
親族
門徒
乗員
公害
天使
両町
全日
図画
土手
実年
小目
日課
極東
積極
空室
筆者
調書
近世
風力
側室
外伝
家老
本円
自発
事後
引当
石高
初月
図面
大作
大老
次弟
漁家
細君
魚屋
下級
内耳
名物
楽生
様子
氏名
知事
音調
光線
半面
大極
文学
無料
美徳
農大
雨季
生家
目付
魚貝
全一
地名
新春
立教
耳目
口約
感想
長大
岩山
州民
毛根
自室
親日
風速
両氏
使者
天然
海底
語感
両面
側石
全土
同係
同色
商高
自助
花博
客先
黒板
主知
同図
極右
両会
原子
茶箱
身辺
辺地
大雨
学食
定員
木馬
組曲
関所
上用
全席
土場
実定
新品
有線
本心
産年
長計
風船
実包
成果
新板
火付
運命
関数
両年
低利
同山
木食
雨量
体育
直入
表語
中三
協助
大部
実車
料紙
民有
転期
農地
各紙
城中
子宮
新形
死期
満員
路面
音量
風物
原付
反感
塩類
星章
書林
民自
両社
付図
先高
反語
多感
法典
辞林
選対
音頭
中一
半時
有機
黄熱
地所
大役
女医
定食
朝練
県民
表具
角化
長兄
中金
初級
南朝
国旗
大便
太平
死力
農薬
原発
大局
実利
左辺
悪気
時空
直間
立会
自主
衣服
要員
観点
全角
台帳
名実
和紙
外界
宮司
打感
文相
時差
朝米
画材
初回
前人
本院
駅近
丁数
不作
公取
副次
加害
単品
多重
時速
景品
短詩
見当
公国
同元
機上
次代
結語
中品
今次
原始
命日
対流
度合
本門
熱間
番号
米食
表地
農園
通夜
選書
電池
中卒
中耳
別皿
失点
字数
形体
板画
栄養
男声
県央
辞表
農民
丁場
伝票
全例
各次
夏期
外観
小水
工高
径路
洋酒
消印
茶会
野外
人参
反日
古語
店内
熱血
両道
口絵
変数
大名
本意
金星
鉄分
音曲
上京
今期
兄妹
緑道
金文
両省
両線
京間
内角
円建
右玉
図形
地声
女声
子孫
学界
式部
強弱
愛犬
期先
正直
水門
波長
空軍
船上
便数
日台
育英
草案
不信
冬服
同左
家計
法量
王手
薬用
都連
鉄人
出院
分院
助手
労金
女高
妹役
緑地
自業
主語
全力
南方
地銀
外洋
寒村
手代
文具
目地
管長
院外
全箱
司祭
商事
声帯
手話
方便
東院
歯科
水軍
油井
流水
花器
親米
下側
内金
原初
司教
同薬
天引
守成
客引
引数
当社
無量
細部
絵筆
老中
荷台
話題
重体
風雪
駅売
低速
分線
前例
北門
原本
原生
家業
小品
弟分
有様
本命
栄花
機体
気合
美酒
芸者
赤線
道行
長身
陸自
鳥類
下記
低音
公道
平時
急場
新札
本港
気心
短調
社説
角界
読者
赤地
軽四
農高
野辺
駅中
上役
下役
原人
台木
各店
外材
宿場
月番
漁民
肉付
船頭
電極
高利
体高
使命
兵長
出番
国歌
強者
月給
本行
肉体
薬味
雨具
電鉄
不仲
初球
前菜
勝敗
同位
同好
地面
外客
有音
知新
雪上
面前
下絵
丸対
原料
原点
受章
右面
同族
当千
急用
新芽
有料
流線
火花
熱気
父王
申分
神曲
茶葉
速力
進路
館守
中肉
代引
作風
元号
国名
夫役
女流
局部
底辺
弓隊
強度
必見
生体
直火
章立
街金
人肉
代八
初速
前引
原曲
古式
台形
右表
各説
同夕
外灯
字引
寒根
年番
底地
悪玉
持病
本葉
母役
毎冬
水深
芸事
血便
週別
静音
順法
風合
両鼻
主役
伝説
切字
変顔
太字
家号
屋号
屋外
文中
早春
正味
正札
油絵
活力
海生
犬科
白番
直球
短所
福耳
結石
絵入
絵心
自伝
衣文
表音
豆本
鉄板
飛地
馬単
馬番
麦作
麦茶
丁付
丁持
丁石
上物
上玉
上絵
下案
下物
下魚
不成
両下
両切
両前
両平
両指
両箱
中地
中太
中悪
中点
中皿
中細
中面
中食
丸八
丸刀
丸害
丸小
丸心
丸本
丸材
丸管
主持
主面
京女
京方
京焼
京童
京菜
今様
休所
伝助
何県
何線
作男
作神
作間
使番
係名
候文
候礼
借記
借間
側役
側章
元帳
元径
元絵
兄分
兄役
兄王
兄者
光参
全目
全頭
共地
円買
写絵
冬作
出様
切米
切絵
初丁
初切
初口
初席
初帳
初役
初産
初表
別刷
別口
別村
別立
別間
刷本
前芸
力場
北駅
半丸
半広
半泣
単目
博打
印手
印箱
印米
取的
取説
受台
口米
口茶
台屋
台板
台石
台輪
右案
合服
合気
同埼
同間
同馬
名題
命料
和事
和洋
和皿
和顔
図引
固文
国役
園側
土焼
土部
地借
地先
地口
地合
地字
地山
地松
地板
地機
地歌
地糸
地紙
地色
地虫
地貝
地雨
地頭
地顔
地馬
地魚
地黒
場台
場席
場節
塩茶
夏作
夏書
夏服
夏材
夕景
夕礼
夕間
外場
外数
外番
夜番
大宿
大番
天板
太径
太線
夫丸
女力
女客
女度
女楽
女絵
女運
女面
妹分
媛語
子局
子福
守役
官側
定宿
定店
実方
実親
客宿
客方
客種
宮号
宿帳
宿方
寺主
寺名
対加
対屋
小作
小兵
小票
小道
小門
山千
山様
山番
岩地
島台
島式
島役
川漁
川童
巣内
巣門
差料
差玉
席入
席書
席札
帯地
帯鉄
帳付
帳元
帳入
帳合
帳場
帳面
平刀
平台
平文
平番
年市
年順
底意
庭番
建具
建玉
引具
弟役
強塩
当屋
役付
役物
後作
後役
後月
後産
心木
心柱
心食
急火
悪形
悪日
成貝
成銀
成香
所場
手浴
手金
手食
才取
打歩
折本
持点
持番
改帳
改役
散切
散楽
新子
新畑
新糸
新葉
新豆
新貝
方立
日印
日歩
日番
早便
早番
春作
春号
春材
昨夕
昼番
昼練
景事
晴食
暗箱
書役
最内
月役
月運
朝茶
期近
木具
木目
本水
本畑
本身
札入
札束
村下
束感
東宿
東門
松材
松辺
板木
板材
板絵
板長
柱材
梅文
梅茶
梅酒
梨地
森番
極太
極安
極細
楽市
楽日
楽焼
横地
横本
横材
横画
橋番
歌本
歌絵
歌芸
正目
歩積
歯数
歯肉
死出
毎夏
毎夕
毎春
毎時
気先
気場
水仕
水帳
水絵
水芸
水部
氷頭
沖漁
沖特
油代
油商
油画
洋梨
洋物
洋皿
浅地
海先
海千
温玉
港別
湯温
湯茶
湯量
火王
無印
無高
焼印
焼絵
熊肉
牛塩
牛科
牛細
牛肉
牛飯
物頭
特種
玉固
玉目
玉算
玉茶
王族
理由
生録
産元
産箱
用次
田役
申楽
男客
男運
町医
町組
番屋
病間
白字
白服
白本
白死
白茶
的屋
皮具
目分
目木
目量
直宮
直物
直真
相客
相席
相役
相板
相給
省油
真形
真書
真柱
着歌
着荷
着類
石絵
社守
祝金
福助
福引
福木
福豆
秋作
秋号
秋服
科人
種代
種地
種本
種茶
積地
積金
空茶
立番
竹輪
筆具
筆字
算木
箱席
箱数
箱車
節木
米代
米松
糸遊
約手
細字
細線
組中
組夫
組数
組重
絵付
絵合
絵所
絵札
絵皿
絵羽
絵面
続飯
緑絵
緑線
練香
置地
置字
美黒
羽数
老役
聞茶
肉入
肉月
肉色
自黒
船代
船便
船具
船楽
船用
色別
色地
色字
色悪
色番
色絵
花代
花会
花後
花金
芸森
芸細
茨線
茶入
茶利
茶子
茶心
茶所
茶柱
茶湯
茶町
茶組
茶船
茶花
茶豆
草王
草黄
荷印
荷役
荷貨
落度
落顔
葉茶
衣土
表芸
西面
親字
親局
親業
親機
親王
親番
角帯
角成
角柱
角物
角番
角皿
角落
角道
調所
談林
豆単
豆炭
豆球
豆科
豆銀
貝肉
買気
赤服
赤本
赤熊
赤短
赤絵
赤肉
赤門
足代
足台
足芸
足順
車代
輪中
輪差
返点
通町
連木
週足
運草
部民
部立
都側
酒役
酒米
里地
重箱
野天
量目
金側
金歯
金毛
金熊
金紙
金茶
金語
金高
金黒
鉄箱
銀側
銀成
銀熊
銀玉
銀皿
銀紙
銀飯
銀高
長帳
開畑
間代
間夫
間宿
間縄
関名
陸貝
階高
雨衣
青単
青字
青服
青本
青東
青点
青線
面一
面具
面取
面板
面様
面箱
音引
順手
頭屋
頭役
頭赤
頭重
顔役
類内
飛台
飛成
飛級
飯場
首肉
香包
香札
香箱
香花
香落
馬草
駅側
駅広
高役
魚通
鳥天
鹿肉
黄地
黄服
黄茶
黒先
黒地
黒方
黒本
黒番
黒竹
黒茶
鼻差
不急
体面
先進
口実
口番
商船
国女
役高
必勝
悪役
手相
林野
洋服
父兄
物量
特長
神界
究極
薬方
血気
角地
面形
音名
上記
下社
中産
名機
回教
地引
大路
実例
時機
月光
本機
東宮
東辺
美品
自軍
語気
起原
転末
部外
雨月
上人
中級
他州
公定
単元
各点
名医
外院
対物
少差
新説
月産
直径
肉親
菜園
課外
赤軍
農道
酒量
間服
中門
信徒
列強
利息
北洋
図録
天体
字図
日清
有無
植生
物体
表文
角材
試薬
車上
連山
遠方
風水
両極
両様
中位
光景
半音
定式
対極
局地
思文
新植
書生
本科
東名
正副
歩調
汽船
中朝
人命
他店
側頭
公伝
初見
司書
各人
小形
極地
法要
肉声
語群
野火
陸路
音長
食味
北岸
同機
名城
少林
工運
平面
式典
後輪
念書
昨夏
栄光
満面
病原
祭日
空母
箱屋
親書
連体
高徳
上体
上図
両用
体外
前科
国博
多元
大弓
実母
次戦
次節
母数
病後
石柱
米案
終電
辞令
順番
願書
風雨
主観
京風
半身
原土
反戦
名品
図案
字母
山林
底面
後発
悪人
悪意
時日
朝一
治山
清風
特区
着花
空力
終生
血流
表頭
試案
道交
頭角
両群
丸薬
京人
先代
公使
出作
各面
大福
子弟
実相
工兵
弱強
心頭
意向
戦記
挙国
有人
標語
次兄
水兵
法治
温風
満月
特色
画期
真相
薬科
農楽
選集
配下
陸運
仲弟
先天
冷風
初手
前言
外形
寺社
工具
強取
念頭
新車
最強
最速
毎度
気流
温帯
熱波
白文
祝辞
神軍
色弱
表題
赤飯
路地
農場
近時
伝灯
信教
先人
先客
公器
前庭
単月
原油
図利
外気
外角
新進
日章
時短
水土
水牛
浴用
無形
西辺
西院
部類
開教
順風
黒線
中秋
体調
全天
冷所
半死
原形
口角
実弟
実話
宿所
本薬
次点
死相
母線
気候
水運
無配
童女
自他
良港
英気
茶器
語順
足首
阪九
上表
両人
他科
代数
信書
倉庫
全校
兵馬
内皮
博徒
各港
学童
実兄
家長
山線
左図
当事
暗中
気運
灯器
目次
省案
礼服
社外
神父
祭典
考課
花輪
起死
軽度
門弟
電信
上気
中天
中生
事体
副業
商科
園芸
夏季
外貨
天守
好天
官軍
宿六
少水
工期
強心
当人
当期
当番
所定
打高
教本
教行
次席
正業
歩数
水文
満点
無休
石材
立春
緑茶
茶番
茶話
表意
話頭
軍命
遊休
重力
長物
開市
不徳
主題
予兆
体様
入試
全集
内局
冷気
名声
地建
変年
夜空
大輪
好打
宿命
年利
弓道
悪徳
悪戦
愛馬
春節
標本
機転
歌道
死本
死活
無風
特急
真筆
群書
自筆
船室
表土
連休
運気
里数
鉄工
関節
陸地
電機
電灯
養分
両名
両局
主機
今作
他局
他社
会席
光熱
内円
利害
半量
単線
各戸
和字
和親
外板
多極
夜曲
大径
天才
学外
学風
定形
実印
少子
思想
悪路
文筆
新唱
暗雲
最良
木刀
本題
村落
次週
歯石
気体
洋楽
海図
深度
満室
熱量
特大
理念
理知
産室
画板
白票
直近
真意
石炭
空席
童話
答案
紙器
美形
臣民
自労
船体
花鳥
苦言
落語
行内
街頭
言動
計時
車館
金銀
題目
風光
香道
魚巣
上席
不学
中葉
低木
低空
体温
共学
円周
初入
動画
南天
参事
各所
各様
名歌
名阪
和服
和語
和金
土足
変字
多年
多種
宿高
後願
急戦
投打
放題
教主
早死
来期
果実
欠点
正字
残飯
母体
民話
満期
灯油
熱意
画題
目録
神観
細管
美観
耳鼻
血行
行路
西進
訓点
起点
軍配
遊女
運上
遠洋
電動
下面
両店
人相
他馬
光度
内火
列国
利足
前輪
功利
動議
同階
味覚
商標
土石
外局
多幸
大寒
好走
子息
子機
家臣
局名
当世
当店
役料
後代
後宮
意思
愛機
成案
戦法
所記
文鳥
新選
旗手
明暗
時節
有印
末路
橋台
歌業
残差
残月
残材
民事
油分
法事
満車
無塩
特等
理国
産油
用字
町家
空調
美点
育種
計器
車外
軽油
農相
通貨
速達
重油
関白
陸相
電位
験力
下戸
両紙
中景
主教
予後
代役
伝心
低地
使節
先願
光量
入管
円通
冬季
前戦
労協
化研
医業
半夏
半径
単色
印紙
反動
受話
口径
古馬
名馬
命運
和式
器量
図体
国庫
外円
外聞
多雪
夜景
夜来
失語
女給
字種
対角
工商
年始
幸水
当寺
後列
心機
念力
急便
急流
敗色
新着
明星
時流
暗室
暗部
有休
有期
木母
木炭
欠員
民業
水和
洋犬
海流
特使
生気
田園
番方
直伝
相鉄
真皮
知力
短刀
神器
神国
秋波
終世
終点
終身
線香
老公
老兵
老酒
肉感
自工
船中
近景
通運
開運
関門
雪面
電柱
静物
題名
顔面
風神
首席
高弟
両岸
中進
交番
人馬
倍音
光速
全館
公健
出典
出数
列石
初校
力投
労苦
単耳
印画
台紙
各節
商号
園主
土建
地消
地階
声母
多産
好守
子夜
季節
学街
定石
定説
宿題
小農
年輪
底流
庭園
式辞
弱点
必然
悪貨
成魚
所作
所信
才女
打順
数列
文才
春季
晴天
曲想
最少
最愛
有給
望湖
木管
未然
末年
来世
極北
標題
正円
正真
正着
歯根
残数
母校
気功
流血
消息
満天
無敗
無間
白飯
石器
石風
礼節
社交
神事
積年
立命
童心
童顔
絵馬
続開
花園
芸風
苦節
英知
落差
親交
詩心
議題
農法
速球
連投
連銀
野心
野選
鉄路
開明
開村
音速
題字
顔料
願生
風人
香木
世辞
中温
丸太
主文
主治
人品
他意
伝記
信女
信念
信組
先番
光電
全室
全戸
兵役
内径
刀身
切点
前号
力点
勝機
勝算
化工
単体
単打
単板
原典
原題
反旗
同列
同根
名神
名車
和牛
和犬
国鳥
声量
変様
外信
天真
天面
実害
害鳥
家父
家産
宿願
富商
寒帯
寒波
小社
局番
広角
建材
必着
悪事
悲運
悲願
成鳥
戦国
手動
手芸
敗着
敗者
整体
整数
新船
日照
日給
明部
春温
暑中
書名
有形
有病
服屋
朝令
未聞
末代
末文
末筆
本校
東校
林相
極少
極意
橋頭
次号
次姉
正伝
正倉
正念
気転
水族
水球
水銀
流木
清栄
湯池
漁具
点線
特例
球根
理数
生肉
病変
病理
白球
皮下
目代
知見
短命
短観
社有
社業
祝典
神灯
神理
神童
祭具
秋季
立国
組名
結節
給料
絵図
緑豆
縄文
美風
老女
老臣
老親
肉牛
船外
船首
良薬
芸名
苦肉
草魚
落花
血族
街灯
西走
要録
見地
観葉
試練
議連
路外
辞典
辞意
近臣
近親
通期
遊水
達用
遠足
部族
酒席
金満
金貨
金門
鉄橋
銀漢
鏡台
長姉
長波
門歯
集英
集要
雨天
雪冷
雪原
雲水
電光
電球
頭皮
題材
類書
風来
養女
香料
魚群
黄門
下意
不問
不敗
不落
世相
両刀
両校
両船
中皮
中種
主菜
予科
予行
事変
事由
交友
京滋
京福
人望
今号
他害
付注
代走
以北
以南
以心
以西
休園
休題
会友
伝令
位階
低位
低声
体毛
体積
体言
使行
例題
便意
候鳥
借景
借知
元標
先入
先公
入店
入梅
全号
全周
全形
公知
共住
共時
具材
内積
内題
円貨
写本
冷害
冷温
冷茶
出自
列和
副題
力動
労農
勇名
化身
医事
半両
半信
半旗
半知
半角
協働
南庭
単刀
単勝
単形
単発
単科
単願
博品
印伝
原票
原電
友愛
反共
反古
取集
口福
古楽
古点
古紙
古老
号数
各位
各員
各校
各級
同友
名器
名手
名犬
向学
周産
命題
和上
品行
器材
器楽
器物
回天
回船
固形
国書
国父
園路
城門
変体
変電
外周
外電
外題
多動
多夫
多島
多毛
多神
大暑
大界
天命
天変
天子
天空
天辺
太王
失体
失意
失投
失行
失調
始球
季語
学友
学説
完動
完形
定点
実姉
室温
家相
家訓
富民
富農
寒天
小康
小板
少佐
岐路
岩石
工種
左記
左飛
年号
広節
度量
引水
弱肉
当来
徳育
心神
急使
悪友
悪寒
悲鳴
意表
愛鳥
成体
成犬
成虫
戦列
戦意
戦火
所産
才色
投信
投雪
挙動
明器
星宿
春宮
昨季
晴雨
暗号
書体
書庫
書風
有向
望遠
本号
本望
材木
来季
東低
松科
板元
果肉
根菜
極印
機首
次行
歌友
正覚
残土
残部
残雪
母印
母船
毛細
民宿
民工
民放
民芸
気動
氷山
氷点
池底
決死
決選
沖積
油田
治験
波動
洋名
流体
海事
海友
消夏
温菜
湖面
満場
満席
満身
滋養
漁協
炭水
無子
無病
焼点
牛皮
特会
特典
特番
特石
特電
特高
犬種
球形
球種
産休
番兵
番犬
番茶
病名
病苦
病衣
病身
相国
真言
知育
短信
短弓
短波
石標
石門
社労
祝意
祝電
神意
票田
祭神
福利
福神
福音
秋冷
秋天
秒速
積水
章典
競輪
笑売
筆力
等身
管見
節度
続投
羊毛
美声
美白
美談
美顔
美飯
群臣
羽毛
老令
老健
老害
老木
老残
老母
耳順
肉天
自席
自説
船名
良貨
芸当
芸談
荷室
落日
葉緑
薬害
血友
行宮
街上
街談
街路
表皮
表見
要害
言説
言辞
記章
試料
説話
読後
読点
赤心
車列
軽協
軽合
農事
農具
農夫
近聞
返書
返球
通天
通念
通時
通言
通説
連名
連歌
連隊
週休
週給
進度
遊具
遊動
遊楽
遊機
遊里
遠景
遠路
選力
選民
部首
重役
重臣
野望
野草
鉄柱
鉄線
長毛
間投
隊列
隊名
隊商
集光
集魚
雪害
電材
電路
青果
面皮
音階
類例
風習
飛球
食指
香典
香味
香草
馬主
馬群
馬首
高給
魚体
魚肉
丁半
丁名
丁子
丁字
丁年
丁銀
上中
上使
上兵
上列
上反
上古
上声
上客
上宮
上底
上式
上星
上死
上生
上番
上知
上米
上聞
上葉
上行
上計
上長
上首
上馬
下人
下令
下列
下口
下名
下国
下学
下底
下式
下注
下熱
下界
下番
下薬
下血
下行
下衣
下語
下足
下郡
下階
下集
下顔
不一
不予
不争
不二
不休
不会
不伝
不住
不例
不入
不労
不受
不売
不対
不帰
不感
不才
不挙
不文
不時
不楽
不活
不漁
不省
不着
不知
不空
不立
不等
不老
不育
不臣
不言
不記
不語
不買
不食
世上
世事
世伝
世出
世変
世子
世家
世局
世才
世教
世数
世父
世用
世福
世説
世路
世道
世鏡
両三
両世
両便
両全
両区
両君
両図
両城
両夫
両女
両字
両宮
両家
両宿
両山
両島
両州
両度
両形
両役
両時
両書
両朝
両材
両次
両気
両水
両法
両流
両港
両湖
両牛
両王
両生
両界
両種
両花
両行
両語
両説
両課
両車
両輪
両辺
両郡
両部
両重
両隊
両階
両頭
両館
両馬
中人
中体
中分
中動
中医
中印
中字
中帯
中府
中散
中書
中有
中業
中気
中水
中波
中研
中社
中章
中管
中線
中老
中薬
中観
中農
中量
中銀
中風
中飛
主事
主位
主兵
主典
主参
主命
主城
主夜
主夫
主室
主家
主局
主島
主意
主日
主星
主木
主材
主柱
主根
主業
主気
主港
主点
主用
主病
主石
主神
主祭
主節
主群
主船
主薬
主調
主談
主辞
主部
主都
主隊
主音
主馬
乗具
乗数
乗機
予土
予対
予研
予章
予表
争利
争友
争名
争鳴
事主
事物
事理
事相
井数
井水
井目
井神
井花
交利
交名
交唱
交声
交子
交感
交波
交点
交直
交線
交親
交角
京中
京内
京包
京図
京奈
京官
人世
人定
人後
人徳
人感
人才
人本
人毛
人治
人流
人牛
人界
人神
人臣
人荷
人血
人言
人語
人長
人頭
今上
今体
今例
今古
今式
今昔
今生
仕丁
仕服
仕法
他世
他事
他体
他利
他力
他品
他室
他家
他山
他市
他年
他形
他感
他族
他書
他村
他校
他業
他極
他氏
他流
他物
他犬
他発
他種
他章
他筆
他紙
他群
他聞
他船
他見
他覚
他車
他軍
他辺
他門
他院
他隊
他面
他風
付利
付曲
付点
付票
付章
付節
付説
代印
代品
代案
代船
代車
代返
代配
令兄
令名
令外
令妹
令姉
令孫
令室
令弟
令息
令正
令法
令色
以東
以浅
以深
以遠
仲兄
仲冬
仲夏
仲春
仲父
仲秋
仲語
休店
休漁
休筆
休薬
会元
会名
会子
会心
会意
会旗
会苦
会試
伝共
伝刀
伝力
伝単
伝国
伝声
伝家
伝書
伝熱
伝産
伝研
伝神
伝衣
伝話
伝路
伝音
位地
位官
位数
位田
低塩
低山
低起
低部
住商
住家
住工
住心
住持
住管
住血
住都
体側
体半
体察
体心
体熱
体節
体菜
体量
体鳴
作事
作人
作例
作分
作印
作問
作土
作変
作庭
作意
作手
作料
作期
作毛
作礼
作種
作話
作願
作食
使丁
使人
使信
使司
使徒
使神
使臣
例式
例日
例月
例歌
例祭
例言
例話
便中
便名
便服
便柱
便池
便法
便船
便衣
便追
便通
便量
信力
信印
信実
信望
信管
信言
倉卒
倉口
倍化
倍大
倍数
倍満
倍角
候人
借区
借名
借料
借銀
健側
健兵
健末
健歯
健民
健筆
健緑
健食
側副
側手
側方
側板
側根
側注
側筆
側管
側芽
側薬
側行
側転
側辺
側道
側音
元代
元初
元品
元始
元曲
元正
元物
元老
兄姉
先主
先体
先例
先便
先兵
先出
先号
先君
先回
先夫
先学
先富
先幸
先徳
先書
先王
先登
先知
先節
先約
先考
先覚
先負
先軍
先験
光体
光力
光周
光束
光来
光柱
光波
光火
光点
光球
光画
光虫
光行
光覚
光路
光輪
光頭
光風
児女
児孫
児頭
入光
入内
入刀
入声
入夫
入客
入川
入市
入息
入木
入気
入玉
入神
入祭
入級
入船
全伝
全兵
全円
全功
全協
全問
全図
全季
全山
全州
全心
全数
全景
全書
全村
全歯
全波
全犬
全球
全町
全相
全知
全紙
全級
全羽
全習
全船
全草
全血
全速
全野
全隊
全階
全音
全顔
全馬
全鳥
公主
公事
公休
公信
公力
公助
公労
公単
公印
公図
公地
公女
公孫
公室
公宮
公差
公度
公役
公徳
公意
公挙
公方
公族
公案
公流
公物
公王
公理
公田
公病
公空
公課
公議
公路
公辺
公達
公電
共利
共助
共勝
共役
共戦
共業
共火
共管
共習
共進
兵丁
兵争
兵事
兵具
兵変
兵家
兵戦
兵数
兵書
兵服
兵村
兵気
兵火
兵科
兵種
兵船
兵衣
兵談
兵車
兵農
兵運
兵食
具案
具注
典事
典例
典医
典書
典楽
典薬
内争
内伝
内使
内典
内区
内台
内合
内君
内周
内城
内声
内孫
内官
内室
内宮
内家
内帯
内底
内府
内意
内方
内水
内治
内洋
内温
内湖
内照
内界
内発
内薬
内行
内言
内記
内議
内貨
内運
内鉄
内院
円口
円外
円成
円教
円文
円明
円月
円木
円本
円材
円村
円板
円球
円皮
円石
円筆
円管
円覚
円読
円転
円輪
円鏡
円頭
写友
写図
写場
写声
写字
写景
写植
写票
写角
写野
冬上
冬夜
冬春
冬海
冬芽
冬虫
冷光
冷帯
冷感
冷暗
冷池
冷点
冷照
冷熱
冷研
冷結
冷肉
冷菜
冷血
冷覚
冷酒
冷間
冷雨
冷雪
冷食
出巣
出息
出挙
出欠
出母
出用
出行
出車
出門
刀利
刀印
刀商
刀子
刀工
刀心
刀礼
刀筆
分体
分力
分包
分区
分室
分局
分島
分店
分度
分服
分期
分校
分根
分極
分治
分注
分灯
分点
分生
分画
分相
分省
分知
分秒
分章
分米
分給
分習
分課
分部
切所
切歯
切線
列世
列代
列伝
列名
列外
列女
列数
列柱
列機
列氏
列火
列王
列番
列福
列線
列語
列長
初世
初中
初交
初令
初伝
初位
初信
初列
初刷
初号
初名
初地
初夜
初学
初度
初形
初文
初春
初生
初発
初筆
初給
初葉
初行
初語
初読
初電
別丁
別伝
別便
別号
別命
別品
別器
別国
別字
別室
別帳
別当
別後
別愛
別戸
別才
別火
別種
別章
別紙
別置
別行
別課
別路
別辞
別電
利他
利器
利心
利楽
利生
利米
利運
利達
利雪
利養
刷数
刷紙
前便
前医
前古
前司
前問
前図
前季
前官
前室
前局
前席
前急
前成
前旗
前時
前景
前書
前注
前王
前生
前章
前置
前葉
前表
前角
前訓
前話
前説
前談
前走
前車
前転
前金
前門
前院
前隊
前食
副体
副使
副守
副官
副成
副手
副文
副木
副流
副王
副生
副番
副章
副菜
副鏡
副階
副食
力争
力役
力気
力積
力車
功人
功候
功力
功名
功法
功科
功臣
功験
加功
加年
加役
加成
加水
加法
加線
加薬
加行
加音
助字
助材
助業
助炭
助祭
助辞
労兵
労宮
労工
労役
労改
労研
労福
労運
労銀
勇徳
勇歩
勇者
勇臣
動労
動地
動声
動径
動意
動愛
動感
動毛
動気
動点
動熱
動線
動輪
動辞
動電
動静
勝共
勝地
勝楽
勝着
勝運
包交
包帯
包皮
包米
包葉
包虫
包衣
化主
化土
化地
化鳥
北七
北低
北天
北子
北守
北家
北帰
北府
北庭
北曲
北画
北行
北走
北足
北路
北転
北辺
北都
北院
北雪
北音
北馬
区市
区点
区章
区隊
医博
医原
医員
医官
医家
医心
医方
医書
医治
医用
医界
医説
医道
医食
午食
半丁
半人
半休
半作
半側
半切
半印
半商
半国
半夜
半字
半季
半官
半平
半弓
半弟
半役
半成
半文
半果
半歩
半民
半漁
半玉
半町
半白
半神
半肉
半言
半足
半輪
半農
半速
半里
半金
半開
半顔
半麦
卒前
卒意
卒死
協住
協立
南人
南園
南家
南寺
南岸
南曲
南路
南辺
南院
南高
単三
単光
単列
単利
単包
単協
単味
単回
単子
単式
単意
単数
単文
単材
単極
単横
単毛
単球
単産
単相
単票
単立
単管
単級
単組
単葉
単親
単記
単路
単車
単量
博引
博愛
博才
博聞
博言
印信
印刀
印形
印文
印書
印本
印材
印池
印相
印章
印肉
印花
印面
原体
原名
原味
原品
原器
原図
原字
原岩
原意
原景
原書
原末
原板
原毛
原水
原法
原注
原炭
原物
原皮
原石
原種
原糸
原紙
原級
原肉
原色
原薬
原虫
原詩
原話
原調
原速
原道
原酒
原隊
原頭
原魚
原麦
去声
去夏
去春
去月
去秋
参宮
参宿
参法
参礼
参軍
友交
友軍
反例
反切
反別
反回
反実
反当
反徒
反意
反歌
反歩
反清
反満
反照
反神
反立
反臣
反英
反足
反軍
反間
受令
受働
受光
受動
受感
受法
受照
受熱
受田
受礼
受神
受肉
受育
受苦
口伝
口分
口器
口底
口愛
口才
口業
口気
口決
口耳
口話
口輪
口辺
口道
口鼻
古京
古人
古伝
古体
古例
古刀
古印
古名
古器
古城
古字
古希
古年
古形
古意
古方
古昔
古曲
古期
古札
古法
古注
古流
古湯
古画
古相
古社
古筆
古色
古茶
古訓
古記
古詩
古説
古酒
古鏡
古面
古音
古駅
台下
台印
台子
台日
台皿
台船
台辞
台農
右列
右図
右室
右府
右文
右方
右筆
右羽
右葉
右記
右軍
右近
右院
号外
号笛
号給
号音
司徒
司牧
司直
司空
司長
司馬
各体
各号
各字
各室
各寺
各島
各式
各役
各書
各期
各村
各案
各極
各橋
各法
各章
各等
各群
各色
各辺
各週
各院
各隊
各館
各馬
合切
合名
合字
合散
合界
合皮
合科
合筆
合糸
合薬
合谷
合道
同令
同側
同包
同号
同君
同城
同声
同女
同宮
同引
同役
同曲
同極
同橋
同歩
同母
同気
同治
同温
同玉
同王
同生
同着
同科
同章
同筆
同節
同者
同血
同表
同見
同角
同訓
同語
同説
同量
同門
同飛
同香
名下
名代
名刀
名利
名勝
名区
名印
名号
名君
名園
名宿
名局
名庭
名数
名族
名月
名望
名木
名材
名松
名流
名湯
名玉
名石
名笛
名筆
名答
名節
名聞
名臣
名花
名薬
名言
名記
名詩
名語
名走
名運
名酒
名香
名鳥
向光
向地
向寒
向岸
向春
向暑
向米
向進
君側
君公
君命
君国
君徳
君民
君父
君王
君臣
君親
君長
周上
周代
周初
周天
周定
周転
周速
周長
命友
命式
命数
命法
命終
命言
命課
和南
和名
和声
和差
和才
和書
和本
和楽
和様
和炭
和産
和種
和算
和約
和習
和船
和薬
和訓
和議
和鉄
和館
品流
品温
員外
唱名
唱法
唱門
唱題
商利
商大
商才
商材
商機
商流
商港
商特
商登
商相
商説
商調
商農
商連
商運
商道
商都
商陸
器体
器台
器差
器形
器才
器械
器種
器面
回心
回文
回族
回次
回章
回米
回虫
図典
図化
図南
図名
図根
図様
図法
図絵
図色
固体
固山
固成
国使
国典
国利
国号
国図
国字
国守
国安
国年
国意
国手
国改
国柱
国楽
国歩
国母
国界
国章
国老
国花
国訓
国詩
国運
国郡
国金
園丁
園例
園区
園名
園庭
園数
園林
園池
園試
園頭
土人
土倉
土公
土対
土柱
土民
土祝
土神
土科
土管
土語
土運
土道
土量
土長
土階
土音
土類
土馬
地丁
地体
地公
地労
地商
地変
地子
地底
地府
地役
地文
地標
地歩
地母
地毛
地気
地温
地熱
地物
地玉
地界
地番
地目
地相
地種
地積
地米
地給
地衣
地輪
地連
地運
地鉄
地集
地類
地黄
坂路
城主
城兵
城名
城外
城府
城池
城番
城都
城関
城頭
城館
埼京
場景
塩商
塩土
塩害
塩梅
塩業
塩皮
塩配
声名
声字
声息
声望
声歌
声調
声部
声門
声風
売位
売名
売品
売国
売官
売山
売文
売炭
売笑
売船
売色
売茶
売薬
売血
変事
変分
変声
変局
変差
変曲
変法
変温
変物
変相
変種
変量
変音
夏下
夏巣
夏緑
夏雨
夕照
外京
外光
外典
外力
外包
外区
外台
外合
外向
外城
外字
外宮
外市
外帯
外底
外径
外心
外感
外教
外族
外景
外曲
外水
外港
外照
外熱
外物
外王
外生
外画
外発
外登
外皮
外省
外積
外管
外米
外紙
外緑
外耳
外臣
外船
外葉
外衣
外言
外記
外転
外連
外運
外道
外銀
多事
多住
多側
多口
多回
多声
多売
多子
多形
多心
多念
多指
多景
多歩
多死
多灯
多点
多照
多笑
多管
多給
多羽
多肉
多花
多血
多語
多調
多辺
多頭
多飲
夜光
夜具
夜分
夜前
夜天
夜学
夜想
夜戦
夜気
夜灯
夜直
夜色
夜走
夜鳥
大乗
大令
大伝
大典
大円
大勇
大印
大命
大器
大姉
大守
大官
大害
大帯
大度
大徳
大悲
大意
大指
大数
大旗
大望
大束
大果
大業
大死
大知
大礼
大節
大街
大覚
大計
大議
大身
大運
大遠
大郡
大院
大隊
大雲
大願
大黄
天中
天主
天人
天円
天分
天助
天動
天南
天印
天味
天声
天女
天字
天孫
天官
天工
天庫
天徳
天心
天意
天日
天望
天朝
天来
天柱
天極
天機
天水
天池
天火
天灯
天父
天物
天球
天産
天界
天目
天社
天種
天耳
天聞
天衣
天路
天軍
天輪
天運
天道
天金
天長
天門
天開
天青
天顔
天馬
天鹿
太上
太初
太多
太守
太清
太細
夫君
夫唱
夫子
夫食
失名
失地
失対
失歩
失注
失活
失着
失立
奈女
女孫
女弟
女徳
女根
女男
女短
女肉
女色
女花
女身
女軍
女院
好中
好人
好位
好例
好光
好味
好商
好女
好字
好学
好局
好形
好悪
好戦
好所
好手
好日
好時
好晴
好望
好期
好果
好気
好漁
好漢
好熱
好球
好生
好親
好角
好銀
妹弟
姉兄
姉弟
始代
始原
始新
始期
始生
始筆
始線
始覚
始語
委曲
委細
子午
子実
子母
子葉
字中
字例
字典
字径
字行
字訓
字間
字音
字高
季候
季冬
季夏
季感
季春
季秋
季調
季題
学事
学兄
学半
学参
学変
学室
学店
学府
学徳
学才
学林
学治
学知
学石
学究
学行
学課
学都
学頭
孫女
孫色
守兵
守国
守城
守心
守戦
守戸
守文
守礼
安位
安内
安分
安協
安国
安山
安康
安民
安立
完徳
完新
完本
完満
完調
完食
完飲
官主
官位
官公
官兵
官印
官司
官命
官員
官園
官地
官女
官寺
官府
官庫
官戸
官有
官服
官物
官田
官立
官船
官行
官記
官話
官辺
官道
官選
官金
官階
定係
定借
定命
定差
定息
定文
定業
定温
定理
定省
定積
定約
定線
定船
定見
定言
定足
実事
実伝
実参
実員
実売
実大
実妹
実字
実徳
実念
実悪
実意
実打
実教
実景
実有
実機
実正
実科
実積
実竹
実者
実船
実語
実説
実辞
実部
実量
実録
実長
実館
客位
客冬
客分
客地
客年
客月
客来
客気
客注
客語
客貨
客遊
客電
室名
室員
室数
室礼
宮主
宮女
宮室
宮相
宮都
宮門
害心
害悪
害意
害草
家令
家伝
家作
家例
家信
家借
家兄
家司
家名
家君
家国
家書
家月
家材
家母
家礼
家説
家運
家道
家門
宿世
宿便
宿内
宿外
宿学
宿年
宿徳
宿悪
宿意
宿曜
宿望
宿村
宿根
宿業
宿母
宿民
宿王
宿神
宿老
宿運
宿道
宿院
宿雨
富人
富力
富化
富友
富国
富実
富家
富者
寒中
寒候
寒季
寒害
寒心
寒時
寒暑
寒月
寒松
寒梅
寒極
寒水
寒流
寒温
寒熱
寒竹
寒色
寒苦
寒行
寒雲
寒食
察番
寺中
寺伝
寺使
寺号
寺官
寺家
寺観
寺運
対世
対他
対位
対光
対化
対印
対合
対唱
対地
対成
対手
対明
対景
対気
対清
対満
対自
対英
対辺
小乗
小伝
小典
小円
小刀
小功
小区
小医
小名
小問
小器
小変
小子
小字
小官
小寒
小局
小工
小店
小引
小弟
小徳
小成
小才
小散
小旗
小景
小暑
小曲
小札
小果
小案
小流
小満
小点
小照
小球
小用
小皮
小知
小紙
小組
小給
小臣
小葉
小話
小身
小輪
小辞
小量
小隊
少実
少室
少小
少府
少弟
少心
少校
少死
少産
少進
少陽
少雨
少雪
少類
局印
局外
局後
局方
局票
局紙
局課
山体
山参
山号
山宮
山島
山径
山月
山民
山灯
山相
山群
山色
山茶
山草
山雨
山雲
山養
山馬
岡阜
岩体
岩塩
岩流
岩画
岩相
岩種
岩頭
岩高
島主
島名
島部
島都
崎港
州別
州名
州外
州府
州牧
州県
州花
州軍
州郡
巣上
巣板
巣落
工人
工地
工女
工字
工役
工手
工数
工特
工船
工農
工部
工順
左刀
左室
左岸
左府
左方
左注
左直
左社
左羽
左表
左近
左道
左院
差動
差数
差等
差音
市学
市屋
市県
市章
市門
希土
希書
席主
席料
席末
席次
席画
席運
席順
席題
帯下
帯水
帯青
帰台
帰命
帰家
帰宿
帰巣
帰心
帰所
帰村
帰校
帰根
帰無
帰神
帰路
帰都
帰阪
帳下
帳台
帳外
帳票
平作
平信
平元
平声
平曲
平服
平残
平水
平波
平温
平熱
平生
平葉
平角
平話
平語
平調
平頭
年休
年周
年季
年官
年欠
年歯
年画
年級
年魚
幸便
広土
広庭
広本
広灯
広用
広目
広記
広録
底岩
底本
底生
底角
底部
店外
府事
府令
府兵
府印
府城
府外
府学
府庫
府道
府郡
度者
度表
庫司
庫平
庭前
庭球
庭訓
庭院
康心
康楽
康福
建中
建学
建機
建水
建礼
建置
建軍
式中
式事
式台
式文
式日
式服
式法
式目
式量
式順
弓兵
弓部
弓馬
引例
引力
引転
引頭
引首
弟兄
弟王
弱兵
弱冷
弱卒
弱国
弱声
弱行
弱起
弱風
強兵
強勇
強弓
強意
強皮
強起
強運
強電
強音
強馬
当住
当体
当区
当国
当土
当季
当家
当山
当帰
当府
当意
当月
当村
当校
当流
当犬
当町
当省
当科
当節
当船
当色
当落
当薬
当路
当院
当願
当館
形勝
形声
形局
形神
役分
役印
役変
役夫
役席
役民
役満
役牛
役金
役馬
径庭
径行
待時
待期
後事
後便
後光
後図
後園
後夜
後夫
後室
後家
後市
後席
後庭
後旗
後景
後来
後根
後注
後流
後生
後章
後節
後葉
後角
後語
後身
後転
後選
後門
後隊
後面
徒事
徒労
徒弟
徒手
徒行
徳分
徳器
徳才
徳望
徳歯
徳目
徳相
徳神
徳行
心下
心体
心内
心労
心原
心友
心受
心土
心字
心室
心思
心所
心月
心材
心気
心水
心法
心海
心火
心無
心王
心算
心耳
心血
心行
心話
心間
心電
心黄
必中
必定
必戦
必用
必笑
必置
必達
必食
念写
念想
念法
念者
念親
急信
急歩
急病
急登
急調
急談
急雨
息女
息男
悪世
悪作
悪例
悪器
悪国
悪声
悪夫
悪子
悪字
悪害
悪徒
悪念
悪所
悪手
悪才
悪書
悪月
悪果
悪根
悪業
悪漢
悪王
悪男
悪病
悪相
悪神
悪童
悪筆
悪習
悪臣
悪草
悪血
悪衣
悪見
悪言
悪計
悪運
悪道
悪雪
悪面
悪風
悪食
悪鳥
悲引
悲曲
悲歌
悲母
悲泣
悲田
悲色
悲話
悲調
想夫
想念
意字
意念
意想
意業
意行
意馬
愛他
愛刀
愛別
愛友
愛徳
愛心
愛念
愛息
愛悪
愛書
愛校
愛欠
愛死
愛民
愛社
愛神
愛臣
愛苦
愛語
愛酒
感官
感念
感温
感熱
感色
感量
感音
成丁
成兵
成女
成実
成工
成心
成書
成林
成牛
成算
成覚
成身
戦事
戦利
戦功
戦区
戦友
戦声
戦局
戦役
戦旗
戦果
戦気
戦理
戦競
戦訓
戦野
戦間
戦雲
戸主
戸外
戸長
所令
所伝
所出
所労
所動
所外
所引
所役
所思
所求
所生
所由
所言
所説
所関
所願
手低
手兵
手具
手印
手工
手指
手札
手板
手根
手筆
才人
才六
才器
才媛
才子
才学
才徳
才気
才物
才知
才筆
才芸
才英
才量
打法
打通
打面
投低
投光
投写
投力
投地
投法
投炭
投矢
折線
拾玉
持平
持明
持節
持薬
持説
指事
指北
指印
指地
指月
指板
指話
指間
指頭
挙世
挙例
挙家
挙止
挙父
挙軍
改刷
改土
改案
改植
改氏
改番
改詩
改運
放列
放松
放楽
放物
放生
放線
放血
敗兵
敗局
敗死
敗残
敗血
敗軍
敗運
教体
教具
教典
教友
教場
教外
教式
教木
教案
教母
教法
教父
教王
教理
教生
教相
教研
教線
教説
教課
教門
教院
散人
散光
散兵
散塩
散官
散定
散寒
散所
散文
散木
散村
散票
散米
散茶
散薬
数唱
数息
数町
数行
数表
整式
整水
文事
文会
文例
文典
文名
文外
文官
文工
文底
文思
文意
文案
文界
文礼
文群
文草
文詩
文身
文辞
文運
文野
文金
文鏡
文間
文頭
文題
料地
料所
料飲
新付
新令
新例
新兵
新円
新刀
新参
新友
新口
新味
新図
新声
新店
新府
新改
新月
新期
新来
新案
新注
新港
新物
新発
新相
新省
新秋
新色
新詩
新話
新語
新読
新貨
新軍
新酒
新院
新陽
新集
新雪
新香
新馬
方円
方印
方図
方国
方土
方外
方天
方広
方木
方案
方民
方筆
方路
方里
方金
方音
旅上
旅中
旅宿
旅次
旅遊
旅銀
族名
族葉
族長
旗人
旗公
旗国
旗柱
旗機
旗章
旗軍
旗長
旗門
日加
日周
日字
日歯
日港
日満
日王
日語
日貨
日軍
日輪
日量
日録
日食
早天
早年
早強
早成
早明
早材
早発
早秋
早老
早計
明光
明君
明夜
明定
明帯
明年
明式
明所
明春
明服
明期
明末
明楽
明法
明清
明点
明玉
明界
明目
明笛
明線
明色
明要
明軍
明達
明鏡
明門
明頭
明験
昔年
昔日
昔時
星主
星位
星列
星図
星室
星林
星表
星間
星雨
星雲
星食
春光
春分
春化
春天
春寒
春昼
春景
春望
春本
春歌
春画
春色
春遊
春陽
春雪
昨対
昨朝
昨期
昼三
昼光
昼行
昼飯
時人
時候
時変
時好
時局
時文
時服
時様
時習
時角
時言
時運
時風
景勝
景徳
景教
景物
景石
景福
景表
景雲
暑夏
暑寒
暑気
暑熱
暗主
暗光
暗君
暗夫
暗帯
暗期
暗流
暗点
暗空
暗緑
暗線
暗色
暗血
暗行
暗語
暗香
曜変
曲事
曲例
曲数
曲水
曲池
曲直
曲礼
曲管
曲節
曲調
曲路
曲集
曲面
曲順
曲馬
書伝
書信
書外
書字
書屋
書式
書札
書板
書法
書流
書画
書目
書票
書美
書者
書芸
書語
最勝
最外
最寒
最左
最明
最極
最民
最決
最特
最落
最遠
最集
月令
月休
月利
月台
月名
月商
月図
月央
月差
月明
月柱
月球
月界
月神
月色
月花
月輪
月食
有位
有体
有功
有半
有取
有司
有塩
有夫
有実
有徳
有心
有感
有時
有業
有標
有歯
有毛
有熱
有理
有生
有産
有相
有礼
有神
有終
有色
有言
有輪
有部
有配
服地
服色
望台
望春
望気
望洋
望海
望火
朝三
朝参
朝命
朝夜
朝家
朝見
朝議
期央
期始
期数
期月
木中
木主
木人
木台
木器
木強
木業
木標
木橋
木毛
木活
木球
木理
木生
木皮
木石
木竹
木鉄
木門
木階
木香
木魚
未必
未戦
未生
未産
未病
未習
未見
未読
未進
未配
末世
末位
末女
末姉
末学
末孫
末客
末家
末寺
末残
末法
末流
末社
末章
末節
末葉
末部
本丁
本伝
本例
本児
本員
本問
本図
本地
本城
本字
本官
本寺
本席
本役
本念
本曲
本案
本様
本毛
本治
本然
本生
本病
本知
本祭
本種
本管
本草
本覚
本記
本話
本課
本起
本郡
本鏡
本青
本面
本類
材積
材色
村医
村名
村寺
村数
村有
村童
村道
束帯
来京
来信
来光
来室
来席
来意
来書
来服
来札
来由
来省
来県
来者
来船
来行
来街
来電
東伝
東博
東去
東司
東土
東夏
東天
東幸
東庭
東徒
東望
東朝
東行
東観
東走
東送
松実
松果
松火
松門
板根
板面
林下
林住
林分
林工
林材
林松
林研
林試
果名
果園
果徳
果皮
果色
果菜
果面
果食
柱上
柱列
柱帯
柱式
柱石
柱角
柱面
柱頭
栄位
栄典
栄運
校具
校医
校友
校地
校定
校庭
校旗
校本
校歌
校章
校訓
校語
校門
校風
根出
根号
根機
根毛
根皮
根管
根量
根音
案下
案定
案文
案頭
梅園
梅月
梅林
梅肉
梨園
梨花
械具
植列
植相
植福
植食
業力
業念
業火
業苦
業風
極体
極光
極夜
極大
極官
極小
極左
極差
極年
極所
極数
極暑
極月
極期
極板
極洋
極白
極相
極老
極説
極量
楽典
楽友
楽受
楽員
楽土
楽声
楽府
楽式
楽弓
楽想
楽才
楽旅
楽果
楽理
楽神
楽節
楽習
楽遊
楽都
楽長
楽音
楽食
様器
標号
標式
標旗
標木
標札
標柱
標治
標灯
標点
標目
標石
標章
横列
横径
横指
横流
横議
横隊
橋上
橋北
橋南
橋名
橋東
機位
機先
機外
機差
機才
機数
機根
機法
機番
機知
機速
欠便
欠口
欠品
欠字
欠指
欠文
欠本
欠画
欠番
欠神
次位
次作
次例
次列
次問
次図
次子
次客
次室
次指
次文
次時
次書
次注
次葉
次表
歌中
歌体
歌作
歌意
歌才
歌数
歌文
歌書
歌神
歌節
歌詩
歌話
歌語
歌題
歌風
止水
止観
正丁
正中
正位
正兵
正典
正切
正動
正号
正向
正員
正塩
正学
正定
正客
正室
正形
正思
正意
正戦
正数
正書
正東
正果
正極
正機
正球
正番
正神
正立
正米
正続
正肉
正葉
正西
正要
正見
正角
正訓
正語
正説
正課
正調
正負
正貨
正都
正金
正銀
正院
正陽
正音
正風
正食
歩卒
歩度
歩荷
歩車
歩軍
歩速
歯列
歯周
歯大
歯寒
歯底
歯式
歯板
歯芽
歯面
歯音
死中
死交
死児
死命
死地
死差
死文
死有
死物
死界
死番
死病
死票
死積
死線
死肉
死花
死苦
死角
死計
死都
死重
死門
死馬
残京
残便
残光
残兵
残品
残地
残夜
残寒
残席
残年
残心
残暑
残柱
残機
残欠
残気
残氷
残油
残照
残熱
残物
残生
残紙
残花
残菜
残酒
残量
残金
残類
母公
母岩
母川
母巣
母店
母徳
母指
母星
母材
母機
母法
母港
母父
母神
母種
母貝
毎代
毎号
毎家
毎戸
毎期
毎次
毎筆
毎食
毛人
毛包
毛司
毛帯
毛様
毛母
毛湯
毛管
毛芽
毛衣
毛量
氏族
民人
民具
民利
民力
民反
民商
民官
民屋
民度
民心
民戸
民望
民本
民用
民画
民福
民種
民立
民苦
民行
民選
民部
民都
民鉄
民録
民青
気光
気口
気府
気息
気柱
気根
気海
気熱
気球
気相
気積
気笛
気節
気習
気血
気速
気門
気鳴
水人
水光
水冷
水協
水声
水天
水字
水宮
水工
水徳
水成
水戦
水手
水景
水月
水治
水波
水火
水特
水理
水用
水界
水石
水研
水筆
水緑
水線
水試
水輪
水速
水陸
水頭
水馬
氷人
氷原
氷土
氷島
氷期
氷板
氷柱
氷海
氷温
氷炭
氷球
氷衣
氷野
氷雪
氷面
氷風
氷食
求名
求安
求法
求知
求荷
求貨
求車
求道
池中
池北
池心
池水
池面
決会
決号
決明
汽力
汽機
汽水
汽笛
沖天
油入
油冷
油単
油土
油料
油母
油水
油浴
油灯
油種
油管
油送
油量
油面
油類
治人
治天
治心
治所
治理
治病
治者
治要
治頭
法世
法主
法例
法具
法内
法力
法医
法印
法原
法号
法司
法名
法器
法城
法孫
法官
法家
法式
法弟
法意
法文
法時
法服
法楽
法橋
法灯
法理
法界
法空
法線
法衣
法話
法語
法談
法貨
法身
法門
法音
波上
波力
波束
波面
波高
泣血
注口
注本
注音
泳力
泳法
泳者
洋兵
洋刀
洋字
洋客
洋室
洋弓
洋才
洋書
洋本
洋灯
洋白
洋種
洋算
洋紙
洋菜
洋貨
洋銀
活人
活水
活物
活画
活神
活量
流心
流感
流民
流氷
流灯
流理
流言
流記
流説
流読
流路
流身
流速
流量
流雲
流音
浅学
浅才
浅春
浅海
浅深
浅発
浴女
浴後
浴湯
海人
海佐
海光
海区
海台
海員
海商
海天
海客
海帯
海東
海民
海氷
海波
海王
海相
海童
海自
海船
海貨
海進
海門
海関
海陸
消波
消点
消雪
消音
深交
深信
深心
深意
深愛
深成
深所
深流
深浅
深温
深発
深秋
深身
深高
清上
清代
清兵
清初
清勝
清客
清愛
清末
清気
清熱
清真
清福
清苦
清話
清談
清軍
清酒
温中
温健
温冷
温州
温感
温気
温点
温熱
温石
温習
温色
温血
温覚
温陽
温顔
温食
港口
港外
港市
港都
湖上
湖口
湖川
湖底
湖心
湖月
湖水
湖産
湖辺
湖頭
湖魚
湯問
満人
満会
満作
満台
満園
満地
満城
満山
満族
満業
満漢
満目
満票
満線
満船
満語
満都
満配
満量
満門
満願
滋味
漁会
漁労
漁区
漁唱
漁夫
漁期
漁法
漁灯
漁父
漁種
漁色
漁連
漢人
漢兵
漢初
漢印
漢名
漢和
漢土
漢才
漢族
漢来
漢玉
漢王
漢軍
漢音
潟湖
火休
火光
火兵
火土
火夫
火工
火度
火成
火手
火気
火灯
火熱
火球
火田
火石
火神
火管
火車
火進
火道
火酒
火雲
火電
灯下
灯光
灯具
灯列
灯心
灯数
灯明
灯標
灯用
灯船
炭住
炭山
炭庫
炭材
炭柱
炭田
炭管
炭車
点列
点取
点定
点心
点景
点注
点画
点立
点耳
点茶
点薬
点鼻
無三
無上
無主
無代
無位
無住
無体
無功
無動
無医
無味
無品
無問
無天
無始
無季
無官
無宿
無底
無役
無想
無戸
無才
無文
無明
無月
無標
無歯
無毛
無水
無氷
無灯
無熱
無産
無相
無答
無終
無給
無耳
無色
無血
無観
無足
無辺
無門
無電
無題
無類
無香
焼土
焼心
焼木
焼結
照今
照度
照星
照海
照灯
照相
照空
照門
熱低
熱信
熱力
熱動
熱地
熱塩
熱度
熱投
熱暑
熱板
熱水
熱流
熱火
熱球
熱線
熱電
熱面
熱風
父人
父神
父老
父道
父音
牛主
牛刀
牛化
牛形
牛後
牛歩
牛王
牛種
牛群
牛耳
牛角
牛車
牛頭
牛馬
牛黄
牧人
牧夫
牧歌
牧民
牧父
牧牛
牧神
牧童
牧笛
牧羊
牧者
牧農
牧馬
物交
物力
物界
物神
物貨
特上
特交
特写
特利
特労
特命
特地
特委
特学
特機
特浴
特用
特病
特科
特管
特級
特老
特貨
特車
特運
特風
特飲
特養
犬声
犬歯
犬皮
犬肉
犬面
犬馬
玉代
玉体
玉器
玉室
玉成
玉案
玉歩
玉池
玉清
玉笛
玉花
玉葉
玉衣
玉車
玉門
玉音
玉頭
玉顔
玉類
王事
王代
王令
王佐
王公
王化
王台
王号
王命
王土
王城
王孫
王府
王庭
王弟
王旗
王有
王林
王母
王民
王水
王治
王法
王父
王臣
王親
王軍
王都
王銀
球体
球友
球周
球心
球春
球果
球花
球虫
球道
球面
球音
理力
理外
理路
生果
生植
生残
生母
生着
生知
生立
生者
生色
生葉
生面
生類
生香
産交
産児
産所
産機
産消
産熱
産直
産肉
産育
産軍
産道
産金
産鉄
産銀
産院
産馬
用作
用命
用器
用土
用害
用役
用後
用所
用木
用械
用池
用筆
用間
田令
田土
田夫
田字
田数
田根
田皮
田積
田面
申命
男孫
男工
男根
男王
男色
男身
町代
町外
町有
町次
町治
町石
町道
画会
画分
画友
画号
画名
画商
画図
画地
画工
画帳
画意
画才
画数
画業
画科
画筆
画色
画角
画間
画院
界標
界面
番卒
番太
番役
番線
病体
病例
病側
病前
病夫
病家
病期
病根
病母
病熱
病父
病牛
病相
病馬
病魚
病鳥
発引
発毛
発船
発語
発赤
発頭
発馬
発駅
登上
登園
登熱
登研
登花
登路
登高
白丁
白光
白兵
白指
白散
白明
白板
白柱
白油
白法
白灯
白炭
白点
白玉
白皮
白緑
白線
白羊
白肉
白詩
白話
白軍
白道
白雨
白面
白顔
白鹿
白麦
皮体
皮内
皮切
皮板
皮毛
皮管
皮節
目今
目名
目節
目読
直働
直列
直参
直受
直員
直孫
直弟
直投
直根
直毛
直産
直用
直登
直積
直管
直臣
直説
直配
直長
直門
直音
相人
相位
相使
相公
相分
相加
相動
相合
相土
相好
相念
相思
相悪
相法
相者
相聞
相観
相輪
相銀
省別
省員
省城
省市
省筆
省線
省議
省長
県令
県会
県卒
県官
県文
県歌
県治
県隊
真事
真作
真信
真円
真刀
真勇
真印
真向
真味
真字
真愛
真数
真景
真気
真画
真神
真福
真説
真読
真身
真風
着外
着底
着数
着氷
着発
着肉
着車
矢石
知勇
知友
知命
知客
知州
知工
知府
知徳
知心
知意
知日
知業
知歯
知米
知者
知足
短兵
短形
短径
短急
短息
短才
短日
短柱
短毛
短生
短章
短笛
短衣
短見
短足
短音
短頭
石中
石人
石刀
石列
石化
石印
石工
石径
石文
石板
石火
石球
石画
石竹
石筆
石英
石階
石面
石馬
研北
礼典
礼器
礼式
礼意
礼教
礼楽
礼法
礼物
礼者
礼部
礼電
社伝
社倉
社参
社友
社号
社司
社命
社家
社旗
社日
社標
社歌
社用
社研
社章
社級
社線
社訓
社運
社隊
社頭
社風
社食
祝勝
祝文
祝着
祝言
神人
神位
神体
神使
神典
神助
神号
神名
神君
神命
神品
神問
神地
神変
神女
神孫
神官
神州
神幸
神式
神役
神徒
神徳
神想
神感
神文
神族
神書
神札
神機
神歌
神気
神水
神治
神法
神火
神牛
神物
神王
神知
神算
神米
神色
神草
神行
神衣
神言
神語
神起
神足
神身
神遊
神都
神鏡
神門
神階
神類
神馬
神鹿
祭主
祭事
祭司
祭器
祭場
祭天
祭室
祭式
祭服
祭火
祭衣
祭酒
福分
福北
福家
福相
福者
福茶
福運
秋分
秋園
秋夕
秋官
秋思
秋日
秋明
秋景
秋期
秋林
秋気
秋陽
秋雨
秋雲
科名
科挙
科料
科白
科研
科落
科長
科類
秒時
秒札
種内
種字
種数
種族
種根
種皮
積土
積寒
積小
積差
積徳
積悪
積数
積書
積送
積量
積雲
究理
空位
空佐
空冷
空包
空名
空城
空山
空後
空所
空望
空理
空相
空石
空老
空行
空説
空谷
空走
空輪
空都
空陸
空電
立位
立冬
立刀
立夏
立毛
立牛
立県
立礼
立秋
立米
立面
章京
章名
章末
章票
章節
章草
童体
童形
童画
童詩
童遊
競書
競望
競業
競歩
競速
競進
竹園
竹工
竹木
竹材
竹根
竹炭
竹皮
竹筆
竹管
竹紙
竹葉
竹門
竹頭
竹馬
笑声
笑林
笑気
笑芸
笛声
笛音
筆下
筆名
筆意
筆戦
筆才
筆木
筆法
筆生
筆画
筆管
筆紙
筆線
筆調
筆路
筆道
筆順
等位
等号
等差
等式
等方
等族
等時
等深
等温
等積
等覚
等親
等角
等辺
等速
等量
等黄
答練
答辞
算命
算数
算法
管下
管中
管主
管口
管台
管外
管守
管底
管形
管径
管末
管板
管楽
管用
管群
管足
管路
管頭
節会
節刀
節名
節季
節所
節日
節点
節球
節理
節筆
節足
節車
米名
米商
米塩
米材
米果
米西
米語
米道
米銀
米飯
糸根
糸球
糸竹
糸速
約量
約音
紙代
紙名
紙商
紙工
紙帳
紙数
紙業
紙筆
紙花
紙葉
級友
級地
級数
級長
級間
細事
細作
細動
細大
細太
細径
細末
細案
細毛
細民
細流
細筆
細節
細雨
終声
終夜
終曲
終板
終極
終油
終牧
終発
終筆
終車
終駅
組積
結体
結縄
結言
結連
結隊
結願
給主
給原
給地
給気
給特
給田
給知
給米
給糸
給配
絵伝
絵様
続命
続成
続録
緑住
緑便
緑光
緑土
緑旗
緑書
緑林
緑柱
緑水
緑灯
緑玉
緑衣
緑遊
緑酒
緑野
緑門
緑青
緑黒
線名
線図
線外
線径
線心
線材
線毛
線種
線虫
練兵
練功
練炭
練鉄
置官
置県
置酒
羊水
羊皮
羊群
羊肉
羊頭
美事
美名
美大
美想
美感
美挙
美文
美景
美服
美本
美果
美校
美水
美物
美犬
美玉
美田
美相
美神
美童
美肉
美育
美色
美言
美身
美辞
美音
群体
群参
群小
群心
群才
群数
群星
群玉
群童
群羊
群落
群読
群議
群長
群間
群鹿
習作
習字
習気
習風
老体
老兄
老前
老医
老友
老台
老学
老少
老弟
老弱
老心
老手
老板
老梅
老父
老犬
老生
老男
老病
老福
老計
老身
老農
老頭
老顔
老馬
考工
考見
考試
考説
耳根
耳標
耳石
耳管
耳道
聞持
聞法
聞老
聞香
肉交
肉代
肉愛
肉林
肉柱
肉根
肉池
肉球
肉界
肉筆
肉芽
肉類
育友
育徳
育林
育毛
育草
臣下
臣子
臣心
臣礼
臣節
臣道
自今
自冷
自利
自大
自局
自店
自強
自形
自心
自所
自服
自来
自校
自根
自歌
自毛
自注
自流
自消
自火
自照
自用
自界
自相
自笑
自縄
自船
自落
自行
自衣
自読
自車
自遊
自重
自門
自院
自食
自館
自験
船令
船位
船列
船医
船台
船夫
船手
船数
船旗
船材
船特
船種
船積
船級
船速
船運
船隊
良人
良化
良医
良友
良夜
良工
良弓
良方
良書
良木
良案
良母
良民
良法
良田
良相
良知
良種
良計
良運
良風
良馬
色光
色名
色差
色帯
色感
色料
色法
色界
色的
色相
色神
色票
色衣
色覚
色道
色面
色食
花下
花事
花信
花台
花名
花実
花径
花成
花明
花材
花林
花柱
花梨
花水
花石
花神
花竹
花肉
花芸
花葉
花虫
花門
花雨
花顔
芸林
芸道
芸香
芽球
苦参
苦受
苦土
苦役
苦果
苦海
苦熱
苦界
苦茶
苦計
苦鳴
英中
英主
英京
英兵
英勇
英印
英名
英商
英図
英式
英愛
英書
英法
英詩
英貨
茶台
茶名
茶味
茶商
茶園
茶席
茶庭
茶書
茶梅
茶気
茶法
茶礼
茶紙
茶芸
茶説
茶通
茶量
茶金
茶頭
茶類
草体
草卒
草字
草屋
草書
草本
草根
草炭
草生
草画
草種
草頭
草高
荷客
荷葉
菜刀
菜料
菜根
菜湯
菜豆
菜頭
菜館
落丁
落体
落想
落書
落月
落木
落果
落梅
落橋
落水
落輪
落速
落重
落陽
落首
葉中
葉油
葉温
葉理
葉肉
葉菜
葉身
葉部
葉重
薬力
薬包
薬医
薬名
薬園
薬大
薬室
薬帳
薬戸
薬札
薬材
薬王
薬石
薬研
薬礼
薬種
薬群
薬茶
薬酒
薬量
薬食
虫具
虫害
血中
血島
血海
血清
血相
血肉
血路
血雨
血風
行伝
行住
行力
行司
行学
行実
行改
行数
行旅
行服
行礼
行章
行管
行観
行走
行雲
行願
行香
街東
街民
街西
衣帯
衣香
表内
表化
表号
表外
表式
表徳
表末
表札
表材
表注
表流
表章
表色
西上
西低
西兵
西土
西天
西客
西府
西式
西旅
西来
西気
西流
西用
西英
西語
西説
西軍
要図
要地
要城
要式
要役
要機
要決
要理
要用
要目
要説
要路
要集
見台
見料
見神
覚体
覚官
覚者
覚起
親中
親兵
親北
親好
親明
親油
親用
親筆
親英
親試
親軍
親電
親魚
観兵
観天
観心
観想
観月
観梅
観法
観相
観花
角上
角回
角岩
角氷
角灯
角皮
角筆
角行
角通
角食
言中
言声
言外
言意
言笑
言者
言行
言表
言議
言路
計機
計理
計都
計面
訓民
訓注
訓話
訓辞
記主
記実
記数
記文
試植
試楽
試筆
試茶
試草
試買
試遊
詩体
詩友
詩客
詩家
詩形
詩思
詩想
詩意
詩才
詩曲
詩書
詩業
詩歌
詩法
詩注
詩神
詩章
詩節
詩草
詩行
詩話
詩語
詩選
詩酒
詩風
話例
話声
話材
話法
話芸
話録
話風
語例
語問
語字
語意
語根
語業
語注
語種
語言
語録
語類
説例
説唱
説文
読会
読心
課会
課名
課役
課所
課業
調光
調号
調器
調定
調帯
調役
調本
調活
調速
談理
議言
谷戸
豆果
貝器
貝子
貝母
貝漁
貝玉
貝種
貝葉
貝貨
負号
負名
負数
負極
貨主
貨車
買参
買官
買油
買電
買首
買魚
賀客
賀意
賀春
賀正
賀表
赤光
赤変
赤手
赤気
赤海
赤灯
赤点
赤球
赤県
赤緑
赤血
赤衣
赤道
赤雲
赤黒
走力
走化
走向
走時
走法
起始
起式
起手
起貨
起連
起重
起電
起首
足刀
足労
足取
足底
足心
足根
足歩
足浴
足熱
足玉
足芽
足部
足食
路村
路次
路温
路用
路車
路辺
路銀
路頭
身世
身中
身光
身力
身受
身命
身土
身後
身根
身業
身肉
車兵
車力
車声
車夫
車室
車番
車行
車速
車重
車長
車馬
軍争
軍令
軍使
軍刀
軍列
軍功
軍卒
軍器
軍夫
軍官
軍役
軍戸
軍持
軍旅
軍旗
軍書
軍服
軍港
軍王
軍産
軍神
軍票
軍種
軍管
軍船
軍談
軍議
軍都
軍長
軍門
軍馬
転会
転動
転園
転場
転子
転帰
転想
転折
転注
転相
転線
転衣
転語
転輪
転遠
転部
軽兵
軽功
軽労
軽卒
軽品
軽国
軽打
軽挙
軽気
軽科
軽種
軽荷
軽課
軽重
軽音
軽風
輪住
輪光
輪台
輪形
輪数
輪歌
輪灯
輪王
輪生
輪番
輪花
輪身
輪面
辞世
辞官
辞色
農住
農兵
農内
農外
農戸
農料
農書
農期
農本
農牛
農牧
農研
農神
農芸
農試
農都
農電
辺上
辺区
辺土
辺材
辺要
近事
近位
近信
近医
近古
近国
近心
近思
近村
近来
近業
近歩
近流
近浅
近習
近門
返札
返歌
返電
追号
追唱
追感
追福
追行
送念
送料
送油
送湯
送筆
送辞
通便
通役
通数
通日
通板
通直
通研
通票
通級
通線
通船
通議
通谷
通身
通辞
通道
通音
通風
速戦
速筆
速算
速結
連区
連印
連声
連夜
連対
連年
連成
連星
連曲
連生
連番
連節
連言
連辞
連運
連音
週市
週数
週日
週次
週番
進前
進取
進止
進物
進相
進見
進角
進運
遊人
遊出
遊印
遊君
遊子
遊客
遊山
遊底
遊星
遊民
遊漁
遊直
遊糸
遊船
遊芸
遊行
遊走
遊軍
遊農
遊金
運令
運刀
運指
運数
運材
運歩
運開
道力
道友
道台
道君
道員
道心
道念
道服
道果
道歌
道童
道管
道者
道衣
道観
道話
道都
道里
達意
達文
達書
達見
遠交
遠人
遠位
遠古
遠国
遠島
遠来
遠東
遠流
遠海
遠行
遠赤
選地
選外
選局
選悪
選果
選点
選科
選良
選薬
選言
選進
郡代
郡会
郡内
郡区
郡名
郡地
郡家
郡治
郡王
郡立
郡道
郡都
郡長
部兵
部室
部末
部練
部面
都司
都外
都察
都校
都管
都計
都長
都門
都開
都電
配位
配光
配向
配員
配字
配席
配意
配所
配球
配船
酒化
酒友
酒名
酒品
酒器
酒客
酒害
酒家
酒徒
酒心
酒数
酒母
酒池
酒石
酒神
酒肉
酒色
酒菜
酒連
酒道
酒食
酒飯
里合
里家
里正
里道
里選
里長
重代
重位
重列
重商
重土
重感
重星
重根
重水
重申
重病
重科
重種
重積
重言
重身
重農
重選
重陽
重電
野乗
野人
野夫
野岩
野戦
野梅
野気
野牛
野白
野群
野馬
量器
量水
金位
金円
金冷
金力
金印
金口
金員
金商
金塩
金字
金工
金帰
金晴
金札
金板
金梅
金欠
金波
金湯
金牛
金相
金研
金神
金科
金種
金管
金糸
金緑
金線
金花
金葉
金衣
金言
金談
金軍
金量
金鉄
金青
金風
金馬
鉄刀
鉄労
鉄北
鉄器
鉄地
鉄塩
鉄心
鉄木
鉄材
鉄水
鉄球
鉄相
鉄石
鉄筆
鉄管
鉄血
鉄輪
鉄部
鉄量
鉄鏡
鉄門
鉄馬
鉄魚
銀主
銀位
銀光
銀印
銀台
銀器
銀地
銀塩
銀子
銀山
銀札
銀歯
銀白
銀皮
銀票
銀笛
銀筆
銀糸
銀緑
銀線
銀輪
銀鏡
銀頭
銀馬
録話
鏡群
鏡面
鏡頭
長上
長元
長円
長古
長城
長夜
長弓
長形
長径
長方
長日
長柱
長歌
長気
長流
長目
長石
長祭
長秋
長管
長衣
長詩
長足
長辺
長近
長音
長頭
長風
長養
長魚
長鼻
門主
門内
門地
門客
門数
門札
門標
門流
門灯
門番
門神
門葉
門道
門院
門頭
開三
開元
開大
開差
開府
開度
開建
開式
開心
開成
開方
開気
開法
開物
開管
開角
開議
開道
開都
開陽
開音
開頭
開題
間欠
間然
間知
間者
間色
間葉
間道
関外
関料
関頭
阜部
阪和
阪奈
院主
院体
院印
院号
院司
院宮
院線
院門
陸佐
陸側
陸兵
陸化
陸岸
陸式
陸戦
陸標
陸水
陸王
陸産
陸田
陸空
陸羽
陸面
陸風
陸鳥
陽動
陽地
陽守
陽徳
陽数
陽明
陽春
陽月
陽根
陽極
陽池
陽火
陽物
陽生
陽画
陽葉
陽貨
陽運
隊内
隊形
隊数
隊旗
隊服
隊歌
階乗
階位
階名
階差
階数
集住
集古
集品
集村
集気
集水
集王
集童
集線
集電
集音
集題
雨声
雨害
雨氷
雨温
雨花
雨読
雪中
雪夜
雪寒
雪庭
雪景
雪松
雪柱
雪氷
雪白
雪皮
雪線
雪花
雪虫
雪里
雪風
雪食
雲上
雲入
雲外
雲客
雲山
雲底
雲手
雲文
雲月
雲林
雲気
雲海
雲級
雲表
雲角
雲遊
雲量
雲雨
雲高
電令
電場
電文
電束
電植
電点
電照
電熱
電産
電界
電発
電神
電量
電関
電食
電験
青光
青女
青成
青書
青林
青氷
青波
青灯
青玉
青白
青石
青票
青糸
青花
青衣
青面
青風
青黄
青黒
静大
静安
静室
静水
静注
静清
静者
静辞
面向
面外
面心
面感
面朝
面材
面色
面部
音便
音字
音工
音形
音板
音標
音注
音物
音管
音群
音訓
音転
音高
順光
順列
順正
順流
順路
順転
頭位
頭光
頭初
頭声
頭字
頭寒
頭板
頭毛
頭注
頭熱
頭肉
頭薬
頭足
頭音
頭首
題号
題意
題画
題言
題詩
題辞
顔法
顔相
願主
願人
願力
願学
願意
願文
願業
願行
類人
類典
類地
類字
類数
類曲
類本
類歌
類火
類目
類話
類語
類音
類題
風位
風体
風信
風刀
風前
風向
風声
風害
風寒
風度
風教
風月
風林
風橋
風気
風池
風波
風熱
風笛
風色
風角
風話
風説
風輪
風量
風鳥
飛信
飛札
飛毛
飛流
飛白
飛空
飛節
飛耳
飛花
飛角
飛語
飛雲
飛電
飛頭
飛香
飛駅
食人
食医
食原
食台
食客
食思
食服
食気
食治
食法
食神
食積
食育
食草
食葉
食虫
食貨
食農
食通
食間
食養
食香
食鳥
飯台
飯米
飯量
飯頭
飲茶
養家
養料
養母
養毛
養気
養牛
養親
養魚
館印
館外
館種
首府
首服
首標
首級
首要
首連
首部
首題
香主
香具
香合
香害
香成
香気
香油
香火
香調
香車
香雨
香雲
香魚
馬丁
馬代
馬体
馬借
馬具
馬前
馬名
馬夫
馬料
馬正
馬歩
馬皮
馬着
馬耳
馬肉
馬足
馬速
馬頭
馬飲
駅丁
駅商
駅夫
駅子
駅家
駅手
駅路
駅頭
駅館
験徳
験電
高商
高女
高家
高察
高工
高思
高文
高歌
高民
高点
高秋
高空
高節
高説
高風
高鼻
魚信
魚倉
魚口
魚味
魚塩
魚形
魚文
魚族
魚服
魚板
魚油
魚田
魚病
魚皮
魚相
魚種
魚道
魚食
魚鳥
鳥人
鳥名
鳥声
鳥害
鳥径
鳥雲
鳴放
鳴管
鳴鳥
鹿場
鹿鳴
麦器
麦芽
麦角
麦雨
黄体
黄口
黄土
黄帯
黄庭
黄梅
黄水
黄玉
黄白
黄石
黄紙
黄線
黄老
黄血
黄衣
黄連
黄道
黄顔
黄鳥
黒体
黒円
黒化
黒印
黒土
黒変
黒旗
黒曜
黒書
黒楽
黒死
黒油
黒炭
黒点
黒球
黒緑
黒縄
黒肉
黒衣
黒表
黒雪
黒青
鼻下
鼻根
鼻道
上代
下体
中文
他日
全食
別調
区議
南船
合子
回流
図工
国記
地神
外様
大決
大流
実記
客乗
席代
年調
年運
戸内
文福
新台
日運
春時
期定
末書
本作
本時
松花
機中
民意
水流
水都
治外
法言
流雪
消流
球速
産前
石勝
等色
等高
答書
約書
臣人
薬料
行書
行気
行金
要道
走馬
起辞
路標
連理
道人
重軽
階調
雨雪
風調
上作
不起
中音
中馬
会者
体用
内景
前向
台車
国福
国選
地生
城地
売電
定分
希求
帰線
後成
成文
所感
新受
日出
期首
正出
熱的
用薬
画道
石地
神出
神橋
種間
行信
西電
計帳
辺数
近見
通事
連語
部名
開目
面内
中外
中新
京外
令下
元歌
分行
右目
各回
地本
学連
山会
庭上
心音
意力
戦用
書作
書司
校外
楽人
港長
物上
生材
用方
画中
病害
良時
色材
観者
軍記
電工
世人
中力
元三
兵式
内空
原病
同金
学商
学農
府下
当年
教組
日神
朝会
期初
油化
生花
生金
相等
等活
語調
通人
金的
銀波
銀貨
上意
健体
勝局
回運
声中
学同
後下
戦敗
日内
日来
水害
治下
要部
全局
分福
卒後
同走
国法
国電
外事
始点
害虫
新教
東学
治部
社共
船社
覚書
計表
住区
全消
分都
台上
学人
工区
式次
標線
町法
画室
輪部
馬牛
馬連
全回
全高
女体
子院
学兵
日東
木玉
楽書
社数
美林
両組
中全
人別
仕合
体大
全戦
円上
北朝
大風
定本
宿代
小勇
戦地
文理
本代
用金
画上
空家
農工
高所
人外
別法
声聞
強国
後出
所法
教区
理大
相府
知母
終日
連京
不戦
争力
内事
別働
友国
工機
市銀
成員
未決
松会
海港
会記
前連
所化
東関
点者
用人
不整
光感
分所
当用
板上
正時
治国
給金
芸文
行頭
青天
不味
手元
民活
水明
県魚
都区
風通
上歩
令書
化城
国力
害用
月下
洋風
社中
船場
連産
不道
人海
低水
分町
原歌
大兄
定者
挙人
本実
番長
県木
話速
農林
遊魚
重連
体表
客側
正作
終期
聞役
見聞
車間
各月
本初
活路
県城
節末
行火
博労
名文
家風
工科
神代
西人
馬歯
人夫
大行
島内
未完
無節
物化
等外
自隊
対語
火点
真理
語法
上室
定速
当行
社協
要事
音間
人面
各代
戦機
正使
民集
肉屋
別席
夜食
家法
短打
館主
内実
商会
大要
小生
生利
軍中
風冷
中数
会下
和戦
土功
客観
新道
業病
海村
町地
空路
船客
調色
長生
不合
同下
死球
線画
色刷
花畑
選者
不発
典礼
実根
役名
所当
終局
通法
下図
世知
勝点
星天
社人
空戦
代地
物議
分社
各課
室料
悪女
本訓
球界
科特
人地
会所
単機
外方
好配
真上
初年
化生
北上
半風
夜会
本屋
両機
博文
各車
省部
電業
信行
山頭
庫内
期成
無生
無調
番人
秋色
階下
労連
外売
定日
門部
立市
体部
家地
岩松
後連
県作
社地
力作
時給
書中
文人
秒数
級化
赤黄
区会
所行
明文
最古
水雲
票数
言語
金法
門生
和軍
州間
日文
星空
最中
電器
類同
単年
同通
息子
理科
部課
代官
合法
年差
本給
機業
節目
長広
合人
街村
別動
屋戸
市庭
新主
行人
地学
大箱
花文
南三
赤児
全機
北地
各科
学祭
店長
楽界
短長
街市
屋形
全品
新卒
石道
種名
終戦
食分
他生
年別
新古
新本
花月
落着
間八
光色
全車
別集
大区
州道
新局
上文
向日
生研
高配
全年
車名
小利
校内
各委
各階
新種
両所
国共
本工
節内
同郡
来車
前行
回国
地法
安売
岩屋
本通
身元
上回
同対
愛想
金運
上界
根部
港内
調度
人日
光子
内所
別事
速度
飲屋
高名
国大
学名
小四
星学
大白
州兵
中側
人部
会主
入水
勝戦
港街
漢鏡
出面
学法
実成
成金
明度
空地
薬中
要港
色白
苦労
工品
入金
神祭
苦手
先物
国地
大地
府主
東地
大事
店数
海内
心線
商時
地決
月来
無記
茶代
行場
部落
高二
目白
短文
行文
高大
会日
小文
後住
終章
言文
名店
最右
未達
正道
多生
右足
行客
足長
初会
着駅
人法
体色
田地
息気
日明
家人
投機
道理
町屋
軽車
別名
対面
海戦
真顔
風見
館長
父様
会員
行末
国公
身体
健児
左上
未着
極高
機内
県農
社福
近作
助員
米貨
不登
米式
主屋
母家
海市
球児
例数
全区
出前
炭火
練度
希代
漢薬
金平
古生
会行
目安
各類
当日
景色
数別
様相
真先
真青
表作
道家
上戸
土法
温度
内国
区旗
用量
糸口
内庭
北海
内港
当今
後金
土工
野見
副本
線数
黄緑
両等
加点
生卒
不出
先後
新作
目玉
国漢
官業
川下
表高
場外
学理
年時
本朝
湯守
用度
真物
行者
仕分
作中
内楽
引合
先度
全輪
東軍
無作
魚場
細工
手近
買入
食事
声区
旗本
真丸
先安
口悪
大味
横広
毛深
直路
足弱
雨林
黒山
回春
神戦
神風
要法
見出
鳥肉
分園
各区
年高
大日
雪量
争点
官人
外分
大発
悪天
新日
火事
所要
県南
切下
曲者
寒気
行間
記帳
山里
放課
小味
当代
正法
小六
新国
市都
流人
等電
組立
回生
番台
冬物
動体
宿料
省人
同音
後行
原由
色度
色調
北半
日直
立成
法問
無反
置屋
席数
木地
真正
太山
町役
原理
気管
気音
全地
光害
安宿
元日
香風
労委
走路
前足
成語
名工
当量
両耳
新字
顔付
本金
正気
火線
芸子
変化
安手
山水
手下
夏祭
小休
車戦
学群
真冬
同作
動植
持出
春秋
海国
農作
同都
相同
記法
所業
不死
大公
人知
子指
分場
良材
自機
全種
別本
局間
左耳
太白
城内
全期
標数
同大
夏物
本立
中倉
取出
小事
積立
表面
官名
泣声
取消
小都
重唱
頭分
全科
業体
筆体
仕付
界線
小犬
火元
神前
鉄山
円安
力線
反物
和歌
官界
全労
全店
未開
課長
芸学
芸界
青色
右投
差止
後味
王院
神鳴
区外
同博
子牛
省要
来社
同法
木芽
東部
浅木
浅黄
洋館
良悪
表側
売行
辺郡
国事
時下
全銀
目覚
面上
油紙
画法
上家
国数
初音
味気
県産
多福
次手
口説
大教
生国
西洋
島列
熱時
発心
地車
実理
浅香
道教
本教
用事
練達
取組
品名
見所
船側
人家
手伝
当会
横側
合力
下生
不安
体形
鉄色
入学
当地
不具
行員
売人
家別
無感
上向
板本
郡市
少時
目上
連火
文語
大光
後天
悪感
屋根
市郡
社印
上着
雲母
南口
天漢
用例
飯借
定法
力戦
道先
大集
用便
取下
大明
定席
大洋
手役
記音
首根
体内
東半
成美
戦中
波間
約数
天神
客体
赤口
農会
湯屋
相方
着点
身外
黒星
右耳
国都
客土
男前
通語
日付
円内
立木
元夫
共用
物相
級別
最上
東口
植付
直下
不利
左目
早月
白目
各機
氷室
国望
多選
便器
小家
清和
度数
材面
路側
雪国
中和
月中
下着
湖周
同所
形名
道着
心根
畑道
魚人
事大
地利
外商
子役
着物
街角
雲行
両地
問屋
夜業
民地
夏休
時相
死体
連子
薬屋
神酒
陽光
同和
引分
新王
何千
原地
色葉
取付
父方
行手
見開
成山
社主
英明
青虫
分速
笑顔
上面
古参
教部
昭代
知合
大入
対側
仕上
詩文
低次
持運
西線
元朝
新京
集落
矢切
音色
下元
中味
仕方
作物
冬場
川底
熱感
乗合
時化
部下
男物
議事
治水
家用
旅先
水鳥
小声
相当
点数
売物
洋医
楽家
付立
山男
死金
見通
年初
上天
売場
公家
初雪
山道
立方
養老
黒目
名乗
市名
点目
他用
月見
立金
血道
鳴物
対戦
本市
所見
副都
小春
両教
追手
刀法
島国
足高
初耳
別科
受取
本事
木箱
足音
下部
歌声
差引
石屋
無道
肉食
国主
有林
馬子
赤色
高角
空屋
焼色
土筆
見立
上宿
急電
里親
手口
節分
利差
前歯
親側
仕草
白丸
結束
羽太
低所
市上
明徳
本流
聞耳
仕種
旗下
晴着
例会
茶館
頭打
出合
夜道
里人
女物
兵部
物音
買付
歩法
右左
法度
直中
議案
横顔
真横
雪山
市水
勝星
大鳥
見返
買取
酒場
飲物
中軍
取立
米所
元売
秋空
体化
取調
同種
阪高
上衣
変名
指先
雲間
下草
水温
買春
切地
海景
働力
小花
早道
前議
全省
初湯
火柱
空箱
童児
人選
地人
民数
見習
黒帯
取極
庭内
取決
口火
年玉
息物
青帯
下味
口車
日西
明後
上皿
不調
先口
待合
対中
成行
神薬
西京
徒者
実父
足軽
仕手
会式
多言
山波
船旅
旅路
町内
夜長
羽音
館員
山鳥
折返
持前
内地
夕日
別学
明主
村社
申出
引金
引鉄
文数
札付
出会
出足
足場
夜目
大目
引受
道議
宿屋
近体
子熊
男親
雪雲
青土
箱形
細形
小男
母方
切目
山場
家根
親指
岩戸
年子
同形
持味
親玉
赤毛
歯車
朝顔
色街
風下
同文
機電
小箱
旅話
書館
無神
神通
空巣
雨雲
乗物
海気
親柱
明知
畑作
見晴
官家
寺町
小鳥
正受
民国
箱入
取次
愛着
沖雲
仕入
付根
坂道
真心
後口
同院
教令
切花
湯水
黒船
気味
水虫
目頭
箱物
足湯
妹神
細雪
肉量
道引
手鏡
持高
有楽
県北
死目
色味
入子
各部
昔話
体付
口先
夕市
大店
星印
男湯
花祭
赤白
雨音
雨風
味塩
塩焼
引落
星祭
水街
花物
不念
谷行
雨夜
首元
子種
局車
泣言
表通
赤花
北軍
小魚
徒食
急足
熊手
親熊
中指
島船
水指
焼鳥
目先
里方
南倉
月白
色石
丸顔
夕陽
歯形
歯止
毛虫
水差
沖合
緑帯
親心
入物
小二
指物
白焼
聞手
聞物
表耳
西部
買主
長旅
丸形
例文
出目
古巣
小児
小顔
生身
軽口
元兵
切売
北倉
府市
水音
法会
目高
色里
門松
借物
前玉
塩味
大船
女心
安物
実名
平場
持場
玉虫
夜店
巣箱
店先
早場
早足
真昼
位記
入日
夕立
女手
岩場
建前
持物
空耳
置引
草色
草花
赤玉
近場
切長
受身
古様
名札
女湯
果物
根曲
物指
貝柱
赤丸
長雨
雨女
飛火
鼻水
大皿
強火
春物
板前
物差
石頭
色町
谷側
利目
名残
子鳥
山女
横糸
湯飲
空売
立前
虫歯
野末
仲店
年波
持主
松明
板紙
水菜
流者
湯船
目差
細身
飲水
鼻血
下心
兄神
切身
口笛
小皿
形代
毛色
水心
水物
深酒
湯気
牛女
聞書
色合
葉色
読物
遠目
酒手
青息
借手
切味
切通
夕焼
夜泣
夜船
底力
心太
打身
指輪
横車
波音
白波
緑物
赤青
軽石
陽線
顔立
円顔
受口
国作
土物
子守
差物
弱火
後玉
思入
書取
根切
横笛
流矢
男手
目印
置石
色気
青豆
中庭
切口
北池
古顔
塩気
大麦
家路
建屋
手引
手持
手立
手管
海牛
男坂
目薬
米印
置物
花入
足手
速歩
速足
雨戸
首輪
黒豆
鼻先
乗場
事始
仲買
受皿
外回
女坂
女組
寒空
幸先
強味
強身
手品
手塩
手船
折紙
旗印
木札
焼石
物置
申年
白夜
糸引
耳鳴
船底
色香
花組
薬指
語物
赤身
足指
足輪
間取
青皮
青鼻
鼻面
人里
付人
内祝
切札
勝組
受売
口取
古手
和物
売主
夕波
大引
天豆
守神
家船
小町
小鼻
山羊
山薬
岩角
岩魚
差油
底物
庭先
庭木
建家
引波
手明
手玉
拾物
持手
晴間
書付
月極
有金
母心
毛皮
注油
深味
火種
焼魚
照焼
物売
理化
生首
産声
発止
真前
矢印
積木
空豆
立札
競市
船人
花平
苦虫
草分
葉先
葉数
語口
負戦
負軍
赤土
赤貝
身形
身重
酒倉
野羊
野花
野道
金切
長刀
長話
関取
飛石
魚心
黄身
鼻声
鼻持
上前
上口
上土
上差
上帯
上板
上毛
上火
上糸
上紙
上船
上荷
上身
上風
下仕
下前
下取
下右
下屋
下左
下帯
下文
下木
下板
下歯
下湯
下火
下目
下積
下糸
下羽
下葉
下身
不男
世心
世波
中口
中右
中君
中売
中定
中州
中左
中差
中折
中池
中男
中着
中表
中買
中通
中黒
丸帯
丸底
丸打
丸物
丸皿
丸目
丸石
丸竹
丸筆
丸葉
丸身
丸頭
丸首
丸麦
丸鼻
主水
主皿
乗手
乗打
事書
井守
人付
人声
人宿
人山
人待
人柱
人橋
人波
人熱
人買
人音
今参
今方
仕出
仕口
仕向
仕打
仕物
仕置
付合
付城
付札
付馬
代満
仲仕
仲働
仲合
仲売
仲直
休石
佐臣
何屋
何心
何業
何色
倉入
倉底
倉荷
借主
借受
借方
借着
借船
借衣
側柱
側目
元入
元受
元口
元湯
元玉
元種
元箱
元縄
元芽
元黒
兄宮
先付
先太
先箱
先細
先買
入歯
入海
入目
入相
公魚
共帯
共木
共糸
共紙
共色
兵児
内入
内店
内書
内湯
内神
内箱
内臣
冬側
冬日
冬木
冬着
冬空
冬草
冬菜
冬道
冬青
冬鳥
冷飯
冷麦
出丸
出初
出城
出女
出州
出手
出機
出湯
出玉
出花
出買
出里
出鼻
刀屋
刀自
刀豆
分里
切先
切取
切子
切岸
切戸
切欠
切水
切火
切炭
切畑
切石
切立
切紙
切羽
切金
切麦
初午
初声
初売
初子
初市
初氷
初物
初皿
初空
初花
初荷
初買
初風
利所
利手
利酒
前付
前帯
前板
前神
前羽
前赤
副子
副祝
力持
力水
力糸
力足
助船
勇魚
勝味
勝虫
勝車
勝間
包紙
包金
北組
午年
午時
南丸
南手
南様
南組
友引
反橋
反角
反身
取初
取口
取木
取札
取由
取皿
取石
取計
取高
受木
受流
受箱
口下
口入
口前
口合
口女
口広
口書
口白
口細
口足
口金
古兵
古寺
古歌
古池
古物
古種
古糸
古血
古言
古鉄
右指
右横
右角
右頭
右顔
右首
合印
合口
合帯
合札
合着
合竹
名主
名子
名折
名親
味女
味所
味酒
命毛
和毛
品書
品玉
商内
商場
問丸
固目
固筆
国元
国引
国持
国神
国祭
国表
土取
土気
土波
土畑
土笛
土練
土船
土色
土車
土雲
城側
城方
場庭
場末
場札
塩売
塩屋
塩引
塩湯
塩物
塩花
塩豆
塩道
塩魚
売付
売口
売声
売子
売家
売手
売立
売高
夏山
夏川
夏市
夏帯
夏毛
夏氷
夏畑
夏着
夏空
夏色
夏花
夏雲
夏風
夏鳥
夕光
夕星
夕晴
夕月
夕空
夕雲
夕風
外孫
外庭
外書
外法
外湯
外町
外目
外箱
外薬
外表
外足
外開
夜側
夜宮
夜寒
夜市
夜旅
夜昼
夜話
夜軍
夜雨
夜顔
夜風
大底
大息
大戸
大星
大歌
大波
大犬
大祝
大筆
大管
大縄
大羽
大耳
大菜
大葉
大赤
大足
大酒
大鏡
大顔
大首
大鹿
天糸
太物
太糸
夫方
女宮
女山
女岩
女帯
女持
女文
女方
女時
女木
女松
女歌
女気
女波
女童
女竹
女節
女親
女車
女顔
妹山
姉神
子代
子年
子持
子方
子神
子羊
子耳
子鹿
守刀
守宮
守札
安酒
安魚
客神
宮人
宮守
宮所
宮持
宮方
宮柱
宮水
家付
家形
家持
家数
家犬
家神
家童
家飯
宿側
宿元
宿木
宿着
宿船
富札
寒夜
寺側
寺入
寺子
寺男
寺酒
小丸
小使
小切
小前
小力
小半
小君
小場
小女
小庭
小息
小昼
小柱
小根
小梅
小梨
小歌
小波
小焼
小童
小筆
小米
小結
小羊
小者
小耳
小虫
小衣
小言
小足
小車
小面
小頭
小風
小首
局主
山人
山側
山刀
山土
山坂
山子
山成
山数
山方
山気
山犬
山立
山童
山豆
山雪
山面
山風
岡多
岡持
岡目
岩室
岩木
岩根
岩組
岩虫
岩道
岩鏡
岩面
島人
島守
島宮
島山
島歌
島酒
川側
川札
川柱
川止
川波
川港
川竹
川虫
川道
川音
川風
川魚
州元
巣口
巣皿
左指
左縄
左角
左頭
左馬
左鼻
差前
差塩
差歯
差毛
差水
差湯
差立
差紙
差薬
差金
市司
市正
市祭
帯代
帯側
帯山
帯戸
帯板
帯玉
帯皮
帯祝
帯紙
帯親
帯金
平取
平底
平打
平泳
平物
平皿
平筆
平箱
平組
平草
平虫
平豆
平貝
平首
平麦
年神
広前
広口
広山
広形
底側
底光
底取
底土
底引
底方
底板
底根
底石
底荷
底豆
底魚
店借
店子
店者
庫入
庭側
庭口
庭土
庭場
庭梅
庭池
庭火
庭男
庭石
庭神
庭積
庭草
建主
建付
建売
弓取
弓数
弓末
弓矢
弓頭
引戸
引折
引時
引札
引歌
引物
引目
引直
引縄
引船
弟切
弟宮
弟神
弟風
弱味
弱竹
弱虫
弱身
弱音
強紙
強面
強飯
当身
形板
待受
待橋
後付
後側
後入
後前
後山
後戸
後指
後朝
後祭
後言
徒人
徒口
徒名
徒君
徒心
徒気
徒組
徒花
徒話
徒足
徒頭
徒飯
心付
心利
心夫
心祝
息声
悪場
悪様
悪身
戦神
戸板
戸車
所書
手付
手刀
手切
手向
手回
手心
手旗
手木
手械
手植
手業
手水
手油
手湯
手球
手箱
手縄
手習
手花
手落
手覚
手負
手車
手長
手鼻
打交
打刀
打手
打橋
打消
打物
打荷
打衣
打豆
打音
投物
投節
投縄
投首
折助
折声
折山
折形
折戸
折箱
折首
拾屋
持口
持弓
指分
指手
指毛
指笛
指金
改方
教草
散積
数取
数物
文使
文月
文札
文板
文箱
文色
文荷
文車
新室
新湯
新身
方人
方様
旅心
旅物
旅衣
旗持
旗日
旗標
旗色
旗雲
旗頭
旗風
日切
日待
日次
日計
日足
日車
日長
日面
早出
早昼
早業
早玉
早縄
早耳
早見
早飯
早馬
明先
明衣
昔人
昔者
星下
星取
星合
星目
星神
星組
春方
春着
春辺
春鳥
昼中
昼側
昼酒
昼顔
曲木
曲物
曲玉
曲見
曲角
曲雲
書初
書立
月代
月宮
月形
月星
月毛
月水
月男
月組
月草
月足
月酒
有合
朝北
朝寒
朝庭
朝昼
朝湯
朝空
朝酒
朝雲
朝風
木取
木守
木弓
木末
木板
木柱
木笛
木組
木草
木表
木通
木連
木雨
木鼻
未年
未草
末木
末黒
本歌
本船
本鳥
本黒
札差
札止
村側
村方
村男
村界
村祭
村路
村里
村雨
束石
来手
東女
東歌
東男
東組
東路
東雲
東面
松炭
松皮
松虫
松風
板場
板子
板屋
板引
板戸
板皿
板目
板石
板組
板間
板頭
柱下
柱間
校倉
根付
根合
根太
根方
根明
根松
根石
根竹
根雪
根魚
梅印
梅味
梅畑
梅色
梅見
梨形
梨畑
森側
植人
植代
植女
業前
業物
極付
極書
極札
標山
標縄
横合
横帯
横引
横手
横木
横板
横根
横様
横波
横物
横石
横紙
横組
横置
横羽
横足
横道
横雲
横面
横風
横飯
橋守
橋形
橋板
橋柱
橋祭
機屋
機音
欠目
歌主
歌入
歌切
歌口
歌女
歌心
歌読
歌関
止刀
止金
歩板
歯先
歯切
歯黒
死口
死時
死水
死節
死身
死返
死顔
死首
残火
残香
母熊
母牛
母物
母犬
母者
母虫
母馬
母鳥
毛先
毛引
毛束
毛流
毛玉
毛球
毛群
毛足
毛長
氏上
氏子
氏寺
氏社
氏神
民草
水切
水取
水子
水底
水引
水柱
水次
水止
水氷
水油
水玉
水糸
水船
水薬
水計
水貝
水足
水鏡
水青
水飯
水鼻
氷旗
氷木
氷水
氷箱
氷雨
氷魚
池側
池庭
沖側
沖方
沖波
油取
油子
油屋
油差
油気
油火
油物
油皿
油草
油菜
油薬
油魚
波戸
波月
波板
波止
波路
波返
波雲
波風
泣石
泣面
泣顔
活花
活魚
流物
浅手
浅皿
浅緑
海参
海坂
海幸
海手
海暗
海色
海虫
海馬
海鳴
消口
消炭
深場
深手
深皿
深緑
深間
清元
温湯
湖側
湯口
湯場
湯女
湯宿
湯次
湯波
湯玉
湯畑
湯立
湯花
湯葉
湯道
湯面
湯音
漢心
漢意
火先
火入
火切
火屋
火打
火玉
火皿
火祭
火縄
火色
火虫
火足
火雨
火食
灯虫
炭取
炭屋
炭焼
炭色
焼場
焼塩
焼山
焼物
焼玉
焼畑
焼金
焼飯
照笑
熊男
熊皮
熊祭
熊虫
熱味
父主
父宮
父熊
父鳥
牛方
牛熊
牛玉
牛顔
物原
物声
物成
物日
犬屋
犬死
犬玉
犬走
犬顔
玉手
玉毛
玉章
玉箱
玉糸
玉菜
球数
球足
生塩
生平
生木
生玉
生皮
生節
生米
生糸
生足
生酒
生魚
産土
産毛
産湯
産着
産神
産衣
田主
田事
田作
田打
田歌
田虫
田道
申口
申文
申次
男側
男帯
男心
男持
男方
男木
男歌
男波
男神
男節
男車
男道
町側
町口
町場
町着
畑側
畑土
畑木
畑物
畑麦
番木
病犬
病葉
登口
白下
白初
白場
白声
白太
白州
白帯
白札
白松
白根
白歯
白湯
白熊
白犬
白皿
白箱
白糸
白組
白練
白縄
白羽
白花
白豆
白赤
白首
白魚
的球
皮側
皮包
皮帯
皮底
皮目
皮衣
皮身
皿形
皿数
皿板
目交
目光
目切
目利
目力
目土
目打
目方
目星
目板
目細
目結
目色
目角
目路
目近
目顔
目黄
目鼻
直心
直衣
相口
相宿
相物
相身
県主
真北
真南
真名
真土
真東
真水
真竹
真緑
真草
真西
真金
矢場
矢声
矢庭
矢形
矢数
矢文
矢束
矢来
矢玉
矢種
矢立
矢竹
矢羽
矢車
矢面
矢風
知辺
短夜
短手
石切
石女
石子
石宮
石宿
石弓
石持
石数
石根
石梨
石湯
石焼
石皿
石積
石笛
石組
石衣
石豆
石音
研屋
祝事
祝人
祝女
祝部
祝酒
神主
神側
神口
神司
神指
神有
神業
神池
神立
神虫
神鳥
秋上
秋味
秋夏
秋寒
秋晴
秋歌
秋物
秋顔
秋高
科戸
種川
種木
種板
種油
種火
種牛
種物
種石
種紙
種親
種馬
積付
積入
積出
積取
積荷
空働
空合
空木
空橋
空池
空畑
空皿
空目
空積
空笑
空船
空色
空買
空足
空身
空音
空馬
立塩
立庭
立引
立待
立挙
立文
立板
立業
立泳
童歌
童言
競買
竹倉
竹光
竹塩
竹屋
竹束
竹矢
竹笛
竹縄
竹足
笑草
笛竹
筆先
筆太
筆数
筆石
筆立
筆箱
筆結
管側
管柱
管玉
管耳
箱下
箱宮
箱庭
箱書
箱球
箱男
箱船
箱馬
節玉
節糸
節黒
米場
米虫
糸入
糸切
糸底
糸所
糸方
糸玉
糸目
糸車
糸道
糸魚
紙入
紙切
紙包
紙塩
紙女
紙子
紙屋
紙札
紙束
紙玉
紙皿
紙笛
紙箱
紙衣
細口
細声
細引
細根
細波
細石
細糸
細葉
細道
細面
組下
組付
組入
組外
組子
組手
組打
組木
組歌
組物
組糸
組頭
続物
緑湯
緑組
緑花
緑葉
緑虫
練物
練糸
練色
縄付
縄先
縄帯
縄手
縄目
置台
置土
置形
置文
置花
羊男
羊草
羊雲
群竹
群雲
羽交
羽口
羽子
羽指
羽板
羽白
羽色
羽虫
羽衣
羽車
羽風
老先
老松
耳上
耳側
耳底
耳横
耳毛
耳水
耳無
耳菜
耳輪
耳金
聞事
聞所
聞酒
船倉
船印
船君
船子
船守
船宿
船屋
船形
船息
船戦
船改
船方
船板
船標
船歌
船玉
船着
船祭
船荷
船虫
船足
船路
船軍
船連
船門
色事
色女
色子
色形
色数
色板
色止
色水
色物
色男
色節
色糸
色虫
色見
色話
色遊
色音
花丸
花人
花友
花守
花宿
花市
花心
花数
花時
花札
花板
花氷
花球
花立
花船
花茨
花草
花菜
花落
花豆
花車
花軍
花野
花首
芽元
芽先
苦塩
苦無
苦竹
苦草
苦菜
茨道
草入
草取
草市
草矢
草笛
草葉
草軽
草道
荷主
荷口
荷札
荷止
荷積
荷箱
荷縄
荷船
荷足
荷車
荷馬
菜切
菜売
菜花
菜葉
菜飯
落人
落口
落方
落魚
葉守
葉形
葉月
葉末
葉水
葉物
葉竹
葉箱
葉芽
葉虫
葉音
葉風
薬売
薬玉
薬箱
薬香
虫声
虫屋
虫札
虫気
虫湯
虫男
虫笛
虫草
虫薬
血刀
血合
血川
血目
血祭
血豆
行器
行平
街場
街着
街種
衣毛
衣通
表口
表名
表店
表庭
表戸
表方
表書
表歌
表町
表目
表着
西入
西手
要石
見付
見取
見受
見目
親木
親本
親牛
親犬
親神
親船
親里
親雲
親馬
親鳥
角店
角弓
角書
角木
角目
角石
角笛
角貝
角鹿
言事
言伝
言問
言種
言草
語手
語草
語部
読人
読切
読手
読札
調車
谷止
谷道
谷風
豆板
豆油
豆畑
豆皿
豆飯
貝焼
貝輪
負方
負目
負組
買回
買板
買次
赤刷
赤印
赤女
赤実
赤帯
赤月
赤札
赤梨
赤標
赤水
赤火
赤牛
赤犬
赤皮
赤目
赤箱
赤米
赤糸
赤紙
赤組
赤耳
赤芽
赤葉
赤虫
赤豆
赤車
赤馬
赤魚
赤鹿
赤鼻
走井
足側
足冷
足切
足半
足固
足形
足板
足業
足毛
足白
路角
身側
身印
身持
身柱
身欠
身皮
身空
車引
車牛
車男
軽子
軽市
軽業
軽焼
輪積
輪縄
輪虫
近火
近矢
近間
追物
追金
追風
通庭
通箱
通草
速玉
連主
連足
遊部
道悪
道板
道火
道糸
道草
道角
道辺
達引
遠年
遠浅
遠火
遠矢
遠近
遠道
遠里
遠音
郡方
部曲
都人
都節
都草
都落
都辺
都鳥
酒塩
酒室
酒旗
酒波
酒種
酒組
酒船
酒荷
里回
里川
里心
里田
里雪
重湯
重石
重立
重荷
野守
野川
野池
野点
野立
野茨
野阜
野面
野風
金元
金包
金売
金気
金貝
金輪
金頭
鉄気
鏡作
鏡岩
鏡板
鏡池
鏡男
鏡箱
長手
長持
長板
長湯
長着
長節
長虫
長言
長路
長道
門付
門口
門火
門辺
間口
間合
間広
間日
間柱
間男
間着
関守
関札
関板
関風
陸湯
雨気
雨男
雨皮
雨着
雨神
雨空
雨落
雨足
雨間
雪代
雪坂
雪女
雪平
雪持
雪明
雪気
雪水
雪消
雪玉
雪男
雪空
雪童
雪組
雪菜
雪見
雪路
雪輪
雪間
雪鳥
雲井
雲取
雲形
雲紙
雲足
雲路
雲鳥
青丸
青側
青印
青屋
青岸
青旗
青札
青毛
青水
青海
青火
青物
青矢
青竹
青箱
青組
青緑
青羽
青芽
青草
青菜
青貝
青足
青身
青金
青首
青馬
青魚
青麦
静心
面差
面持
面水
面立
面輪
面長
音取
頭周
頭虫
顔側
顔形
顔毛
顔白
顔鳥
風待
風折
風玉
風知
風草
風足
風音
飛倉
飛出
飛子
飛板
飛梅
飛箱
飛魚
飯売
飯子
飯時
飯湯
飲助
飲口
養君
養鳥
首下
首側
首先
首屋
首引
首板
首横
首祭
首落
馬側
馬副
馬印
馬宿
馬屋
馬市
馬形
馬指
馬方
馬柱
馬標
馬貝
馬追
馬長
馬陸
馬面
馬顔
馬飛
馬験
高声
高手
高持
高歯
高波
高草
高話
高足
魚付
魚子
魚止
魚皿
魚直
魚箱
魚節
魚荷
鳥子
鳥打
鳥毛
鳥男
鳥皮
鳥笛
鳥虫
鳥貝
鳥追
鳥頭
鳥飯
鳥首
鳴女
鳴神
鹿印
鹿形
鹿皮
鹿虫
鹿頭
麦湯
麦畑
麦秋
麦笛
麦飯
黄丸
黄味
黄旗
黄花
黄赤
黒味
黒女
黒戸
黒手
黒服
黒札
黒歌
黒毛
黒池
黒焼
黒熊
黒牛
黒物
黒犬
黒玉
黒皮
黒箱
黒糸
黒苦
黒血
黒貝
黒赤
黒酒
黒飯
黒馬
黒鳥
黒鹿
黒麦
鼻側
鼻元
鼻木
鼻柱
鼻横
鼻毛
鼻紙
鼻縄
鼻薬
鼻輪
鼻頭
上積
中入
元高
出歯
前側
力業
口遊
口開
小夜
山国
市日
引付
引手
形無
手人
死所
水場
水木
治世
浴衣
物書
生音
秋草
空荷
細魚
羊歯
花生
芽生
西東
西組
足太
開山
丸木
借上
小木
局口
山幸
市人
東道
生水
生血
目見
間事
関山
大市
後記
持金
末口
活計
生機
雲助
上町
内高
各話
大神
年女
引下
手事
未申
立神
好者
中度
内人
刷物
大女
子馬
橋立
物事
立羽
近目
高菜
切首
孫子
山間
市女
打出
指差
東屋
水先
白血
野寺
品数
夜鳴
根深
物見
輪金
受合
品部
曲家
書出
深部
生紙
田遊
石室
西半
戸人
戸前
赤巣
人出
元結
悪者
日差
夜明
子中
引出
数多
新学
毛羽
車前
人天
楽地
申立
童部
名付
塩海
大角
省局
角形
有高
理観
赤面
母衣
音屋
取手
県守
西陽
院家
水量
売女
鹿児
発機
年式
年弱
白味
菜種
根城
外公
小馬
数等
生薬
算式
野山
小菜
物持
真人
市鳥
待人
町橋
行幸
出先
心力
新社
白毛
行先
物入
合方
図記
白笑
向側
根底
下男
社前
魚市
同工
日光
水飲
村人
入方
夏場
小見
打首
頭目
人差
辞代
馬道
取入
前宮
同話
外海
焼野
田植
新紙
置場
西日
水様
中間
兵六
向付
芸人
果子
人死
画風
県人
城西
鳥屋
竹刀
色目
川方
星群
見直
下手
書箱
母音
生心
小路
民会
受持
夕顔
後車
鉄船
左足
年強
度外
間人
調使
調室
水管
教民
力量
川中
未分
水行
全話
産地
古里
平屋
空事
空言
大水
小一
成敗
西市
変人
見場
住民
生時
客船
省都
後書
月末
同部
小委
川前
黒色
形木
合間
細目
遠見
上世
火焼
山守
平城
真後
文集
美味
死場
海女
青味
理法
兵隊
利金
地味
所以
高年
草地
大半
気量
行年
入合
田楽
音数
飯屋
大兵
洋上
梨子
文台
点的
右下
左官
所内
新木
副書
花道
中市
同銀
門中
大君
読取
着順
上等
人伝
注連
側女
包丁
南流
有光
漁火
目数
力紙
名分
声明
東入
法輪
票差
気表
県議
何回
何才
何本
塩湖
州歌
計歩
老夫
言下
年末
朝焼
売出
村高
高飛
直会
落葉
中空
頭語
人前
駅数
生地
町民
紙魚
衣魚
大念
波線
出立
車止
定書
感度
高遠
手打
上分
別産
根原
花街
手練
全生
画家
角力
食時
西風
元手
受入
正本
全学
来島
不完
市長
音列
林家
内板
室内
気付
重金
買上
元金
新風
聞方
利根
太神
火取
見栄
通力
駅馬
立役
曲球
海山
形行
時鳥
白物
議院
名水
宿直
元軍
助教
清朝
仕組
後先
音場
事代
水草
人屋
横線
野次
王子
年央
天明
両国
風土
同年
音信
功徳
形相
上薬
短期
立心
丁未
外地
本法
量感
加重
古文
長月
鳴声
中径
馬手
当夜
心持
日数
川船
水松
海松
形気
本軍
唱歌
後見
出船
洋語
原音
赤味
静電
岩絵
節間
業主
好投
秋口
客席
手書
化学
出生
美人
星形
大貝
館内
古事
風切
高機
魚数
主計
口側
教書
日金
公法
別使
新体
口切
出水
手番
丸柱
助言
初登
無意
車台
外輪
院子
小牛
山高
買手
入来
上根
商取
郡村
日当
家芸
無気
当面
業者
名家
外線
終始
歌行
中店
受手
郡守
作法
大戦
局内
小火
書人
鳴子
先見
目線
見番
後学
引取
夜祭
年会
医学
平安
谷底
道線
年祭
乗法
打目
礼文
語路
式神
芸大
本文
動中
読本
道会
大病
折目
金目
末弟
通商
入社
合音
仕業
飲酒
不女
伝手
日間
時世
米日
学館
入会
城市
半紙
美衣
歌会
歌合
半天
半月
半道
門柱
和子
思案
王者
昨夜
北関
大功
春期
神楽
母子
章魚
竹取
高調
王位
門家
労相
湯元
実感
米加
別表
和国
後足
生有
酒類
面的
時計
単衣
未発
案外
自作
内力
内線
小人
夫側
各省
波打
同課
無人
持合
首打
上白
女工
無手
行法
打力
産品
大子
前頭
中手
中足
鹿子
課田
走光
間氷
風成
点火
店別
水主
羽山
野良
店屋
院議
祭文
府議
上手
白子
夜着
所帯
人中
周年
夏草
中子
手方
正文
上下
日新
空手
何百
外面
中日
米中
緑色
黒米
大祭
新産
集名
水利
米産
使主
町人
米朝
海草
北国
朝間
石取
高位
人国
右打
温室
番所
照葉
空車
道外
鼻高
地力
街区
弓形
期中
毛見
競売
悪心
人力
不治
要具
鳥目
年男
末席
谷町
真魚
広葉
馬力
軍内
連客
大熱
平米
黒子
単音
新宮
府立
口部
秒間
合体
谷合
車屋
金持
長母
死者
高根
鹿角
平西
薬事
大進
新役
夏秋
計数
赤金
上側
極点
黒白
曲輪
戸建
院卒
金時
来週
東駅
野老
白馬
光年
光日
左横
海里
馬身
他省
出場
力学
有意
陽子
線内
声色
本手
町歩
全島
同小
市部
上歯
新球
水母
海月
人目
酒屋
注文
発足
伝教
本所
同業
古道
野手
流行
女夫
村役
生日
太子
会内
飲食
力感
工場
白衣
今人
内功
察官
工会
重手
黒石
花茶
園生
東市
軍側
線分
飛車
実物
洋式
章題
魚商
国産
足先
陸部
新手
天地
体感
名案
学者
鼻息
大成
店売
雪道
波頭
多角
直筆
面体
生死
官等
村外
草子
船主
丁末
相生
内輪
言葉
海鳥
同委
音声
他部
大雪
丸味
仕度
会長
人足
高地
山畑
早口
花木
表紙
目元
県市
塩井
水相
好機
教会
医長
聞集
要点
兵法
出店
学書
知県
薬学
初出
花色
家主
女主
山神
市会
不協
場中
頭部
良品
佐官
図学
林地
豆富
顔学
人身
古着
川水
生命
西方
同体
白旗
詩学
美学
対南
平定
光学
付子
山寺
歯学
神学
南学
実学
家学
心学
曲学
書学
林学
歌学
漢学
画学
秋風
英学
軍学
静学
音学
楽学
無心
洋薬
朝夕
赤子
両府
深重
同相
和学
京学
心事
本線
西学
入部
弓手
生児
兵学
全社
太夫
本節
西海
代人
見物
急坂
小五
聞屋
同信
商学
役所
動機
人文
区名
玉石
同右
動学
国学
大所
台場
国軍
験者
美男
道標
階子
薬品
楽隊
機長
場周
立者
色身
山家
羽目
死人
両目
草紙
文言
区内
円柱
軍兵
前立
工夫
川面
洋学
糸毛
要語
大勝
通帳
北風
面目
昼夜
連中
道学
後会
寒地
徳利
生業
産屋
男組
死様
足下
林内
出血
家集
知行
日朝
汽車
所用
明王
高札
大金
先手
売店
貨物
童子
女王
知音
白身
前約
品別
市議
木部
隊長
人君
好相
年期
各州
開先
品番
白雪
法体
文科
黄金
学会
手本
色紙
小雪
漢詩
心会
出物
心意
母屋
海星
先方
雨水
官事
小金
昼食
下水
客人
風花
根無
女形
分位
学力
関公
立物
野路
教学
具合
右側
期末
古学
英王
春風
新地
東沖
真弓
旅人
左右
毎週
海側
黒雲
合板
束子
城北
点差
語形
形見
頭下
羽先
書家
金主
薬代
楽園
建場
春夏
前方
右前
店主
急悪
省令
水車
木工
深雪
副長
宿主
県別
図星
関屋
上市
新緑
手入
宿駅
旅所
正油
飛鳥
人心
書面
勝目
母本
全人
初秋
同会
村内
省内
日休
笑話
人台
文治
半円
部活
校名
本学
小三
何気
学調
通手
飲料
火口
初顔
大農
流通
東方
家側
手先
人形
水色
同書
門前
同病
重工
天理
地代
日米
品等
自然
半期
大刀
親近
重光
空海
手足
副室
戦時
市立
年産
県中
薬湯
石庭
塩水
前同
意気
秋月
化物
国風
大夫
動力
正体
日和
顔色
写真
倍速
大字
数千
部長
別業
字面
生計
火矢
物類
火消
差出
日夜
次式
水気
平目
地形
女神
高度
人体
夏日
夏木
山車
下女
名目
草木
前広
兄弟
駅間
全業
打数
同高
水夫
県下
商戦
院本
家内
最長
児者
最安
曲中
真中
重苦
間帯
父母
戸部
引立
寒風
天井
海雲
浴場
対空
未成
海路
上級
東日
転席
同中
黄色
天草
白菜
最北
身内
親父
勝負
昨日
松竹
場数
軽乗
金色
海辺
高音
国原
水辺
新前
日子
本会
小雨
大声
天部
中古
議場
代物
札山
内側
産子
親等
冬景
地方
弟子
通路
荷重
残日
家来
米英
市区
外相
谷間
分間
学科
力者
全入
生物
男気
土産
町立
景気
水路
茶道
円満
強力
器内
所管
何十
仲人
王女
日女
灯火
弱電
海風
法相
東西
天下
大丸
品物
不動
気配
波数
親子
軍民
日産
省文
地対
心地
多聞
区立
隊員
局長
社名
野犬
仲子
大根
夏冬
番手
区民
月日
海面
内面
女友
物種
後方
山梨
同次
持家
手間
金石
歌人
課員
場代
平家
小屋
住地
人数
天花
洋人
春雨
草原
白紙
下半
牧場
飯事
葉山
太刀
横刀
線上
語中
図書
村立
左側
熱湯
外見
切手
害者
各音
表中
軍区
銀色
町村
筆頭
高低
原材
新章
全市
昼帯
最下
町議
元首
朝臣
島根
商人
用紙
名所
次会
園遊
場内
里子
人月
子音
左前
右手
大全
当金
浴客
日祝
各業
村議
海上
外国
表六
文目
弟妹
初心
円心
科別
秋野
不平
理学
室長
用達
何分
仕立
他人
人間
東館
後内
青梅
建物
紙上
文体
正方
無期
父君
長女
漁場
農機
人気
式場
労使
科学
夕飯
法院
間数
市大
少女
南島
前名
丸印
争戦
兄子
内反
口数
売玉
外反
実着
月初
赤顔
電算
中信
中計
主表
予実
交運
人給
人鳥
今風
他化
他大
代員
休代
休出
住借
信南
側波
元方
光器
児相
全欠
公出
出糸
切上
前照
包材
卒研
反社
向心
味玉
国試
夕活
多足
失書
客運
小卒
岩梅
工器
工研
年給
引去
引祝
戦自
放虫
散形
族内
族外
月変
月頭
有気
朝活
松魚
校下
機金
死着
水血
法休
湖北
熱学
特休
理気
産代
産医
病代
病休
発番
県交
真球
石開
秋春
積休
級位
給茶
線表
羊角
肉店
茶具
薬工
表定
西館
角印
角銀
買受
買建
赤鉄
走水
走鳥
車号
転活
近地
近点
遊標
配活
配特
配算
野帳
野音
陸成
電研
飛虫
高積
年月
最前
期別
国側
男女
人事
調子
両側
室外
前路
金地
園児
同地
字書
東風
大方
前部
酒代
産物
朝食
薬店
戦場
水面
夕食
末期
側部
秋冬
数十
園地
左手
同組
後世
県西
局側
声音
大理
部案
同字
全都
法案
漢代
上半
数百
仕切
業界
戦無
大卒
線量
学部
大工
昼時
都府
村会
地下
本分
上右
都議
市子
院生
用水
物数
球部
用材
前課
屋側
客用
西高
家中
借家
湖岸
着方
中高
県連
女学
北線
女子
府連
字名
字形
日中
母様
貝類
半目
晴明
曲目
下風
局数
語族
大法
街中
相反
橋下
語学
大人
実作
州内
国人
後目
門外
東海
大会
水道
口中
女役
客数
後人
語音
年百
音図
上左
新中
塩浴
上階
衣食
木気
多分
村長
同学
産官
人王
銀板
時利
家本
発着
多国
同本
間期
同前
中小
国民
車道
体上
部員
土日
島側
曜日
上学
出方
用地
茶畑
店側
火水
業法
州立
人名
用具
重味
大外
利付
隊法
地内
前駅
係長
小中
楽部
各道
作目
陸海
気学
月毎
軍機
内外
官学
君達
王様
自社
食住
東高
日毎
港区
員数
国中
校生
産学
長短
教徒
生年
兄達
自公
海空
語文
人対
内法
高教
南中
国初
転結
市外
列当
席番
都道
願事
市中