年度
学校
時期
住居
刷毛
南門
手取
死産
測器
生毛
神社
空間
立場
西門
読書
谷地
都市
雑談
雲油
不均
代取
化薬
器工
多答
大統
打切
早雲
港運
神習
緑園
議政
走電
足球
転車
郡国
郡県
配荷
電技
電計
風積
黄犬
部分
書方
時代
方法
部屋
試合
議長
半年
年内
住所
海岸
政府
種類
大体
期間
部隊
動産
先生
種目
文化
公園
長官
目的
大学
部門
地区
独立
法人
前後
会社
作業
委員
今年
区間
時間
国家
国立
軍人
相手
得手
右中
今後
商店
作品
手前
病院
祝祭
中学
正面
中心
自衛
貸借
市場
生産
名山
何月
利用
当時
同県
行政
人類
高級
食後
代表
本社
品目
大寺
案内
毎月
男性
県都
生徒
水産
上位
中毒
複線
次長
意地
麦酒
出入
数字
開発
国際
小学
左中
現金
木造
前年
管内
音楽
比率
部品
計画
作戦
畑地
公会
所在
世帯
区分
方向
前日
同省
大口
各国
自国
切断
人口
入院
事業
場所
野球
議会
仕事
進学
評議
教員
中年
都会
右上
今月
会館
父親
直後
長年
平等
月曜
代議
物語
幹部
近所
打者
最新
台数
暴風
家族
商品
最終
府省
方式
学長
次元
現代
共和
仏教
冬期
国別
方形
道中
機関
通産
議員
回線
英語
年下
入力
浴室
世界
何日
書写
陸上
平方
遊園
勉強
政治
分税
国防
明太
安定
教室
道内
同時
文章
調製
協議
本部
分化
卒中
年上
外科
会堂
勢力
入選
海外
地金
森林
使用
原則
去年
米側
軍用
感性
運転
反対
無職
同性
手数
前週
首相
成人
徒歩
日曜
前夜
南東
大仏
判事
相場
身代
茶屋
人生
本気
年金
院内
悪化
地上
方面
活動
食前
話者
天文
組長
新旧
今週
世紀
土台
行使
黒字
不快
内部
市側
国道
左下
道路
機具
議定
科目
会見
学区
卒業
人民
県側
好調
行方
食品
前線
面子
事件
職業
同日
団体
他動
工業
新曲
学園
小売
大量
条約
幹線
正午
府内
東洋
結局
全米
結果
制度
都県
名前
手首
織物
史料
中部
地表
主人
何人
何円
何度
現実
集中
区別
南海
多数
今夕
大臣
生理
円高
運用
路上
文法
白黒
寄付
定着
材料
分類
回転
重複
半数
通常
市道
酸化
総合
各語
国税
城下
等分
課税
後日
都内
保安
同月
県内
確率
体制
本人
毎日
中等
空気
人員
製作
先週
来春
自分
時雨
他行
最高
今夏
外野
林道
通学
東遊
協会
心底
報知
番地
社寺
半分
協和
同社
南西
無声
休館
公用
内戦
対立
長男
先月
税金
連合
談判
大陸
北湖
産業
年間
学年
分野
社長
最近
都心
他県
共同
客間
語末
無線
道県
年長
大台
相対
社会
本当
日程
道具
帯刀
時分
上期
事情
文末
軍隊
午後
複数
局面
部局
多面
事務
路線
未来
人材
周波
投手
食塩
無音
安全
中宮
県道
公明
真夏
真底
下期
政経
次官
深夜
県外
最初
風車
立法
編入
両県
反発
土木
可寒
実体
南湖
初夏
番付
今夜
金利
治安
人物
電流
同市
高官
終末
営業
昼前
街道
記者
同区
教官
地元
点検
出馬
工事
文物
家屋
程度
米軍
機会
薬草
車線
駅員
死後
兵力
新入
毎朝
銀行
中立
入口
挙句
毎夜
地中
西南
男子
得意
治具
対象
発生
選手
今春
国定
勝手
用語
価格
場面
大差
教授
平年
意味
判決
本来
追加
今秋
大使
実際
戦車
加農
機種
転用
西国
会議
強化
旅行
直前
後続
末日
集団
手当
短歌
赤字
林産
円形
最低
向上
意見
大佐
空文
周辺
新興
元気
保守
物流
書店
初頭
根性
午前
条件
活気
当初
転石
人道
新年
成年
兵士
海軍
参政
中世
全国
夜半
戦略
初冬
現在
舎利
関係
道祖
分別
味方
全額
課程
付近
生来
本音
評価
発見
北側
先日
大型
残高
大空
役員
現行
教科
初日
賞状
共通
公共
各地
実家
所有
自営
登場
次男
全部
大軍
明朝
下位
件数
分子
新聞
期限
不変
実質
下放
会場
調波
内生
天元
入場
気質
楽観
対外
西側
急性
先取
心身
下町
新生
来月
前住
大国
役者
夜中
求人
連勝
着工
平和
打線
頭金
上部
古代
同店
技術
北方
戦力
今冬
型式
輸入
内科
感心
曲線
今回
日常
全線
絶対
礼状
発表
文字
木立
医薬
独学
祖布
小手
新刊
区部
厚司
厚子
楽団
実力
後楽
令状
高校
術後
立正
以上
緑黄
牧草
王室
焼売
両方
連続
発動
合同
主席
平日
乗用
今度
本丸
近年
母国
少数
乗車
不良
本日
緑風
次第
出来
情報
軍楽
昨年
刷子
上皮
状態
元年
軽水
下宿
手法
土曜
海水
父子
連打
新米
馬油
主思
増減
奈落
治冷
通禁
上食
中張
以冷
会飯
先山
再見
利札
包子
南無
同務
太好
婦人
対子
少半
差官
店里
弓歩
弱半
支票
散調
有平
望祭
桜皮
毛止
海印
海象
湯円
白薬
短工
礼武
空頭
総持
老大
肥肉
苦力
茶母
茶語
連玉
都卒
都率
長服
頭布
香功
黄米
金曜
大物
早朝
水曜
役場
花見
最後
送信
赤熱
語内
乗組
太古
事実
以後
区画
生活
前回
頭数
通例
来秋
鉄道
仏法
以前
自身
以来
木曜
近日
前期
実用
来夏
毎秋
火曜
同夜
全員
古都
未満
生前
試作
過去
音節
席上
多少
列車
白化
集合
再度
報道
少量
現地
連日
今季
上司
次回
先年
内心
単身
反面
古来
昨今
昨秋
最期
毎回
先夜
始終
昨冬
昨春
築後
上来
今代
倍量
入居
当眼
時季
本月
次月
毎分
毎秒
雨中
後年
県土
車中
計上
事故
平常
複合
教育
以外
計算
分科
新法
自画
関心
手帳
州都
可口
焼死
連戦
適当
満足
間出
国内
画用
公開
歴史
海兵
構築
組合
波形
原動
過熱
健康
永年
昼間
総額
学生
文明
水中
司法
先着
連敗
金属
図表
司令
小麦
殺人
通信
後手
無念
集会
法令
土地
常葉
起動
編成
出版
駅伝
大気
病中
両市
弱者
体協
打点
福徳
連立
戦線
運営
借入
表記
木製
島民
個人
大王
判例
単語
好感
留学
上辺
支店
変調
年報
真実
記録
南北
燃料
用品
豊作
何階
市歌
中央
山行
本年
石仏
梅雨
結合
下車
気色
里山
行動
今朝
地場
再三
短大
記号
内定
内省
指定
今日
中止
行商
総会
職種
小物
心配
海中
眼目
部会
機能
気風
重用
親友
利水
道州
年中
朝刊
受給
米麦
物質
素材
月内
月額
校区
画像
国会
軍国
音素
来日
米人
熱戦
農業
男児
都度
代打
文部
統一
大同
親分
感動
慣用
対話
駅舎
分隊
夜行
詩人
体験
加減
労働
料金
北西
部位
別館
新橋
極寒
初代
位置
解官
試乗
上告
成立
漢字
加速
加里
決議
白地
空中
的当
分布
安心
信金
無死
登板
機構
形式
取引
旧家
要因
印象
製紙
標的
税別
助平
着火
厚労
容態
後円
分枝
共生
登山
明神
耳下
等価
会計
町方
空港
東側
居住
根元
前月
別院
定年
番組
課題
軽減
重心
長老
精神
作用
当局
花屋
軍団
世代
女中
先住
安神
無力
他国
製本
内容
速報
学期
登院
月別
平行
発明
茶色
類似
失礼
実在
野宿
相応
判然
満開
理想
強記
後頭
殺生
軽快
旅館
横着
公約
機動
女児
何万
何億
何兆
基本
球団
短編
増大
続発
公式
中佐
初戦
長打
徒然
小便
植民
道産
南側
選挙
半島
各自
計測
絵本
原作
過言
可楽
各駅
成長
安打
広場
用心
反省
本名
在学
工作
統計
完成
全県
大海
転変
利子
意義
半日
町長
名産
作家
布地
書道
県名
手術
駅名
総力
新都
開通
原産
類型
姉夫
未明
信用
旧町
地点
楽屋
調教
階級
発電
転化
上流
新人
首都
英文
同船
和平
物理
破局
達成
談合
有志
功労
助成
何曜
調査
交流
助役
同駅
水練
番外
加工
商工
経営
品種
公立
客車
塩分
常任
助産
対応
何時
給付
設計
黒人
内陸
初版
台本
後半
地主
戦隊
有識
都銀
両眼
法制
農水
会古
学内
局員
本格
粉末
表現
職人
開会
勝利
主義
事犯
実効
客室
有声
見学
天気
参院
理工
画定
厚生
風雲
客員
神宮
追肥
水準
決定
開業
休耕
子共
同化
発達
重機
中台
同席
多色
所属
多連
同上
検査
合成
約束
出品
無事
休止
全仏
規制
参加
消火
飯店
大安
保護
実験
打率
公団
常連
業種
実現
照明
酒気
小数
文節
予定
同人
後程
整形
県間
売上
管理
和文
本店
河童
合格
少年
画一
青年
両日
代行
結末
上空
武家
年率
流星
内服
数量
雑記
古書
保温
初等
会食
温浴
武者
社内
無理
知名
衣類
心中
下品
色素
給食
要約
文書
飛行
再現
船員
公有
年数
規正
化石
相談
形成
後期
感覚
電気
土着
建都
不燃
名人
青眼
花粉
適用
電話
検察
金魚
場合
出板
気分
同居
会期
分数
自立
連発
共有
外食
情勢
月夜
挙手
風化
出発
回数
化合
各界
教化
武道
同館
成功
自動
園内
製造
分解
合計
新市
新築
平均
登校
美化
説明
口上
合性
増産
公平
経験
光明
所長
発会
南国
組織
停年
大手
市内
得点
編制
観光
設立
混浴
直線
大約
想定
海魚
労動
馬鹿
主流
商社
失業
年頭
制限
同国
応用
港町
多発
伝言
立案
細分
府会
同行
和音
復活
物件
中火
検証
海産
生成
記名
外出
発行
真似
逆転
予測
製薬
入浴
放送
保証
公表
対局
検定
電車
茶目
他所
受信
接待
理解
番頭
別状
中二
乗気
各市
総数
関連
協力
熱中
的中
表示
信任
制作
楽天
弁別
特集
要心
量産
強打
無口
製版
限定
中期
交通
定義
悪夢
配当
重点
導水
研究
訓練
動員
実行
所持
観客
馬上
通行
両駅
保全
冬用
明記
会話
低下
戦争
開放
正解
参画
結集
園長
料理
運動
適地
遊歩
書類
発話
横眼
火器
規定
適応
出席
復元
表明
進出
授業
白頭
設定
弱気
投下
検眼
気弱
着地
部内
前場
構想
母親
内気
前出
勝気
確保
連結
青空
不慣
不様
中深
仏像
医者
屋上
歩行
気任
気早
気重
無様
真逆
起用
配水
顔黒
件制
出現
同感
調整
主戦
公正
分散
当選
指令
確定
養父
出産
半間
協同
構成
語林
通気
古町
得票
意識
感受
発給
記念
資料
下方
会談
画面
結実
利率
性根
感謝
追分
配列
回答
居留
愛用
愛読
流用
開口
主張
乗船
転作
銅鏡
面会
出火
自転
通話
開始
作成
増員
増発
集約
作文
学芸
建造
火中
群生
議決
商売
研修
命令
城南
有界
観察
主導
増長
急行
投票
発言
立体
上場
先行
勇気
引用
河川
観測
中略
出資
協賛
伝達
南下
原因
周知
差額
節水
総理
育成
別居
増額
直面
省略
農家
開港
好転
死神
破産
試験
過食
予約
作製
同室
完治
投入
新設
注目
労組
固定
増加
希望
復帰
急増
整備
検挙
横領
直行
類焼
出張
合意
学習
残業
筆記
説教
調達
軍資
分光
報告
投資
検品
注意
選曲
本税
出演
回遊
指導
指示
検出
決戦
祝日
観戦
判別
差益
散歩
日別
社員
競争
苦戦
行進
通報
進化
塩化
増刊
変態
失敗
放水
消費
県際
通用
適中
分立
増強
増進
接続
提出
確立
質問
走査
連用
付属
修正
共感
内包
台頭
増益
実習
強調
持続
敗北
発売
識別
下線
判断
協定
大別
意図
戦勝
要求
調理
起業
開戦
上陸
付着
回復
在住
導入
建設
復原
復旧
活性
減少
率先
解決
通過
野生
交付
交代
印刷
参戦
取得
取水
受賞
強制
支持
決算
海洋
特化
着目
経過
結成
通算
運行
選考
配分
開店
開示
保有
入手
入賞
共立
出力
刊行
反応
形状
急死
整理
正答
決別
特定
現像
登用
登録
直結
着用
紀念
自殺
製図
設置
護衛
道楽
集計
青銅
養成
下落
両立
公示
出港
変死
守備
査察
流動
病気
発散
直通
立証
考察
自信
製材
許容
転学
通達
任用
保育
入山
図式
在留
実証
志向
愛好
打開
指名
提示
改正
東上
炭化
発信
相続
統合
老化
証言
調停
返上
選別
防止
中断
中絶
仮想
伝来
先発
前進
努力
取材
受験
建築
悪用
断水
準備
独走
白状
直感
相関
精製
観賞
賛同
走行
進行
遊学
開国
予見
付帯
休業
低迷
便乗
入札
出世
出費
加護
南進
受注
右折
和解
団結
実測
布教
接客
提案
支給
暴行
服役
植林
決着
消化
発声
着服
経理
給水
美食
表出
証明
試算
転職
進歩
防衛
集金
青春
面接
上演
上達
不全
予報
予知
交差
低減
保佐
保持
保管
保衛
停戦
先制
入国
入所
全開
写生
分配
判明
参上
参照
増水
変形
弱化
志望
採用
支出
支配
敗欠
教訓
散布
断食
服用
死別
流入
混合
混戦
混雑
測定
独断
生長
申告
発令
直立
禁止
続出
編曲
練習
苦学
草食
解放
解約
詩作
説得
調印
調節
講演
辞任
造成
選好
開花
開館
集散
電化
付加
付記
借金
共演
出土
出頭
出願
分家
分断
分節
判定
化成
参入
合作
合宿
同情
回帰
在庫
変身
定住
対決
対治
広告
弁護
強要
復興
快復
打破
改良
教練
新任
明示
暗殺
曲折
液化
清算
物色
生起
発効
発注
発覚
発音
登記
直上
直営
着手
着陸
破損
禁酒
競技
節約
自覚
西岸
解体
解散
解明
解消
解説
許可
試食
調味
調和
貧血
賛成
転業
辞職
返事
返信
通告
通園
適合
選定
配布
録画
開設
主演
交際
会同
入省
全勝
公布
公演
公選
共起
再築
再興
加算
協調
参列
受検
受理
可決
合唱
合本
告別
告発
告白
命中
命名
売春
完敗
対談
建立
強行
形容
志願
応答
思考
投書
投球
投薬
拾得
持参
指向
接種
提言
改造
放火
散会
整合
明言
査証
横断
欠損
歴任
死去
残留
永住
決心
照合
生息
産出
病木
発火
発車
発進
直観
知覚
確信
競合
競走
答申
算定
管制
節税
精米
経由
群集
考案
肥大
自生
落下
落札
複製
要望
言明
記入
記述
設備
試行
談話
転向
転校
転院
輪作
近似
通知
通院
造反
造形
造林
進入
録音
開園
開所
開票
集積
面談
養生
上申
不在
予感
予言
交易
他界
付録
仮定
仮設
任命
任官
休養
伝導
伝送
伝道
作動
係属
係留
保留
保養
信心
修行
借用
停電
先勝
先導
先達
入団
入園
入植
入港
入荷
入道
入門
入館
全治
全焼
共鳴
具現
内示
再任
再録
出動
出家
分乗
分業
切開
制約
刷新
前記
前述
加熱
助長
北面
半減
半焼
協商
単行
印字
参集
反則
反復
反落
反転
受精
受講
句作
同乗
同心
告示
周遊
和合
商談
回想
圧勝
在任
報復
増悪
増資
増量
変色
外注
大敗
大言
失明
失格
失血
失走
失速
始動
学問
安息
安産
完投
完結
対照
布石
常備
当直
待命
待機
後置
得心
復調
応戦
快勝
念願
急造
悲観
想起
成仏
戦死
投合
挙式
授賞
採取
採決
接戦
接近
提唱
提起
損失
改定
改新
放出
放置
敗戦
文通
断定
断念
断言
暗示
暗記
暴発
暴走
曲練
来場
来所
板書
検便
検問
楽勝
横死
横行
欠場
欠席
水泳
決意
決断
治産
消毒
混同
混血
減反
減産
減益
減速
測量
点灯
焼失
燃焼
特選
独唱
独居
生育
由来
留保
留意
病死
発光
発想
発熱
発送
白熱
直属
直流
直言
相伝
着衣
破断
確約
確証
社告
祝福
祝賀
究明
空想
立件
答弁
算出
築造
約定
給油
統制
統率
絶望
続行
群発
自制
自得
自白
自給
自負
興行
航行
薬物
表白
親和
観念
解任
解禁
解答
試着
課金
調合
講義
講習
謝罪
負荷
起因
起票
起立
転任
転出
転居
転成
転落
転身
近接
返辞
迷走
追放
追求
逆流
造型
造語
連動
連帯
連想
連接
連関
運航
選任
配付
配信
配本
配線
配置
配達
開場
開局
間食
防護
集成
集結
雑居
静止
静観
静養
音大
風聞
飛散
飛来
養育
養護
上府
上接
上木
上程
上述
下乗
下付
下向
下命
下問
下天
下校
下船
下達
下阪
不夜
両断
主働
主動
主唱
主管
乗務
乗算
予告
予察
予断
予熱
予示
予習
予覚
争議
交信
交合
交接
交用
交遊
交配
交雑
京進
仏参
仕官
仕進
他出
他言
付会
付保
付和
付番
付置
付言
付設
付議
代任
代位
代参
代弁
代決
代筆
代置
代読
代講
代謝
代願
代香
令達
仮作
仮授
仮植
仮現
件引
休会
休刊
休場
休学
休心
休息
休戦
休校
休演
休神
休職
休航
休講
休部
休電
会商
会得
会戦
会読
伝世
伝写
伝動
伝受
伝授
伝線
伝習
伝聞
低出
低唱
低回
低落
低頭
住寺
体得
作仏
作刀
作図
作字
作案
作歌
作画
作興
作表
作詩
使令
使役
使送
例示
例証
係争
係船
係連
保助
保定
保形
保続
保香
信受
信愛
信服
信知
信順
修交
修好
修学
修得
修復
修成
修整
修省
修築
修練
修習
修養
倍加
倍旧
借問
借財
停会
停波
停留
停船
元加
元服
兄事
先報
先決
先議
先述
入京
入信
入北
入営
入地
入城
入定
入室
入寺
入局
入島
入府
入庫
入明
入朝
入村
入林
入校
入構
入湯
入漁
入番
入着
入線
入舎
入行
入質
入隊
入集
入電
全休
全快
全敗
全通
公刊
公告
公売
公言
公許
公転
公述
共作
共唱
共愛
共栄
共編
具備
具有
具申
具足
内借
内切
内助
内向
内命
内属
内応
内接
内検
内決
内申
内約
内聞
内見
内談
内転
内達
再刊
再思
再挙
再演
再燃
再版
再考
再製
再話
再説
再読
再転
写像
冷笑
冷評
出京
出仕
出兵
出勢
出句
出定
出府
出庫
出役
出札
出校
出炭
出社
出精
出航
出芽
出講
出走
出遊
出題
分争
分列
分合
分売
分宿
分属
分岐
分有
分水
分球
分界
分留
分筆
分置
分荷
分設
分路
切望
切願
列品
列席
列挙
列立
列記
初演
判知
判示
判読
別家
別注
別言
別送
利確
制動
制圧
制止
前借
前定
力泳
力演
力説
力走
加上
加判
加勢
加味
加圧
加増
加持
加授
加温
加筆
加配
加階
助力
助勢
助命
助演
助走
勇戦
勇断
勉学
動転
勝計
包囲
包容
包有
化育
北流
北進
区電
半周
半転
卒去
卒園
卒読
卒起
協心
協応
協業
協演
協約
南面
単伝
単作
印加
印可
印行
原住
去勢
去来
参仕
参会
参内
参向
参堂
参学
参席
参府
参朝
参校
参着
参究
参観
参賀
参進
参館
反側
反命
反問
反目
反航
反証
反逆
取用
取経
受任
受像
受命
受学
受容
受授
受業
受用
受粉
受行
受配
受電
口受
口唱
口授
口演
口述
口達
台積
号令
号泣
司式
合囲
合州
合有
合流
合算
合築
合評
同宿
同流
同苦
同車
同道
名状
向首
告知
告解
周回
周章
周航
味得
味解
味読
和読
和談
品評
唱和
唱導
唱道
商定
商議
商量
問注
問答
問罪
問責
営巣
営建
営救
営造
回付
回内
回向
回折
回礼
回航
回訓
回読
回議
回護
回達
回頭
因由
図示
図解
図説
固化
固守
固持
固着
固結
固辞
圧入
圧接
圧服
圧死
圧殺
圧着
圧送
圧雪
在位
在国
在園
在城
在天
在室
在宿
在席
在府
在役
在朝
在校
在職
在荷
均分
基因
報効
報祭
報謝
増作
増価
増便
増兵
増刷
増反
増台
増圧
増多
増投
増植
増波
増率
増築
増結
増給
増置
増車
増速
増配
増頭
売約
変位
変光
変容
変心
変成
変改
変敗
変易
変移
変節
変約
変説
変質
変転
変通
変速
変造
外切
外化
外接
外遊
多作
多読
多謝
多食
夢想
大挙
大書
大観
失効
失心
失念
失望
失火
失神
失禁
失笑
失職
失落
失言
好演
妻帯
始業
委任
学修
学道
守護
安住
安名
安着
安置
安養
完備
完勝
完売
完工
完歩
完泳
完登
完航
完読
完走
官治
官給
官許
定植
定立
定置
実働
実写
実動
実査
実検
実演
実見
客死
家居
宿衛
寄住
寄宿
寄書
寄港
寄生
寄留
寄航
寄進
寄食
察病
察知
対交
対向
対当
対校
対生
対置
対質
対顔
導出
導引
導波
小別
小破
小計
少考
局在
局注
局限
属望
属目
山居
差配
布令
布告
布置
布設
布達
師事
帯出
帯電
帰一
帰京
帰仏
帰任
帰休
帰住
帰入
帰化
帰去
帰参
帰合
帰営
帰国
帰城
帰天
帰属
帰山
帰岡
帰島
帰店
帰府
帰投
帰日
帰服
帰朝
帰来
帰東
帰港
帰省
帰着
帰社
帰米
帰結
帰耕
帰航
帰船
帰英
帰農
帰院
帰隊
帰順
帰館
常住
常直
常置
常設
常食
常飲
平分
平復
平章
平身
広言
底止
底通
建国
建成
建白
建言
建議
建郡
弁明
弁解
弁識
引接
引決
引湯
引火
引照
引見
引証
引責
張行
強圧
強弁
強殺
強熱
強直
往復
往来
往生
往返
待望
後伝
後述
後送
後進
徒死
徒費
徒長
得度
得道
復交
復位
復円
復刊
復古
復号
復命
復員
復唱
復学
復席
復業
復職
復航
復配
徳化
心服
心願
必修
必敗
必発
必読
応唱
応対
応待
応接
応札
応談
快投
快気
快演
快談
快走
念持
思弁
思念
思料
思量
急冷
急告
急報
急変
急減
急熱
急航
急落
急設
急転
急追
急送
急進
悪投
情死
想出
想望
想見
愛唱
愛育
愛護
愛賞
愛重
愛飲
感作
感光
感化
感取
感合
感得
感応
感服
感泣
感知
感精
感賞
感電
成業
成約
成育
成道
所望
所期
所立
手交
手写
手記
才覚
打算
打設
打電
投出
投宿
投石
投身
折半
折損
招待
招来
招集
拾集
持久
持重
指南
指命
指教
指点
挙上
挙兵
挙用
挙示
挙行
挙証
授受
授精
採便
採油
採炭
採点
採石
採種
採血
採金
採鉱
採録
採長
採集
採食
接写
接受
接合
接岸
接着
接見
接雪
提議
支保
支弁
改任
改作
改修
改元
改制
改印
改号
改名
改変
改心
改悪
改易
改札
改測
改版
改組
改編
改行
改製
改設
改貨
改質
改進
改選
改題
放下
放任
放光
放冷
放心
放念
放散
放校
放歌
放流
放熱
放牧
放神
放言
放談
放電
放鳥
政転
救出
救治
救育
救護
救農
救養
敗走
教導
教習
教護
散仕
散在
散大
散宿
散水
散点
散発
散花
散見
散財
散開
数引
整列
整地
整序
整復
整枝
整流
整調
断交
断切
断種
断筆
断絶
断続
断線
断罪
断行
断長
断首
新修
新調
早世
早産
早着
明察
明断
明答
明転
昭示
暗合
暗唱
暗算
暗転
暴圧
暴死
暴落
暴食
暴飲
曲筆
曲行
曲解
曲言
曲説
書見
服務
服属
服毒
服罪
望見
朝賀
木化
本復
束糸
来任
来会
来住
来園
来基
来報
来局
来往
来村
来校
来着
来航
来観
来談
来遊
来阪
来院
来集
東下
東来
東流
東進
板行
林立
査問
査定
査読
栄転
栄進
栄達
校合
校正
校注
根治
根絶
案出
案分
案配
植字
植毛
植皮
検分
検地
検札
検束
検案
検死
検波
検注
検温
検知
検算
検量
検鏡
極言
標別
標定
標示
標記
横転
欠失
欠相
欠礼
欠航
欠落
欠課
欠配
欠食
歌唱
止宿
止血
正対
正心
正用
正言
正転
歩測
歴仕
歴観
歴遊
死守
死戦
残害
残置
殺出
殺減
毒害
毒殺
比定
比色
気死
水書
水食
氷冷
氷結
氷解
永別
永続
求愛
求積
求職
求評
決絶
決行
決起
油断
治定
波食
注入
注力
注加
注水
注湯
注解
注記
注進
泳動
洋行
活写
活歩
活着
流下
流伝
流失
流布
流放
流注
流産
流転
流送
流連
海食
消光
消去
消失
消散
消殺
消灯
消長
深化
深考
深耕
深謝
深達
混交
混住
混作
混信
混入
混和
混在
混態
混成
混植
混注
混焼
混生
混用
混結
混線
混色
混製
混走
混迷
混配
混食
清書
清記
清遊
減員
減圧
減塩
減失
減損
減歩
減殺
減水
減点
減石
減算
減給
減色
減資
減車
減軽
減配
減酸
減量
減食
測算
湯治
湯浴
満水
準用
準行
演出
演技
演示
演算
演習
演説
火制
火定
点在
点眼
点頭
焼成
焼損
焼殺
焼身
焼造
焼香
照会
照応
照査
照準
照破
熱唱
熱愛
熱望
熱演
熱読
熱賛
熱願
版行
牛飲
物故
特出
特報
特売
特待
特注
特発
特立
特筆
特約
特訓
特記
特設
特進
特配
犯則
独任
独修
独演
独白
独習
独航
率由
現出
現前
現有
現示
現送
生下
生別
生天
生害
生指
産炭
産生
用談
申述
申達
画断
留任
留出
留年
留日
留連
略取
略筆
略言
略記
略説
略述
病欠
発付
発出
発刊
発向
発問
発布
発来
発根
発案
発現
発病
発育
発色
発芽
発議
発走
発願
登仕
登営
登城
登基
登極
登行
目測
目礼
目算
目送
直交
直仕
直売
直帰
直書
直答
直航
直覚
直話
直読
直送
直進
直達
相乗
相似
相愛
省察
着京
着任
着信
着味
着岸
着席
着帯
着想
着意
着果
着水
着眼
着筆
着船
着金
着隊
着雪
着電
着香
知得
知照
研学
破水
破約
破門
破顔
確答
確聞
確言
示教
示現
示達
礼仏
礼賛
祖述
祝歌
神兵
神化
票決
禁固
禁圧
禁断
禁絶
禁足
秒殺
移乗
移住
移入
移出
移城
移居
移建
移植
移民
移牧
移用
移着
移管
移築
移行
移設
移調
移転
移送
移配
種植
積分
積算
積習
空発
空費
空転
空輸
空運
立言
立説
立身
立願
立食
競作
競泳
競演
競落
笑殺
笑談
筆写
筆受
筆問
筆答
筆算
筆談
筆録
等化
等置
答礼
答電
算測
管貨
節制
節減
節略
節米
節酒
節録
節電
節食
築成
粉食
精察
精査
精油
精白
精算
精練
精読
精通
精進
精選
約分
約言
素読
細別
細評
細説
細述
終売
終息
終業
終止
終漁
終演
組成
経始
経略
結像
結団
結氷
結球
結着
結約
結線
給事
給仕
給氷
給湯
給炭
給紙
給血
給費
給送
給電
給養
絶交
絶句
絶命
絶家
絶息
絶賛
絶食
続刊
続報
続戦
続演
続生
続航
続落
総和
総見
総説
編修
編述
練修
練成
練行
置局
群居
群植
群泳
群立
群飛
義絶
羽化
習合
習学
習得
習練
老成
老死
考査
考究
考証
考選
考量
耕運
耳語
聞知
肥厚
肥満
育休
脈動
臣事
臣服
自任
自修
自問
自失
自学
自守
自害
自弁
自愛
自書
自死
自決
自活
自満
自演
自省
自答
自習
自製
自記
自証
自責
自賛
自走
自足
自適
自選
自首
興起
舎営
航戦
航洋
航送
航進
苦行
茶事
茶変
荷電
菜食
落命
落城
落後
落成
落手
落球
落石
落第
落筆
落選
落鉄
落雪
落馬
落鳥
薬殺
血判
血戦
血書
行休
行持
行歩
行水
行軍
行道
表発
製出
製塩
製氷
製油
製産
製粉
製表
複写
西下
西望
要略
要言
要記
要談
規整
覚得
覚知
親任
親告
親授
親祭
観取
観望
観照
観血
解列
解団
解毒
解氷
解熱
解版
解職
解読
解題
言上
訓令
訓告
訓導
訓授
訓示
訓育
訓読
訓電
設問
設営
設題
証印
評唱
評定
評決
試写
試刷
試打
試技
試演
試用
試製
試読
試走
試飲
試香
説服
説法
説破
説示
説経
説述
読唱
読図
読字
読破
読解
読話
読過
調弁
調息
調練
調薬
調質
調進
調香
談笑
談義
談議
講和
講明
講究
講評
講話
講説
講読
講述
謝絶
護念
護持
護送
象眼
責問
貯水
貯留
貯金
費消
貿易
資助
賛助
賛美
賞味
賞美
賞賛
赤化
走破
走航
起兵
起居
起工
起案
起毛
起番
起筆
起算
起義
起草
起行
足温
身読
転乗
転付
転位
転住
転借
転入
転写
転医
転回
転地
転売
転宿
転属
転形
転得
転戦
転極
転社
転科
転移
転給
転置
転航
転記
転読
転調
転貸
転質
転送
転進
軽信
輪唱
輪読
輪講
輪転
輸注
輸液
輸血
輸送
辞去
近着
返付
返品
返報
返本
返照
返礼
返答
返血
返送
返金
述作
迷入
追念
追想
追究
追給
追考
追記
追試
追走
追録
送付
送像
送出
送別
送客
送本
送検
送気
送水
送波
送液
送球
送話
送進
送達
送金
送電
逆上
逆化
逆用
逆算
逆送
通交
通作
通分
通好
通底
通弁
通有
通水
通約
通航
通観
通計
通読
速写
速定
速成
速断
速決
速答
速記
速読
造修
造営
造園
造寺
造巣
造築
造血
造設
造進
造都
造鉄
連乗
連作
連係
連写
連取
連破
進上
進動
進向
進水
進発
進移
進級
進航
進言
進講
進軍
進達
遊歴
遊泳
遊牧
遊興
遊観
遊説
運休
運化
運筆
運算
運送
過信
過冷
過賞
道取
道破
達観
遠引
遠投
遠望
遠泳
適帰
適食
適飲
選文
選木
選歌
選炭
選球
選評
選述
選鉱
部属
配乗
配備
配合
配属
配役
配植
配流
配点
配石
配管
配給
配色
配車
配転
配送
配電
配食
酸敗
重任
重出
重刊
重刷
重合
重来
重版
野合
野営
量定
金打
録取
鏡検
長息
長欠
長考
開化
開城
開学
開席
開平
開札
開校
開演
開現
開田
開申
開立
開葉
開表
開門
開院
間作
間歩
関知
関説
防備
防圧
防守
防水
防石
防音
限局
陸生
陸行
陸送
陽転
集信
集列
集取
集字
集客
集居
集材
集束
集治
集注
集熱
集票
集荷
集貨
集配
集録
雑交
雑言
雑食
雨下
雲散
雲集
電導
電荷
電解
静思
静置
非議
面授
面責
音写
音読
順化
順向
順守
順接
順礼
順行
順適
領会
領台
領有
領置
領解
頭書
願望
類比
風伝
風選
風食
飛去
飛雪
食害
食言
飲用
飲福
飼育
飼養
養命
首唱
馬耕
馬食
験算
験鏡
高唱
高言
高談
高進
鳥観
鳴動
鳴謝
黄化
黄変
黄葉
乗馬
内在
和協
在社
墓参
売買
大笑
好発
帯同
救助
服事
本有
気絶
生食
自判
見分
試問
輸出
逆向
遊日
入堂
入車
共食
加給
化体
回送
声言
夜営
山積
流出
測地
算入
節用
苦笑
見知
送受
通電
予期
分取
分地
回申
書記
着生
通関
風発
内食
同参
折中
来演
発受
賞用
出山
分電
生動
発起
終結
写書
対人
文選
停車
内分
冷水
外在
数学
接地
駅長
別記
側聞
別売
連記
頭身
口外
民主
苦心
表決
雨注
電子
交会
両軍
代作
午飯
商業
工面
終決
同町
強風
代言
板金
県花
連行
電送
代理
北部
在官
平地
水着
交戦
出向
山手
清音
両手
始末
切言
仕末
内観
数次
独行
道場
同紙
外用
駅前
来朝
水魚
点前
内通
再議
夕方
応化
航空
面識
全曲
軍部
造立
全面
前兆
航海
図中
本家
英軍
出荷
定例
早生
身方
頭上
電力
各社
体現
上院
下城
学卒
行列
費用
血色
中耕
末子
校長
開講
公館
成形
手配
本数
近道
再会
合羽
土中
他愛
代入
語用
全会
大魚
兵器
移動
代休
同府
理会
重文
名曲
都下
合戦
気化
大食
内用
分出
仕様
来下
階上
合議
引率
陸工
文武
切土
宿次
店番
引算
早弁
書損
来崎
線引
貸記
足算
指図
測図
鼻音
史記
差図
油通
男岩
改築
本営
花芽
天王
同意
逆言
和英
日記
幹事
期待
税制
差別
合図
県長
本質
楽所
分周
小説
火山
明方
北東
半生
教師
以内
強気
白色
手順
西北
英米
各文
国王
加入
県立
品質
青雲
順天
出国
法王
高額
開板
着色
司会
図殺
境内
白梅
血液
軍事
実生
都営
増設
陽気
養子
台所
定期
主税
村民
鉄製
体動
参考
祭礼
口答
王国
分村
直方
英字
対岸
本国
再変
極上
旧型
朝陽
関税
楽器
中英
全体
機器
用法
足元
不参
春先
朝方
服薬
両院
大昔
小径
用意
送配
先程
不足
発意
茶帯
相図
職場
天国
茶店
前世
市街
念仏
文内
来店
正確
大損
下院
定時
心理
身分
予想
鹿毛
国保
士長
熱帯
上水
紀元
会費
海老
総社
転生
元利
病者
頭側
議運
折節
木材
矢先
天宮
時点
口頭
日参
省力
打聞
市制
計量
前夫
月間
何事
在外
全道
利便
女官
児童
小包
食物
大社
正路
陸軍
歩兵
生得
主筆
見本
賞金
面相
未知
寺院
好古
家元
性能
羽根
台風
首位
不正
係官
夫妻
漁業
画素
流会
東都
府民
旅客
高下
戦前
不明
札所
成型
馬車
中流
民族
無法
月数
買物
林業
友好
店員
感情
兆候
手形
理事
矢板
小国
方眼
個体
億万
億兆
宮中
多額
原木
具体
新税
算用
各年
空無
星状
秋水
米仏
都民
歌集
立見
合点
外人
全軍
新内
車内
別大
本体
物心
全英
先頭
名作
米紙
編集
減税
下士
住戸
地位
日時
本紙
農産
南風
明細
再検
要人
各軍
再選
水位
相待
公安
手続
武力
財団
半球
手合
自家
中仏
各種
出漁
登坂
下知
曲芸
同調
眼前
茶飯
本宮
前妻
再生
人質
力行
玉子
予防
戦後
新駅
市有
手羽
試金
仏文
合手
信者
頭取
様式
初期
深海
上方
合一
近県
門戸
動作
受付
気力
面積
英日
素性
達人
同島
式年
係数
金物
線路
他方
役人
葉書
王宮
競馬
地検
本墓
花火
防災
工学
死語
公社
中隊
現状
組員
学院
院長
倍率
合理
実態
府県
同期
責任
重量
本元
漁村
本物
国交
正月
実業
曲名
薬局
非行
別人
財産
各局
小型
歩道
辞書
友達
経界
外側
年令
南軍
大賞
現象
白昼
団子
生後
上目
英和
親元
復習
次数
神経
間引
平手
法戦
目前
美女
業過
会合
後場
車庫
旧制
本島
産気
逆風
熱発
問合
水素
白酒
老人
血球
悪口
容積
体力
性格
色分
防戦
勝馬
対日
国語
中型
点字
土器
柱状
海道
漢気
医大
日焼
本神
本章
白人
目標
実数
総代
各表
城代
無礼
貸付
立話
小指
自乗
内相
新線
期日
機運
上限
前売
屋内
口語
様態
休日
効率
奈何
学歴
後部
種別
大玉
本表
飛天
打水
野菜
夏時
告期
無業
自治
教委
新約
焼付
上書
書物
東北
音感
物性
宿営
声道
構造
行楽
王朝
見合
大男
太極
年限
中国
大小
小父
文教
白金
香水
家出
小母
水死
禁教
金具
商状
役目
最深
赤外
道化
顔負
図上
下官
本能
近代
基金
週間
仕送
動物
寄道
分母
旧来
液状
国土
字体
年表
味見
英紙
下辺
花束
遠出
開帳
開張
居候
悪行
鼻歌
下書
中休
共働
切死
前祝
厚着
品切
投売
旗挙
法定
焼打
素焼
船出
足止
門出
中次
仲次
先送
切張
前受
品定
孫引
寄植
巣引
底入
手刷
書置
歯元
焼入
玉切
目皿
目配
眼配
立売
荷受
荷造
長鳴
間借
黒光
例外
前貸
定位
筆書
親類
仲立
荷作
各県
地許
炭素
調音
気性
湯通
直接
来客
極楽
化現
各線
経費
年賀
愛車
有事
走者
張本
酒店
紙面
保険
同点
家庭
日額
本書
製鉄
事案
海保
領海
高率
主上
人手
工法
赤銅
圧力
朝市
紙本
外部
好物
米屋
市民
防空
上品
元本
句切
格好
礼金
修造
夜間
和風
日報
王立
軽量
側面
区切
家具
長期
高卒
両足
定番
教示
西遊
見参
等級
教材
白銀
非道
送風
茶人
地帯
無茶
南都
木仏
楽曲
水分
版下
破行
税調
子犬
本堂
独力
細書
正常
水屋
高次
代書
根気
再編
景観
本館
産科
県営
額面
常昼
総量
社屋
本土
成分
医局
同寺
官製
労力
国司
老後
大万
年少
内数
分県
効果
糸冬
代用
農学
血管
車両
部数
常識
予算
無名
神道
花形
野鳥
作者
火薬
町中
高価
角度
便所
地酒
間貸
任天
原語
国府
逆側
区道
日進
楽章
語原
日仏
仏人
同隊
体長
別物
東岸
身心
身神
事前
公子
同率
方言
国文
白雲
家政
木型
神明
線区
追歩
大河
商用
山河
終着
参議
用船
各賞
差入
故都
北星
同数
倍増
最小
地図
次女
立入
仏領
有望
温水
下馬
無税
句集
画人
道徳
打球
低調
公人
口内
弱年
山海
何者
性別
毛糸
分国
中前
子育
人集
係員
副賞
最多
活字
前半
特性
長者
商家
画本
南山
重厚
主君
対内
暗黒
主食
余所
前文
農用
日用
氷上
功業
在京
要所
香菜
年配
不満
親方
観音
辺境
夜型
開版
仏界
公司
居城
身上
遠心
全身
文庫
荷物
見方
光月
大都
資産
雨期
国富
漢文
決勝
全駅
郡部
黒松
前者
左折
不実
両親
墓表
月例
消極
車輪
高圧
太陽
老年
講堂
貸出
同類
工大
再起
国画
格差
各数
門下
小駅
空白
詩画
人工
問題
横町
活用
都合
子安
現役
対米
歩合
減額
格下
低率
道義
山脈
米兵
市松
条例
松根
受水
大商
画質
地球
必要
方今
衛門
仏紙
分限
外語
日月
最貧
法学
立地
対比
空前
葉面
証書
風流
不定
円居
団居
乗客
後者
武人
軍法
住人
客足
語頭
半魚
漢方
教団
類別
列島
月次
死生
独軍
米作
心象
週末
下等
仮死
立合
親切
下道
属性
不運
両分
同村
長命
仮病
大形
来年
同額
出色
種子
食道
水神
農政
主婦
医院
同港
基底
始発
屋台
工芸
水力
博物
器官
店名
気道
中性
会報
作付
学徒
宮家
日英
連判
都城
知人
言分
作曲
本真
漁港
天成
最寄
良家
下流
不服
身長
領事
高台
主客
禁漁
不同
全中
付表
市井
植物
小石
平民
眼内
立像
苦楽
黒鉄
名字
対数
手中
年代
政界
自前
風上
梅毒
産別
全長
新民
体質
弁当
現職
転機
過大
全量
本道
上官
側線
大元
追送
事例
効用
変動
町角
同定
強談
比例
仮歯
同家
地理
民営
自由
人種
実高
犯罪
薬理
公海
原案
志室
無化
素人
分会
前提
台地
毎年
表情
開眼
増上
発作
不通
文芸
暴力
目鏡
神木
不便
次期
清流
心得
比類
漢語
高一
強情
戸別
王道
主眼
物品
兵卒
独身
資本
民兵
道立
風味
接頭
酒税
各行
高速
前節
計図
台肥
同州
前代
考古
上屋
余分
個別
実像
実線
同園
書院
水質
米製
政務
素子
初孫
順位
器具
政官
個性
暗夜
状勢
節気
食感
性悪
肉眼
金庫
前身
戦士
支局
自働
野分
定休
文様
道民
指標
無実
英数
快適
不幸
仏師
国務
多岐
民間
原型
差分
東南
皮肉
高熱
分身
正規
空自
火災
直談
課目
新書
陽性
小節
本場
無地
造船
下句
区長
同志
声楽
小豆
火力
無用
和人
文楽
体重
土用
当主
同案
留置
群島
証人
財界
定数
常道
真打
西紀
古米
本願
町会
血税
利回
好評
版画
犯人
用言
県政
詩史
電波
借地
形態
有用
毛筆
生保
食材
再送
大判
眼下
長子
本位
気品
軍歌
雨後
仏前
初動
妻神
市価
王家
経路
苦味
同名
朝飯
洋画
親水
実情
際会
実戦
赤茶
静中
両村
古風
月歩
主力
位相
君子
頭高
食用
多雨
来館
下見
出所
国教
絵具
門人
何物
別線
球場
複雑
右辺
横目
地付
新顔
語数
高温
本業
病室
伝馬
例年
典型
油虫
清松
町名
緑化
守旧
目下
絵画
銀河
青葉
数式
自県
分量
外車
対独
買得
週内
極道
軽食
他区
商法
所員
行事
過程
余命
光栄
学級
接話
深切
米坂
導火
西空
急所
案件
仏心
便利
均等
方程
最短
用兵
白書
性質
限月
原文
当市
思春
最悪
海神
知性
議席
無言
両者
公庫
口元
天上
文句
新型
調法
送状
青地
国士
自力
食料
利点
同軍
英才
行灯
要素
事典
天外
平静
愛国
標高
単位
国見
家事
方正
下根
前作
実地
月表
有毒
法則
同卒
文民
林中
過当
間際
再発
外大
幸運
時数
衛生
規則
側近
冬山
分団
器機
回路
外交
雑魚
世間
見世
高三
労作
平板
水平
分館
平気
幸福
最大
都立
同然
実直
手紙
新出
新星
青松
主体
均一
実子
物価
線形
林木
無情
車種
不和
不能
低温
大一
本番
利発
前列
徒博
求心
海原
陸士
中身
冷静
友人
反米
学職
悪法
明日
画集
矢倉
群青
食器
不順
大火
常緑
近辺
不潔
代金
分流
夏用
局所
未定
正当
毒性
管区
貧弱
子分
有益
極度
毛物
気持
無学
無知
資生
近海
今時
作出
君主
大八
好運
早期
白米
軽率
国外
好色
強大
意中
気温
病人
親愛
重度
丁重
支部
有限
本選
極悪
積雪
逆手
過少
単調
同税
因果
固有
弱小
未練
洋食
無害
無根
無精
無能
直角
表門
不備
不精
今世
余地
個有
健在
同格
変則
天候
学位
安静
定常
定府
寒冷
平明
快調
息災
悲酸
明解
本局
横暴
正統
清潔
温厚
温和
潔白
精強
自明
質実
過多
下作
下直
不易
不興
不評
中速
仏的
伝法
低平
低級
低能
健勝
冷寒
分任
分外
切要
別様
勇健
博大
博学
博識
厚顔
和順
均質
多才
多望
多病
多芸
多識
多音
大力
大才
天府
失当
子細
富強
富有
小弱
小心
小食
少食
広博
広量
強健
得用
徳用
応分
快活
快美
整正
整美
文弱
新式
旧式
晴和
暗弱
暴悪
暴横
暴逆
最弱
有節
有能
有角
有責
果報
果決
深厚
深遠
清白
温良
温順
火急
無下
無徳
無欠
無毒
無筆
無芸
病弱
皮相
短小
短気
神速
等質
精明
精確
精細
精美
精良
細精
絶無
絶美
絶険
老実
能弁
豊満
貧小
貧相
軽便
軽少
過小
達筆
遠大
適任
鉄火
長遠
険悪
険相
非分
非力
非情
非礼
順良
高潔
高直
入用
出身
国営
土間
希有
店頭
経歴
茶室
血圧
側枝
初歩
時事
不覚
必争
果断
好文
物産
短辺
本末
民法
上乗
口調
地平
木質
本式
酒造
両像
南館
増勢
女史
弱体
消防
産後
破格
予選
当方
東国
洋品
前面
多量
眼病
下司
下種
出金
対案
中正
実音
平易
中形
公営
兵員
冷戦
教頭
機材
歌曲
水浴
正教
気水
無限
祖国
神子
低高
年功
肉用
方位
笑止
量子
体型
朝礼
木耳
本省
自体
小船
小額
打席
持分
紀行
車高
病巣
税額
雑草
同級
大群
愛児
眼科
軍勢
学術
比重
築港
米機
写実
合金
歌手
詩集
軍転
足許
軍手
多客
大通
見性
農村
右岸
各日
名門
月面
経常
罪悪
貨客
冷夏
県境
通年
同品
多用
法花
長文
防風
電線
他者
古今
数的
法科
花期
鉄則
不意
仮説
会頭
勝軍
各氏
新茶
民生
産政
銅線
長調
丁目
国対
強食
首長
気前
何語
初老
温故
仮面
公金
動向
同週
母語
申入
通所
金品
力士
戸数
書士
本四
歴代
和食
大漁
広間
式内
投足
林間
生協
白日
判下
地動
地産
戸口
再評
和漢
夜桜
州法
工程
年次
総領
過労
和光
商館
損害
木道
経年
本箱
漁船
見積
指数
新館
総局
良心
信号
外来
気位
真空
育児
通史
官民
食管
食肉
世話
勝者
記事
副表
人魚
出率
広報
本戦
母性
河道
特産
船長
衛星
南画
周期
工員
年商
正則
焼肉
白星
以下
態勢
方角
書評
原画
民家
船内
酸素
長所
音波
同川
書状
本隊
灯台
教養
数理
海運
結社
低額
国体
熱病
国有
実額
由花
男役
船眼
車体
余生
南洋
和室
墓前
子女
機械
水生
風景
横丁
不可
旗魚
石油
耳元
雑音
領土
半額
小差
北道
同線
多能
姉妹
市売
朝野
法面
益税
結界
選管
公民
参道
古典
大豆
天満
定量
洋間
無二
衣料
各町
大義
支所
道順
共産
功果
地鳥
夫人
字画
学業
悪名
文面
説相
同校
基準
旅程
次章
総長
両案
市電
神話
紙製
謝礼
雑志
魚類
品位
好意
学用
岸辺
仏式
公算
好事
学士
島外
正門
無機
白月
花頭
豊年
選出
全文
史観
図会
墓地
山菜
工合
資格
黒門
下表
各句
名画
学識
家電
屋体
技法
軍医
部材
陸橋
医科
女人
悪文
所司
新薬
毒虫
義勇
老眼
興味
製法
親族
酸性
門徒
限界
乗員
公害
天使
両町
全日
図画
土手
基地
実年
小目
師団
日課
暴君
極東
積極
空室
筆者
調書
近世
風力
中堂
側室
外伝
家老
本円
自発
賞品
事後
引当
月報
石高
車検
初月
図面
大作
大老
次弟
漁家
細君
魚屋
下級
内耳
名物
実勢
楽生
様子
氏名
知事
音調
光線
半面
大極
大版
文学
無料
美徳
農大
運勢
雨季
布製
極限
生家
目付
苦情
魚貝
全一
地名
常人
常勝
新春
死罪
立教
耳目
間接
限度
口約
感想
文士
長大
岩山
州民
毛根
災害
自室
親日
風速
両氏
使者
天然
市政
序曲
海底
語感
財形
両面
側石
全土
同係
同色
商高
素案
自助
花博
客先
語句
黒板
主知
同図
極右
際限
両会
原子
地価
政調
茶箱
身辺
辺地
円型
大雨
学食
定員
木馬
生態
病状
組曲
貸金
逆説
関所
上用
伝統
全席
土場
実定
序章
新品
有線
本心
産年
長計
風船
実包
成果
新板
本領
標準
火付
運命
関数
両年
低利
同山
婦長
木食
本件
秋桜
雨量
事態
仏体
体育
先祖
直入
得体
無断
石製
表語
銅山
中三
協助
大部
実車
料紙
民有
質素
転期
農地
各紙
城中
子宮
新形
死期
満員
社務
路面
音量
風物
魚粉
原付
反感
塩類
星章
書林
民自
織機
長編
両社
付図
任期
先高
反語
多感
法典
興業
軍属
辞林
運輸
選対
音頭
中一
半時
有機
黄熱
地所
大役
女医
定食
旅費
朝練
波状
液体
無比
県民
表具
角化
長兄
中金
初級
南朝
国旗
塩性
大便
太平
徳政
態度
技士
死力
農薬
主任
別格
原発
大局
実利
左辺
差損
悪気
時空
直間
立会
能楽
自主
衣服
要員
観点
全角
台帳
名実
和紙
品性
外界
宮司
小判
打感
文相
時差
朝米
漁師
画材
初回
前人
外航
形質
本院
質屋
過失
駅近
丁数
不作
元型
公取
副次
加害
単品
多重
平素
時速
景品
無常
短詩
見当
公国
公報
同元
名士
快方
機上
次代
結語
非鉄
中品
今次
修身
公益
内政
原始
命日
対流
広義
度合
方術
本職
本門
熱間
牧師
番号
米食
表地
農園
通夜
選書
電池
中卒
中耳
別皿
図版
失点
字数
形体
接道
板画
栄養
男声
町営
県央
複眼
辞表
農民
丁場
両賞
伝票
全例
各次
夏期
外観
実状
小水
工高
径路
断熱
洋酒
消印
茶会
野外
久方
人参
作型
勝率
反日
古語
店内
熱血
礼制
軍師
鉱業
両道
仏門
利得
口絵
名義
団地
在来
変数
大名
府政
本意
金星
鉄分
音曲
上京
今期
兄妹
大師
破線
緑道
金文
音質
両省
両線
京間
兵舎
内角
円建
右玉
図形
地声
基調
女声
子孫
学界
式部
強弱
愛犬
新報
期先
正直
水門
波長
空軍
船上
適時
便数
元祖
同質
日台
月刊
育英
草案
不信
冬服
同左
和製
在中
妻女
家計
導体
戦術
武器
法規
法量
王手
薬用
都連
金銅
鉄人
余力
出院
分院
助手
労金
天領
女高
妹役
実益
技師
緑地
自業
主語
全力
南方
地銀
外洋
寒村
手代
文具
画報
目地
管長
院外
全箱
司祭
商事
声帯
手話
方便
有税
東院
歯科
水軍
油井
流水
略歴
石造
素行
花器
親米
順序
下側
内金
原初
司教
同薬
天引
守成
客引
引数
当社
態様
無量
皮製
精度
細部
絵筆
老中
荷台
話題
重体
風雪
駅売
低速
分線
前例
北門
原本
原生
季報
家業
小品
弟分
有様
有罪
本命
栄花
機体
気合
美酒
舎弟
芸者
赤線
道行
長身
陸自
駅弁
鳥類
下記
低音
公道
平時
後妻
急場
新札
本港
村営
桜草
気心
焼経
短調
社説
絶線
要領
角界
読者
赤地
軽四
農高
野辺
駅中
上役
下役
仏具
前衛
原人
台木
各店
外材
宿場
少額
月番
漁民
肉付
船頭
電極
高利
下限
体高
使命
元素
兵長
出番
国歌
強者
時報
月給
本行
職親
肉体
興信
薬味
雨具
電鉄
風情
不仲
人件
保水
初球
前菜
勝敗
同位
同好
地面
外客
寺領
後任
早版
有音
検事
独禁
知新
総出
義理
雪上
面前
下絵
丸対
公判
原料
原点
受章
古銅
右面
同族
実技
当千
急用
政教
新芽
有料
正士
流線
火花
熱気
父王
申分
神曲
総花
茶葉
速力
進路
館守
中肉
代引
作風
修道
元号
同賞
国名
夫役
女流
局部
底辺
弓隊
強度
必見
損益
旧態
生体
直火
章立
美術
街金
人肉
代八
初速
前引
原曲
古式
台形
右表
各説
同夕
名句
外灯
字引
官制
寒根
年番
底地
悪玉
戦犯
持病
旧名
本葉
母役
毎冬
水深
芸事
血便
週別
都政
静音
順法
風合
両鼻
主役
伝説
切字
喜楽
型番
変顔
太字
家号
屋号
屋外
意志
文中
早春
本編
正味
正札
気象
油絵
活力
海生
犬科
町弁
白番
直球
短所
福耳
結石
絵入
絵心
自伝
衣文
表音
証取
豆本
鉄板
銅像
飛地
馬単
馬番
麦作
麦茶
丁付
丁持
丁石
上物
上玉
上絵
下案
下物
下職
下魚
不成
両下
両切
両前
両平
両指
両箱
中地
中太
中悪
中点
中皿
中細
中面
中食
丸八
丸刀
丸害
丸小
丸弁
丸心
丸損
丸暴
丸本
丸材
丸査
丸管
丸適
主型
主持
主面
京女
京方
京焼
京童
京菜
今様
仏側
仏性
仏間
付句
仮駅
休所
伝助
似絵
何県
何線
作男
作神
作間
使番
係名
個包
候文
候礼
借記
借間
側役
側章
像側
元帳
元弁
元径
元版
元絵
兄分
兄役
兄王
兄者
光参
全目
全頭
公序
共地
内税
円買
写絵
冬作
冷性
出様
出禁
出職
切米
切絵
切能
初丁
初切
初口
初席
初帳
初役
初産
初表
判取
判形
別刷
別口
別村
別立
別間
刷本
前句
前芸
副状
力場
北駅
半丸
半広
半泣
単目
博打
印手
印箱
印米
厚地
厚様
取的
取説
受台
口永
口米
口茶
台屋
台板
台石
台輪
右案
合判
合服
合気
同埼
同間
同馬
名題
命料
和事
和妻
和洋
和皿
和顔
囲米
図引
固文
国役
園側
土焼
土留
土部
在方
地借
地先
地口
地合
地字
地山
地松
地板
地機
地歌
地粉
地糸
地紙
地織
地色
地虫
地貝
地際
地雨
地頭
地顔
地馬
地魚
地黒
型名
型材
堂守
堂神
場台
場席
場節
塩茶
増口
夏作
夏書
夏服
夏材
夕景
夕礼
夕間
外場
外数
外番
外税
夜番
夢記
大宿
大番
天板
太径
太線
夫丸
女力
女客
女度
女楽
女絵
女運
女面
妹分
妻役
妻面
媛語
子局
子福
子象
守役
官側
定宿
定店
実方
実親
客宿
客方
客種
宮号
宿囲
宿帳
宿方
寄算
寒桜
寒肥
寺主
寺名
対加
対屋
小作
小兵
小勢
小票
小道
小門
居玉
居職
居飛
山千
山様
山番
岩地
島台
島式
島役
川漁
川童
巣内
巣門
差料
差玉
布名
布面
席入
席書
席札
席貸
帯地
帯鉄
帳付
帳元
帳入
帳合
帳場
帳面
常宿
常店
常打
常畑
平刀
平台
平文
平番
年市
年順
幹周
底意
庭番
建具
建玉
弁箱
弓勢
引具
弟役
強塩
当屋
当限
役付
役物
後作
後役
後月
後産
心木
心柱
心食
急火
性合
悪形
悪日
情合
成貝
成銀
成香
戸境
所場
手勢
手性
手浴
手能
手製
手金
手食
才取
打歩
技手
技数
折句
折本
持点
持番
提重
損切
改帳
改役
救米
散切
散楽
新仏
新子
新畑
新粉
新糸
新葉
新豆
新貝
方立
方限
日印
日歩
日番
早便
早番
春作
春号
春材
昨夕
昼番
昼練
景事
晴食
暗箱
書判
書役
最内
月役
月運
朝弁
朝茶
期近
木具
木目
本水
本畑
本肥
本身
札入
札束
村下
束感
東宿
東門
松材
松辺
板木
板材
板絵
板長
枝番
枝管
枝肉
枝量
柱材
桜会
桜図
桜材
桜肉
梅文
梅茶
梅酒
梨地
森番
検見
極太
極安
極細
楽市
楽日
楽焼
横地
横本
横材
横画
横額
橋番
歌本
歌絵
歌芸
正目
歩留
歩積
歯数
歯肉
死出
毎夏
毎夕
毎春
毎時
毒口
毒味
毒歯
毒男
毒矢
毒花
毒血
毒見
毒麦
比側
気先
気場
水仕
水帳
水絵
水芸
水部
氷頭
沖漁
沖特
油代
油商
油画
洋梨
洋物
洋皿
浅地
海先
海千
液受
混練
温玉
港別
湯温
湯茶
湯量
火王
炭製
無仏
無印
無高
焼印
焼絵
熊肉
熊舎
版木
牛塩
牛科
牛細
牛肉
牛飯
物頭
特種
状差
状箱
独男
玉固
玉目
玉算
玉茶
王族
現先
理由
生録
産元
産箱
用次
田役
申楽
申状
男客
男運
町医
町組
番屋
病間
白字
白服
白本
白死
白茶
的屋
皮具
目分
目性
目木
目量
直宮
直物
直真
相判
相客
相席
相役
相板
相版
相給
省油
真形
真書
真柱
着歌
着荷
着類
石絵
研師
礼肥
社守
祝金
福助
福引
福木
福豆
秋作
秋号
秋服
科人
種代
種地
種本
種茶
積地
積金
空弁
空茶
立型
立番
竹粉
竹製
竹輪
筆具
筆字
算木
箱席
箱数
箱車
節木
米代
米松
粉茶
粉質
糸遊
約手
紙版
細字
細線
組中
組士
組夫
組数
組版
組重
経仏
経木
経箱
絵付
絵合
絵型
絵所
絵札
絵皿
絵羽
絵解
絵面
続飯
綿作
綿畑
総湯
総身
総頭
総高
緑絵
緑線
編地
練香
縄術
織地
置地
置字
美黒
羽布
羽数
老役
聞茶
職方
肉入
肉月
肉色
脈所
自黒
船代
船便
船具
船楽
船用
色別
色地
色字
色悪
色版
色番
色絵
花代
花会
花後
花金
芸森
芸細
茨線
茶入
茶利
茶子
茶心
茶所
茶柱
茶湯
茶町
茶組
茶船
茶花
茶豆
草王
草黄
荷印
荷役
荷貨
落度
落顔
葉茶
衣土
衣液
表芸
複目
西面
親字
親局
親業
親機
親王
親番
角帯
角成
角柱
角物
角番
角皿
角落
角道
調所
談林
講元
護役
豆単
豆炭
豆球
豆科
豆銀
象虫
象足
貝毒
貝肉
財布
責苦
貯玉
買気
貸地
貸席
貸本
質取
質受
質店
質札
質種
質草
赤服
赤本
赤熊
赤短
赤絵
赤肉
赤門
足代
足台
足耕
足芸
足順
身性
身状
車代
輪中
輪差
返点
迷玉
追証
逆八
逆止
逆玉
通町
連木
週足
運草
適法
部民
部立
都側
酒役
酒米
里地
重箱
野天
量目
金仏
金側
金妻
金歯
金毛
金熊
金粉
金紙
金茶
金語
金高
金黒
鉄箱
銀側
銀成
銀熊
銀玉
銀皿
銀紙
銀飯
銀高
長帳
開畑
間代
間判
間夫
間宿
間縄
関名
陸貝
階高
雑口
雑菜
雨衣
雪質
青単
青字
青服
青本
青東
青点
青線
面一
面具
面取
面板
面様
面箱
音引
順手
頭屋
頭役
頭赤
頭重
額板
額皿
顔役
類内
飛台
飛成
飛級
飯場
首肉
香包
香札
香箱
香花
香落
馬草
駅側
駅広
高役
魚通
鳥天
鹿肉
黄地
黄服
黄茶
黒先
黒地
黒方
黒本
黒番
黒竹
黒茶
黒鉱
鼻差
不急
体面
先進
初任
口実
口番
商船
国女
国益
役高
必勝
悪役
手相
林野
格付
洋服
清快
父兄
物量
特長
神界
究極
薬方
血気
製織
角地
運河
面形
音名
上記
下社
中産
元職
名機
回教
地境
地引
大路
官報
実例
情熱
手証
時機
月光
本機
東宮
東辺
美品
自軍
芸術
語気
起原
転末
部外
鉱山
雨月
上人
中級
他州
公定
冷製
単元
各点
名医
外院
対物
少差
新説
月産
直径
眼光
肉親
菜園
課外
費目
赤軍
農道
酒量
間服
防犯
中門
信徒
列強
利息
労災
北洋
図録
天体
字図
損金
日清
有無
植生
物体
画布
表文
角材
試薬
車上
連山
遠方
雑品
風水
両極
両様
中位
光景
公証
公費
円堂
半音
定式
対極
局地
思文
新植
書生
本科
東名
格上
正副
歩調
汽船
雑作
雑兵
中朝
人命
他店
側頭
公伝
初見
司書
各人
同罪
図像
小形
故意
極地
法要
準急
罪名
肉声
親属
語群
野火
陸路
音長
食味
内務
前歴
北岸
同機
名城
妻君
少林
工運
平面
式典
後輪
応急
念書
文脈
昨夏
村政
栄光
油性
満面
現額
病原
社報
祭日
空母
箱屋
親書
連体
適性
高徳
上体
上図
両用
体外
前任
前科
国博
多元
大弓
実母
居室
本報
業務
次戦
次節
母数
病後
石柱
米案
終電
総統
辞令
順番
願書
風雨
主観
京風
個室
半身
原土
反戦
名品
喜色
図案
婦道
字母
山林
底面
後発
心情
悪人
悪意
技能
方略
時日
朝一
東豊
根幹
構文
毒素
治山
清風
無罪
特区
着花
知識
空力
終生
老師
興産
血流
表頭
規格
試案
逆数
道交
頭角
両群
丸薬
京人
先代
公使
出作
各面
合弁
大福
子弟
官舎
実相
対価
工兵
弱強
心頭
快速
意向
愛情
戦記
挙国
支社
有人
標語
次兄
水兵
法治
温風
測光
満月
特色
現物
画期
真相
築法
総省
薬科
資材
質量
農楽
選集
配下
陸運
仲弟
保健
先天
冷風
初手
前言
圧制
地勢
外形
寺社
工具
工費
強取
心境
志士
念頭
新車
最強
最速
毎度
気流
温帯
熱波
白文
皮状
祝辞
神軍
色弱
表題
要件
質感
赤飯
路地
農場
近時
両性
伝灯
信教
先人
先客
公器
共犯
前庭
単月
原油
原義
図利
外務
外気
外角
成績
技研
新進
日章
時短
書紀
殺気
水土
水牛
浴用
海綿
無形
略字
直率
税理
西辺
西院
語義
貧打
部類
開教
雑種
順風
黒線
上質
中秋
体調
余得
余罪
全天
兵団
冷所
前件
半死
原形
口角
営林
実弟
実話
宿所
宿舎
序文
暴徒
本薬
次点
死相
母線
気候
水運
無配
物資
石像
社団
童女
自他
良港
英気
茶器
語順
足首
里程
阪九
雑貨
上表
両人
人造
他科
代数
信書
倉庫
先妻
全校
兵馬
内皮
功罪
博徒
各港
営養
多義
始祖
婦女
学童
実兄
家長
家領
山線
左図
常敗
当事
戦災
損保
旧情
明報
暗中
検校
死因
気運
灯器
目次
省案
礼服
社外
神父
祭典
精力
考課
自費
花輪
賞歴
起死
軽度
迷路
逆進
適所
門弟
電信
上気
中天
中生
事体
副業
句会
商科
図型
園芸
在院
塩素
夏季
外貨
天守
太師
好天
官軍
宿六
少水
工期
強心
当人
当期
当番
応変
所定
打高
教本
教行
旧主
時勢
枝指
次席
正業
歩数
水文
満点
無休
犬士
生損
略式
石材
立春
緑茶
線型
職労
能率
興商
航法
茶番
茶話
表意
話頭
軍命
軍紀
遊休
重力
野性
長物
開市
雪像
不徳
主題
予兆
体様
入試
全集
公務
内局
冷気
印税
名声
地建
変年
夜空
大輪
好打
実績
宿命
導線
常務
年利
弓道
形勢
悪徳
悪戦
愛馬
慣例
授産
旧知
春節
時効
業態
標本
機転
歌興
歌道
正犯
死本
死活
無風
特急
犯行
真筆
管財
総務
群書
職安
職歴
自筆
船室
血統
行状
表土
見解
逆光
連休
週刊
運気
里数
重態
鉄工
銅板
関節
陸地
雑感
電機
電灯
領野
風格
養分
上布
両名
両局
主機
今作
他局
他社
会席
光熱
全編
内円
判子
利害
半量
単線
句風
各戸
各版
周囲
和字
和親
土質
夕刊
外板
多極
夜曲
大径
天才
学外
学風
定形
実印
実費
少子
思想
悪路
愛妻
慣行
接台
文筆
新唱
新婦
暗雲
最良
朝報
木像
木刀
木版
本題
村落
次週
歯石
気体
洋楽
海図
深度
満室
火勢
熱量
特大
球状
理念
理知
産室
画板
病態
白票
直近
真意
眼形
石炭
破算
社保
祖先
神像
空席
童話
答案
精機
紙器
続編
総勢
美形
臣民
自労
船体
花鳥
苦言
落語
行内
街頭
言動
計時
証左
語幹
車館
金銀
非番
題目
風光
香道
魚巣
上席
不学
両得
中葉
主犯
会則
低木
低空
体温
余談
信証
共学
円周
初入
制服
前編
動画
南天
単価
参事
受益
台型
史談
各所
各様
名歌
名阪
和服
和語
和金
国技
土足
基数
変字
多年
多種
宿高
常温
役職
後願
急戦
悪態
投打
接点
損得
放題
教主
日刊
早死
月経
本妻
来期
果実
検体
構図
欠点
正字
武徳
残飯
母体
毒薬
毛布
民話
測位
満期
灯油
熱意
特製
現下
画題
目録
神観
細管
経世
美観
義務
耳鼻
芸能
血行
行路
西進
要職
訓点
財別
起点
軍配
遊女
運上
遠洋
金堂
門脈
電動
静脈
非業
音圧
下面
両店
人相
他馬
余技
光度
公職
公領
内火
列国
利足
前職
前輪
功利
動議
可変
同義
同階
味覚
商標
土石
基幹
基板
外局
多幸
大寒
好走
子息
子機
字義
家臣
局名
序列
当世
当店
役料
後代
後宮
復路
悪評
意思
愛機
態位
成案
戦法
所記
才能
技官
文鳥
断章
新選
旗手
旧例
明暗
時節
有価
有印
末路
橋台
歌業
残差
残月
残材
民事
気勢
油分
法事
満車
無塩
特等
特許
理国
産油
用字
町家
益鳥
禁物
空調
粉炭
素質
経財
統語
総体
総武
美点
義父
育種
計器
評判
車外
軽油
農相
通貨
速達
重油
関白
陸相
電位
験力
下戸
両紙
中景
主教
主格
予後
代役
任務
伝心
低地
体格
余録
使節
保母
先願
光量
入管
円通
冬季
前戦
前略
労協
勇士
化研
医業
半夏
半径
単色
印紙
反動
受話
口径
古馬
史実
名馬
命運
和式
営農
器量
図体
国庫
外円
外聞
多雪
夜景
夜来
失語
女給
字種
対角
工商
年始
幸水
当寺
後列
心機
心経
念力
急便
急流
情感
敗色
新着
旅団
明星
時流
暗室
暗部
有休
有情
有期
木母
木炭
本幹
材質
校舎
標識
欠員
欠格
武門
残余
殺意
民業
水和
氷河
洋犬
海流
特使
生気
田園
略伝
番方
直伝
相鉄
真皮
眼底
知力
短刀
神器
神国
秋波
終世
終点
終身
経脈
線香
罪種
老公
老兵
老酒
肉感
自工
船中
英断
術前
貧民
軍政
近景
逆接
通運
造花
過日
開運
関門
雑歌
雪面
電圧
電柱
静物
題名
顔面
風神
首席
高弟
両岸
中進
主因
予備
交番
人脈
人馬
住職
体勢
余勢
倍音
光速
全容
全館
公健
内規
出典
出数
列石
初校
力投
労政
労苦
単耳
印画
厚相
原価
原告
原液
台紙
各節
各編
商号
園主
土建
地消
地階
声母
変額
外圧
多産
大罪
天災
好守
子夜
季節
学街
学際
守勢
官費
定価
定石
定規
定説
実務
家財
容器
宿題
小農
年輪
底流
庭園
式辞
弱点
役得
心証
必然
快挙
快音
悪政
悪貨
慣性
成魚
所作
所信
才女
打順
数列
文才
新現
旧交
春季
時価
晴天
暴動
曲想
最少
最愛
有給
望湖
木管
未然
末年
来世
来歴
格言
極北
標題
正円
正真
正着
歯根
残数
母校
毛質
気功
水圧
法務
流血
消息
清貧
満天
無敗
無間
父祖
現品
略図
白飯
石器
石風
礼節
社交
神事
積年
立命
童心
童顔
精子
精肉
素紙
経口
絵師
絵馬
続開
義母
職工
肥料
花園
芸風
苦境
苦節
英知
落差
親交
解像
詩心
講談
識字
議題
豊家
財務
貧究
貧者
賛歌
赤貧
農法
速球
連投
連銀
遠因
適温
適量
重税
野心
野選
金脈
鉄路
鉱物
開明
開村
雑仕
雑布
雑犬
音速
題字
顔料
願生
風人
風営
風紀
首領
香木
黄精
不識
世辞
中温
丸太
主文
主治
事象
人品
仏徳
他意
仮題
任意
伝記
保身
信女
信念
信条
信組
備考
先番
光電
全件
全室
全戸
公設
兵役
内径
内情
刀身
切点
前号
力点
労基
動態
勝機
勝算
化工
単体
単打
単板
原典
原版
原題
反旗
同列
同根
名神
名車
和牛
和犬
営利
因子
国費
国鳥
地政
基線
塩酸
声量
変様
外信
外報
天真
天面
実害
害鳥
家父
家産
宿願
富商
寒帯
寒波
小社
局番
居士
常態
広角
建材
張力
後略
後衛
必着
悪事
悲運
悲願
情婦
情実
情景
成鳥
戦国
戦型
所領
手動
手芸
技量
支流
敗着
敗者
整体
整数
新船
日照
日給
日豊
旧友
明部
春温
暑中
暗証
暴漢
暴言
書名
有形
有病
服屋
朝令
未聞
末代
末文
末筆
本校
条文
東校
林相
格調
業績
極少
極意
橋頭
次号
次姉
正伝
正価
正倉
正堂
正妻
正念
正賞
武具
残効
残額
殺虫
民航
気転
水族
水球
水銀
油圧
流木
清栄
減価
湯池
漁具
炭酸
点線
物証
特例
特修
球技
球根
理数
生肉
用件
病変
病歴
病理
白球
皮下
皮質
目代
省益
眼球
知見
短命
短観
社有
社業
祖師
祝典
神格
神灯
神理
神童
祭具
秋季
立国
精英
素因
素養
組名
経度
結節
給料
絵図
絶品
綿糸
総意
総業
緑豆
縄文
美質
美風
義弟
義祭
義足
老女
老臣
老親
肉牛
能会
航路
船外
船首
良薬
芸名
苦肉
草魚
落花
薬価
血族
街灯
西走
要録
見仏
見地
観葉
証査
評伝
試練
詩句
詩編
講道
議連
護岸
豊漁
資力
路外
軍規
辞典
辞意
近臣
近親
逆真
通期
遊水
道断
達用
遠足
部族
酒席
重圧
金満
金貨
金門
鉄橋
銀漢
鏡台
長姉
長波
門歯
防火
集英
集要
雑益
雑観
雨天
雪冷
雪原
雲水
電光
電報
電球
頭皮
題材
類書
風来
風評
養女
香料
魚群
黄門
下意
不問
不敗
不測
不落
世相
両刀
両校
両船
中皮
中種
主務
主菜
主領
予科
予行
事変
事由
交友
京滋
京福
人望
人災
今号
他害
付注
代走
以北
以南
以心
以西
任地
休園
休題
会友
伝令
位階
低位
低声
住設
体毛
体液
体積
体言
余念
使行
例題
便意
便益
保冷
修士
個数
候鳥
借景
借知
停職
健保
元価
元標
先入
先公
入店
入梅
入職
全号
全周
全形
全総
公武
公知
共住
共時
共益
具材
内積
内題
円貨
再戦
写本
冷害
冷温
冷茶
出自
列和
副題
力動
功績
功能
労務
労農
効能
勇名
動脈
勝因
化身
医事
医術
半両
半信
半旗
半知
半角
協働
南庭
単刀
単勝
単形
単発
単科
単願
博品
印伝
原票
原資
原電
友情
友愛
反共
反古
取集
口福
古楽
古点
古紙
古老
可動
右往
号数
各位
各員
各校
各級
同友
名器
名手
名犬
向学
周産
命題
和上
品行
商務
営団
器材
器楽
器物
回天
回船
固形
国書
国父
国設
園路
圧政
在団
在民
均整
城門
報時
墓列
墓相
士気
変体
変報
変電
外周
外規
外電
外題
多動
多夫
多妻
多婦
多島
多毛
多神
大暑
大界
天命
天変
天子
天空
天辺
太王
失体
失意
失態
失投
失行
失調
始球
季語
学友
学説
完動
完形
官益
官能
定点
実姉
室温
家相
家訓
富民
富農
寒天
導師
小康
小板
少佐
山容
岐路
岩石
工務
工種
左往
左記
左飛
師弟
常在
常習
平価
平準
年号
広節
度量
弁務
引水
弱肉
当来
当確
役務
役格
復田
徳育
心技
心神
必殺
志気
快作
快晴
急使
急務
悪友
悪寒
悲鳴
情事
情動
情愛
意表
愛鳥
成体
成犬
成虫
戦列
戦意
戦火
所産
才色
投信
投雪
挙動
採算
接眼
接辞
支柱
政争
政協
政商
政変
政見
政談
故事
故人
故国
故紙
故老
敗因
教則
教祖
教程
教義
断点
旅情
明器
星宿
星条
春宮
昨季
晴雨
暗号
暴利
暴投
暴追
書体
書庫
書風
有向
望遠
本号
本望
材木
条理
条虫
来季
東低
東総
松科
板元
果肉
枝流
校則
根菜
極印
構音
機首
次行
歌友
正条
正脈
正覚
武備
武術
歴博
残土
残部
残雪
殺界
母印
母船
毒物
毛細
民宿
民工
民放
民芸
気動
氷山
氷点
氷質
池底
決死
決選
沖積
油田
治験
波動
洋名
流体
流罪
海事
海友
海基
消夏
混声
減数
温情
温菜
測候
湖面
満場
満席
満身
滋養
漁協
炭水
炭鉱
無子
無病
焼点
熱弁
燃費
牛皮
物損
特会
特価
特典
特効
特技
特番
特石
特質
特電
特高
犬種
犯科
王政
球形
球種
理容
産休
画師
番兵
番犬
番茶
病名
病因
病苦
病衣
病身
益体
直情
相国
真言
眼毒
眼福
知育
知能
短信
短弓
短波
石標
石門
破談
確例
確報
示談
社労
祝意
祝電
神意
票田
祭政
祭神
禁輸
禁門
福利
福神
福音
秋冷
秋天
科技
秒速
税務
積水
章典
競輪
笑売
筆力
等身
管見
節度
精兵
精巣
精工
精気
精液
紀聞
経時
絵布
絶唱
絶景
続投
総菜
総評
総門
総集
羊毛
美境
美声
美技
美白
美談
美顔
美飯
群臣
義兄
義妹
義姉
羽毛
老令
老健
老境
老害
老木
老残
老母
耳順
職務
職能
職責
肉天
自席
自暴
自説
航続
船名
良識
良貨
芸当
芸歴
芸談
荷室
落日
葉緑
薬害
薬液
血友
行宮
街上
街談
街路
表在
表皮
表見
要害
見識
規約
言説
言辞
記章
記紀
証紙
評言
試料
詩境
詩情
説話
読後
読点
講社
謝金
識見
護身
財投
財運
貧富
責務
賛意
賛辞
赤心
車列
軍備
軽協
軽合
農事
農具
農夫
農耕
近在
近聞
返書
返球
迷信
逆境
通天
通念
通時
通言
通説
連名
連歌
連隊
週休
週給
進度
遊具
遊動
遊技
遊楽
遊機
遊里
遠景
遠路
適期
適材
選力
選民
部首
重役
重罪
重臣
野望
野草
金鉱
鉄条
鉄柱
鉄線
鉱脈
銅貨
鏡像
長毛
開祖
間投
防寒
隊列
隊名
隊商
隊舎
集光
集魚
雑則
雑器
雑念
雑技
雑話
雪害
電材
電路
青果
青酸
面皮
音階
類例
類義
風圧
風習
飛球
食指
香典
香味
香草
馬主
馬群
馬術
馬防
馬首
高給
魚体
魚価
魚肉
丁半
丁名
丁子
丁字
丁年
丁税
丁銀
丁銅
上中
上使
上兵
上列
上厚
上反
上古
上士
上声
上客
上宮
上師
上底
上式
上星
上死
上生
上略
上番
上知
上米
上編
上聞
上葉
上行
上製
上計
上長
上首
上馬
下人
下令
下列
下制
下口
下名
下国
下学
下属
下布
下底
下式
下情
下注
下熱
下界
下略
下番
下薬
下血
下行
下衣
下語
下足
下郡
下階
下集
下顔
不一
不予
不争
不二
不休
不会
不伝
不住
不例
不入
不労
不受
不売
不対
不帰
不弁
不感
不才
不挙
不文
不時
不楽
不活
不漁
不犯
不省
不着
不知
不空
不立
不等
不織
不老
不育
不臣
不言
不記
不語
不買
不輸
不食
世上
世事
世伝
世出
世務
世変
世子
世家
世局
世情
世態
世才
世故
世教
世数
世父
世用
世祖
世福
世職
世評
世説
世路
世道
世鏡
両三
両世
両件
両便
両個
両全
両区
両句
両君
両図
両城
両夫
両女
両妻
両字
両宮
両家
両宿
両属
両山
両島
両州
両度
両形
両役
両時
両書
両朝
両材
両条
両次
両気
両水
両河
両法
両流
両液
両港
両湖
両牛
両王
両生
両界
両祖
両税
両種
両統
両義
両職
両花
両行
両語
両説
両課
両車
両輪
両辺
両郡
両部
両重
両隊
両階
両頭
両館
両馬
中人
中体
中分
中判
中動
中医
中印
中圧
中墓
中士
中字
中帯
中府
中散
中書
中有
中業
中気
中水
中波
中研
中社
中章
中管
中線
中編
中老
中興
中薬
中衛
中観
中質
中農
中量
中銀
中風
中飛
主事
主位
主兵
主典
主参
主命
主城
主基
主夜
主夫
主室
主家
主局
主島
主弁
主情
主意
主日
主星
主木
主材
主枝
主柱
主査
主根
主業
主気
主港
主点
主版
主用
主病
主石
主神
主祭
主節
主編
主罪
主群
主能
主脈
主船
主薬
主調
主談
主辞
主述
主部
主都
主隊
主音
主馬
久三
久遠
乗具
乗数
乗機
乗率
予価
予土
予対
予燃
予研
予章
予表
予責
争利
争友
争名
争鳴
事主
事歴
事物
事理
事略
事相
事績
井数
井水
井目
井神
井花
交利
交名
交唱
交声
交子
交情
交感
交波
交点
交直
交線
交親
交角
京中
京内
京包
京図
京奈
京官
京師
京職
人世
人士
人定
人後
人徳
人感
人才
人本
人毛
人治
人流
人牛
人界
人祖
人神
人臣
人荷
人血
人言
人証
人語
人財
人長
人頭
今上
今体
今例
今古
今式
今昔
今生
仏事
仏京
仏伝
仏光
仏兵
仏典
仏力
仏名
仏和
仏器
仏土
仏天
仏子
仏字
仏家
仏寺
仏工
仏徒
仏意
仏所
仏手
仏日
仏書
仏果
仏歯
仏母
仏氏
仏版
仏産
仏用
仏画
仏真
仏眼
仏祖
仏神
仏経
仏者
仏英
仏製
仏説
仏貨
仏足
仏身
仏道
仏都
仏面
仏音
仏頭
仏飯
仕丁
仕服
仕法
他世
他事
他体
他利
他力
他品
他室
他家
他山
他市
他年
他形
他感
他族
他書
他村
他校
他業
他極
他殺
他氏
他流
他物
他犬
他発
他眼
他種
他章
他筆
他紙
他群
他聞
他船
他見
他覚
他財
他車
他軍
他辺
他門
他院
他隊
他面
他領
他風
付利
付則
付曲
付点
付票
付章
付節
付説
代価
代務
代印
代品
代案
代演
代脈
代船
代車
代返
代配
令兄
令制
令名
令外
令妹
令姉
令孫
令室
令弟
令息
令政
令正
令法
令色
以往
以東
以浅
以深
以遠
仮借
仮声
仮山
仮性
仮数
仮根
仮構
仮空
仮言
仮象
仮足
仲兄
仲冬
仲夏
仲春
仲父
仲秋
仲語
任国
任所
任料
任脈
任運
任限
休店
休漁
休筆
休薬
会元
会務
会名
会告
会子
会心
会意
会旗
会苦
会規
会試
伝共
伝刀
伝力
伝単
伝国
伝声
伝家
伝書
伝熱
伝産
伝研
伝神
伝衣
伝話
伝路
伝音
伝領
似像
位地
位官
位数
位格
位田
低圧
低塩
低山
低張
低確
低質
低起
低部
低酸
住商
住基
住家
住工
住心
住持
住管
住血
住都
体側
体半
体圧
体容
体察
体心
体熱
体節
体菜
体術
体量
体鳴
余事
余光
余効
余寒
余席
余徳
余情
余接
余日
余栄
余業
余毒
余民
余気
余水
余熱
余病
余白
余種
余算
余習
余聞
余興
余色
余花
余角
余話
余説
余財
余資
余類
余風
余香
作事
作人
作例
作分
作務
作印
作句
作問
作因
作土
作変
作庭
作意
作手
作料
作期
作条
作毛
作略
作礼
作種
作設
作話
作願
作食
使丁
使人
使信
使司
使徒
使神
使臣
例句
例式
例日
例月
例歌
例祭
例規
例解
例言
例話
価数
価標
便中
便名
便服
便柱
便池
便法
便船
便衣
便追
便通
便量
保修
保因
保字
保息
保査
保父
保税
保線
保肥
保運
信力
信印
信実
信望
信管
信義
信言
信賞
修友
修史
修女
修徳
修文
修景
修福
修竹
修証
修辞
修験
倉卒
倉口
個利
個品
個客
個店
個物
個的
個眼
個票
個表
個計
個食
倍化
倍圧
倍大
倍数
倍満
倍角
倍額
候人
借区
借名
借料
借銀
停刊
停動
停学
停点
停飲
健側
健兵
健政
健末
健歯
健民
健筆
健緑
健食
側副
側囲
側圧
側布
側手
側方
側条
側板
側根
側注
側筆
側管
側芽
側薬
側行
側転
側辺
側道
側音
備品
備給
備要
備金
備長
像主
像内
像容
像柱
像法
像点
像面
像高
元代
元初
元品
元始
元曲
元正
元物
元老
兄姉
先主
先任
先体
先例
先便
先兵
先出
先務
先史
先号
先君
先回
先夫
先婦
先学
先富
先師
先幸
先徳
先書
先王
先登
先知
先節
先約
先考
先規
先覚
先負
先軍
先非
先験
光体
光力
光周
光圧
光堂
光復
光束
光来
光柱
光毒
光波
光火
光点
光球
光画
光祖
光虫
光行
光覚
光象
光質
光路
光輪
光頭
光風
児女
児孫
児頭
入光
入内
入刀
入境
入声
入夫
入客
入川
入市
入息
入木
入気
入玉
入神
入祭
入級
入航
入船
入費
全伝
全備
全兵
全円
全判
全功
全協
全史
全問
全図
全圧
全季
全山
全州
全幹
全心
全損
全数
全景
全書
全村
全条
全歯
全波
全犬
全率
全球
全町
全相
全知
全紙
全級
全羽
全習
全能
全船
全草
全血
全評
全速
全野
全隊
全階
全音
全顔
全馬
全鳥
公主
公事
公休
公価
公信
公力
公助
公労
公単
公印
公図
公地
公墓
公女
公孫
公室
公宮
公差
公度
公役
公徳
公意
公挙
公方
公族
公案
公比
公流
公準
公物
公王
公理
公田
公病
公空
公総
公舎
公課
公議
公路
公辺
公達
公電
共修
共利
共助
共勝
共属
共弁
共役
共戦
共業
共火
共管
共習
共進
兵丁
兵争
兵事
兵備
兵具
兵制
兵務
兵勢
兵営
兵変
兵家
兵戦
兵数
兵書
兵服
兵村
兵気
兵火
兵略
兵科
兵種
兵船
兵術
兵衣
兵談
兵車
兵農
兵運
兵額
兵食
具格
具案
具注
具状
具眼
具象
典事
典例
典医
典故
典書
典楽
典薬
内争
内伝
内使
内典
内区
内台
内合
内君
内周
内因
内城
内声
内妻
内孫
内官
内室
内宮
内家
内帯
内底
内府
内弁
内意
内方
内水
内治
内洋
内温
内湖
内照
内燃
内状
内界
内発
内経
内航
内薬
内行
内言
内記
内証
内議
内貨
内貿
内資
内運
内鉄
内院
円価
円口
円外
円弁
円成
円教
円文
円明
円月
円木
円本
円材
円村
円板
円球
円皮
円石
円筆
円管
円覚
円読
円転
円輪
円鏡
円頭
再四
再圧
再帰
再役
再往
再応
再校
再犯
写友
写図
写場
写声
写字
写得
写景
写植
写票
写経
写角
写象
写野
冬上
冬営
冬夜
冬春
冬海
冬芽
冬虫
冷光
冷帯
冷感
冷態
冷暗
冷池
冷点
冷照
冷熱
冷眼
冷研
冷結
冷肉
冷菜
冷血
冷覚
冷酒
冷間
冷雨
冷雪
冷食
出巣
出師
出息
出挙
出格
出欠
出母
出用
出舎
出行
出車
出門
刀利
刀勢
刀印
刀商
刀子
刀工
刀心
刀礼
刀筆
刀術
分体
分力
分包
分区
分営
分圧
分室
分局
分島
分店
分度
分損
分服
分期
分校
分根
分極
分治
分注
分液
分灯
分点
分生
分画
分相
分省
分知
分秒
分章
分米
分給
分習
分脈
分課
分部
分銅
分際
切所
切歯
切線
列世
列代
列伝
列名
列士
列外
列女
列弁
列数
列柱
列機
列氏
列火
列状
列王
列番
列祖
列福
列線
列語
列長
初世
初中
初交
初令
初伝
初位
初信
初刊
初列
初刷
初句
初号
初名
初地
初夜
初学
初度
初形
初志
初文
初春
初犯
初現
初生
初留
初発
初祖
初筆
初経
初給
初編
初職
初葉
初行
初語
初読
初電
判任
判型
判士
判時
判検
判民
判物
判者
判評
別丁
別伝
別便
別号
別命
別品
別器
別国
別報
別境
別字
別室
別帳
別当
別後
別愛
別戸
別才
別条
別火
別種
別章
別紙
別置
別義
別行
別製
別解
別課
別路
別辞
別電
利他
利器
利心
利楽
利生
利米
利運
利達
利雪
利養
制令
制勝
制式
制札
制水
制海
制空
制酸
制電
刷数
刷紙
則天
前仏
前便
前医
前古
前史
前司
前問
前図
前季
前官
前室
前局
前席
前急
前成
前旗
前時
前景
前書
前条
前注
前王
前生
前眼
前章
前置
前葉
前表
前角
前訓
前話
前説
前談
前走
前車
前転
前金
前門
前院
前隊
前非
前額
前食
副体
副使
副務
副因
副守
副官
副性
副成
副手
副文
副木
副流
副王
副生
副番
副章
副菜
副鏡
副階
副食
力争
力役
力気
力積
力編
力能
力車
功人
功候
功力
功名
功法
功科
功臣
功賞
功過
功験
加功
加年
加役
加成
加水
加法
加線
加薬
加行
加設
加音
助士
助字
助師
助材
助業
助炭
助燃
助祭
助辞
労兵
労判
労宮
労工
労役
労改
労研
労福
労経
労資
労運
労銀
効益
勇往
勇徳
勇武
勇歩
勇略
勇義
勇者
勇臣
勉得
動労
動勢
動因
動地
動声
動弁
動径
動意
動愛
動感
動毛
動気
動点
動熱
動燃
動眼
動線
動輪
動辞
動電
動静
務本
勝共
勝勢
勝地
勝報
勝楽
勝着
勝絶
勝解
勝運
勢望
包交
包帯
包接
包皮
包米
包葉
包虫
包衣
化主
化仏
化土
化地
化導
化鳥
北七
北低
北境
北天
北子
北守
北家
北寄
北師
北帰
北府
北庭
北曲
北画
北行
北走
北足
北路
北転
北辺
北都
北限
北院
北雪
北音
北馬
区営
区市
区政
区点
区章
区隊
医務
医博
医原
医員
医士
医官
医家
医心
医方
医書
医治
医用
医界
医説
医道
医食
午食
半丁
半人
半休
半作
半側
半切
半印
半句
半可
半商
半国
半士
半夜
半字
半季
半官
半平
半弓
半弟
半役
半成
半損
半文
半果
半武
半歩
半民
半漁
半玉
半町
半白
半眼
半神
半肉
半解
半言
半足
半輪
半農
半速
半里
半金
半開
半顔
半麦
卒前
卒意
卒死
協住
協弁
協立
南人
南園
南境
南家
南寺
南岸
南曲
南武
南路
南辺
南限
南院
南高
単三
単光
単列
単利
単包
単協
単味
単営
単回
単子
単属
単幹
単弁
単式
単性
単意
単数
単文
単材
単極
単横
単毛
単球
単産
単相
単眼
単票
単立
単管
単級
単組
単肥
単葉
単複
単親
単記
単路
単車
単量
単飼
博引
博愛
博才
博聞
博言
印信
印刀
印判
印堂
印形
印文
印書
印本
印材
印池
印相
印章
印綿
印肉
印花
印面
厚年
厚徳
厚志
厚情
厚意
原件
原体
原像
原句
原名
原味
原品
原器
原図
原基
原字
原岩
原意
原景
原書
原末
原板
原毛
原水
原法
原注
原炭
原物
原状
原皮
原石
原種
原糸
原紙
原級
原綿
原罪
原職
原肉
原肥
原色
原薬
原虫
原詩
原話
原調
原質
原速
原道
原酒
原鉱
原隊
原頭
原魚
原麦
去声
去夏
去春
去月
去留
去秋
参宮
参宿
参法
参礼
参軍
友交
友効
友軍
反例
反切
反別
反回
反実
反当
反徒
反意
反歌
反歩
反清
反満
反照
反独
反神
反税
反立
反義
反臣
反英
反足
反軍
反間
取義
取財
受令
受働
受光
受動
受圧
受寄
受感
受法
受液
受照
受熱
受田
受礼
受神
受職
受肉
受育
受苦
口伝
口分
口器
口囲
口型
口底
口愛
口才
口業
口気
口決
口耳
口証
口話
口輪
口辺
口道
口鼻
古京
古人
古仏
古伝
古体
古例
古像
古刀
古制
古印
古名
古器
古城
古墓
古字
古希
古年
古形
古意
古態
古方
古昔
古曲
古期
古札
古格
古法
古注
古流
古湯
古画
古相
古社
古筆
古経
古義
古色
古茶
古訓
古記
古詩
古説
古酒
古鏡
古面
古音
古駅
句例
句友
句型
句境
句意
句数
句末
句歴
句法
句点
句義
句読
句間
句題
可住
可採
可燃
可算
可約
可給
可耕
可読
可逆
可食
台下
台印
台子
台日
台状
台皿
台船
台辞
台農
史乗
史伝
史官
史林
史略
史眼
史筆
史詩
史話
史都
右列
右図
右室
右府
右文
右方
右筆
右羽
右葉
右記
右軍
右近
右院
号外
号笛
号給
号音
司徒
司牧
司直
司空
司長
司馬
各体
各停
各則
各号
各字
各室
各寺
各島
各式
各役
各性
各書
各期
各村
各案
各極
各橋
各法
各章
各等
各群
各色
各証
各財
各辺
各週
各院
各隊
各館
各馬
合切
合名
合営
合字
合散
合界
合皮
合科
合筆
合糸
合薬
合谷
合財
合道
同令
同側
同刊
同効
同包
同号
同君
同圧
同城
同声
同夢
同女
同宮
同導
同属
同師
同引
同役
同断
同曲
同極
同橋
同歩
同母
同気
同治
同温
同玉
同王
同生
同着
同祖
同科
同章
同筆
同節
同素
同者
同職
同血
同表
同見
同角
同訓
同語
同説
同量
同鉱
同門
同飛
同香
名下
名代
名刀
名利
名勝
名区
名印
名号
名君
名園
名基
名宿
名局
名庭
名技
名数
名族
名月
名望
名木
名材
名松
名流
名湯
名玉
名石
名笛
名筆
名答
名節
名聞
名臣
名花
名薬
名言
名記
名詩
名語
名識
名走
名運
名酒
名香
名鳥
向光
向勢
向地
向寒
向岸
向春
向暑
向米
向進
君側
君公
君命
君国
君徳
君民
君父
君王
君臣
君親
君長
告文
告祭
告身
告辞
周上
周代
周備
周刊
周初
周天
周定
周術
周転
周速
周長
味液
味識
命友
命婦
命式
命数
命法
命終
命脈
命言
命課
命講
和仏
和南
和名
和声
和差
和才
和書
和本
和楽
和様
和炭
和独
和産
和種
和算
和約
和習
和船
和薬
和術
和訓
和議
和鉄
和額
和館
品流
品温
員外
唱名
唱法
唱門
唱題
商利
商報
商大
商才
商政
商材
商機
商流
商港
商特
商略
商登
商相
商規
商説
商調
商農
商連
商運
商道
商都
商陸
喜受
喜字
喜鳴
営中
営倉
営内
営力
営外
営庭
営所
営漁
営理
営自
営舎
営草
営設
営門
器体
器台
器差
器形
器才
器械
器種
器財
器質
器面
回報
回心
回文
回族
回次
回武
回状
回章
回米
回虫
因数
因明
因美
因習
因行
因説
団交
団内
団練
団茶
囲口
囲城
囲田
図典
図化
図南
図名
図根
図様
図法
図絵
図色
図象
固体
固型
固山
固成
国使
国典
国利
国制
国号
国図
国字
国守
国安
国師
国年
国幹
国弁
国意
国手
国損
国改
国柱
国楽
国歩
国母
国界
国祖
国禁
国章
国老
国花
国訓
国詩
国造
国運
国郡
国金
国領
園丁
園例
園区
園名
園庭
園数
園林
園池
園舎
園試
園頭
土人
土倉
土公
土圧
土対
土性
土柱
土民
土祝
土神
土科
土管
土耕
土製
土語
土運
土道
土量
土長
土階
土音
土類
土馬
圧感
圧成
圧気
圧点
圧覚
在仏
在判
在命
在村
在比
在沖
在満
在特
在生
在番
在空
在級
在貨
在野
在阪
在隊
地丁
地久
地体
地公
地判
地労
地商
地圧
地変
地子
地居
地底
地府
地役
地文
地格
地標
地歩
地歴
地母
地毛
地気
地温
地熱
地物
地玉
地界
地番
地目
地相
地種
地積
地米
地精
地給
地衣
地象
地財
地輪
地連
地運
地鉄
地集
地類
地黄
坂路
均合
均圧
均差
均熱
均田
均輸
型体
城主
城兵
城名
城外
城居
城府
城池
城番
城都
城関
城頭
城館
基体
基原
基台
基名
基図
基布
基材
基業
基点
基物
基発
基石
基肥
基語
基質
基通
基部
基面
基音
埼京
堂上
堂主
堂内
堂号
堂官
堂屋
堂標
堂舎
報仏
報労
報国
報土
報徳
報禁
報賞
報身
場景
塩商
塩土
塩基
塩害
塩梅
塩業
塩皮
塩税
塩配
塩鉱
境位
境土
墓上
墓主
墓側
墓制
墓名
墓園
墓室
墓群
増体
増倍
増備
増光
増力
増区
増巣
増差
増感
増深
増温
増灯
増炭
増熱
増版
増生
増白
増石
増破
増福
増血
増高
士人
士列
士師
士族
士林
士民
士談
士風
声価
声句
声名
声字
声容
声息
声望
声歌
声績
声義
声調
声部
声門
声風
売位
売名
売品
売国
売官
売山
売得
売文
売炭
売率
売笑
売船
売色
売茶
売薬
売血
売防
変事
変分
変勢
変圧
変型
変声
変局
変差
変曲
変格
変法
変温
変災
変物
変状
変相
変種
変量
変音
夏下
夏巣
夏緑
夏雨
夕照
外京
外光
外典
外力
外勢
外包
外区
外台
外史
外合
外向
外因
外囲
外型
外城
外境
外字
外宮
外容
外市
外帯
外底
外径
外心
外性
外感
外教
外族
外景
外曲
外構
外水
外液
外港
外照
外熱
外物
外王
外生
外画
外発
外登
外皮
外省
外積
外管
外米
外紙
外緑
外耳
外臣
外船
外葉
外衣
外言
外記
外護
外貿
外転
外連
外運
外道
外銀
多事
多住
多価
多側
多口
多回
多圧
多型
多士
多声
多売
多子
多形
多心
多念
多情
多指
多景
多歩
多死
多灯
多点
多照
多笑
多管
多給
多罪
多羽
多肉
多肥
多花
多血
多語
多調
多財
多辺
多酸
多頭
多飲
夜光
夜具
夜分
夜前
夜天
夜学
夜想
夜戦
夜気
夜灯
夜直
夜色
夜走
夜鳥
夢告
夢応
夢死
夢界
夢相
夢精
夢覚
夢遊
大乗
大令
大任
大伝
大典
大円
大効
大勇
大印
大史
大命
大器
大士
大姉
大守
大官
大害
大帯
大序
大度
大弁
大徳
大志
大悲
大意
大指
大数
大旗
大望
大束
大果
大検
大業
大死
大知
大礼
大節
大編
大織
大舎
大街
大覚
大計
大議
大身
大逆
大運
大過
大遠
大郡
大院
大隊
大雲
大領
大願
大黄
天中
天主
天人
天円
天分
天助
天動
天南
天印
天味
天報
天声
天女
天字
天孫
天官
天工
天師
天庫
天徳
天心
天志
天意
天授
天日
天望
天朝
天来
天柱
天格
天極
天機
天水
天池
天測
天火
天灯
天父
天物
天球
天産
天界
天目
天眼
天社
天種
天耳
天聞
天職
天衣
天象
天資
天賞
天質
天路
天軍
天輪
天造
天運
天道
天金
天長
天門
天開
天険
天際
天青
天顔
天馬
天鹿
太上
太初
太史
太多
太守
太常
太清
太祖
太素
太細
夫君
夫唱
夫子
夫食
失保
失名
失地
失対
失政
失歩
失注
失活
失着
失立
失費
奈女
女婦
女孫
女弟
女徳
女根
女液
女犯
女男
女短
女経
女肉
女色
女花
女護
女身
女軍
女院
好中
好人
好位
好例
好個
好光
好味
好商
好女
好字
好学
好局
好形
好性
好悪
好戦
好所
好手
好日
好時
好晴
好望
好期
好果
好気
好漁
好漢
好熱
好球
好生
好編
好親
好角
好酸
好銀
妹弟
妻室
姉兄
姉弟
始代
始原
始新
始期
始生
始筆
始線
始覚
始語
委曲
委細
婦唱
婦徳
婦選
子午
子実
子母
子葉
字中
字例
字典
字句
字径
字統
字行
字解
字訓
字間
字音
字高
季候
季冬
季刊
季夏
季感
季春
季秋
季調
季題
学事
学仏
学兄
学則
学務
学半
学参
学堂
学報
学変
学室
学店
学府
学徳
学才
学政
学林
学治
学災
学知
学石
学祖
学究
学統
学績
学義
学行
学規
学課
学都
学頭
孫女
孫色
守兵
守則
守国
守城
守心
守戦
守戸
守文
守礼
守衛
安位
安内
安分
安協
安国
安導
安居
安山
安康
安民
安立
完徳
完新
完本
完満
完調
完食
完飲
官主
官位
官修
官公
官兵
官務
官印
官司
官命
官員
官営
官園
官地
官女
官寺
官府
官庫
官戸
官有
官服
官版
官物
官田
官立
官紀
官職
官船
官行
官記
官設
官話
官辺
官道
官選
官金
官銅
官階
定係
定借
定則
定命
定圧
定在
定差
定息
定文
定格
定業
定温
定演
定理
定省
定積
定約
定線
定船
定見
定言
定足
実事
実伝
実修
実参
実員
実境
実売
実大
実妹
実字
実徳
実念
実悪
実意
実打
実損
実教
実景
実有
実機
実正
実歴
実科
実積
実竹
実綿
実義
実者
実職
実船
実語
実説
実辞
実部
実量
実録
実長
実館
客位
客冬
客分
客地
客年
客月
客来
客気
客注
客演
客舎
客語
客貨
客遊
客電
室名
室員
室数
室礼
宮主
宮保
宮務
宮女
宮室
宮相
宮禁
宮都
宮門
害心
害悪
害意
害毒
害草
家令
家伝
家作
家例
家信
家借
家兄
家司
家名
家君
家国
家士
家常
家書
家月
家材
家格
家母
家礼
家祖
家統
家職
家説
家運
家道
家門
容共
容受
容止
容色
容顔
宿世
宿便
宿内
宿外
宿学
宿年
宿徳
宿志
宿悪
宿意
宿政
宿曜
宿望
宿村
宿根
宿業
宿母
宿民
宿王
宿神
宿罪
宿老
宿運
宿道
宿院
宿雨
寄主
寄帰
寄金
富人
富力
富化
富友
富国
富実
富家
富者
富鉱
寒中
寒候
寒季
寒害
寒心
寒性
寒時
寒暑
寒月
寒松
寒梅
寒極
寒殺
寒水
寒流
寒温
寒熱
寒竹
寒色
寒苦
寒行
寒証
寒貧
寒雲
寒食
察番
寺中
寺伝
寺使
寺務
寺号
寺堂
寺官
寺家
寺格
寺舎
寺観
寺運
寺額
対世
対仏
対他
対位
対備
対光
対化
対印
対句
対合
対告
対唱
対地
対成
対手
対支
対明
対景
対査
対格
対気
対清
対満
対義
対自
対英
対辺
導光
導円
導因
導報
導子
導流
導液
導管
導術
導通
導電
小乗
小伝
小像
小典
小円
小刀
小功
小区
小医
小史
小名
小問
小器
小堂
小変
小子
小字
小官
小寒
小局
小工
小序
小店
小引
小弟
小徳
小成
小才
小散
小旗
小景
小暑
小曲
小札
小果
小案
小流
小満
小点
小照
小球
小用
小皮
小知
小紙
小組
小給
小編
小職
小臣
小舎
小葉
小解
小話
小象
小身
小輪
小辞
小過
小量
小隊
少実
少室
少小
少師
少府
少弟
少心
少校
少死
少産
少進
少陽
少雨
少雪
少類
局勢
局印
局報
局外
局後
局方
局票
局紙
局舎
局課
居動
居家
居席
居常
屋舎
属人
属司
属名
属員
属国
属地
属城
属官
属島
属州
属格
属領
山体
山参
山号
山妻
山宮
山島
山径
山月
山民
山灯
山相
山群
山色
山茶
山草
山雨
山雲
山養
山馬
岡阜
岩体
岩塩
岩流
岩版
岩画
岩相
岩種
岩粉
岩綿
岩脈
岩質
岩頭
岩高
島主
島名
島部
島都
崎港
州別
州名
州境
州外
州師
州府
州牧
州県
州税
州花
州軍
州郡
州際
巣上
巣板
巣落
工人
工地
工女
工字
工役
工手
工技
工数
工特
工率
工船
工貿
工農
工部
工鉱
工順
左刀
左室
左岸
左府
左方
左注
左直
左社
左羽
左表
左証
左近
左道
左院
差動
差圧
差数
差略
差等
差音
市勢
市史
市報
市学
市屋
市易
市県
市税
市章
市設
市費
市門
布字
布政
布武
布線
布衣
布量
希土
希書
希酸
師主
師伝
師友
師号
師君
師命
師家
師母
師父
師管
師表
師説
師資
師道
師部
師長
席主
席料
席末
席次
席画
席運
席順
席題
帯下
帯水
帯青
帰台
帰命
帰家
帰宿
帰巣
帰心
帰所
帰村
帰校
帰根
帰無
帰神
帰経
帰責
帰路
帰都
帰阪
帳下
帳台
帳外
帳票
常会
常体
常例
常典
常同
常命
常圧
常夜
常客
常式
常念
常楽
常歩
常民
常水
常火
常理
常続
常職
常色
常訓
常語
常談
常関
平作
平信
平元
平声
平曲
平服
平残
平水
平波
平温
平熱
平版
平生
平脈
平葉
平角
平話
平語
平調
平頭
年休
年周
年季
年官
年欠
年歯
年画
年税
年級
年額
年魚
幸便
幹囲
幹校
幹道
幹音
広土
広布
広庭
広本
広灯
広用
広益
広目
広記
広録
序刊
序品
序数
序次
序歌
序編
序言
序詩
序説
序部
底岩
底本
底版
底生
底角
底質
底部
店外
店格
府事
府令
府兵
府務
府印
府城
府報
府外
府学
府庫
府道
府郡
度支
度者
度表
庫司
庫平
庭前
庭球
庭訓
庭院
康心
康楽
康福
建中
建営
建学
建機
建水
建礼
建置
建軍
弁公
弁力
弁口
弁士
弁官
弁才
弁法
弁理
弁義
弁色
弁証
弁説
弁財
弁道
弁部
弁開
式中
式事
式台
式文
式日
式服
式法
式目
式能
式量
式順
弓兵
弓技
弓状
弓術
弓部
弓馬
引例
引力
引導
引経
引航
引転
引頭
引首
弟兄
弟王
弱兵
弱冷
弱卒
弱国
弱声
弱志
弱毒
弱行
弱起
弱酸
弱風
張三
強兵
強勇
強勢
強弓
強意
強毒
強皮
強精
強起
強運
強酸
強電
強音
強馬
当住
当体
当区
当国
当土
当季
当家
当山
当帰
当府
当意
当月
当村
当条
当校
当流
当犬
当町
当省
当科
当節
当船
当色
当落
当薬
当路
当院
当願
当館
形像
形勝
形声
形局
形神
形象
役分
役印
役変
役夫
役席
役民
役満
役牛
役金
役馬
往事
往信
往古
往年
往日
往昔
往時
往査
往紀
往者
往航
往路
径庭
径行
待時
待期
後事
後仏
後件
後便
後備
後光
後図
後園
後夜
後夫
後室
後家
後市
後席
後庭
後接
後旗
後景
後来
後根
後注
後流
後生
後章
後節
後編
後葉
後角
後語
後身
後転
後選
後門
後隊
後面
徒事
徒労
徒弟
徒手
徒行
得分
得数
得業
得法
得示
得選
復国
復所
復文
復曲
復氏
復水
復都
復金
復顔
復食
徳分
徳器
徳性
徳才
徳望
徳歯
徳目
徳相
徳神
徳経
徳義
徳行
心下
心仏
心体
心像
心内
心労
心原
心友
心受
心因
心土
心字
心室
心思
心性
心所
心月
心材
心気
心水
心法
心海
心火
心無
心王
心眼
心算
心耳
心血
心行
心術
心話
心識
心間
心電
心黄
必中
必備
必務
必定
必戦
必用
必笑
必置
必達
必食
志力
志学
志料
志民
応報
応手
応機
応身
応量
応験
快事
快便
快刀
快報
快弁
快戦
快打
快技
快漢
快笑
快答
快足
快食
念写
念夢
念想
念法
念経
念者
念親
急信
急歩
急病
急登
急調
急談
急雨
性典
性効
性味
性器
性夢
性春
性来
性比
性毛
性活
性状
性病
息女
息男
悪世
悪作
悪例
悪器
悪因
悪国
悪報
悪声
悪夫
悪妻
悪婦
悪子
悪字
悪害
悪徒
悪念
悪所
悪手
悪才
悪書
悪月
悪果
悪根
悪業
悪液
悪演
悪漢
悪王
悪男
悪病
悪相
悪神
悪税
悪童
悪筆
悪習
悪臣
悪草
悪血
悪衣
悪見
悪言
悪計
悪逆
悪運
悪道
悪雪
悪面
悪風
悪食
悪鳥
悲喜
悲報
悲境
悲引
悲曲
悲歌
悲母
悲泣
悲田
悲色
悲話
悲調
情交
情人
情夫
情形
情念
情思
情性
情意
情態
情歌
情火
情状
情理
情知
情義
情調
情願
想夫
想念
想提
意字
意念
意想
意業
意行
意象
意馬
愛他
愛刀
愛別
愛友
愛徳
愛心
愛念
愛息
愛悪
愛技
愛書
愛校
愛欠
愛死
愛民
愛社
愛神
愛臣
愛苦
愛語
愛酒
感官
感念
感温
感熱
感状
感能
感興
感色
感量
感音
態容
態芸
慣習
成丁
成兵
成務
成句
成因
成均
成女
成実
成工
成心
成書
成林
成牛
成祖
成算
成規
成覚
成身
戦事
戦備
戦利
戦則
戦功
戦務
戦勢
戦区
戦友
戦史
戦報
戦声
戦局
戦役
戦技
戦旗
戦果
戦歴
戦気
戦理
戦競
戦績
戦訓
戦費
戦野
戦間
戦雲
戸主
戸外
戸政
戸長
所令
所伝
所修
所出
所労
所動
所務
所外
所引
所役
所志
所思
所求
所演
所生
所由
所税
所規
所解
所言
所証
所説
所関
所願
手低
手兵
手具
手印
手圧
手工
手技
手指
手札
手板
手根
手筆
才人
才六
才器
才媛
才子
才学
才徳
才気
才物
才略
才知
才筆
才芸
才英
才識
才質
才量
打法
打製
打通
打面
技協
技工
技建
技本
技科
技芸
投低
投光
投写
投力
投句
投地
投法
投炭
投矢
投象
折線
招命
招客
招提
招月
招民
招福
招運
招電
拾因
拾玉
持仏
持平
持明
持留
持節
持経
持薬
持説
指事
指北
指印
指圧
指地
指月
指板
指版
指話
指間
指頭
挙世
挙例
挙家
挙止
挙父
挙軍
授時
授章
授術
授記
採光
採塩
採得
採材
採果
採水
採火
採灯
採精
採肉
採草
採薬
採製
採証
採貝
接中
接境
接得
接心
接神
接線
接置
接語
提台
提女
提定
提法
提立
提要
提題
損出
損所
損料
損気
損物
損額
支会
支分
支判
支区
支台
支合
支城
支場
支子
支川
支帯
支族
支村
支点
支石
支線
支脈
支行
支谷
支道
支隊
改刷
改土
改案
改植
改氏
改番
改税
改詩
改運
改過
放列
放松
放楽
放物
放生
放精
放線
放血
放資
政事
政保
政冷
政制
政友
政史
政客
政思
政戦
政災
政略
政祭
政管
政要
政語
政費
政軍
政道
政都
政風
故主
故友
故地
故城
故実
故宮
故態
故旧
故殺
故買
救主
救命
救国
救応
救急
救歯
救母
救民
救水
救災
救生
救解
救貧
敗兵
敗勢
敗報
敗局
敗死
敗残
敗血
敗軍
敗運
教体
教具
教典
教務
教勢
教友
教場
教士
教外
教式
教木
教条
教案
教母
教法
教父
教王
教理
教生
教相
教研
教線
教説
教課
教門
教院
散人
散光
散兵
散史
散塩
散官
散定
散寒
散居
散所
散文
散木
散村
散票
散米
散茶
散薬
数唱
数息
数検
数独
数町
数略
数行
数表
数額
整容
整式
整水
整版
整経
文事
文件
文会
文例
文典
文勢
文名
文型
文報
文外
文官
文工
文底
文思
文意
文案
文検
文界
文礼
文群
文草
文証
文詩
文責
文身
文辞
文運
文野
文金
文鏡
文間
文頭
文題
料地
料所
料飲
断像
断岩
断想
断易
断果
断案
断橋
断機
断毒
断火
断編
断酒
断金
断雲
断頭
新付
新令
新例
新像
新兵
新円
新刀
新参
新友
新口
新味
新営
新図
新増
新声
新序
新店
新府
新採
新改
新故
新月
新期
新来
新案
新注
新港
新物
新発
新相
新省
新秋
新義
新色
新詩
新話
新語
新読
新貨
新軍
新酒
新鉱
新院
新陽
新集
新雪
新領
新香
新馬
方円
方印
方図
方国
方土
方外
方天
方広
方木
方格
方案
方民
方筆
方解
方路
方里
方金
方音
旅上
旅中
旅宿
旅次
旅舎
旅遊
旅銀
族制
族名
族葉
族長
旗人
旗公
旗国
旗柱
旗機
旗章
旗軍
旗長
旗門
日件
日加
日周
日字
日布
日歯
日港
日満
日王
日語
日貨
日軍
日輪
日量
日録
日限
日食
旧事
旧人
旧任
旧作
旧円
旧冬
旧功
旧口
旧史
旧品
旧図
旧地
旧城
旧好
旧妻
旧守
旧州
旧巣
旧師
旧年
旧徳
旧悪
旧慣
旧教
旧族
旧時
旧曲
旧本
旧札
旧村
旧業
旧様
旧法
旧注
旧港
旧版
旧物
旧約
旧線
旧習
旧聞
旧臣
旧行
旧衣
旧観
旧記
旧詩
旧話
旧説
旧識
旧貨
旧路
旧辞
旧遊
旧道
旧都
旧里
旧門
旧音
旧領
旧館
旧高
早報
早天
早年
早強
早成
早明
早材
早発
早秋
早老
早計
明光
明史
明君
明堂
明夜
明定
明帯
明年
明式
明所
明春
明服
明期
明末
明条
明楽
明法
明清
明点
明玉
明界
明目
明眼
明笛
明経
明線
明色
明要
明許
明証
明軍
明達
明鏡
明門
明頭
明験
易世
易損
易断
易燃
易者
易行
昔年
昔日
昔時
星主
星位
星像
星列
星団
星図
星室
星林
星表
星間
星雨
星雲
星食
春光
春分
春化
春天
春寒
春情
春昼
春景
春望
春本
春歌
春画
春耕
春色
春遊
春陽
春雪
昨報
昨対
昨朝
昨期
昨非
昼三
昼光
昼行
昼飯
時人
時余
時候
時務
時変
時好
時局
時政
時文
時服
時様
時習
時角
時言
時評
時運
時風
景勝
景徳
景情
景教
景物
景石
景福
景表
景雲
晴眼
晴耕
暑夏
暑寒
暑気
暑熱
暗主
暗光
暗君
暗夫
暗帯
暗期
暗条
暗流
暗点
暗空
暗緑
暗線
暗色
暗血
暗行
暗語
暗香
暴人
暴兵
暴勇
暴妻
暴害
暴富
暴対
暴挙
暴政
暴民
暴流
暴状
暴王
暴評
暴雨
曜変
曲事
曲例
曲型
曲師
曲技
曲数
曲水
曲池
曲率
曲直
曲礼
曲管
曲節
曲調
曲路
曲集
曲面
曲順
曲馬
書伝
書信
書勢
書史
書型
書堂
書外
書字
書屋
書式
書志
書技
書札
書板
書格
書法
書流
書画
書目
書票
書美
書者
書芸
書証
書語
最判
最勝
最外
最寒
最左
最明
最極
最民
最決
最特
最略
最落
最遠
最集
月令
月休
月像
月利
月台
月名
月商
月図
月央
月差
月明
月柱
月率
月球
月界
月神
月色
月花
月評
月謝
月輪
月食
有位
有体
有功
有半
有取
有司
有因
有報
有塩
有夫
有婦
有実
有徳
有心
有性
有感
有故
有時
有業
有標
有歯
有毛
有熱
有理
有生
有産
有相
有眼
有礼
有神
有精
有終
有色
有言
有証
有象
有輪
有部
有配
有額
服制
服地
服色
望台
望春
望気
望洋
望海
望火
朝三
朝参
朝命
朝堂
朝夜
朝家
朝政
朝見
朝議
朝護
期央
期始
期数
期月
期税
木中
木主
木人
木台
木器
木幹
木強
木業
木標
木橋
木毛
木活
木球
木理
木生
木皮
木石
木竹
木粉
木精
木鉄
木門
木階
木香
木魚
未刊
未必
未戦
未格
未生
未産
未病
未習
未見
未読
未進
未配
末世
末位
末女
末姉
末学
末孫
末客
末家
末寺
末技
末残
末法
末流
末社
末章
末節
末葉
末部
本丁
本仏
本伝
本例
本児
本則
本務
本員
本問
本図
本地
本城
本字
本官
本寺
本属
本師
本席
本役
本志
本念
本態
本曲
本案
本様
本毛
本治
本然
本犯
本生
本病
本知
本祭
本種
本管
本紀
本罪
本草
本覚
本記
本証
本話
本課
本講
本起
本郡
本鏡
本青
本面
本類
材価
材積
材色
村勢
村医
村史
村名
村堂
村寺
村数
村有
村税
村童
村費
村道
束帯
条令
条名
条数
条目
条章
条管
条線
条規
条解
条里
来京
来信
来光
来室
来席
来復
来意
来書
来服
来札
来状
来現
来由
来省
来県
来示
来者
来船
来行
来街
来電
東伝
東博
東去
東司
東土
東境
東夏
東天
東幸
東庭
東徒
東望
東朝
東経
東航
東行
東観
東走
東輸
東送
松実
松果
松火
松門
板根
板面
板額
林下
林住
林分
林務
林工
林政
林材
林松
林研
林試
果名
果園
果徳
果皮
果粉
果色
果菜
果面
果食
枝幹
枝族
枝条
枝隊
枝頭
柱上
柱列
柱帯
柱式
柱石
柱角
柱面
柱頭
査衣
栄位
栄典
栄職
栄運
校具
校務
校医
校友
校史
校地
校定
校庭
校旗
校本
校歌
校章
校紀
校規
校訓
校語
校門
校風
根出
根号
根圧
根基
根機
根毛
根皮
根管
根量
根音
格物
格通
案下
案定
案文
案頭
桜友
桜品
桜雲
桜香
梅園
梅月
梅林
梅肉
梨園
梨状
梨花
械具
植列
植採
植相
植福
植食
検使
検修
検則
検務
検印
検圧
検字
検数
検断
検梅
検流
検液
検測
検田
検者
検血
検身
検車
検電
検面
検食
業余
業力
業報
業容
業念
業歴
業火
業苦
業識
業際
業風
極体
極光
極則
極夜
極大
極官
極小
極左
極差
極年
極所
極数
極暑
極月
極期
極板
極洋
極白
極相
極老
極製
極説
極貧
極量
楽典
楽友
楽受
楽句
楽員
楽土
楽境
楽声
楽府
楽式
楽弓
楽想
楽才
楽旅
楽果
楽歴
楽理
楽神
楽節
楽習
楽興
楽貧
楽遊
楽都
楽長
楽音
楽食
構制
構台
構堂
構外
構材
構語
様器
標号
標式
標旗
標木
標札
標柱
標治
標灯
標点
標目
標石
標章
横列
横圧
横径
横指
横流
横議
横隊
橋上
橋北
橋南
橋名
橋東
機位
機先
機制
機外
機差
機序
機情
機才
機数
機根
機法
機略
機番
機知
機術
機速
欠便
欠口
欠品
欠字
欠指
欠文
欠本
欠減
欠測
欠画
欠略
欠番
欠神
欠講
次位
次作
次例
次列
次問
次図
次妻
次子
次客
次室
次序
次指
次文
次時
次書
次条
次注
次編
次葉
次表
歌中
歌体
歌作
歌句
歌境
歌意
歌才
歌数
歌文
歌書
歌神
歌節
歌経
歌詩
歌話
歌語
歌題
歌風
止水
止観
正丁
正中
正位
正像
正兵
正典
正切
正動
正号
正向
正員
正圧
正報
正塩
正学
正定
正客
正室
正師
正形
正思
正意
正戦
正接
正数
正書
正東
正果
正格
正極
正機
正球
正番
正眼
正神
正税
正立
正米
正続
正編
正肉
正葉
正西
正要
正見
正角
正訓
正語
正説
正課
正調
正負
正貨
正逆
正都
正金
正銀
正院
正陽
正音
正風
正食
武事
武功
武勇
武名
武府
武弁
武技
武挙
武断
武略
武神
武科
武経
武臣
武芸
武訓
武辺
武遊
武運
武音
歩卒
歩容
歩度
歩武
歩荷
歩車
歩軍
歩速
歯列
歯周
歯大
歯寒
歯底
歯式
歯板
歯状
歯脈
歯芽
歯面
歯音
歴世
歴女
歴年
歴戦
歴朝
歴研
歴程
歴練
歴道
歴青
死中
死交
死児
死命
死地
死士
死差
死文
死有
死毒
死物
死界
死番
死病
死票
死積
死線
死肉
死脈
死花
死苦
死角
死計
死都
死重
死門
死馬
残京
残任
残便
残像
残光
残兵
残務
残品
残地
残基
残夜
残夢
残寒
残席
残年
残心
残暑
残柱
残機
残欠
残殺
残気
残氷
残油
残液
残照
残熱
残物
残率
残生
残紙
残花
残菜
残酒
残量
残金
残鉱
残類
殺未
殺母
殺法
殺父
母公
母型
母堂
母妻
母岩
母川
母巣
母店
母徳
母指
母星
母材
母機
母法
母港
母父
母神
母種
母貝
毎代
毎号
毎家
毎戸
毎期
毎次
毎筆
毎食
毒力
毒化
毒婦
毒念
毒手
毒液
毒筆
毒茶
毒草
毒談
毒身
毒魚
比価
比準
比照
比熱
比考
比高
毛人
毛包
毛司
毛帯
毛様
毛母
毛湯
毛状
毛管
毛芽
毛衣
毛量
氏族
民人
民保
民具
民利
民力
民反
民商
民報
民官
民居
民屋
民度
民心
民情
民戸
民暴
民望
民本
民用
民画
民福
民種
民立
民苦
民行
民設
民費
民資
民選
民部
民都
民鉄
民録
民際
民青
気光
気口
気団
気導
気府
気息
気柱
気根
気格
気毒
気海
気液
気熱
気球
気相
気積
気笛
気節
気習
気脈
気血
気速
気門
気鳴
水人
水光
水冷
水制
水勢
水協
水団
水声
水天
水字
水宮
水工
水師
水徳
水成
水戦
水手
水政
水景
水月
水毒
水治
水波
水液
水火
水災
水特
水理
水用
水界
水石
水研
水筆
水緑
水線
水耕
水術
水試
水象
水輪
水速
水酸
水陸
水頭
水馬
氷人
氷像
氷原
氷土
氷圧
氷島
氷期
氷板
氷柱
氷海
氷温
氷炭
氷球
氷衣
氷野
氷雪
氷面
氷風
氷食
永世
永字
永安
永栄
永業
永生
求名
求安
求法
求知
求肥
求荷
求貨
求車
求道
池中
池北
池心
池水
池面
決会
決号
決明
決河
汽力
汽圧
汽機
汽水
汽笛
沖天
河図
河底
河水
河流
河清
河港
河神
河船
河谷
河運
油入
油冷
油単
油土
油料
油母
油水
油浴
油灯
油状
油種
油管
油送
油量
油面
油類
治人
治効
治天
治心
治所
治理
治略
治病
治績
治罪
治者
治要
治頭
法世
法主
法例
法具
法内
法力
法医
法印
法原
法句
法号
法司
法名
法器
法城
法堂
法孫
法官
法家
法式
法弟
法意
法文
法時
法服
法条
法楽
法橋
法灯
法理
法界
法益
法眼
法空
法統
法線
法義
法術
法衣
法話
法語
法談
法貨
法身
法門
法音
波上
波力
波勢
波圧
波導
波束
波面
波高
泣血
注口
注型
注本
注音
泳力
泳法
泳者
洋兵
洋刀
洋務
洋字
洋客
洋室
洋弓
洋才
洋書
洋本
洋灯
洋白
洋種
洋算
洋紙
洋菜
洋貨
洋銀
洋銅
活人
活仏
活句
活弁
活歴
活殺
活水
活版
活物
活画
活眼
活神
活量
流心
流感
流民
流氷
流灯
流率
流理
流祖
流言
流記
流説
流読
流質
流路
流身
流速
流量
流雲
流音
浅在
浅学
浅才
浅春
浅海
浅深
浅発
浴女
浴後
浴比
浴湯
海人
海佐
海光
海区
海台
海員
海商
海天
海客
海容
海帯
海技
海損
海東
海民
海氷
海河
海波
海王
海相
海禁
海童
海自
海船
海貨
海造
海進
海門
海関
海防
海陸
消波
消点
消雪
消音
液便
液冷
液圧
液性
液果
液柱
液温
液球
液相
液素
液肥
液色
液質
液量
液面
深交
深信
深在
深心
深意
深愛
深成
深所
深流
深浅
深温
深発
深秋
深義
深身
深高
混一
混乗
混元
混堂
混泳
混流
混牧
混種
混米
混見
混酸
清上
清代
清兵
清初
清勝
清客
清愛
清末
清気
清熱
清真
清福
清興
清苦
清規
清話
清談
清軍
清適
清酒
減作
減便
減光
減勢
減容
減弱
減張
減格
減法
減災
減炭
減等
減肉
減肥
減船
温中
温健
温冷
温容
温州
温感
温気
温点
温熱
温石
温習
温色
温血
温製
温覚
温陽
温顔
温食
測度
測気
測水
測深
測温
測線
測色
測角
港則
港口
港外
港市
港都
湖上
湖口
湖川
湖底
湖心
湖月
湖水
湖産
湖辺
湖頭
湖魚
湯問
満人
満仮
満会
満作
満備
満台
満園
満地
満城
満堂
満山
満族
満業
満液
満漢
満目
満票
満線
満船
満語
満都
満配
満量
満門
満限
満額
満願
準位
準則
準州
準星
準正
準縄
準高
滋味
漁会
漁労
漁区
漁唱
漁夫
漁政
漁期
漁法
漁灯
漁父
漁種
漁色
漁連
演員
演唱
演変
演曲
演武
演目
演練
演義
演能
演色
演芸
演題
漢人
漢兵
漢初
漢印
漢名
漢和
漢土
漢墓
漢才
漢族
漢来
漢玉
漢王
漢現
漢軍
漢音
潟湖
火休
火光
火兵
火土
火夫
火工
火度
火成
火手
火気
火灯
火熱
火球
火田
火眼
火石
火神
火管
火術
火車
火進
火道
火酒
火雲
火電
灯下
灯光
灯具
灯列
灯心
灯数
灯明
灯標
灯用
灯船
炭住
炭価
炭団
炭山
炭庫
炭材
炭柱
炭田
炭管
炭粉
炭質
炭車
点列
点取
点定
点心
点景
点注
点状
点画
点立
点耳
点茶
点薬
点鼻
無三
無上
無主
無代
無位
無住
無体
無価
無功
無動
無医
無告
無味
無品
無問
無圧
無墓
無天
無始
無季
無官
無宿
無底
無弁
無役
無想
無戸
無才
無文
無明
無月
無標
無歯
無毛
無水
無氷
無灯
無熱
無産
無相
無答
無終
無給
無耳
無色
無血
無観
無象
無足
無辺
無門
無雑
無電
無題
無額
無類
無香
焼土
焼心
焼木
焼結
照今
照度
照星
照海
照灯
照相
照空
照門
熱低
熱信
熱力
熱動
熱圧
熱地
熱型
熱塩
熱度
熱情
熱投
熱暑
熱板
熱殺
熱水
熱流
熱火
熱球
熱素
熱線
熱証
熱電
熱面
熱風
燃圧
燃油
燃調
父人
父型
父性
父神
父老
父職
父道
父音
版図
版式
版形
版材
版築
版面
牛主
牛刀
牛化
牛形
牛後
牛歩
牛王
牛種
牛群
牛耕
牛耳
牛舎
牛角
牛車
牛頭
牛馬
牛黄
牧人
牧夫
牧歌
牧民
牧父
牧牛
牧神
牧童
牧笛
牧羊
牧者
牧舎
牧農
牧馬
物交
物力
物界
物神
物税
物象
物財
物貨
特上
特交
特任
特保
特写
特利
特則
特労
特務
特命
特地
特委
特学
特志
特損
特暴
特機
特浴
特演
特用
特病
特科
特管
特級
特老
特講
特貨
特賞
特車
特運
特風
特飲
特養
犬声
犬歯
犬皮
犬肉
犬舎
犬面
犬馬
犯地
犯情
犯意
犯時
犯歴
状元
状景
独参
独和
独女
独対
独往
独想
独文
独日
独有
独案
独楽
独標
独機
独法
独泳
独活
独眼
独覚
独話
独資
独領
率土
率意
玉代
玉体
玉器
玉堂
玉室
玉成
玉条
玉案
玉歩
玉池
玉清
玉眼
玉笛
玉花
玉葉
玉衣
玉製
玉車
玉門
玉音
玉頭
玉顔
玉類
王事
王仏
王代
王令
王佐
王公
王制
王化
王台
王号
王命
王土
王城
王墓
王孫
王師
王府
王庭
王弟
王旗
王有
王林
王母
王民
王水
王治
王法
王父
王統
王臣
王舎
王親
王軍
王都
王銀
王領
現今
現任
現価
現兆
現制
現務
現勢
現協
現受
現員
現夫
現字
現官
現年
現形
現想
現成
現本
現業
現点
現王
現生
現用
現界
現給
現観
現身
現車
現道
現銀
球体
球友
球周
球心
球春
球果
球歴
球花
球虫
球質
球道
球面
球音
理力
理外
理財
理路
生果
生植
生検
生残
生母
生着
生知
生立
生経
生者
生色
生葉
生面
生類
生香
産交
産児
産所
産機
産消
産熱
産状
産直
産肉
産育
産貿
産軍
産道
産金
産鉄
産銀
産銅
産院
産馬
用作
用務
用命
用器
用土
用害
用役
用後
用所
用木
用械
用池
用筆
用間
田令
田土
田夫
田字
田数
田根
田皮
田積
田面
申命
申報
申脈
男孫
男工
男根
男王
男色
男身
町代
町制
町務
町勢
町史
町堂
町外
町政
町有
町次
町治
町石
町税
町費
町道
画会
画分
画友
画号
画名
画商
画図
画地
画境
画工
画帳
画意
画才
画技
画数
画格
画業
画科
画筆
画色
画角
画賛
画間
画院
界標
界際
界面
留別
留東
留液
留点
留職
留飲
留鳥
略体
略写
略史
略号
略名
略売
略意
略服
略案
略画
略章
略要
略評
略読
番卒
番士
番太
番役
番線
病体
病例
病側
病像
病前
病勢
病型
病夫
病妻
病婦
病家
病期
病根
病母
病毒
病災
病熱
病父
病牛
病相
病義
病舎
病証
病識
病象
病質
病馬
病魚
病鳥
発句
発引
発毛
発災
発破
発禁
発航
発船
発語
発赤
発頭
発馬
発駅
登上
登園
登堂
登熱
登研
登花
登路
登高
白丁
白光
白兵
白指
白散
白明
白板
白柱
白桜
白油
白法
白灯
白炭
白点
白玉
白皮
白眼
白緑
白線
白羊
白肉
白詩
白話
白象
白質
白軍
白道
白銅
白雨
白面
白顔
白鹿
白麦
的証
皮体
皮内
皮切
皮弁
皮板
皮毛
皮管
皮節
皮粉
益友
益気
益虫
益重
目今
目名
目節
目読
直働
直列
直参
直受
直員
直圧
直孫
直弟
直往
直投
直授
直根
直毛
直産
直用
直登
直積
直管
直臣
直解
直証
直評
直説
直資
直配
直長
直門
直音
直領
相人
相位
相使
相公
相分
相則
相加
相動
相合
相土
相好
相念
相思
相悪
相法
相者
相聞
相観
相輪
相銀
省別
省制
省員
省城
省市
省筆
省線
省議
省長
省際
県令
県会
県制
県務
県勢
県卒
県史
県官
県文
県歌
県治
県版
県税
県設
県評
県費
県隊
真事
真作
真信
真像
真円
真刀
真勇
真印
真向
真味
真営
真因
真字
真性
真情
真愛
真数
真景
真気
真画
真神
真福
真説
真読
真象
真身
真風
眼中
眼圧
眼帯
眼根
眼界
眼精
眼色
眼識
眼高
着圧
着外
着底
着数
着氷
着発
着肉
着車
矢状
矢石
知価
知勇
知友
知命
知客
知州
知工
知府
知弁
知徳
知心
知情
知意
知日
知業
知歯
知略
知米
知者
知術
知解
知財
知足
短兵
短形
短径
短急
短息
短才
短日
短柱
短毛
短生
短章
短笛
短衣
短見
短評
短資
短足
短音
短頭
石中
石人
石刀
石列
石化
石印
石基
石工
石径
石文
石板
石火
石版
石球
石画
石竹
石筆
石経
石英
石質
石鉱
石階
石面
石馬
研北
破仏
破屋
破折
破竹
破船
破落
破調
破軍
破鏡
破防
破面
破風
確勝
確変
確正
示命
示導
示差
示度
示強
示性
示指
示方
示準
示相
示量
礼典
礼器
礼堂
礼式
礼意
礼教
礼楽
礼法
礼物
礼者
礼部
礼電
社伝
社倉
社則
社参
社友
社史
社号
社司
社命
社家
社旗
社日
社格
社標
社歌
社歴
社用
社研
社祖
社章
社級
社線
社訓
社費
社運
社隊
社領
社頭
社風
社食
祖型
祖孫
祖庭
祖徳
祖本
祖来
祖業
祖油
祖法
祖現
祖訓
祖語
祝勝
祝文
祝着
祝言
神人
神位
神体
神使
神典
神判
神助
神効
神号
神名
神君
神命
神品
神問
神地
神変
神女
神妻
神孫
神官
神州
神幸
神式
神役
神徒
神徳
神想
神感
神技
神授
神政
神文
神族
神書
神札
神機
神歌
神気
神水
神治
神法
神火
神牛
神物
神王
神知
神示
神祖
神算
神米
神精
神統
神義
神職
神能
神色
神草
神行
神衣
神言
神語
神起
神足
神身
神遊
神都
神鏡
神門
神階
神領
神類
神馬
神鹿
祭主
祭事
祭司
祭器
祭場
祭天
祭室
祭式
祭服
祭火
祭衣
祭酒
禁中
禁令
禁則
禁区
禁句
禁園
禁城
禁庭
禁旅
禁書
禁札
禁水
禁色
禁衛
禁軍
禁食
禁鳥
福分
福北
福報
福家
福相
福者
福茶
福運
秋分
秋園
秋夕
秋官
秋容
秋思
秋日
秋明
秋景
秋期
秋林
秋気
秋興
秋陽
秋雨
秋雲
科名
科挙
科料
科白
科研
科落
科長
科類
秒時
秒札
移付
移易
移書
移流
移相
移祭
税則
税印
税外
税政
税目
税経
税表
種内
種字
種属
種数
種族
種根
種皮
種綿
種額
積土
積寒
積小
積差
積徳
積悪
積数
積書
積送
積量
積雲
究理
空位
空佐
空冷
空包
空名
空圧
空城
空士
空山
空後
空性
空所
空技
空望
空格
空燃
空理
空相
空石
空老
空行
空説
空谷
空走
空輪
空都
空陸
空際
空電
立位
立冬
立刀
立夏
立毛
立牛
立県
立礼
立秋
立米
立面
章京
章句
章名
章末
章条
章票
章程
章節
章草
童体
童形
童画
童詩
童遊
競書
競望
競業
競歩
競速
競進
竹園
竹工
竹幹
竹性
竹木
竹材
竹枝
竹根
竹炭
竹皮
竹筆
竹管
竹紙
竹葉
竹門
竹頭
竹馬
笑声
笑林
笑気
笑芸
笛声
笛音
筆下
筆勢
筆名
筆圧
筆意
筆戦
筆才
筆技
筆木
筆法
筆生
筆画
筆管
筆紙
筆線
筆耕
筆脈
筆調
筆路
筆道
筆順
等位
等号
等圧
等差
等式
等張
等方
等族
等時
等比
等深
等温
等積
等覚
等親
等角
等辺
等速
等量
等黄
答練
答責
答辞
算命
算数
算法
算経
算術
管下
管中
管主
管口
管台
管外
管守
管底
管形
管径
管末
管板
管楽
管状
管用
管群
管足
管路
管領
管頭
節会
節刀
節名
節士
節婦
節季
節所
節日
節点
節球
節理
節筆
節義
節足
節車
築工
築庭
米名
米商
米塩
米材
米果
米版
米独
米西
米語
米道
米銀
米飯
粉体
粉子
粉本
粉鉱
粉青
精勉
精包
精女
精好
精果
精根
精検
精母
精留
精管
精粉
精舎
精虫
精要
精解
精説
精講
精路
精農
精鉱
精銅
精麦
糸価
糸根
糸球
糸竹
糸速
紀伝
紀年
紀要
約保
約条
約量
約音
紙代
紙価
紙名
紙商
紙型
紙工
紙帳
紙数
紙業
紙筆
紙花
紙葉
級友
級地
級数
級長
級間
素元
素原
素問
素女
素志
素意
素服
素音
素食
細事
細作
細則
細動
細大
細太
細径
細末
細案
細毛
細民
細流
細筆
細節
細雨
終刊
終声
終夜
終曲
終板
終極
終油
終牧
終発
終筆
終車
終駅
組積
経伝
経別
経友
経史
経師
経文
経書
経本
経水
経法
経熱
経王
経画
経皮
経空
経管
経線
経義
経血
経行
経題
経食
経鼻
結体
結句
結縄
結解
結言
結連
結隊
結願
給主
給原
給地
給気
給液
給特
給田
給知
給米
給糸
給配
給飼
統名
統数
統覚
絵伝
絵容
絵様
絶世
絶体
絶作
絶勝
絶境
絶島
絶待
絶後
絶技
絶東
絶海
絶版
絶筆
絶遠
続任
続命
続成
続録
綿実
綿布
綿服
綿材
綿業
綿混
綿球
綿羊
綿花
総則
総包
総員
総序
総有
総状
総画
総白
総管
総結
総表
総観
総記
総軍
総部
総隊
緑住
緑便
緑光
緑営
緑土
緑布
緑旗
緑書
緑林
緑柱
緑水
緑灯
緑玉
緑眼
緑肥
緑衣
緑遊
緑酒
緑野
緑門
緑青
緑黒
線名
線図
線外
線径
線心
線材
線条
線毛
線種
線虫
線質
編名
編年
編数
編注
編目
編章
編組
編製
編隊
編首
練兵
練功
練武
練炭
練綿
練鉄
織女
織工
織布
織豊
罪数
罪業
罪状
罪苦
罪行
罪証
罪責
罪質
罪過
置官
置県
置設
置酒
羊水
羊皮
羊群
羊肉
羊頭
美事
美名
美大
美想
美感
美挙
美文
美景
美服
美本
美果
美校
美水
美演
美物
美犬
美玉
美田
美相
美神
美童
美績
美肉
美育
美色
美言
美身
美辞
美音
群体
群像
群参
群小
群心
群才
群数
群星
群玉
群童
群羊
群落
群読
群議
群長
群間
群鹿
義倉
義兵
義士
義女
義婦
義子
義徒
義心
義戦
義手
義挙
義旗
義歯
義民
義気
義眼
義臣
義舎
義解
義訓
義軍
義金
義鏡
義長
羽状
羽粉
習作
習字
習性
習慣
習武
習気
習風
老体
老兄
老前
老医
老友
老台
老妻
老学
老少
老弟
老弱
老心
老手
老板
老桜
老梅
老父
老犬
老生
老男
老病
老福
老計
老身
老農
老頭
老顔
老馬
考工
考現
考見
考試
考説
耕土
耕牧
耕種
耕起
耳根
耳標
耳石
耳管
耳道
聞持
聞法
聞略
聞老
聞解
聞香
職位
職住
職分
職制
職印
職司
職名
職田
職由
職群
職訓
職長
職階
肉交
肉代
肉幹
肉情
肉愛
肉林
肉柱
肉根
肉池
肉球
肉界
肉筆
肉粉
肉芽
肉類
肥人
肥効
肥筆
肥育
肥養
肥馬
育友
育徳
育林
育毛
育草
能事
能作
能動
能幹
能才
能文
能書
能格
能毒
能筆
能管
能米
能記
能開
脈候
脈圧
脈波
脈流
脈理
脈管
臣下
臣子
臣心
臣礼
臣節
臣道
自今
自余
自冷
自利
自大
自局
自序
自店
自強
自形
自心
自所
自損
自救
自服
自来
自校
自根
自歌
自毛
自注
自流
自消
自火
自照
自独
自用
自界
自留
自益
自相
自笑
自縄
自航
自船
自落
自行
自衣
自設
自評
自読
自車
自遊
自重
自門
自院
自領
自食
自館
自験
興利
興感
興漢
興言
興農
興雨
興雲
舎兄
舎費
航務
航地
航業
航測
航程
航走
航通
航運
船令
船位
船価
船保
船列
船医
船台
船団
船夫
船手
船数
船旗
船材
船特
船種
船積
船級
船質
船速
船運
船隊
船額
良人
良化
良医
良友
良史
良型
良夜
良妻
良導
良工
良師
良弓
良方
良書
良木
良案
良母
良民
良法
良田
良相
良知
良税
良種
良績
良能
良計
良運
良非
良風
良馬
色光
色名
色境
色差
色帯
色情
色感
色料
色法
色界
色的
色相
色神
色票
色衣
色覚
色道
色面
色食
花下
花事
花信
花台
花名
花実
花容
花序
花径
花成
花明
花材
花林
花柱
花梨
花水
花石
花神
花竹
花精
花肉
花芸
花葉
花虫
花門
花雨
花顔
芸備
芸態
芸林
芸格
芸統
芸道
芸香
芽球
苦参
苦受
苦土
苦役
苦果
苦海
苦熱
苦界
苦茶
苦計
苦鳴
英中
英主
英京
英兵
英勇
英印
英名
英商
英図
英式
英愛
英書
英検
英法
英略
英詩
英貨
英領
茶台
茶名
茶味
茶商
茶園
茶席
茶庭
茶書
茶梅
茶気
茶法
茶礼
茶紙
茶芸
茶説
茶通
茶量
茶金
茶頭
茶類
草体
草卒
草型
草堂
草字
草屋
草書
草本
草根
草炭
草生
草画
草種
草頭
草高
荷客
荷葉
菜刀
菜料
菜根
菜湯
菜豆
菜頭
菜館
落丁
落体
落想
落書
落月
落木
落果
落枝
落梅
落橋
落水
落綿
落輪
落速
落重
落陽
落首
葉中
葉序
葉枝
葉油
葉温
葉状
葉理
葉肉
葉脈
葉菜
葉身
葉部
葉酸
葉重
薬力
薬効
薬務
薬包
薬医
薬名
薬園
薬大
薬室
薬帳
薬性
薬戸
薬札
薬材
薬歴
薬毒
薬王
薬石
薬研
薬礼
薬種
薬経
薬群
薬能
薬茶
薬識
薬酒
薬量
薬食
虫具
虫害
虫損
血中
血余
血島
血毒
血河
血海
血清
血相
血粉
血肉
血脈
血路
血雨
血風
行仏
行伝
行住
行力
行司
行学
行実
行改
行数
行旅
行服
行礼
行章
行管
行観
行解
行賞
行走
行雲
行願
行香
術中
術式
術数
術眼
術芸
術衣
術計
術語
術野
街東
街民
街西
衛士
衛府
衛所
衛教
衛正
衛研
衛風
衣帯
衣香
表内
表化
表号
表外
表式
表徳
表末
表札
表材
表注
表流
表準
表率
表章
表色
表証
表象
製成
製水
製番
製糸
製綿
製縄
製茶
製鉱
製銅
製麦
複体
複信
複利
複勝
複塩
複属
複弁
複式
複文
複方
複本
複業
複相
複管
複糸
複素
複葉
複調
複都
複音
西上
西低
西兵
西土
西天
西客
西府
西式
西旅
西来
西気
西流
西用
西経
西航
西英
西語
西説
西軍
要務
要図
要地
要城
要報
要式
要役
要機
要決
要理
要用
要目
要義
要術
要説
要路
要集
見台
見料
見神
見脈
規準
規程
規管
覚体
覚夢
覚官
覚者
覚起
親中
親仏
親兵
親北
親好
親政
親明
親油
親独
親用
親筆
親統
親英
親衛
親試
親軍
親電
親魚
観兵
観天
観心
観想
観月
観桜
観梅
観法
観相
観経
観能
観花
観護
観象
観額
角上
角回
角岩
角技
角氷
角灯
角状
角皮
角筆
角行
角質
角通
角食
解元
解兵
解合
解同
解夏
解字
解役
解法
解由
解的
解結
解綿
解表
解語
言中
言句
言声
言外
言意
言笑
言者
言行
言表
言議
言責
言路
言述
計機
計理
計略
計都
計面
訓政
訓民
訓注
訓話
訓辞
記主
記実
記性
記数
記文
設例
設想
設標
設色
許多
許状
証上
証例
証告
証得
証文
証本
証果
証歌
証票
証義
証道
証類
証験
評文
評書
評注
評点
評語
評説
試査
試植
試楽
試筆
試航
試茶
試草
試買
試遊
詩体
詩友
詩型
詩客
詩家
詩序
詩形
詩思
詩性
詩想
詩意
詩才
詩曲
詩書
詩格
詩業
詩歌
詩法
詩注
詩眼
詩神
詩章
詩節
詩興
詩草
詩行
詩術
詩話
詩語
詩選
詩酒
詩風
話例
話声
話材
話法
話芸
話録
話風
語例
語勢
語問
語基
語字
語序
語意
語根
語格
語業
語注
語種
語素
語脈
語言
語録
語類
説例
説唱
説文
説解
読会
読余
読史
読師
読心
課会
課名
課役
課所
課業
調光
調号
調器
調圧
調定
調帯
調役
調性
調本
調活
調略
調義
調速
談理
講主
講員
講学
講席
講式
講書
講武
講経
講頭
謝意
謝肉
謝辞
識能
識語
識達
識量
議言
護教
護民
護録
谷戸
豆果
豊度
豊庫
豊楽
豊水
豊肥
豊衣
豊鉱
象兵
象形
象皮
象神
象耳
象限
象頭
貝器
貝子
貝母
貝漁
貝玉
貝種
貝葉
貝貨
負号
負名
負因
負圧
負数
負極
負罪
財利
財力
財物
財特
財用
財神
財規
財貨
貧人
貧土
貧女
貧村
貧病
貧福
貧苦
貧農
貧道
貧鉱
貨主
貨財
貨車
責付
責罪
貯木
貯油
貯湯
貯炭
貯貸
貯食
買参
買官
買弁
買油
買鉱
買電
買首
買魚
貸費
費差
費額
貿管
賀客
賀意
賀春
賀正
賀表
資性
資望
資養
賛念
賛文
賛詩
賞歌
賞球
賞票
賞辞
質地
質料
質業
質点
質物
赤光
赤変
赤手
赤気
赤海
赤灯
赤点
赤球
赤県
赤眼
赤経
赤緑
赤血
赤衣
赤道
赤雲
赤黒
走力
走化
走句
走向
走性
走時
走法
走資
走過
起句
起始
起式
起手
起貨
起連
起重
起電
起首
足刀
足労
足取
足囲
足底
足心
足根
足歩
足浴
足熱
足玉
足芽
足部
足食
路政
路村
路次
路温
路用
路程
路車
路辺
路銀
路頭
身世
身中
身光
身力
身受
身命
身土
身幹
身後
身根
身業
身肉
身識
身質
車兵
車力
車声
車夫
車室
車格
車番
車行
車速
車重
車長
車限
車馬
軍争
軍令
軍使
軍刀
軍列
軍功
軍務
軍卒
軍営
軍器
軍夫
軍官
軍容
軍役
軍戸
軍持
軍旅
軍旗
軍書
軍服
軍歴
軍港
軍王
軍産
軍略
軍神
軍票
軍種
軍管
軍船
軍談
軍議
軍財
軍費
軍都
軍長
軍門
軍防
軍馬
転会
転動
転句
転園
転圧
転場
転子
転導
転帰
転想
転折
転注
転相
転線
転義
転衣
転語
転輪
転迷
転造
転遠
転部
軽兵
軽功
軽労
軽卒
軽品
軽国
軽打
軽挙
軽気
軽科
軽税
軽種
軽罪
軽荷
軽課
軽費
軽質
軽重
軽音
軽風
輪住
輪光
輪台
輪形
輪採
輪数
輪歌
輪灯
輪状
輪王
輪生
輪番
輪花
輪身
輪面
輸卒
輸精
輸銀
辞世
辞官
辞色
農住
農兵
農内
農務
農外
農婦
農戸
農料
農書
農期
農本
農牛
農牧
農研
農神
農舎
農芸
農試
農都
農電
辺上
辺区
辺土
辺材
辺要
辺際
近事
近位
近信
近刊
近医
近古
近因
近国
近居
近心
近思
近情
近村
近来
近業
近歩
近流
近浅
近状
近眼
近習
近門
返札
返歌
返電
返額
述体
述定
述語
述部
迷夢
迷宮
迷文
迷苦
迷言
迷鳥
追号
追唱
追報
追感
追福
追行
送念
送料
送油
送湯
送筆
送辞
逆位
逆修
逆入
逆字
逆徒
逆徳
逆心
逆性
逆悪
逆成
逆旅
逆比
逆法
逆理
逆産
逆筆
逆臣
逆語
逆走
逆足
逆軍
逆運
逆順
通便
通則
通役
通志
通政
通数
通日
通板
通液
通直
通研
通票
通級
通経
通線
通船
通解
通議
通谷
通身
通辞
通道
通音
通風
速修
速効
速戦
速率
速筆
速算
速結
造像
造兵
造塩
造墓
造士
造字
造岩
造悪
造本
造構
造機
造次
造波
造管
造精
造紙
造言
造貨
造陸
造顔
連区
連印
連句
連声
連夜
連対
連年
連成
連星
連曲
連枝
連生
連番
連節
連言
連辞
連運
連音
週報
週市
週数
週日
週次
週番
週額
進前
進取
進境
進士
進止
進物
進相
進程
進見
進角
進運
遊人
遊出
遊印
遊君
遊士
遊子
遊客
遊山
遊底
遊採
遊星
遊民
遊漁
遊直
遊糸
遊船
遊芸
遊行
遊資
遊走
遊軍
遊農
遊金
運令
運刀
運指
運数
運材
運歩
運鉱
運開
過客
過差
過年
過料
過期
過眼
過石
過積
過給
過達
過量
過飲
道仏
道力
道友
道台
道君
道員
道営
道士
道心
道念
道政
道服
道果
道歌
道童
道管
道統
道者
道術
道衣
道観
道話
道都
道里
達弁
達意
達文
達書
達眼
達見
達識
遠交
遠人
遠位
遠古
遠国
遠居
遠島
遠来
遠東
遠流
遠海
遠略
遠眼
遠祖
遠航
遠行
遠赤
適作
適例
適塩
適季
適実
適年
適式
適役
適意
適才
適木
適業
適状
適者
適職
適薬
適言
適評
適語
適電
選仏
選地
選外
選局
選悪
選果
選点
選科
選良
選薬
選言
選進
郡代
郡会
郡内
郡制
郡区
郡名
郡地
郡家
郡治
郡王
郡立
郡衛
郡評
郡道
郡都
郡長
郡領
部兵
部室
部末
部益
部練
部面
都司
都外
都察
都校
都税
都管
都統
都計
都講
都護
都費
都長
都門
都開
都電
配位
配光
配向
配員
配字
配席
配意
配所
配球
配船
酒保
酒化
酒友
酒名
酒品
酒器
酒客
酒害
酒家
酒徒
酒心
酒数
酒母
酒毒
酒池
酒石
酒神
酒精
酒肉
酒興
酒色
酒菜
酒質
酒連
酒道
酒食
酒飯
酸名
酸度
酸欠
酸毒
酸菜
酸量
酸類
酸食
酸鼻
里合
里家
里正
里道
里選
里長
重代
重位
重修
重列
重判
重商
重囲
重土
重弁
重感
重星
重根
重水
重犯
重申
重病
重科
重種
重積
重職
重解
重言
重責
重賞
重質
重身
重農
重選
重陽
重電
野乗
野人
野史
野夫
野岩
野師
野戦
野梅
野気
野牛
野白
野群
野馬
量器
量比
量水
量程
量額
金位
金価
金円
金冷
金判
金力
金印
金口
金員
金商
金団
金塩
金字
金工
金布
金帰
金得
金性
金晴
金札
金板
金枝
金梅
金欠
金波
金液
金湯
金牛
金相
金研
金神
金科
金種
金管
金精
金糸
金緑
金線
金肥
金花
金葉
金衣
金言
金証
金談
金軍
金量
金鉄
金青
金風
金馬
鉄刀
鉄労
鉄北
鉄器
鉄地
鉄塩
鉄属
鉄心
鉄損
鉄木
鉄材
鉄構
鉄水
鉄球
鉄相
鉄石
鉄筆
鉄管
鉄粉
鉄血
鉄証
鉄質
鉄輪
鉄部
鉄量
鉄鉱
鉄鏡
鉄門
鉄馬
鉄魚
鉱務
鉱区
鉱場
鉱夫
鉱害
鉱政
鉱柱
鉱毒
鉱水
鉱油
鉱産
鉱用
鉱石
鉱質
鉱量
銀主
銀位
銀価
銀光
銀印
銀台
銀器
銀地
銀塩
銀子
銀山
銀札
銀歯
銀白
銀皮
銀票
銀笛
銀筆
銀粉
銀糸
銀経
銀緑
銀線
銀製
銀賞
銀輪
銀鉱
銀鏡
銀頭
銀馬
銅人
銅価
銅印
銅塩
銅工
銅条
銅極
銅灯
銅球
銅管
銅粉
銅角
銅賞
銅造
銅鉱
銅青
録話
鏡群
鏡銅
鏡面
鏡頭
長上
長久
長元
長円
長古
長句
長史
長城
長夜
長弓
長形
長径
長方
長日
長柱
長歌
長気
長流
長目
長石
長祭
長秋
長管
長衣
長詩
長講
長足
長辺
長近
長音
長頭
長風
長養
長魚
長鼻
門主
門内
門地
門客
門数
門札
門標
門流
門灯
門番
門神
門葉
門衛
門道
門限
門院
門頭
開三
開元
開囲
開基
開堂
開大
開差
開府
開度
開建
開弁
開式
開心
開成
開採
開方
開気
開法
開物
開管
開角
開議
開道
開都
開陽
開音
開頭
開題
間欠
間然
間知
間税
間者
間色
間葉
間質
間道
関外
関料
関防
関頭
阜部
阪和
阪奈
防共
防具
防勢
防声
防暑
防毒
防油
防波
防液
防熱
防球
防虫
防雨
防雪
防食
防鹿
限外
限数
限時
院主
院体
院印
院号
院司
院宮
院政
院線
院門
陸佐
陸側
陸兵
陸化
陸境
陸岸
陸式
陸戦
陸標
陸水
陸王
陸産
陸田
陸空
陸羽
陸面
陸風
陸鳥
険所
険要
険路
陽動
陽圧
陽地
陽報
陽守
陽復
陽徳
陽数
陽明
陽春
陽月
陽根
陽極
陽池
陽火
陽物
陽生
陽画
陽葉
陽貨
陽運
隊内
隊則
隊務
隊士
隊形
隊数
隊旗
隊服
隊歌
隊規
階乗
階位
階名
階差
階序
階数
階際
集住
集古
集品
集村
集検
集気
集水
集王
集禁
集童
集線
集義
集解
集財
集電
集音
集題
雑上
雑事
雑人
雑件
雑入
雑具
雑務
雑句
雑味
雑地
雑報
雑想
雑損
雑文
雑曲
雑書
雑本
雑毒
雑民
雑科
雑税
雑筆
雑節
雑粉
雑考
雑職
雑行
雑訓
雑評
雑識
雑豆
雑費
雑軍
雑録
雑集
雑題
雨声
雨害
雨氷
雨温
雨花
雨読
雪中
雪夜
雪寒
雪庭
雪景
雪松
雪柱
雪氷
雪白
雪皮
雪眼
雪線
雪花
雪虫
雪里
雪風
雪食
雲上
雲入
雲外
雲客
雲山
雲底
雲手
雲文
雲月
雲林
雲気
雲海
雲級
雲表
雲角
雲遊
雲量
雲際
雲雨
雲高
電令
電停
電場
電文
電束
電植
電測
電点
電照
電熱
電産
電界
電略
電発
電神
電設
電量
電関
電食
電験
青光
青史
青女
青成
青書
青林
青氷
青波
青灯
青玉
青白
青石
青票
青糸
青花
青衣
青面
青風
青黄
青黒
静修
静勢
静大
静安
静室
静態
静水
静注
静清
静者
静辞
非仏
非修
非労
非勢
非命
非売
非天
非学
非弁
非役
非心
非想
非戦
非才
非挙
非時
非望
非極
非法
非理
非職
非買
非運
面像
面向
面圧
面外
面容
面心
面感
面朝
面材
面状
面色
面部
音価
音便
音効
音字
音容
音工
音形
音板
音標
音注
音物
音管
音群
音義
音訓
音転
音高
順光
順列
順境
順快
順正
順流
順路
順転
順逆
領主
領国
領外
領導
領所
領民
領知
領空
領首
頭位
頭像
頭光
頭初
頭囲
頭声
頭字
頭寒
頭板
頭毛
頭注
頭熱
頭燃
頭状
頭肉
頭薬
頭足
頭音
頭領
頭首
題号
題意
題画
題言
題詩
題辞
題額
額字
額絵
額角
顔容
顔法
顔相
願主
願人
願力
願学
願意
願文
願業
願経
願行
類人
類典
類句
類地
類字
類数
類曲
類本
類歌
類火
類目
類話
類語
類音
類題
風位
風体
風信
風刀
風前
風勢
風向
風声
風害
風寒
風導
風度
風態
風教
風月
風林
風橋
風気
風池
風波
風災
風熱
風眼
風笛
風色
風角
風解
風話
風説
風輪
風量
風防
風鳥
飛信
飛報
飛札
飛毛
飛流
飛白
飛程
飛空
飛節
飛耳
飛花
飛角
飛語
飛雲
飛電
飛頭
飛香
飛駅
食人
食医
食原
食台
食客
食思
食性
食服
食毒
食気
食治
食法
食神
食積
食育
食草
食葉
食虫
食貨
食農
食通
食間
食養
食香
食鳥
飯台
飯米
飯量
飯頭
飲茶
養家
養料
養母
養毛
養気
養液
養牛
養親
養魚
館印
館外
館種
首府
首服
首標
首級
首罪
首要
首連
首部
首題
香主
香具
香合
香害
香成
香気
香油
香火
香調
香車
香酸
香雨
香雲
香魚
馬丁
馬代
馬体
馬借
馬具
馬前
馬名
馬夫
馬布
馬政
馬料
馬格
馬正
馬歩
馬皮
馬着
馬耳
馬肉
馬足
馬速
馬頭
馬飲
駅丁
駅制
駅商
駅夫
駅子
駅家
駅手
駅路
駅頭
駅館
験得
験徳
験測
験術
験電
高判
高商
高堂
高士
高女
高家
高察
高工
高師
高思
高文
高歌
高民
高点
高眼
高祖
高秋
高空
高節
高能
高説
高質
高風
高鼻
魚信
魚倉
魚口
魚味
魚塩
魚形
魚文
魚族
魚服
魚板
魚毒
魚油
魚田
魚病
魚皮
魚相
魚眼
魚種
魚肥
魚道
魚食
魚鳥
鳥人
鳥名
鳥声
鳥害
鳥径
鳥舎
鳥雲
鳴放
鳴管
鳴鳥
鹿場
鹿鳴
麦価
麦器
麦芽
麦角
麦雨
黄体
黄口
黄土
黄帯
黄庭
黄梅
黄水
黄玉
黄白
黄石
黄紙
黄経
黄線
黄老
黄血
黄衣
黄連
黄道
黄銅
黄顔
黄鳥
黒体
黒円
黒化
黒印
黒土
黒変
黒旗
黒曜
黒書
黒楽
黒死
黒油
黒液
黒炭
黒点
黒球
黒緑
黒縄
黒肉
黒衣
黒表
黒質
黒雪
黒青
鼻下
鼻根
鼻祖
鼻道
上代
下体
中文
人確
他日
全食
別調
刷版
区議
南船
合子
回流
図工
国記
在都
地神
型絵
外様
大決
大流
学資
定比
実記
客乗
対勢
席代
年調
年運
性技
戦状
戸内
文福
新台
日運
春時
期定
末書
本作
本時
本義
松幹
松花
格技
機中
正経
民意
水流
水都
永代
治外
法言
流雪
消流
球速
産前
石勝
祖伝
税引
等色
等高
答書
約書
聞経
職任
臣人
薬料
行在
行書
行気
行金
術部
要道
観性
設工
資財
走馬
起辞
路標
軍制
造仏
連理
道人
重軽
階調
雨雪
風調
上作
不起
中音
中馬
仮字
会者
体用
修短
内圧
内景
前向
台車
国福
国選
地生
城地
売電
定分
希求
帰線
常数
後成
成文
所感
政体
新受
日出
期首
本経
正出
波布
熱的
用薬
画道
相識
石地
神出
神橋
種間
総研
義和
職発
行信
西電
計帳
辺数
近見
通事
連語
部名
開目
面内
中外
中新
京外
令下
元歌
内製
分行
右目
各回
各条
国基
在世
地本
士業
学連
小領
山会
常委
常法
府税
庭上
心音
意力
戦用
授法
政令
政情
書作
書司
校外
楽人
港長
演台
演歌
物上
生材
用方
画中
病害
立志
良時
色材
観者
軍記
間断
電工
世人
中力
人規
元三
兵式
内空
制球
原病
同金
学商
学農
府下
当年
当職
教組
日神
朝会
期初
未修
油化
生花
生金
相等
等活
語調
護国
通人
通性
金的
銀波
銀貨
上意
健体
別件
勝局
喜兵
回運
地条
声中
学同
後下
戦敗
日内
日来
水害
治下
物情
発条
要部
全局
分福
卒後
同走
国法
国電
外事
始点
害虫
新教
東学
治部
測点
現数
略本
社共
船社
覚書
計表
住区
全消
分都
台上
学人
工区
弁事
式次
標線
産能
町法
画室
輪部
馬牛
馬連
全回
全高
外政
女体
子院
学兵
常経
日東
木玉
楽書
社数
美林
造酒
両組
中全
人別
仕合
体大
全戦
円上
北朝
大風
定型
定本
宿代
小勇
戦地
文理
本代
用弁
用金
画上
空家
農工
高所
中団
人外
別法
史書
声聞
学費
強国
後出
所法
故山
教区
理大
相府
知母
終日
連京
不戦
両編
争力
内事
別働
友国
大犯
工機
市銀
成員
日支
未決
松会
海港
会記
前連
句頭
境界
所化
時限
東関
点者
用人
不整
不義
光感
分所
合資
居中
当用
板上
正時
治国
税関
給金
芸文
行頭
青天
領分
不味
手元
民活
水明
県魚
神性
都区
風通
上歩
令書
化城
国力
害用
月下
洋風
県益
社中
美容
船場
連産
不道
人海
低水
分町
原歌
大兄
定者
挙人
本実
略語
番長
県木
話速
農林
遊魚
重連
体表
学制
客側
構内
正作
終期
聞役
見聞
車間
軍士
各月
本初
活路
演者
県城
真義
節末
職事
行火
体技
博労
名文
家風
工科
得失
海士
神代
西人
馬歯
人夫
大行
島内
政投
未完
格外
無節
物化
等外
自隊
術学
価額
対語
政機
火点
真理
統主
語法
上室
定速
当行
社協
要事
造化
音間
人面
史学
各代
大略
戦機
正使
民集
肉屋
財政
再建
別席
地保
売価
夜食
家法
短打
館主
高評
個電
内実
商会
大要
小生
応益
生利
血性
軍中
風冷
中数
会下
和戦
土功
客観
故知
新道
業病
海村
町地
空路
船客
要布
調色
長生
不合
同下
死球
球史
線画
色刷
花畑
術科
選者
不発
典礼
声質
実根
役名
所当
終局
通法
下図
世知
勝点
旧居
星天
性相
社人
空戦
謝状
代地
物議
分社
各課
室料
悪女
本訓
水性
球界
科特
人地
会所
単機
外方
好配
真上
経回
初年
化生
北上
半風
夜会
本屋
法性
両機
博文
各車
準線
省部
電業
信行
山頭
庫内
期成
未設
無生
無調
番人
秋色
階下
労連
外売
定日
居所
門部
外資
立市
体部
家地
岩松
後連
県作
社地
力作
時給
書中
格率
豊国
文人
秒数
級化
赤黄
区会
所行
明文
最古
水雲
票数
言語
金法
門生
和軍
州間
日文
星空
最中
電器
類同
単年
同通
息子
率法
理科
部課
代官
合法
年差
本給
機業
節目
長広
領地
合人
有史
街村
別動
在所
屋戸
市庭
新主
米価
良性
行人
地学
大箱
花文
南三
赤児
全機
北地
各科
学祭
居館
店長
楽界
短長
街市
屋形
全品
新卒
治政
石道
種名
終戦
食分
他生
年別
画術
人性
新古
新本
花月
落着
間八
光色
全車
別集
大区
州道
性情
教職
新局
残査
上文
向日
境上
河馬
生研
高配
全年
境物
義人
車名
小利
校内
直輸
各委
各階
新種
楽士
両所
国共
士道
本工
節内
同郡
来車
鉱工
前行
区史
回国
地法
安売
岩屋
本通
身元
上回
同対
評者
不得
愛想
肉質
金運
理性
上界
体構
根部
港内
調度
人日
光子
内所
別事
速度
飲屋
高名
国大
学名
小四
星学
河面
大白
州兵
話術
中側
人部
会主
入水
勝戦
港街
漢鏡
能面
出面
学法
実成
成金
明度
正史
空地
薬中
要港
信士
色白
苦労
自性
工品
版元
入金
神祭
苦手
先物
名演
国地
大地
府主
東地
大事
店数
海内
心線
商時
地決
月来
無記
茶代
行場
部落
高二
目白
短文
行文
高大
会日
小文
後住
終章
言文
名店
最右
未達
正道
角型
多生
右足
行客
足長
円状
初会
民政
着駅
人法
体色
国勢
田地
息気
日明
家人
投機
新編
道理
応力
町屋
軽車
別名
対面
根許
海戦
真顔
風見
館長
父様
会員
行末
国公
身体
健児
左上
未着
極高
機内
県農
社福
近作
助員
子枝
米貨
不登
米式
主屋
応能
母家
海市
球児
例数
全区
出前
炭火
練度
希代
漢薬
英資
金平
再入
古生
居人
会行
目安
各類
当日
景色
数別
様相
真先
真青
表作
道家
上戸
土法
温度
眼付
内国
区旗
布団
用量
糸口
内庭
北海
法政
金製
内港
地税
当今
後金
用布
土工
野見
副本
線数
黄緑
両等
加点
生卒
不出
先後
新作
目玉
語性
国漢
官業
川下
表高
場外
学理
年時
建制
本朝
質商
湯守
用度
真物
行者
不確
仕分
作中
内楽
引合
言質
先度
全輪
逆様
在日
東軍
無作
魚場
細工
手近
月余
買入
食事
声区
旗本
真丸
仮初
先安
制法
口悪
大味
横広
武官
毛深
直路
竹編
足弱
雨林
黒山
回春
旧字
神戦
神風
要法
見出
鳥肉
分園
各区
年高
大日
雪量
争点
官人
銅色
外分
大発
悪天
新日
火事
所要
楽堂
県南
切下
曲者
反故
寒気
行間
記帳
山里
放課
小味
当代
正法
銅版
音程
小六
山型
新国
士卒
市都
流人
眼線
等電
組立
回生
職別
番台
冬物
動体
宿料
省人
同音
後行
原由
同報
色度
色調
北半
日直
立成
国状
法問
無反
置屋
席数
木地
極性
真正
太山
町役
初夢
原理
気管
気音
全地
光害
安宿
護法
元日
香風
労委
熱性
走路
前足
成語
造物
名工
居間
当量
検番
両耳
天性
新字
顔付
本金
正気
火線
芸子
変化
安手
山水
手下
夏祭
小休
車戦
学群
独国
真冬
同作
動植
持出
春秋
海国
農作
同都
相同
記法
所業
経国
不死
大公
人知
子指
水際
分場
耕地
良材
自機
全種
別本
局間
左耳
太白
城内
破口
全期
標数
同大
夏物
本立
中倉
取出
小事
積立
表面
官名
泣声
体性
取消
小都
重唱
頭分
全科
業体
筆体
総計
読経
仕付
界線
小犬
火元
現当
神前
鉄山
円安
中支
力線
反物
和歌
官界
全労
全店
宮衛
未開
金眼
課長
芸学
芸界
青色
右投
差止
後味
王院
神鳴
総連
区外
同博
子牛
省要
来社
同法
木芽
東部
浅木
浅黄
定職
洋館
良悪
表側
売行
辺郡
国事
時下
全銀
目覚
面上
油紙
画法
親許
上家
国数
初音
味気
大眼
県産
多福
次手
口説
大教
生国
西洋
島列
熱時
発心
地車
話型
実理
浅香
道教
独仏
本教
行程
用事
練達
取組
品名
見所
船側
人家
在米
大破
手伝
当会
横側
行規
合力
下生
不安
体形
花型
資質
鉄色
上眼
入学
好適
当地
不具
算額
行員
分支
年余
団円
売人
家別
無感
上向
板本
郡市
少時
目上
連火
同型
文語
不断
大光
音型
後天
悪感
和布
屋根
市郡
社印
上着
材幹
雲母
想像
南口
告門
祝告
職組
天漢
無効
用例
飯借
定法
力戦
道先
大集
用便
取下
大明
定席
大洋
術師
手役
手提
独語
記音
首根
体内
東半
成美
戦中
政局
波間
約数
中程
天神
客体
赤口
農会
湯屋
相方
着点
身外
食費
黒星
右耳
国都
客土
男前
通語
修法
日付
円内
略解
立木
経典
元夫
共用
物相
級別
境地
張番
最上
東口
植付
直下
造主
不利
楽師
左目
早月
枝折
白目
各機
河岸
氷室
国望
多選
便器
小家
清和
造作
度数
官財
材面
路側
雪国
中和
月中
下着
湖周
同所
小桜
形名
道着
心根
口許
象舎
畑道
魚人
事大
地利
外商
子役
着物
街角
雲行
両地
問屋
夜業
民地
夏休
貧国
備付
時相
死体
禁制
連子
薬屋
神酒
陽光
同和
引分
新王
何千
原地
桜月
色葉
取付
圧電
新講
父方
行手
見開
成山
社主
英明
青虫
分速
笑顔
上面
古参
教部
昭代
無益
築城
知合
大入
対側
仕上
詩文
低次
在英
持運
西線
元朝
新京
真際
集落
矢切
音色
下元
中味
仕方
作物
冬場
川底
熱感
乗合
時化
部下
男物
議事
治水
家用
旅先
水鳥
小声
相当
点数
売物
洋医
楽家
付立
金賞
山男
死金
見通
同編
年初
独言
上天
売場
公家
初雪
山道
立方
耳許
養老
黒目
名乗
市名
点目
他用
月見
立金
血道
鳴物
対戦
本市
所見
手型
副都
小春
絶好
両教
追手
刀法
島国
足高
初耳
別科
受取
本事
木箱
足音
逆効
下部
歌声
差引
石屋
細型
無道
肉食
国主
有林
馬子
素顔
似非
赤色
高角
容子
空屋
焼色
土筆
見立
上宿
眼鏡
右眼
急電
里親
手口
節分
河下
利差
前歯
手許
親側
仕草
白丸
結束
羽太
低所
中綿
市上
明徳
本流
聞耳
仕種
旗下
晴着
逆行
例会
茶館
頭打
出合
夜道
里人
女物
兵部
物音
買付
書留
歩法
身許
右左
法度
直中
議案
墓場
性差
横顔
元妻
真横
雪山
市水
波型
仏国
勝星
大鳥
火粉
見返
買取
酒場
飲物
中軍
取立
米所
元売
秋空
体化
取調
同種
在台
相殺
阪高
上衣
変名
指先
雲間
下草
水温
買春
切地
常夏
徒過
本因
海景
眼玉
働力
小花
早道
前議
高性
全省
初湯
火柱
空箱
童児
人選
地人
民数
見習
黒帯
取極
庭内
取決
口火
年玉
息物
青帯
音像
下味
口車
日西
明後
上皿
不調
先口
待合
対中
成行
神薬
西京
徒者
桜祭
液中
実父
足軽
仕手
会式
多言
山波
白粉
船旅
境目
旅路
町内
夜長
定容
羽音
館員
山鳥
折返
持前
内地
夕日
別学
明主
村社
申出
引金
引鉄
文数
札付
出会
出足
足場
夜目
大目
引受
道議
宿屋
近体
利益
子熊
男親
雪雲
青土
箱形
細形
小男
母方
切目
山場
糸桜
家根
親指
岩戸
年子
同形
持味
親玉
赤毛
歯車
政所
朝顔
色街
風下
同文
左眼
機電
小箱
旅話
書館
無神
神通
空巣
雨雲
乗物
海気
親柱
明知
畑作
見晴
官家
寺町
小鳥
正受
民国
箱入
取次
愛着
沖雲
編物
仕入
付根
坂道
真心
後口
貸手
際物
同院
教令
切花
湯水
黒船
気味
水虫
目頭
箱物
足湯
妹神
立居
素足
細雪
肉量
枝物
道引
高検
手鏡
持高
有楽
水防
県北
黒眼
死目
色味
入子
各部
夢見
日増
昔話
体付
口先
夕市
大店
星印
板張
男湯
花祭
赤白
雨音
雨風
味塩
塩焼
引落
星祭
水街
花物
不念
給額
谷行
雨夜
首元
子種
局車
泣言
現法
白張
縄張
表通
貸家
赤花
北軍
小魚
徒食
急足
歯型
熊手
親熊
中指
学史
島船
新版
水指
焼鳥
目先
里方
南倉
手職
月白
色石
丸顔
夕陽
歯形
歯止
毛虫
水差
沖合
緑帯
親心
資金
入物
小二
常事
指物
白焼
聞手
聞物
表耳
西部
買主
長旅
丸形
例文
出目
古巣
多弁
小児
小顔
生身
軽口
仏舎
元兵
切売
北倉
府市
水音
法会
目高
色里
門松
借物
前玉
塩味
大船
女心
安物
実名
平場
持場
玉虫
迷子
夜店
巣箱
店先
早場
早足
真昼
眼力
位記
入日
夕立
女手
岩場
建前
手編
持物
有職
空耳
箱型
置引
草色
草花
赤玉
近場
切長
受身
古様
名札
女湯
果物
根曲
物指
貝柱
赤丸
長雨
雨女
飛火
鼻水
大皿
定率
強火
救世
春物
板前
物差
石頭
色町
谷側
利目
効目
名残
子鳥
小技
山女
山師
横糸
湯飲
空売
立前
虫歯
野末
仲店
似顔
年波
持主
松明
板紙
水菜
流者
湯船
目差
眼頭
細身
飲水
飼主
鼻血
下心
兄神
切身
口笛
小皿
形代
毛色
水心
水物
深酒
湯気
牛女
聞書
色合
葉色
読物
遠目
酒手
青息
借手
切味
切通
夕焼
夜泣
夜船
底力
心太
打身
指輪
横車
波音
白波
緑物
赤青
軽石
陽線
顔立
円顔
受口
口留
国作
土物
子守
差物
師走
弱火
後玉
思入
書取
枝豆
根切
横笛
流矢
男手
目印
素手
置石
色気
青豆
中庭
丸型
切口
北池
古顔
塩気
大麦
家路
居合
建屋
手引
手持
手立
手管
海牛
男坂
目薬
米印
置物
花入
言技
足手
迷児
速歩
速足
雨戸
首輪
黄粉
黒豆
鼻先
乗場
事始
仲買
厚口
厚紙
受皿
外回
女坂
女組
寒空
幸先
強味
強身
手品
手塩
手船
折紙
放飼
旗印
木札
浅型
焼石
物置
申年
白夜
糸引
耳鳴
船底
色香
花組
薬指
語物
赤身
足指
足輪
間取
青皮
青鼻
鼻面
人里
付人
内祝
切札
勝組
厚手
受売
口取
古手
和物
墓境
売主
夕波
大引
天豆
守神
家船
小町
小鼻
山桜
山羊
山薬
岩角
岩魚
差油
幹竹
底物
庭先
庭木
建家
引波
手明
手玉
手織
手際
拾物
持手
接手
接木
晴間
書付
月極
有金
業師
母心
毛皮
注油
深味
火種
焼魚
照焼
物売
球際
理化
生首
産声
用益
発止
真前
矢印
積木
空豆
立札
競市
素破
経糸
絶間
船人
花平
花弁
苦虫
草分
葉先
葉数
語口
負戦
負軍
貸間
赤土
赤貝
身形
身態
身重
部費
酒倉
野羊
野花
野道
金切
長刀
長話
関取
飛石
魚心
黄身
鼻声
鼻持
上前
上口
上土
上差
上帯
上板
上毛
上火
上糸
上紙
上船
上荷
上身
上領
上風
下仕
下前
下取
下右
下屋
下左
下帯
下文
下木
下板
下枝
下歯
下湯
下火
下目
下積
下糸
下羽
下肥
下葉
下身
不男
世心
世波
中備
中口
中右
中君
中売
中定
中州
中左
中差
中折
中池
中男
中着
中表
中許
中買
中通
中限
中黒
丸帯
丸底
丸打
丸物
丸皿
丸目
丸石
丸竹
丸筆
丸編
丸葉
丸身
丸頭
丸首
丸麦
丸鼻
主水
主皿
乗手
乗打
事書
井守
交織
人付
人声
人宿
人山
人待
人柱
人橋
人波
人熱
人買
人音
今参
今方
今際
仏花
仏顔
仕出
仕口
仕向
仕寄
仕打
仕物
仕置
付合
付城
付札
付馬
代満
仮受
仮宮
仮屋
仮橋
仮歌
仮焼
仮糸
仮親
仮道
仲仕
仲働
仲合
仲売
仲居
仲直
休石
佐臣
何屋
何心
何業
何程
何色
倉入
倉底
倉荷
借主
借受
借方
借着
借船
借衣
側柱
側目
元入
元受
元口
元枝
元湯
元玉
元種
元箱
元縄
元肥
元芽
元黒
兄宮
先付
先太
先箱
先細
先買
先限
入歯
入海
入目
入相
公魚
共帯
共木
共糸
共紙
共色
兵児
内入
内店
内張
内書
内湯
内神
内箱
内臣
円領
冬側
冬型
冬日
冬木
冬着
冬空
冬草
冬菜
冬道
冬青
冬鳥
冷飯
冷麦
出丸
出初
出城
出女
出居
出州
出手
出機
出湯
出玉
出花
出買
出里
出際
出鼻
刀屋
刀自
刀豆
分里
切先
切取
切妻
切子
切岸
切戸
切欠
切水
切火
切炭
切畑
切石
切立
切粉
切紙
切羽
切金
切麦
初午
初声
初売
初子
初市
初桜
初氷
初物
初皿
初空
初花
初荷
初買
初風
別布
利所
利手
利酒
前付
前帯
前板
前神
前羽
前赤
副子
副祝
力布
力持
力水
力糸
力足
助船
勇魚
勝味
勝虫
勝車
勝間
勢子
勢車
包構
包紙
包金
北組
午年
午時
南丸
南妻
南手
南様
南組
厚味
厚布
厚底
厚板
厚氷
厚物
友引
友粉
反橋
反角
反身
取初
取口
取木
取札
取由
取皿
取石
取粉
取計
取高
受木
受流
受箱
口下
口入
口前
口合
口女
口寄
口布
口広
口書
口白
口細
口足
口金
古兵
古寺
古布
古枝
古歌
古池
古物
古種
古糸
古綿
古血
古言
古鉄
史部
右型
右指
右枝
右横
右角
右頭
右顔
右首
合印
合口
合帯
合札
合着
合竹
名主
名子
名折
名親
味女
味所
味酒
命毛
和毛
品書
品玉
品貸
商内
商場
問丸
固技
固目
固筆
国元
国引
国持
国構
国神
国祭
国表
国許
土取
土気
土波
土畑
土笛
土粉
土練
土船
土色
土車
土雲
型板
型紙
城側
城方
基柱
場庭
場末
場札
塩売
塩屋
塩引
塩湯
塩物
塩花
塩豆
塩道
塩魚
墓下
墓土
墓守
墓花
墓道
売付
売口
売声
売子
売家
売手
売立
売高
夏山
夏川
夏市
夏帯
夏毛
夏氷
夏河
夏畑
夏着
夏空
夏色
夏花
夏雲
夏風
夏鳥
夕光
夕星
夕晴
夕月
夕桜
夕空
夕雲
夕風
外孫
外居
外庭
外書
外法
外湯
外町
外目
外箱
外薬
外表
外足
外開
夜側
夜宮
夜寒
夜市
夜旅
夜昼
夜話
夜軍
夜雨
夜顔
夜風
夢先
夢心
夢歌
夢現
夢色
夢解
夢路
夢鳥
大墓
大底
大息
大戸
大技
大星
大枝
大歌
大波
大犬
大祝
大筆
大管
大縄
大羽
大耳
大菜
大葉
大赤
大足
大酒
大鏡
大顔
大首
大鹿
天糸
太型
太枝
太物
太糸
太織
夫方
女宮
女山
女岩
女帯
女持
女文
女方
女時
女木
女松
女歌
女気
女波
女童
女竹
女節
女親
女車
女顔
妹山
妻側
妻入
妻問
妻戸
妻方
妻板
姉神
子代
子年
子持
子方
子桜
子神
子羊
子耳
子飼
子鹿
字限
守刀
守宮
守札
安酒
安魚
実桜
客神
宮人
宮守
宮居
宮所
宮持
宮方
宮柱
宮水
家付
家形
家持
家数
家犬
家神
家童
家飯
宿側
宿元
宿木
宿着
宿船
宿許
寄人
寄合
寄場
寄子
寄席
寄手
寄文
寄木
寄物
寄親
寄身
寄辺
寄魚
富札
寒夜
寺側
寺入
寺子
寺男
寺酒
小丸
小使
小切
小前
小力
小半
小君
小場
小女
小布
小庭
小息
小昼
小柱
小根
小梅
小梨
小歌
小波
小焼
小童
小筆
小米
小結
小羊
小者
小耳
小虫
小衣
小言
小足
小車
小面
小頭
小風
小首
局主
居木
山人
山側
山刀
山土
山坂
山境
山子
山成
山数
山方
山気
山犬
山留
山立
山童
山豆
山雪
山面
山風
岡多
岡持
岡目
岩室
岩木
岩根
岩河
岩組
岩虫
岩道
岩鏡
岩面
島人
島守
島宮
島山
島歌
島酒
川側
川境
川札
川柱
川止
川波
川港
川留
川竹
川虫
川道
川音
川風
川魚
州元
巣口
巣皿
左型
左指
左縄
左角
左頭
左馬
左鼻
差前
差塩
差歯
差毛
差水
差湯
差立
差紙
差薬
差金
市司
市正
市祭
布味
布子
布屋
布山
布引
布張
布板
布橋
布球
布目
布箱
布糸
帯代
帯側
帯山
帯戸
帯板
帯玉
帯留
帯皮
帯祝
帯紙
帯親
帯金
常世
常春
常節
平取
平型
平士
平底
平張
平打
平政
平泳
平物
平皿
平筆
平箱
平組
平織
平草
平虫
平豆
平貝
平首
平麦
年神
幹糸
幹縄
広前
広口
広山
広形
底側
底光
底取
底土
底引
底方
底板
底根
底石
底荷
底豆
底魚
店借
店子
店者
庫入
庭側
庭口
庭土
庭場
庭師
庭桜
庭梅
庭池
庭火
庭男
庭石
庭神
庭積
庭草
建主
建付
建売
弓取
弓張
弓数
弓末
弓矢
弓頭
引戸
引折
引時
引札
引歌
引物
引目
引直
引綿
引縄
引船
引解
弟切
弟宮
弟神
弟風
弱味
弱竹
弱虫
弱身
弱音
張交
張出
張子
張店
張形
張手
張板
張物
強紙
強面
強飯
当身
形板
待受
待橋
待肥
後付
後側
後入
後前
後山
後戸
後指
後朝
後祭
後言
徒人
徒口
徒名
徒君
徒夢
徒心
徒情
徒桜
徒気
徒組
徒花
徒話
徒足
徒頭
徒飯
心付
心利
心夫
心妻
心祝
息声
悪場
悪様
悪身
戦神
戸板
戸車
所書
手付
手刀
手切
手向
手回
手妻
手心
手旗
手木
手械
手植
手業
手水
手永
手油
手湯
手球
手箱
手粉
手縄
手習
手花
手落
手覚
手負
手車
手長
手飼
手鼻
才故
打交
打刀
打手
打橋
打消
打物
打粉
打綿
打荷
打衣
打豆
打音
打飼
投物
投節
投縄
投首
折助
折声
折山
折形
折戸
折枝
折箱
折首
拾屋
持口
持弓
指分
指手
指技
指毛
指笛
指金
採物
接目
提物
改方
故由
教草
散積
数取
数物
文使
文月
文札
文板
文箱
文色
文荷
文車
新室
新湯
新身
方人
方様
旅心
旅物
旅衣
旗持
旗日
旗標
旗色
旗雲
旗頭
旗風
日切
日待
日次
日永
日計
日足
日車
日長
日面
早出
早技
早昼
早業
早玉
早縄
早耳
早見
早飯
早馬
明先
明衣
昔人
昔型
昔者
星下
星取
星合
星目
星眼
星神
星組
春告
春方
春着
春辺
春鳥
昼中
昼側
昼型
昼酒
昼顔
曲木
曲物
曲玉
曲見
曲角
曲雲
書初
書立
月代
月宮
月形
月星
月毛
月水
月男
月組
月草
月足
月酒
有合
朝北
朝型
朝寒
朝庭
朝昼
朝湯
朝空
朝酒
朝雲
朝風
木取
木守
木寄
木弓
木末
木板
木枝
木柱
木笛
木組
木草
木表
木通
木連
木雨
木鼻
未年
未草
末木
末黒
本歌
本船
本鳥
本黒
札差
札止
村側
村境
村方
村男
村界
村祭
村路
村里
村雨
束石
条黒
来手
東女
東歌
東男
東組
東路
東雲
東面
松炭
松皮
松虫
松風
板厚
板囲
板場
板子
板屋
板引
板戸
板皿
板目
板石
板組
板間
板頭
枝先
枝川
枝打
枝数
枝木
枝村
枝根
枝梅
枝毛
枝炭
枝縄
枝船
枝角
枝道
柱下
柱間
校倉
根付
根合
根太
根方
根明
根松
根石
根竹
根肥
根雪
根魚
桜人
桜守
桜星
桜湯
桜紙
桜色
桜貝
桜飯
梅印
梅味
梅畑
梅色
梅見
梨形
梨畑
森側
植人
植代
植女
業前
業物
極付
極書
極札
標山
標縄
横合
横型
横帯
横引
横手
横木
横板
横枝
横根
横様
横波
横物
横石
横紙
横組
横編
横置
横羽
横足
横道
横雲
横面
横風
横飯
橋守
橋形
橋板
橋柱
橋祭
機屋
機織
機音
欠目
歌主
歌入
歌切
歌口
歌女
歌心
歌読
歌関
止刀
止金
正夢
歩板
歯先
歯切
歯黒
死口
死時
死水
死節
死身
死返
死際
死顔
死首
残火
残香
母熊
母牛
母物
母犬
母者
母虫
母馬
母鳥
比礼
毛先
毛引
毛束
毛流
毛玉
毛球
毛綿
毛群
毛足
毛長
氏上
氏子
氏寺
氏社
氏神
民草
水切
水取
水子
水底
水引
水柱
水次
水止
水氷
水河
水油
水玉
水糸
水綿
水肥
水脈
水船
水薬
水計
水貝
水足
水鏡
水青
水飯
水飼
水鼻
氷旗
氷木
氷水
氷箱
氷雨
氷魚
池側
池庭
沖側
沖方
沖波
河竹
河音
河風
河鹿
油取
油子
油屋
油差
油気
油火
油物
油皿
油草
油菜
油薬
油魚
波戸
波月
波板
波止
波路
波返
波雲
波風
泣石
泣面
泣顔
活花
活魚
流物
流造
浅手
浅皿
浅緑
海参
海坂
海境
海布
海幸
海手
海暗
海色
海虫
海際
海馬
海鳴
消口
消炭
深場
深手
深皿
深緑
深間
混飯
清元
減口
温湯
湖側
湯口
湯場
湯女
湯宿
湯次
湯波
湯玉
湯畑
湯立
湯花
湯葉
湯道
湯面
湯音
漢心
漢意
火先
火入
火切
火屋
火打
火河
火玉
火皿
火祭
火縄
火色
火虫
火足
火雨
火食
灯虫
炭取
炭屋
炭焼
炭色
焼型
焼場
焼塩
焼山
焼物
焼玉
焼畑
焼金
焼飯
照笑
熊男
熊皮
熊祭
熊虫
熱味
父主
父宮
父熊
父鳥
牛方
牛熊
牛玉
牛顔
牛飼
物原
物声
物成
物日
犬型
犬屋
犬桜
犬死
犬玉
犬走
犬防
犬顔
独木
独神
玉手
玉毛
玉章
玉箱
玉糸
玉総
玉菜
玉解
現人
現国
球数
球足
生仏
生塩
生布
生平
生木
生玉
生皮
生節
生米
生糸
生足
生酒
生際
生魚
産土
産毛
産湯
産着
産神
産衣
田主
田事
田作
田打
田歌
田虫
田道
申口
申文
申次
男側
男帯
男心
男持
男方
男木
男歌
男波
男神
男節
男車
男道
町側
町口
町場
町境
町着
畑側
畑土
畑木
畑物
畑耕
畑麦
留山
留接
留木
留湯
留男
留石
留金
番木
病犬
病葉
登口
白下
白初
白場
白声
白太
白州
白帯
白札
白松
白根
白歯
白湯
白熊
白犬
白皿
白箱
白糸
白組
白練
白縄
白羽
白花
白豆
白赤
白首
白魚
的球
皮側
皮包
皮帯
皮底
皮目
皮衣
皮身
皿形
皿数
皿板
目交
目光
目切
目利
目力
目土
目張
目打
目方
目星
目板
目細
目結
目色
目角
目路
目近
目顔
目黄
目鼻
直心
直衣
相口
相宿
相物
相身
県主
真北
真南
真名
真土
真東
真水
真竹
真綿
真緑
真草
真西
真金
眼交
眼居
眼明
眼路
眼近
眼間
眼顔
眼鼻
矢型
矢場
矢声
矢庭
矢形
矢数
矢文
矢束
矢来
矢玉
矢種
矢立
矢竹
矢羽
矢車
矢面
矢風
知辺
短夜
短手
石切
石女
石子
石宮
石宿
石弓
石持
石数
石根
石梨
石湯
石焼
石皿
石積
石笛
石粉
石組
石衣
石豆
石音
研屋
破子
祝事
祝人
祝女
祝部
祝酒
神主
神側
神口
神司
神在
神指
神有
神業
神池
神立
神虫
神鳥
秋上
秋味
秋夏
秋寒
秋晴
秋歌
秋物
秋顔
秋高
科布
科戸
程合
種川
種木
種板
種油
種火
種牛
種物
種石
種紙
種親
種貸
種馬
積付
積入
積出
積取
積荷
空似
空働
空合
空夢
空木
空橋
空池
空畑
空皿
空目
空積
空笑
空船
空色
空買
空足
空身
空音
空馬
立塩
立庭
立引
立待
立技
立挙
立文
立板
立業
立泳
童歌
童言
競買
竹似
竹倉
竹光
竹塩
竹屋
竹束
竹桜
竹矢
竹笛
竹縄
竹足
笑草
笛竹
筆先
筆太
筆数
筆石
筆立
筆箱
筆結
管側
管柱
管玉
管耳
箱下
箱宮
箱師
箱庭
箱書
箱球
箱男
箱船
箱馬
節玉
節糸
節織
節黒
築山
築石
米場
米虫
粉引
粉気
粉物
粉米
粉薬
糸入
糸切
糸底
糸所
糸方
糸玉
糸目
糸織
糸車
糸道
糸魚
紙入
紙切
紙包
紙塩
紙女
紙子
紙屋
紙師
紙札
紙束
紙玉
紙皿
紙笛
紙箱
紙衣
級布
素声
素引
素話
素飯
素首
素魚
細口
細声
細布
細引
細枝
細根
細波
細石
細糸
細葉
細道
細面
組下
組付
組入
組外
組子
組手
組打
組技
組木
組歌
組物
組糸
組頭
経編
続物
綿入
綿弓
綿毛
綿油
綿虫
綿雪
綿雲
総毛
総角
緑湯
緑組
緑花
緑葉
緑虫
編布
編戸
編木
編糸
練物
練粉
練糸
練色
縄付
縄先
縄帯
縄手
縄目
織元
織屋
織目
織糸
罪科
置台
置土
置形
置文
置花
羊男
羊草
羊雲
羊飼
群竹
群雲
羽交
羽口
羽子
羽指
羽易
羽板
羽白
羽色
羽虫
羽衣
羽車
羽風
老先
老松
耳上
耳側
耳底
耳横
耳毛
耳水
耳無
耳菜
耳輪
耳金
耳際
聞事
聞所
聞酒
肥松
肥船
肥草
興玉
船倉
船印
船君
船型
船子
船守
船宿
船屋
船形
船息
船戦
船改
船方
船板
船標
船歌
船玉
船着
船祭
船荷
船虫
船足
船路
船軍
船連
船門
色事
色女
色子
色形
色数
色板
色止
色水
色物
色男
色節
色糸
色虫
色見
色話
色遊
色音
花丸
花人
花友
花夢
花妻
花守
花宿
花市
花心
花数
花時
花札
花板
花桜
花氷
花球
花留
花立
花船
花茨
花草
花菜
花落
花豆
花車
花軍
花野
花首
芽元
芽先
苦塩
苦無
苦竹
苦草
苦菜
茨道
草入
草取
草市
草矢
草笛
草肥
草葉
草軽
草道
荷主
荷口
荷札
荷止
荷積
荷箱
荷粉
荷縄
荷船
荷解
荷足
荷車
荷馬
菜切
菜売
菜花
菜葉
菜飯
落人
落口
落方
落魚
葉守
葉形
葉月
葉末
葉桜
葉水
葉物
葉竹
葉箱
葉肥
葉芽
葉虫
葉音
葉風
薬売
薬玉
薬箱
薬香
虫声
虫屋
虫札
虫気
虫湯
虫男
虫眼
虫笛
虫草
虫薬
虫酸
血刀
血合
血川
血目
血眼
血祭
血豆
行器
行平
街場
街着
街種
衣毛
衣通
表口
表名
表布
表店
表庭
表戸
表方
表書
表構
表歌
表町
表目
表着
表編
西入
西境
西手
要石
見付
見取
見受
見境
見目
親木
親本
親牛
親犬
親神
親船
親里
親雲
親馬
親鳥
角店
角弓
角書
角木
角目
角石
角笛
角貝
角鹿
解縄
言事
言伝
言問
言種
言草
語手
語草
語部
読人
読切
読手
読札
調車
谷止
谷道
谷風
豆幹
豆板
豆比
豆油
豆畑
豆皿
豆飯
貝焼
貝輪
負方
負目
負組
責馬
買回
買板
買次
貸上
貸主
貸元
貸口
貸売
貸店
貸方
貸玉
赤刷
赤印
赤女
赤実
赤布
赤帯
赤月
赤札
赤梨
赤標
赤水
赤火
赤牛
赤犬
赤皮
赤目
赤箱
赤米
赤糸
赤紙
赤組
赤耳
赤芽
赤葉
赤虫
赤豆
赤車
赤額
赤馬
赤魚
赤鹿
赤鼻
走井
足側
足冷
足切
足半
足固
足型
足形
足技
足板
足業
足毛
足白
路角
身側
身印
身持
身柱
身欠
身皮
身空
身際
車寄
車引
車牛
車男
軽子
軽市
軽業
軽焼
輪留
輪積
輪縄
輪虫
近火
近矢
近間
追河
追物
追金
追風
逆児
逆夢
逆子
逆木
逆毛
逆波
逆目
通庭
通箱
通草
速玉
造庭
連主
連足
遊部
道悪
道板
道火
道糸
道草
道角
道辺
達引
遠年
遠浅
遠火
遠矢
遠近
遠道
遠里
遠音
適格
郡方
部曲
都人
都節
都草
都落
都辺
都鳥
酒塩
酒室
酒旗
酒波
酒種
酒組
酒船
酒荷
酸葉
里回
里川
里心
里桜
里田
里雪
重湯
重石
重立
重荷
野守
野川
野池
野点
野立
野茨
野阜
野面
野風
金元
金包
金売
金気
金貝
金輪
金頭
鉄気
鏡作
鏡岩
鏡板
鏡池
鏡男
鏡箱
長手
長持
長板
長湯
長着
長節
長虫
長言
長路
長道
門付
門口
門火
門辺
間口
間合
間広
間日
間柱
間男
間着
関守
関札
関板
関風
防人
陸湯
雑物
雨気
雨男
雨皮
雨着
雨神
雨空
雨落
雨足
雨間
雪代
雪坂
雪女
雪平
雪持
雪明
雪気
雪水
雪消
雪玉
雪男
雪空
雪童
雪組
雪菜
雪見
雪解
雪路
雪輪
雪間
雪鳥
雲井
雲取
雲居
雲形
雲紙
雲足
雲路
雲鳥
青丸
青側
青印
青屋
青岸
青布
青旗
青札
青毛
青水
青海
青火
青物
青矢
青竹
青箱
青粉
青組
青緑
青羽
青芽
青草
青菜
青貝
青足
青身
青金
青首
青馬
青魚
青麦
静心
面差
面持
面水
面立
面輪
面長
音取
頭周
頭虫
額口
額際
顔側
顔型
顔形
顔毛
顔白
顔鳥
風待
風折
風玉
風知
風草
風足
風音
飛倉
飛出
飛子
飛板
飛梅
飛箱
飛魚
飯売
飯子
飯時
飯湯
飲助
飲口
飼付
飼犬
飼葉
飼鳥
養君
養鳥
首下
首側
首先
首屋
首引
首板
首横
首祭
首落
馬側
馬副
馬印
馬宿
馬屋
馬市
馬形
馬指
馬方
馬柱
馬標
馬貝
馬追
馬長
馬陸
馬面
馬顔
馬飛
馬験
高声
高張
高手
高持
高枝
高歯
高波
高草
高話
高足
魚付
魚子
魚止
魚皿
魚直
魚箱
魚節
魚舎
魚荷
鳥子
鳥打
鳥毛
鳥男
鳥皮
鳥笛
鳥虫
鳥貝
鳥追
鳥頭
鳥飯
鳥首
鳴女
鳴神
鹿印
鹿形
鹿皮
鹿虫
鹿頭
麦湯
麦畑
麦秋
麦笛
麦飯
黄丸
黄味
黄旗
黄桜
黄花
黄赤
黒保
黒味
黒女
黒布
黒戸
黒手
黒服
黒札
黒歌
黒毛
黒池
黒焼
黒熊
黒牛
黒物
黒犬
黒玉
黒留
黒皮
黒箱
黒糸
黒苦
黒血
黒貝
黒赤
黒酒
黒飯
黒馬
黒鳥
黒鹿
黒麦
鼻側
鼻元
鼻木
鼻柱
鼻横
鼻毛
鼻紙
鼻縄
鼻薬
鼻輪
鼻頭
上積
中入
元高
出歯
前側
力業
口遊
口開
土師
小夜
山国
差支
市日
店構
引付
引手
張合
形無
手人
死所
水場
水木
治世
浴衣
物書
生音
秋草
空荷
細魚
羊歯
花生
芽生
西東
西組
質悪
足太
金貸
開山
丸木
借上
力技
効験
小木
局口
山幸
市人
得物
東道
生型
生水
生血
目見
眼差
間事
関山
大市
後記
持金
末口
活計
生機
雲助
上町
似合
内高
各話
大神
年女
引下
手事
未申
立神
好者
減率
色粉
中度
内人
刷物
型屋
大女
子馬
橋立
物事
立羽
近目
高菜
切首
孫子
山間
市女
打出
指差
東屋
水先
白血
野寺
品数
夜鳴
根深
物見
輪金
受合
品部
曲家
書出
深部
生紙
田遊
石室
西半
戸人
戸前
板型
赤巣
人出
元結
悪者
日差
夜明
子中
引出
数多
新学
毛羽
車前
人天
楽地
申立
数寄
童部
名付
塩海
大角
省局
角形
制定
有高
理観
素生
赤面
副編
母衣
音屋
取手
県守
西陽
院家
水量
確度
売女
鹿児
発機
年式
年弱
白味
菜種
見張
根城
素気
外公
小馬
数等
生薬
算式
野山
体幹
士官
小菜
物持
真人
市鳥
待人
町橋
老職
行幸
術者
出先
心力
新社
白毛
行先
物入
合方
図記
白笑
向側
根底
演物
下男
社前
魚市
同工
日光
水飲
新制
村人
入方
夏場
小見
情味
打首
頭目
人差
辞代
馬道
取入
居前
前宮
同話
外海
焼野
田植
新紙
置場
西日
水様
興国
中間
兵六
向付
芸人
果子
人態
人死
画風
県人
城西
容量
鳥屋
竹刀
色目
川方
星群
見直
下手
書箱
母音
生心
見得
小路
民会
受持
提子
夕顔
後車
積率
鉄船
在家
左足
年強
度外
能力
間人
眼覚
調使
調室
水管
無責
教民
力量
川中
未分
水行
全話
産地
古里
平屋
故里
空事
空言
在高
大水
小一
成敗
西市
変人
見場
住民
生時
客船
省都
後書
月末
素見
同部
小委
川前
黒色
形木
合間
細目
遠見
上世
火焼
山守
平城
真後
文集
美味
死場
海女
青味
理法
兵隊
利金
地味
所以
理非
高年
草地
大半
気量
義者
行年
入合
田楽
音数
飯屋
防長
大兵
洋上
梨子
文台
点的
右下
左官
所内
新木
素面
副書
花道
中市
同銀
門中
品格
大君
各個
読取
着順
上等
人伝
注連
側女
側妻
包丁
南流
有光
漁火
目数
生殺
人眼
力紙
名分
声明
東入
法輪
票差
気表
県議
何回
何才
何本
地史
塩湖
州歌
計歩
居待
老夫
受領
言下
年末
朝焼
売出
快楽
村高
高飛
直会
落葉
中空
頭語
人前
駅数
生地
町民
人税
再構
居村
紙魚
衣魚
大念
波線
出立
車止
定書
感度
高遠
手打
上分
別産
不適
根原
花街
手練
全生
画家
角力
食時
西風
元手
受入
正本
全学
来島
不完
市長
古河
音列
林家
内板
室内
気付
重金
買上
同士
元金
新風
聞方
利根
内職
講中
過酸
太神
徒士
火取
見栄
通力
駅馬
立役
墓所
曲球
海山
形行
時鳥
便性
白物
議院
名水
新造
宿直
元軍
助教
清朝
仕組
後先
音場
事代
水草
人屋
横線
野次
王子
年央
天明
両国
風土
同年
市営
無勢
音信
功徳
形相
才幹
雑役
上薬
短期
立心
丁未
外地
本法
積肥
量感
達示
加重
古文
長月
鳴声
中径
馬手
当夜
心持
引張
日数
川船
時制
水松
海松
編者
容気
形気
本軍
唱歌
後見
出船
洋語
原音
赤味
静電
講師
岩絵
節間
業主
国情
好投
秋口
客席
手書
化学
属音
出生
判所
変性
美人
星形
大貝
館内
古事
風切
高機
魚数
主計
口側
在明
教書
日金
無政
公法
別使
新体
口切
木綿
出水
手番
丸柱
助言
初登
無意
車台
外輪
修業
院子
小牛
山高
買手
入来
上根
商取
正義
郡村
日当
家芸
無気
当面
業者
名家
外線
素木
終始
歌行
中店
受手
雑色
郡守
作法
大戦
非有
年刊
局内
賀状
主幹
小火
書人
義夫
鳴子
先見
目線
見番
立寄
後学
引取
夜祭
年会
医学
平安
谷底
道線
年祭
旧社
乗法
打目
礼文
語路
式神
留守
芸大
本文
動中
読本
道会
大病
折目
金目
末弟
通商
入社
合音
仕業
粉屋
飲酒
不女
伝手
日間
時世
桜花
米日
学館
入会
城市
半紙
美衣
歌会
日独
歌合
半天
半月
半道
門柱
和子
思案
王者
昨夜
北関
大功
春期
神楽
母子
章魚
多勢
竹取
高調
王位
門家
労相
湯元
実感
米加
別表
和国
後足
生有
酒類
型付
銅器
面的
時計
単衣
未発
案外
自作
内力
内線
小人
夫側
各省
波打
個所
同課
無人
持合
性向
首打
上白
順応
女工
無手
行法
打力
産品
人型
件名
衛兵
大子
益金
前頭
中手
中足
鹿子
課田
走光
間氷
風成
学舎
毒気
点火
店別
水主
総兵
旧日
羽山
野良
築地
門構
店屋
院議
祭文
府議
上手
白子
夜着
所帯
人中
周年
夏草
中子
本条
羽織
現高
手方
正文
上下
日新
空手
何百
外面
中日
結綿
米中
緑色
黒米
大祭
新産
集名
水利
米産
使主
町人
絵像
米朝
海草
北国
朝間
石取
高位
人国
右打
温室
番所
照葉
人像
空車
道外
鼻高
地力
街区
弓形
期中
無性
毛見
競売
修理
悪心
人力
不治
要具
鳥目
太政
年男
末席
谷町
真魚
広葉
馬力
軍内
連客
高確
大熱
平米
構法
黒子
単音
新宮
府立
選句
口部
枝葉
秒間
線状
合体
谷合
旧政
車屋
金持
長母
死者
術士
高根
鹿角
平西
薬事
統治
大進
新役
夏秋
計数
赤金
上側
極点
黒白
曲輪
金型
戸建
増税
殺害
効力
院卒
金時
来週
燃材
東駅
野老
白馬
個条
光年
光日
左横
海里
講時
馬身
他省
出場
力学
定性
耕作
有意
陽子
線内
総点
声色
本手
町歩
造山
全島
同小
市部
上歯
新球
水母
海月
人目
酒屋
注文
本性
発足
伝教
本所
同業
古道
野手
流行
人情
女夫
婦夫
村役
再調
生日
太子
会内
田舎
飲食
力感
工場
白衣
今人
内功
察官
工会
重手
黒石
花茶
園生
張紙
東市
軍側
版本
線分
飛車
実物
洋式
祖父
章題
魚商
国産
足先
陸部
新手
天地
体感
名案
学者
鼻息
大成
店売
雪道
波頭
常用
多角
雑用
直筆
面体
生死
粉雪
官等
村外
草子
船主
丁末
相生
内輪
言葉
定評
海鳥
同委
祖母
音声
他部
大雪
丸味
米粉
仕度
支度
会長
共布
人足
仏語
高地
山畑
早口
花木
表紙
目元
県市
塩井
水相
天堂
好機
教会
医長
識者
聞集
要点
兵法
出店
統領
学書
知県
薬学
初出
花色
家主
女主
薬師
山神
市会
過重
不協
場中
頭部
良品
佐官
図学
林地
豆富
顔学
人身
古着
川水
白河
生命
国史
西方
同体
格子
白旗
詩学
美学
外編
対南
平定
光学
雑学
付子
山寺
歯学
神学
仏学
南学
実学
家学
心学
易学
曲学
書学
林学
歌学
漢学
画学
秋風
英学
軍学
静学
音学
目許
眼元
眼許
楽学
無心
洋薬
朝夕
赤子
道程
両府
深重
地質
同相
和学
京学
心事
士分
本線
西学
入部
弓手
常時
生児
兵学
全社
太夫
本節
西海
代人
見物
急坂
小五
低価
聞屋
同信
大政
商学
師子
役所
動機
人文
区名
玉石
同右
動学
国学
大所
台場
国軍
験者
美男
道標
子規
語史
階子
薬品
楽隊
気圧
節句
再開
機長
場周
立者
色身
山家
羽目
死人
両目
白布
草紙
文言
区内
円柱
軍兵
前立
工夫
川面
洋学
糸毛
要語
大勝
破目
通帳
北風
格式
素地
面目
昼夜
連中
道学
後会
寒地
徳利
生業
産屋
男組
近衛
死様
足下
林内
出血
家集
容体
知行
日朝
汽車
所用
明王
再来
飼料
高札
大金
先手
売店
博士
貨物
童子
女王
知音
白身
前約
品別
法師
興会
市議
木部
隊長
個月
人君
好相
年期
各州
開先
品番
白雪
法体
文科
黄金
紙質
学会
手本
色紙
小雪
漢詩
心会
出物
心意
母屋
小枝
海星
先方
雨水
官事
小金
昼食
下水
客人
真価
風花
根無
女形
停止
分位
情話
学力
関公
立物
野路
貸切
教学
史上
墓標
具合
右側
期末
古学
英王
罪人
春風
新地
東沖
真弓
長居
旅人
左右
毎週
海側
黒雲
合板
束子
城北
点差
語形
形見
頭下
羽先
人格
書家
経産
金主
薬代
楽園
仏軍
建場
春夏
前方
右前
店主
急悪
省令
水車
木工
年紀
深雪
副長
容形
増分
宿主
県別
年増
図星
関屋
上市
新緑
手入
宿駅
旅所
正油
真個
飛鳥
人心
書面
勝目
母本
全人
初秋
同会
村内
省内
非人
日休
古史
笑話
人台
米比
文治
半円
永久
部活
校名
本学
金政
新政
定額
小三
何個
何気
学調
通手
飲料
同勢
火口
初顔
大農
流通
本賞
東方
家側
手先
人形
水色
同書
産額
門前
同病
重工
相性
天理
地代
日米
舎人
品等
自然
半期
過半
大刀
親近
重光
空海
手足
副室
戦時
市立
年寄
府営
年産
県中
現世
薬湯
快感
石庭
塩水
前同
意気
秋月
化物
国風
大夫
星型
前程
動力
同条
正体
日和
顔色
写真
倍速
大字
数千
部長
別業
字面
生計
火矢
物類
火消
差出
日夜
次式
税率
水気
平目
地形
女神
高度
人体
夏日
夏木
山車
下女
名目
草木
前広
兄弟
駅間
全業
打数
同高
水夫
県下
商戦
院本
家内
最長
児者
最安
曲中
真中
重苦
間帯
父母
戸部
引立
寒風
天井
海雲
仮名
浴場
対空
未成
毒死
象文
海路
上級
東日
転席
同中
黄色
酸味
人妻
天草
白菜
最北
身内
親父
祖神
勝負
昨日
松竹
永遠
場数
軽乗
判官
金色
海辺
高音
国原
性行
水辺
新前
日子
本会
小雨
墓石
旧市
大声
天部
中古
議場
代物
札山
内側
産子
親等
冬景
地方
弟子
通路
荷重
残日
家来
米英
市区
外相
谷間
分間
現住
織部
学科
力者
全入
余波
生物
男気
雑木
土産
町立
景気
水路
茶道
円満
武士
強力
器内
所管
食堂
何十
仲人
夫婦
王女
日女
比売
灯火
毛織
刊本
弱電
海風
法相
東西
局留
天下
大丸
品物
不動
気配
波数
親子
軍民
日産
個国
省文
地対
心地
多聞
神仏
区立
隊員
局長
団員
社名
野犬
仲子
結構
大根
夏冬
番手
向性
区民
月日
海面
内面
女友
物種
後方
団長
山梨
同次
持家
手間
金石
歌人
課員
場代
平家
小屋
住地
税法
金額
人数
天花
洋人
春雨
草原
白紙
下半
牧場
飯事
葉山
太刀
横刀
線上
語中
図書
村立
左側
熱湯
外見
切手
害者
各音
表中
現時
軍区
銀色
町村
筆頭
高低
原材
新章
全市
職員
昼帯
英仏
提灯
最下
町議
元首
朝臣
島根
商人
用紙
名所
次会
園遊
場内
里子
夏型
務所
人月
子音
左前
右手
大全
当金
州政
浴客
旧国
日祝
各業
力率
村議
医師
海上
外国
石綿
妻子
断面
表六
文目
弟妹
初心
円心
科別
秋野
製品
不平
国政
築年
理学
室長
年比
用達
麦粉
何分
内報
仕立
他人
人間
東館
後内
青梅
建物
銅製
性愛
紙上
文体
旧軍
正方
所得
無期
在地
父君
長女
漁場
農機
大勢
悪性
病性
個年
人気
式場
労使
科学
国境
夕飯
法院
間数
性分
市大
少女
南島
所職
前名
丸印
争戦
兄子
内反
口数
売玉
外反
実着
月初
眼張
赤顔
電算
中信
中計
主表
予実
交運
人給
人鳥
今風
他化
他大
他責
代員
休代
休出
休務
住借
保活
信南
側波
元方
光器
児相
全欠
公出
出糸
切上
前照
副職
労保
包材
区快
卒制
卒検
卒研
反社
可解
向心
味玉
団信
国試
圧損
夕活
多足
失書
客運
小卒
岩梅
工器
工研
年給
弁神
引去
引祝
当額
情開
戦自
採番
放虫
散形
料額
族内
族外
日酸
月変
月頭
有気
朝活
松魚
校下
機金
歴日
死着
残証
水血
油質
法休
測天
測歩
測程
湖北
無酸
熱学
特休
特増
理気
産代
産医
病代
病休
発番
県交
真球
着歴
石開
社判
秋春
積休
等測
精化
精器
精線
級位
給報
給茶
統辞
線表
羊角
職質
肉店
茶具
薬工
薬情
表定
西館
角印
角銀
財相
貧毛
買受
買増
買建
赤鉄
走水
走鳥
車号
転活
近地
近点
遊標
配活
配特
配算
重殺
野帳
野音
金句
陸成
階統
電研
飛虫
高積
年月
最前
期別
国側
男女
人事
調子
両側
室外
前路
金地
園児
同地
字書
帯状
東風
大方
前部
酒代
糸状
産物
朝食
薬店
戦場
水面
夕食
末期
側部
独歩
秋冬
数十
女性
園地
左手
同組
後世
県西
局側
声音
大理
部案
英独
同字
巣状
全都
法案
漢代
上半
数百
仕切
業界
戦無
大卒
線量
学部
大工
昼時
都府
村会
地下
本分
上右
都議
市子
院生
用水
物数
球部
用材
前課
屋側
客用
西高
家中
借家
湖岸
経学
着方
中高
県連
同比
各型
女学
北線
独英
女子
民団
粉状
府連
字名
字形
日中
母様
産婦
貝類
半目
余人
晴明
曲目
下風
医制
局数
語族
大法
街中
相反
橋下
語学
仏堂
大人
実作
州内
国人
後目
区検
門外
東海
大会
水道
口中
女役
客数
領内
史家
橋際
後人
語音
年百
音図
上左
新中
塩浴
上階
仏独
衣食
木気
多分
村長
同学
産官
人王
銀板
時利
家本
発着
政労
多国
同本
間期
同前
中小
国民
車道
現場
体上
部員
土日
島側
曜日
上学
出方
用地
茶畑
店側
新製
火水
業法
州立
団会
軍報
人名
用具
重味
大外
利付
税分
隊法
地内
前駅
係長
区制
小中
楽部
血幹
各道
作目
陸海
気学
月毎
軍機
内外
官学
素数
君達
王様
自社
食住
大経
東高
日毎
港区
員数
国中
校生
妻達
産学
長短
教徒
生年
兄達
自公
海空
語文
人対
公保
内法
高教
料率
南中
国初
転結
市外
列当
総桜
席番
都道
願事
能化
市中